Task 2 on node718.cluster: a=0.00000000000001 r0=7.9
Job started: a = 1.*^-14, r0 = 7.9, savepath = /lustre/astro/dyson/DataFiles/KerrCircSourceFiles/h1RadialTube
Warning: rstarmin is outside the allowed range.
Now we Calculate the Radiative Solutions
1. Preliminaries.
Calculating B-matrices and Eigenvalues
2. Generate MSTModes
>> Generate s=-2 MSTModes 212.865813
>> Generate s=-1 MSTModes 213.710563
>> Generate hκModes 543.034508
3. Jumps
>> 2.503603
>> 27.422472
>> 11.322024
>> 291.436541
>> 1609.127534
>> 1245.75474
>> LinearSolve for s1 and κ jumps 1.355084
>> κ and s1 jumps 3197.921171
4. Prepare grid and mode functions.
>> s=-2 MSTModes 0.401343
>> MMp2gridL 2.121061
>> MMp2gridR 13.296102
>> s=-1 MSTModes 0.157983
>> MMp1gridL 0.08753
>> MMp1gridR 0.570443
>> s=0 MSTModes 0.345569
A. Fill 1D grid.
>> s = 2, UP ... 165.182673
>> s = 1, UP ... 4.667621
>> s = 0, UP ... 49.560129
>> s = 2, IN ... 54.949975

                                                                                                                                         -302                          -7
General::munfl: 3.04919538186509445020299878381221973343899687235934907481222347727583720705048832502950365631150456344127625661716616 10     (0.000014933 - 3.86878 10   I) is too small to represent as a normalized machine number; precision may be lost.

                                                                                                                                         -302          -6             -7
General::munfl: 3.04919538186509445020299878381221973343899687235934907481222347727583720705048832502950365631150456344127625661716616 10     (7.051 10   - 1.81016 10   I) is too small to represent as a normalized machine number; precision may be lost.

                                                                                                                                         -302            -6             -8
General::munfl: 3.04919538186509445020299878381221973343899687235934907481222347727583720705048832502950365631150456344127625661716616 10     (3.20579 10   - 8.16567 10   I) is too small to represent as a normalized machine number; precision may be lost.

General::stop: Further output of General::munfl will be suppressed during this calculation.
>> s = 1, IN ... 3.233565
>> s = 0, IN ... 8.839406
1. Preliminaries.
Calculating B-matrices and Eigenvalues
2. Generate MSTModes
>> Generate s=-2 MSTModes 255.264319
>> Generate s=-1 MSTModes 250.701994
>> Generate hκModes 511.134565
3. Jumps
>> 2.423231
>> 27.838165
>> 12.476972
>> 274.216478
>> 1533.818133
>> 1166.846886
>> LinearSolve for s1 and κ jumps 0.611334
>> κ and s1 jumps 3024.478432
4. Prepare grid and mode functions.
>> s=-2 MSTModes 0.418211
>> MMp2gridL 2.132309
>> MMp2gridR 13.437229
>> s=-1 MSTModes 0.236977
>> MMp1gridL 0.122957
>> MMp1gridR 0.753478
>> s=0 MSTModes 0.384364
A. Fill 1D grid.
>> s = 2, UP ... 159.882072
>> s = 1, UP ... 30.621881
>> s = 0, UP ... 65.512493
>> s = 2, IN ... 54.561343
>> s = 1, IN ... 5.021276
>> s = 0, IN ... 9.839672
1. Preliminaries.
Calculating B-matrices and Eigenvalues
2. Generate MSTModes
>> Generate s=-2 MSTModes 291.154547
>> Generate s=-1 MSTModes 290.38881
>> Generate hκModes 504.913699
3. Jumps
>> 2.367999
>> 25.97794
>> 13.585485
>> 251.267566
>> 1407.062455
>> 1065.410291
>> LinearSolve for s1 and κ jumps 0.322894
>> κ and s1 jumps 2771.904176
4. Prepare grid and mode functions.
>> s=-2 MSTModes 0.435149
>> MMp2gridL 2.103321
>> MMp2gridR 13.135984
>> s=-1 MSTModes 0.230958
>> MMp1gridL 0.121077
>> MMp1gridR 0.740131
>> s=0 MSTModes 0.378962
A. Fill 1D grid.
>> s = 2, UP ... 155.878694
>> s = 1, UP ... 29.563857
>> s = 0, UP ... 63.588599
>> s = 2, IN ... 54.212265
>> s = 1, IN ... 4.91991
>> s = 0, IN ... 9.61244
1. Preliminaries.
Calculating B-matrices and Eigenvalues
2. Generate MSTModes
>> Generate s=-2 MSTModes 322.914863
>> Generate s=-1 MSTModes 319.587368
>> Generate hκModes 508.527595
3. Jumps
>> 2.245629
>> 25.514661
>> 14.564736
>> 235.800271
>> 1335.554346
>> 1003.576274
>> LinearSolve for s1 and κ jumps 0.350502
>> κ and s1 jumps 2623.187748
4. Prepare grid and mode functions.
>> s=-2 MSTModes 0.414248
>> MMp2gridL 2.068551
>> MMp2gridR 12.946023
>> s=-1 MSTModes 0.234503
>> MMp1gridL 0.118006
>> MMp1gridR 0.727793
>> s=0 MSTModes 0.371918
A. Fill 1D grid.
>> s = 2, UP ... 150.383741
>> s = 1, UP ... 28.82716
>> s = 0, UP ... 60.910818
>> s = 2, IN ... 53.8094
>> s = 1, IN ... 4.806261
>> s = 0, IN ... 9.354128
1. Preliminaries.
Calculating B-matrices and Eigenvalues
2. Generate MSTModes
>> Generate s=-2 MSTModes 360.703987
>> Generate s=-1 MSTModes 355.424667
>> Generate hκModes 514.652432
3. Jumps
>> 2.154598
>> 22.978137
>> 13.95356
>> 215.123527
>> 1202.516796
>> 904.101332
>> LinearSolve for s1 and κ jumps 1.116147
>> κ and s1 jumps 2367.255135
4. Prepare grid and mode functions.
>> s=-2 MSTModes 0.404649
>> MMp2gridL 2.021053
>> MMp2gridR 12.68755
>> s=-1 MSTModes 0.224835
>> MMp1gridL 0.11478
>> MMp1gridR 0.708821
>> s=0 MSTModes 0.363972
A. Fill 1D grid.
>> s = 2, UP ... 146.568933
>> s = 1, UP ... 27.957587
>> s = 0, UP ... 58.55662
>> s = 2, IN ... 53.554487
>> s = 1, IN ... 4.733571
>> s = 0, IN ... 9.086785
1. Preliminaries.
Calculating B-matrices and Eigenvalues
2. Generate MSTModes
>> Generate s=-2 MSTModes 395.632013
>> Generate s=-1 MSTModes 394.155161
>> Generate hκModes 522.262146
3. Jumps
>> 2.065075
>> 22.115404
>> 14.175925
>> 199.858557
>> 1137.306852
>> 849.892019
>> LinearSolve for s1 and κ jumps 0.772831
>> κ and s1 jumps 2231.093866
4. Prepare grid and mode functions.
>> s=-2 MSTModes 0.400505
>> MMp2gridL 1.98029
>> MMp2gridR 12.489061
>> s=-1 MSTModes 0.22262
>> MMp1gridL 0.113278
>> MMp1gridR 0.699708
>> s=0 MSTModes 0.355142
A. Fill 1D grid.
>> s = 2, UP ... 142.259552
>> s = 1, UP ... 26.90535
>> s = 0, UP ... 54.890717
>> s = 2, IN ... 53.014307
>> s = 1, IN ... 4.647783
>> s = 0, IN ... 8.691601
1. Preliminaries.
Calculating B-matrices and Eigenvalues
2. Generate MSTModes
>> Generate s=-2 MSTModes 443.200052
>> Generate s=-1 MSTModes 433.980204
>> Generate hκModes 529.837092
3. Jumps
>> 1.972866
>> 20.293747
>> 14.255283
>> 181.295487
>> 1039.157083
>> 773.029758
>> LinearSolve for s1 and κ jumps 0.635284
>> κ and s1 jumps 2035.235724
4. Prepare grid and mode functions.
>> s=-2 MSTModes 0.393204
>> MMp2gridL 1.953896
>> MMp2gridR 12.126446
>> s=-1 MSTModes 0.215415
>> MMp1gridL 0.113991
>> MMp1gridR 0.682603
>> s=0 MSTModes 0.351709
A. Fill 1D grid.
>> s = 2, UP ... 139.016939
>> s = 1, UP ... 25.916746
>> s = 0, UP ... 53.19576
>> s = 2, IN ... 52.471972
>> s = 1, IN ... 4.582737
>> s = 0, IN ... 8.495249
1. Preliminaries.
Calculating B-matrices and Eigenvalues
2. Generate MSTModes
>> Generate s=-2 MSTModes 480.855341
>> Generate s=-1 MSTModes 478.467211
>> Generate hκModes 538.900369
3. Jumps
>> 1.936619
>> 19.349814
>> 14.430183
>> 166.461217
>> 963.451384
>> 711.432174
>> LinearSolve for s1 and κ jumps 0.433638
>> κ and s1 jumps 1881.874415
4. Prepare grid and mode functions.
>> s=-2 MSTModes 0.379658
>> MMp2gridL 1.891316
>> MMp2gridR 11.941071
>> s=-1 MSTModes 0.216524
>> MMp1gridL 0.109396
>> MMp1gridR 0.67081
>> s=0 MSTModes 0.343113
A. Fill 1D grid.
>> s = 2, UP ... 134.004439
>> s = 1, UP ... 25.07911
>> s = 0, UP ... 51.169905
>> s = 2, IN ... 52.089698
>> s = 1, IN ... 4.422466
>> s = 0, IN ... 8.194395
1. Preliminaries.
Calculating B-matrices and Eigenvalues
2. Generate MSTModes
>> Generate s=-2 MSTModes 532.103449
>> Generate s=-1 MSTModes 514.927463
>> Generate hκModes 545.286774
3. Jumps
>> 1.830782
>> 17.863682
>> 13.951949
>> 150.418778
>> 842.7221
>> 617.42333
>> LinearSolve for s1 and κ jumps 0.630041
>> κ and s1 jumps 1648.902253
4. Prepare grid and mode functions.
>> s=-2 MSTModes 0.374212
>> MMp2gridL 1.823
>> MMp2gridR 11.404509
>> s=-1 MSTModes 0.205033
>> MMp1gridL 0.107574
>> MMp1gridR 0.657361
>> s=0 MSTModes 0.331085
A. Fill 1D grid.
>> s = 2, UP ... 128.477358
>> s = 1, UP ... 23.418991
>> s = 0, UP ... 48.48854
>> s = 2, IN ... 51.482703
>> s = 1, IN ... 4.326216
>> s = 0, IN ... 7.987167
1. Preliminaries.
Calculating B-matrices and Eigenvalues
2. Generate MSTModes
>> Generate s=-2 MSTModes 572.478605
>> Generate s=-1 MSTModes 567.876546
>> Generate hκModes 552.811776
3. Jumps
>> 1.758532
>> 16.873233
>> 13.796512
>> 151.709379
>> 854.587615
>> 632.345697
>> LinearSolve for s1 and κ jumps 0.745633
>> κ and s1 jumps 1675.635621
4. Prepare grid and mode functions.
>> s=-2 MSTModes 0.373399
>> MMp2gridL 1.808734
>> MMp2gridR 11.427325
>> s=-1 MSTModes 0.208983
>> MMp1gridL 0.105296
>> MMp1gridR 0.650779
>> s=0 MSTModes 0.324634
A. Fill 1D grid.
>> s = 2, UP ... 125.616535
>> s = 1, UP ... 22.456811
>> s = 0, UP ... 45.496808
>> s = 2, IN ... 51.22333
>> s = 1, IN ... 4.233615
>> s = 0, IN ... 7.831814
1. Preliminaries.
Calculating B-matrices and Eigenvalues
2. Generate MSTModes
>> Generate s=-2 MSTModes 624.414149
>> Generate s=-1 MSTModes 614.841308
>> Generate hκModes 557.745734
3. Jumps
>> 1.718397
>> 15.480139
>> 13.595169
>> 128.841402
>> 744.640166
>> 541.058445
>> LinearSolve for s1 and κ jumps 0.498288
>> κ and s1 jumps 1449.437169
4. Prepare grid and mode functions.
>> s=-2 MSTModes 0.364757
>> MMp2gridL 1.77719
>> MMp2gridR 11.059369
>> s=-1 MSTModes 0.20428
>> MMp1gridL 0.101142
>> MMp1gridR 0.637099
>> s=0 MSTModes 0.318288
A. Fill 1D grid.
>> s = 2, UP ... 121.588481
>> s = 1, UP ... 21.522253
>> s = 0, UP ... 43.603068
>> s = 2, IN ... 50.795024
>> s = 1, IN ... 4.121047
>> s = 0, IN ... 7.689123
1. Preliminaries.
Calculating B-matrices and Eigenvalues
2. Generate MSTModes
>> Generate s=-2 MSTModes 659.97575
>> Generate s=-1 MSTModes 652.133716
>> Generate hκModes 565.201168
3. Jumps
>> 1.606947
>> 14.918893
>> 13.328542
>> 118.968877
>> 693.244594
>> 500.217288
>> LinearSolve for s1 and κ jumps 0.609064
>> κ and s1 jumps 1346.220411
4. Prepare grid and mode functions.
>> s=-2 MSTModes 0.357844
>> MMp2gridL 1.749787
>> MMp2gridR 10.87177
>> s=-1 MSTModes 0.201566
>> MMp1gridL 0.101389
>> MMp1gridR 0.62723
>> s=0 MSTModes 0.31448
A. Fill 1D grid.
>> s = 2, UP ... 117.999265
>> s = 1, UP ... 21.178535
>> s = 0, UP ... 41.856754
>> s = 2, IN ... 50.541299
>> s = 1, IN ... 4.03474
>> s = 0, IN ... 7.50724
1. Preliminaries.
Calculating B-matrices and Eigenvalues
2. Generate MSTModes
>> Generate s=-2 MSTModes 710.173876
>> Generate s=-1 MSTModes 707.889743
>> Generate hκModes 571.989337
3. Jumps
>> 1.532691
>> 13.499456
>> 13.014081
>> 106.975707
>> 620.834581
>> 445.596013
>> LinearSolve for s1 and κ jumps 0.68416
>> κ and s1 jumps 1205.236871
4. Prepare grid and mode functions.
>> s=-2 MSTModes 0.408587
>> MMp2gridL 1.695567
>> MMp2gridR 10.551587
>> s=-1 MSTModes 0.197111
>> MMp1gridL 0.099332
>> MMp1gridR 0.621903
>> s=0 MSTModes 0.309871
A. Fill 1D grid.
>> s = 2, UP ... 114.668856
>> s = 1, UP ... 20.474528
>> s = 0, UP ... 40.823817
>> s = 2, IN ... 50.061162
>> s = 1, IN ... 4.038281
>> s = 0, IN ... 7.224863
1. Preliminaries.
Calculating B-matrices and Eigenvalues
2. Generate MSTModes
>> Generate s=-2 MSTModes 767.51413
>> Generate s=-1 MSTModes 756.009058
>> Generate hκModes 574.757201
3. Jumps
>> 1.498588
>> 12.914065
>> 13.406674
>> 97.507747
>> 573.861408
>> 407.963448
>> LinearSolve for s1 and κ jumps 0.77534
>> κ and s1 jumps 1110.77675
4. Prepare grid and mode functions.
>> s=-2 MSTModes 0.340753
>> MMp2gridL 1.656671
>> MMp2gridR 10.280037
>> s=-1 MSTModes 0.192225
>> MMp1gridL 0.094839
>> MMp1gridR 0.694812
>> s=0 MSTModes 0.301292
A. Fill 1D grid.
>> s = 2, UP ... 110.280192
>> s = 1, UP ... 19.605366
>> s = 0, UP ... 39.295454
>> s = 2, IN ... 49.840567
>> s = 1, IN ... 3.846222
>> s = 0, IN ... 7.067424
1. Preliminaries.
Calculating B-matrices and Eigenvalues
2. Generate MSTModes
>> Generate s=-2 MSTModes 812.35026
>> Generate s=-1 MSTModes 806.226242
>> Generate hκModes 577.96436
3. Jumps
>> 1.435752
>> 11.961257
>> 12.443312
>> 88.320826
>> 523.567645
>> 368.610319
>> LinearSolve for s1 and κ jumps 0.504272
>> κ and s1 jumps 1009.577784
4. Prepare grid and mode functions.
>> s=-2 MSTModes 0.335835
>> MMp2gridL 1.608016
>> MMp2gridR 9.922409
>> s=-1 MSTModes 0.188246
>> MMp1gridL 0.094112
>> MMp1gridR 0.585424
>> s=0 MSTModes 0.300279
A. Fill 1D grid.
>> s = 2, UP ... 107.342383
>> s = 1, UP ... 18.916004
>> s = 0, UP ... 38.550956
>> s = 2, IN ... 49.534592
>> s = 1, IN ... 3.754426
>> s = 0, IN ... 6.944152
1. Preliminaries.
Calculating B-matrices and Eigenvalues
2. Generate MSTModes
>> Generate s=-2 MSTModes 861.480483
>> Generate s=-1 MSTModes 851.16589
>> Generate hκModes 580.507871
3. Jumps
>> 1.36784
>> 10.87131
>> 12.212212
>> 81.274687
>> 474.191817
>> 334.051088
>> LinearSolve for s1 and κ jumps 0.754865
>> κ and s1 jumps 917.221454
4. Prepare grid and mode functions.
>> s=-2 MSTModes 0.324066
>> MMp2gridL 1.551874
>> MMp2gridR 9.681299
>> s=-1 MSTModes 0.183256
>> MMp1gridL 0.091972
>> MMp1gridR 0.580523
>> s=0 MSTModes 0.28973
A. Fill 1D grid.
>> s = 2, UP ... 104.065867
>> s = 1, UP ... 18.013148
>> s = 0, UP ... 37.103904
>> s = 2, IN ... 49.241554
>> s = 1, IN ... 3.687313
>> s = 0, IN ... 6.839478
1. Preliminaries.
Calculating B-matrices and Eigenvalues
2. Generate MSTModes
>> Generate s=-2 MSTModes 903.892515
>> Generate s=-1 MSTModes 903.901434
>> Generate hκModes 583.782553
3. Jumps
>> 1.301268
>> 10.144375
>> 11.708483
>> 71.495544
>> 425.074348
>> 294.394961
>> LinearSolve for s1 and κ jumps 0.674509
>> κ and s1 jumps 817.084053
4. Prepare grid and mode functions.
>> s=-2 MSTModes 0.32145
>> MMp2gridL 1.507431
>> MMp2gridR 9.497735
>> s=-1 MSTModes 0.17835
>> MMp1gridL 0.089473
>> MMp1gridR 0.56627
>> s=0 MSTModes 0.2811
A. Fill 1D grid.
>> s = 2, UP ... 99.981787
>> s = 1, UP ... 17.26551
>> s = 0, UP ... 35.158885
>> s = 2, IN ... 48.924596
>> s = 1, IN ... 3.602912
>> s = 0, IN ... 6.620833
1. Preliminaries.
Calculating B-matrices and Eigenvalues
2. Generate MSTModes
>> Generate s=-2 MSTModes 944.548521
>> Generate s=-1 MSTModes 941.726109
>> Generate hκModes 580.357684
3. Jumps
>> 1.260891
>> 9.423374
>> 11.38
>> 65.461364
>> 391.405618
>> 271.638434
>> LinearSolve for s1 and κ jumps 0.557233
>> κ and s1 jumps 753.211372
4. Prepare grid and mode functions.
>> s=-2 MSTModes 0.313589
>> MMp2gridL 1.467203
>> MMp2gridR 9.146116
>> s=-1 MSTModes 0.177932
>> MMp1gridL 0.086882
>> MMp1gridR 0.550583
>> s=0 MSTModes 0.280594
A. Fill 1D grid.
>> s = 2, UP ... 96.870864
>> s = 1, UP ... 16.576106
>> s = 0, UP ... 33.810933
>> s = 2, IN ... 48.77273
>> s = 1, IN ... 3.542673
>> s = 0, IN ... 6.427398
1. Preliminaries.
Calculating B-matrices and Eigenvalues
2. Generate MSTModes
>> Generate s=-2 MSTModes 979.656939
>> Generate s=-1 MSTModes 983.528716
>> Generate hκModes 582.221292
3. Jumps
>> 1.21253
>> 8.366589
>> 11.087779
>> 58.135366
>> 345.157765
>> 236.949688
>> LinearSolve for s1 and κ jumps 0.686057
>> κ and s1 jumps 663.594373
4. Prepare grid and mode functions.
>> s=-2 MSTModes 0.302889
>> MMp2gridL 1.426748
>> MMp2gridR 8.827716
>> s=-1 MSTModes 0.168699
>> MMp1gridL 0.084852
>> MMp1gridR 0.547766
>> s=0 MSTModes 0.275289
A. Fill 1D grid.
>> s = 2, UP ... 93.670636
>> s = 1, UP ... 15.878927
>> s = 0, UP ... 32.690114
>> s = 2, IN ... 48.359842
>> s = 1, IN ... 3.462172
>> s = 0, IN ... 6.288931
1. Preliminaries.
Calculating B-matrices and Eigenvalues
2. Generate MSTModes
>> Generate s=-2 MSTModes 1023.012266
>> Generate s=-1 MSTModes 1024.686757
>> Generate hκModes 579.641616
3. Jumps
>> 1.154023
>> 8.001382
>> 10.721701
>> 52.64255
>> 318.29076
>> 217.936115
>> LinearSolve for s1 and κ jumps 0.505792
>> κ and s1 jumps 611.067887
4. Prepare grid and mode functions.
>> s=-2 MSTModes 0.289331
>> MMp2gridL 1.382195
>> MMp2gridR 8.64156
>> s=-1 MSTModes 0.159847
>> MMp1gridL 0.083741
>> MMp1gridR 0.533869
>> s=0 MSTModes 0.270024
A. Fill 1D grid.
>> s = 2, UP ... 90.972518
>> s = 1, UP ... 15.455704
>> s = 0, UP ... 30.556399
>> s = 2, IN ... 47.846776
>> s = 1, IN ... 3.379951
>> s = 0, IN ... 6.264698
1. Preliminaries.
Calculating B-matrices and Eigenvalues
2. Generate MSTModes
>> Generate s=-2 MSTModes 1056.764538
>> Generate s=-1 MSTModes 1059.213786
>> Generate hκModes 579.164087
3. Jumps
>> 1.143545
>> 7.06599
>> 10.999669
>> 45.382249
>> 277.888529
>> 187.183949
>> LinearSolve for s1 and κ jumps 0.541119
>> κ and s1 jumps 531.982992
4. Prepare grid and mode functions.
>> s=-2 MSTModes 0.286815
>> MMp2gridL 1.328949
>> MMp2gridR 8.438598
>> s=-1 MSTModes 0.159387
>> MMp1gridL 0.079288
>> MMp1gridR 0.514672
>> s=0 MSTModes 0.260432
A. Fill 1D grid.
>> s = 2, UP ... 87.536455
>> s = 1, UP ... 14.697811
>> s = 0, UP ... 29.587309
>> s = 2, IN ... 47.625996
>> s = 1, IN ... 3.304781
>> s = 0, IN ... 5.966033
1. Preliminaries.
Calculating B-matrices and Eigenvalues
2. Generate MSTModes
>> Generate s=-2 MSTModes 1089.681578
>> Generate s=-1 MSTModes 1098.138248
>> Generate hκModes 575.688511
3. Jumps
>> 1.061468
>> 6.484016
>> 9.940885
>> 40.249296
>> 247.064394
>> 164.610568
>> LinearSolve for s1 and κ jumps 0.615341
>> κ and s1 jumps 471.556655
4. Prepare grid and mode functions.
>> s=-2 MSTModes 0.27617
>> MMp2gridL 1.290926
>> MMp2gridR 8.039916
>> s=-1 MSTModes 0.156447
>> MMp1gridL 0.076582
>> MMp1gridR 0.493892
>> s=0 MSTModes 0.259174
A. Fill 1D grid.
>> s = 2, UP ... 85.356493
>> s = 1, UP ... 14.155454
>> s = 0, UP ... 28.294092
>> s = 2, IN ... 47.866833
>> s = 1, IN ... 3.222585
>> s = 0, IN ... 5.800011
1. Preliminaries.
Calculating B-matrices and Eigenvalues
2. Generate MSTModes
>> Generate s=-2 MSTModes 1120.943626
>> Generate s=-1 MSTModes 1111.252182
>> Generate hκModes 567.568288
3. Jumps
>> 1.025899
>> 5.830705
>> 10.216116
>> 35.664219
>> 219.894965
>> 145.258821
>> LinearSolve for s1 and κ jumps 0.615573
>> κ and s1 jumps 419.901019
4. Prepare grid and mode functions.
>> s=-2 MSTModes 0.2696
>> MMp2gridL 1.253731
>> MMp2gridR 7.765192
>> s=-1 MSTModes 0.151487
>> MMp1gridL 0.074265
>> MMp1gridR 0.480901
>> s=0 MSTModes 0.244242
A. Fill 1D grid.
>> s = 2, UP ... 82.352064
>> s = 1, UP ... 13.516599
>> s = 0, UP ... 26.084851
>> s = 2, IN ... 46.976721
>> s = 1, IN ... 3.170791
>> s = 0, IN ... 5.674075
1. Preliminaries.
Calculating B-matrices and Eigenvalues
2. Generate MSTModes
>> Generate s=-2 MSTModes 1145.199012
>> Generate s=-1 MSTModes 1142.963801
