Task 5 on node722.cluster: a=0.00000000000001 r0=8.2
Job started: a = 1.*^-14, r0 = 8.2, savepath = /lustre/astro/dyson/DataFiles/KerrCircSourceFiles/h1RadialTube
Warning: rstarmin is outside the allowed range.
Now we Calculate the Radiative Solutions
1. Preliminaries.
Calculating B-matrices and Eigenvalues
2. Generate MSTModes
>> Generate s=-2 MSTModes 218.789912
>> Generate s=-1 MSTModes 220.446647
>> Generate hκModes 560.504569
3. Jumps
>> 2.538613
>> 27.443244
>> 11.473422
>> 290.745768
>> 1598.493846
>> 1231.825633
>> LinearSolve for s1 and κ jumps 0.043504
>> κ and s1 jumps 3171.546741
4. Prepare grid and mode functions.
>> s=-2 MSTModes 0.405595
>> MMp2gridL 2.201795
>> MMp2gridR 13.66666
>> s=-1 MSTModes 0.157146
>> MMp1gridL 0.090501
>> MMp1gridR 0.481363
>> s=0 MSTModes 0.350868
A. Fill 1D grid.
>> s = 2, UP ... 176.659027
>> s = 1, UP ... 4.598048
>> s = 0, UP ... 57.876774
>> s = 2, IN ... 56.923255

                                                                                                                                         -302                           -6
General::munfl: 1.11466073722580151843106678489049637067437065401876371162793009725850689128037721297009811228854998269964124191058459 10     (0.0000569786 - 1.44215 10   I) is too small to represent as a normalized machine number; precision may be lost.

                                                                                                                                         -302                           -7
General::munfl: 1.11466073722580151843106678489049637067437065401876371162793009725850689128037721297009811228854998269964124191058459 10     (0.0000295355 - 7.38961 10   I) is too small to represent as a normalized machine number; precision may be lost.

                                                                                                                                         -302                           -7
General::munfl: 1.11466073722580151843106678489049637067437065401876371162793009725850689128037721297009811228854998269964124191058459 10     (0.0000148836 - 3.68334 10   I) is too small to represent as a normalized machine number; precision may be lost.

General::stop: Further output of General::munfl will be suppressed during this calculation.
>> s = 1, IN ... 3.297901
>> s = 0, IN ... 9.248936
1. Preliminaries.
Calculating B-matrices and Eigenvalues
2. Generate MSTModes
>> Generate s=-2 MSTModes 260.861105
>> Generate s=-1 MSTModes 257.187171
>> Generate hκModes 520.637578
3. Jumps
>> 2.411575
>> 27.931007
>> 12.671343
>> 273.988422
>> 1531.443156
>> 1156.426432
>> LinearSolve for s1 and κ jumps 0.602742
>> κ and s1 jumps 3011.9148
4. Prepare grid and mode functions.
>> s=-2 MSTModes 0.430213
>> MMp2gridL 2.23428
>> MMp2gridR 13.975788
>> s=-1 MSTModes 0.235145
>> MMp1gridL 0.128968
>> MMp1gridR 0.758612
>> s=0 MSTModes 0.38634
A. Fill 1D grid.
>> s = 2, UP ... 170.534112
>> s = 1, UP ... 34.266984
>> s = 0, UP ... 74.629901
>> s = 2, IN ... 56.556882
>> s = 1, IN ... 5.325542
>> s = 0, IN ... 10.376797
1. Preliminaries.
Calculating B-matrices and Eigenvalues
2. Generate MSTModes
>> Generate s=-2 MSTModes 295.876347
>> Generate s=-1 MSTModes 291.117829
>> Generate hκModes 511.402017
3. Jumps
>> 2.31
>> 25.788925
>> 13.310773
>> 242.820364
>> 1366.227686
>> 1032.781723
>> LinearSolve for s1 and κ jumps 0.330319
>> κ and s1 jumps 2689.49746
4. Prepare grid and mode functions.
>> s=-2 MSTModes 0.409593
>> MMp2gridL 2.188343
>> MMp2gridR 13.280616
>> s=-1 MSTModes 0.228293
>> MMp1gridL 0.125158
>> MMp1gridR 0.739438
>> s=0 MSTModes 0.3786
A. Fill 1D grid.
>> s = 2, UP ... 165.999976
>> s = 1, UP ... 32.845066
>> s = 0, UP ... 72.345608
>> s = 2, IN ... 56.186854
>> s = 1, IN ... 5.176089
>> s = 0, IN ... 10.072824
1. Preliminaries.
Calculating B-matrices and Eigenvalues
2. Generate MSTModes
>> Generate s=-2 MSTModes 319.377342
>> Generate s=-1 MSTModes 315.201945
>> Generate hκModes 513.29322
3. Jumps
>> 2.236162
>> 24.883575
>> 14.421667
>> 233.438693
>> 1314.143345
>> 989.376259
>> LinearSolve for s1 and κ jumps 0.71353
>> κ and s1 jumps 2584.88117
4. Prepare grid and mode functions.
>> s=-2 MSTModes 0.413254
>> MMp2gridL 2.160853
>> MMp2gridR 13.291696
>> s=-1 MSTModes 0.22528
>> MMp1gridL 0.122598
>> MMp1gridR 0.729628
>> s=0 MSTModes 0.373561
A. Fill 1D grid.
>> s = 2, UP ... 161.152152
>> s = 1, UP ... 31.889456
>> s = 0, UP ... 69.386301
>> s = 2, IN ... 55.424743
>> s = 1, IN ... 5.060901
>> s = 0, IN ... 9.861121
1. Preliminaries.
Calculating B-matrices and Eigenvalues
2. Generate MSTModes
>> Generate s=-2 MSTModes 355.940325
>> Generate s=-1 MSTModes 354.941282
>> Generate hκModes 518.626115
3. Jumps
>> 2.1376
>> 23.094521
>> 13.957818
>> 214.721017
>> 1208.809915
