Task 10 on node719.cluster: a=0.6 r0=8.2
Job started: a = 0.6, r0 = 8.2, savepath = /lustre/astro/dyson/DataFiles/KerrCircSourceFiles/h1RadialTube
Warning: rstarmin is outside the allowed range.
Now we Calculate the Radiative Solutions
1. Preliminaries.
Calculating B-matrices and Eigenvalues
2. Generate MSTModes
>> Generate s=-2 MSTModes 218.577497
>> Generate s=-1 MSTModes 219.043344
>> Generate hκModes 548.941322
3. Jumps
>> 2.515147
>> 28.057303
>> 11.378237
>> 73.958048
>> 684.732978
>> 323.876544
>> LinearSolve for s1 and κ jumps 0.361392
>> κ and s1 jumps 1132.870823
4. Prepare grid and mode functions.
>> s=-2 MSTModes 0.389126
>> MMp2gridL 2.245817
>> MMp2gridR 12.675517
>> s=-1 MSTModes 0.154042
>> MMp1gridL 0.091436
>> MMp1gridR 0.586062
>> s=0 MSTModes 0.336827
A. Fill 1D grid.
>> s = 2, UP ... 165.120129
>> s = 1, UP ... 4.487759
>> s = 0, UP ... 35.058696
>> s = 2, IN ... 58.198295
>> s = 1, IN ... 3.282844

                                                                                                                 -220        -308
General::munfl: (0. + 0. I) + (-9.3227472410140833862202617120182282744121568349052114991541765866321236032413 10     - 2. 10     I) is too small to represent as a normalized machine number; precision may be lost.

                                                                                                                 -220        -309
General::munfl: (0. + 0. I) + (-2.2121081354400878065400242620512902635358512103684751739990675161594920924043 10     - 4. 10     I) is too small to represent as a normalized machine number; precision may be lost.

                                                                                                                 -221        -310
General::munfl: (0. + 0. I) + (-5.0089001400423137916222836874110159460914859196613552213342562371359165646766 10     - 8. 10     I) is too small to represent as a normalized machine number; precision may be lost.

General::stop: Further output of General::munfl will be suppressed during this calculation.
>> s = 0, IN ... 7.236293
1. Preliminaries.
Calculating B-matrices and Eigenvalues
2. Generate MSTModes
>> Generate s=-2 MSTModes 260.304066
>> Generate s=-1 MSTModes 256.603609
>> Generate hκModes 512.949085
3. Jumps
>> 2.439019
>> 28.094532
>> 12.598387
>> 68.953994
>> 655.772874
>> 303.111813
>> LinearSolve for s1 and κ jumps 0.637771
>> κ and s1 jumps 1077.453179
4. Prepare grid and mode functions.
>> s=-2 MSTModes 0.404991
>> MMp2gridL 2.261765
>> MMp2gridR 12.80283
>> s=-1 MSTModes 0.233532
>> MMp1gridL 0.13037
>> MMp1gridR 0.736941
>> s=0 MSTModes 0.367999
A. Fill 1D grid.
>> s = 2, UP ... 154.64858
>> s = 1, UP ... 30.354248
>> s = 0, UP ... 44.482633
>> s = 2, IN ... 58.205892
>> s = 1, IN ... 5.413268
>> s = 0, IN ... 7.873271
1. Preliminaries.
Calculating B-matrices and Eigenvalues
2. Generate MSTModes
>> Generate s=-2 MSTModes 294.839608
>> Generate s=-1 MSTModes 287.432631
>> Generate hκModes 505.936287
3. Jumps
>> 2.346589
>> 25.716433
>> 12.852599
>> 64.743876
>> 609.735448
>> 282.157326
>> LinearSolve for s1 and κ jumps 0.843007
>> κ and s1 jumps 1003.922076
4. Prepare grid and mode functions.
>> s=-2 MSTModes 0.400594
>> MMp2gridL 2.225719
>> MMp2gridR 12.497477
>> s=-1 MSTModes 0.227072
>> MMp1gridL 0.128872
>> MMp1gridR 0.728217
>> s=0 MSTModes 0.363371
A. Fill 1D grid.
>> s = 2, UP ... 149.902836
>> s = 1, UP ... 27.510592
>> s = 0, UP ... 39.322575
>> s = 2, IN ... 56.742441
>> s = 1, IN ... 5.223276
>> s = 0, IN ... 7.520436
1. Preliminaries.
Calculating B-matrices and Eigenvalues
2. Generate MSTModes
>> Generate s=-2 MSTModes 317.651396
>> Generate s=-1 MSTModes 313.520672
>> Generate hκModes 508.016745
3. Jumps
>> 2.241152
>> 24.941001
>> 13.25393
>> 59.242126
>> 577.538288
>> 259.480154
>> LinearSolve for s1 and κ jumps 0.717834
>> κ and s1 jumps 942.497344
4. Prepare grid and mode functions.
>> s=-2 MSTModes 0.395193
>> MMp2gridL 2.209703
>> MMp2gridR 12.470913
>> s=-1 MSTModes 0.218074
>> MMp1gridL 0.125825
>> MMp1gridR 0.712734
>> s=0 MSTModes 0.357242
A. Fill 1D grid.
>> s = 2, UP ... 149.557552
>> s = 1, UP ... 27.905077
>> s = 0, UP ... 39.969329
>> s = 2, IN ... 57.151954
>> s = 1, IN ... 5.176111
>> s = 0, IN ... 7.598124
1. Preliminaries.
Calculating B-matrices and Eigenvalues
2. Generate MSTModes
>> Generate s=-2 MSTModes 357.660751
>> Generate s=-1 MSTModes 348.1556
>> Generate hκModes 511.570011
3. Jumps
>> 2.122172
>> 22.647261
>> 13.33896
>> 216.63876
>> 1205.790333
>> 909.944591
>> LinearSolve for s1 and κ jumps 0.720483
>> κ and s1 jumps 2376.68766
4. Prepare grid and mode functions.
>> s=-2 MSTModes 0.391441
>> MMp2gridL 2.14927
>> MMp2gridR 12.396279
>> s=-1 MSTModes 0.218603
>> MMp1gridL 0.124052
>> MMp1gridR 0.705729
>> s=0 MSTModes 0.357685
A. Fill 1D grid.
>> s = 2, UP ... 151.612534
>> s = 1, UP ... 28.733536
>> s = 0, UP ... 59.928621
>> s = 2, IN ... 56.332138
>> s = 1, IN ... 5.1013
>> s = 0, IN ... 9.753429
1. Preliminaries.
Calculating B-matrices and Eigenvalues
2. Generate MSTModes
>> Generate s=-2 MSTModes 391.411514
>> Generate s=-1 MSTModes 385.760988
>> Generate hκModes 518.009993
3. Jumps
>> 2.043129
>> 22.119837
>> 14.339064
>> 195.192608
>> 1116.979331
>> 808.798436
>> LinearSolve for s1 and κ jumps 0.688397
>> κ and s1 jumps 2165.18483
4. Prepare grid and mode functions.
>> s=-2 MSTModes 0.379232
>> MMp2gridL 2.094606
>> MMp2gridR 11.718485
>> s=-1 MSTModes 0.213469
>> MMp1gridL 0.120995
>> MMp1gridR 0.685498
>> s=0 MSTModes 0.344297
A. Fill 1D grid.
>> s = 2, UP ... 138.631588
>> s = 1, UP ... 26.220885
>> s = 0, UP ... 57.013669
>> s = 2, IN ... 55.963241
>> s = 1, IN ... 4.97923
>> s = 0, IN ... 9.48538
1. Preliminaries.
Calculating B-matrices and Eigenvalues
2. Generate MSTModes
>> Generate s=-2 MSTModes 429.578928
>> Generate s=-1 MSTModes 419.272102
>> Generate hκModes 522.86671
3. Jumps
>> 1.966217
>> 20.176118
>> 14.505999
>> 178.931466
>> 1019.41035
>> 755.530492
>> LinearSolve for s1 and κ jumps 0.308874
>> κ and s1 jumps 1995.608451
4. Prepare grid and mode functions.
>> s=-2 MSTModes 0.375615
>> MMp2gridL 2.062635
>> MMp2gridR 11.556779
>> s=-1 MSTModes 0.211008
>> MMp1gridL 0.119085
>> MMp1gridR 0.674728
>> s=0 MSTModes 0.337754
A. Fill 1D grid.
>> s = 2, UP ... 133.080063
>> s = 1, UP ... 23.903953
>> s = 0, UP ... 50.158966
>> s = 2, IN ... 55.220986
>> s = 1, IN ... 4.763313
>> s = 0, IN ... 9.198347
1. Preliminaries.
Calculating B-matrices and Eigenvalues
2. Generate MSTModes
>> Generate s=-2 MSTModes 465.178189
>> Generate s=-1 MSTModes 459.476786
>> Generate hκModes 531.148708
3. Jumps
>> 1.87992
>> 19.873746
>> 13.721008
>> 165.589226
>> 962.29197
>> 702.760103
>> LinearSolve for s1 and κ jumps 0.391162
>> κ and s1 jumps 1871.050505
4. Prepare grid and mode functions.
>> s=-2 MSTModes 0.366458
>> MMp2gridL 1.981874
>> MMp2gridR 11.252708
>> s=-1 MSTModes 0.206379
>> MMp1gridL 0.115694
>> MMp1gridR 0.656915
>> s=0 MSTModes 0.332414
A. Fill 1D grid.
>> s = 2, UP ... 129.20832
>> s = 1, UP ... 23.084548
>> s = 0, UP ... 48.389796
>> s = 2, IN ... 54.436003
>> s = 1, IN ... 4.624538
>> s = 0, IN ... 8.880501
1. Preliminaries.
Calculating B-matrices and Eigenvalues
2. Generate MSTModes
>> Generate s=-2 MSTModes 491.078647
>> Generate s=-1 MSTModes 505.210939
>> Generate hκModes 536.559137
3. Jumps
>> 1.808421
>> 17.666206
>> 14.110503
>> 152.51987
>> 870.592394
>> 640.779022
>> LinearSolve for s1 and κ jumps 0.329888
>> κ and s1 jumps 1702.082561
4. Prepare grid and mode functions.
>> s=-2 MSTModes 0.359384
>> MMp2gridL 1.947939
>> MMp2gridR 11.10162
>> s=-1 MSTModes 0.202884
>> MMp1gridL 0.113348
>> MMp1gridR 0.648748
>> s=0 MSTModes 0.325133
A. Fill 1D grid.
>> s = 2, UP ... 125.099635
>> s = 1, UP ... 22.214643
>> s = 0, UP ... 46.395369
>> s = 2, IN ... 54.269217
>> s = 1, IN ... 4.54927
>> s = 0, IN ... 8.712799
1. Preliminaries.
Calculating B-matrices and Eigenvalues
2. Generate MSTModes
>> Generate s=-2 MSTModes 522.548525
>> Generate s=-1 MSTModes 541.781358
>> Generate hκModes 543.402916
3. Jumps
>> 1.729994
>> 16.855062
>> 13.630889
>> 142.778666
>> 820.107326
>> 601.251508
>> LinearSolve for s1 and κ jumps 0.722255
>> κ and s1 jumps 1601.027535
4. Prepare grid and mode functions.
>> s=-2 MSTModes 0.353762
>> MMp2gridL 1.89855
>> MMp2gridR 10.737886
>> s=-1 MSTModes 0.197437
>> MMp1gridL 0.112116
>> MMp1gridR 0.635793
>> s=0 MSTModes 0.317477
A. Fill 1D grid.
>> s = 2, UP ... 120.684721
>> s = 1, UP ... 21.451978
>> s = 0, UP ... 44.306818
>> s = 2, IN ... 53.629605
>> s = 1, IN ... 4.500456
>> s = 0, IN ... 8.405159
1. Preliminaries.
Calculating B-matrices and Eigenvalues
2. Generate MSTModes
>> Generate s=-2 MSTModes 561.690002
>> Generate s=-1 MSTModes 573.936629
>> Generate hκModes 548.50077
3. Jumps
>> 1.707339
>> 15.228682
>> 13.406632
>> 127.307226
>> 730.358115
>> 531.333796
>> LinearSolve for s1 and κ jumps 0.711138
>> κ and s1 jumps 1423.73956
4. Prepare grid and mode functions.
>> s=-2 MSTModes 0.34462
>> MMp2gridL 1.863359
>> MMp2gridR 10.544754
>> s=-1 MSTModes 0.19331
>> MMp1gridL 0.108915
>> MMp1gridR 0.624642
>> s=0 MSTModes 0.310608
A. Fill 1D grid.
>> s = 2, UP ... 117.101057
>> s = 1, UP ... 20.683581
>> s = 0, UP ... 43.085986
>> s = 2, IN ... 53.235916
>> s = 1, IN ... 4.373007
>> s = 0, IN ... 8.202029
1. Preliminaries.
Calculating B-matrices and Eigenvalues
2. Generate MSTModes
>> Generate s=-2 MSTModes 601.256726
>> Generate s=-1 MSTModes 600.337711
>> Generate hκModes 553.612328
3. Jumps
>> 1.606249
>> 14.737836
>> 13.315904
>> 119.36448
>> 689.218395
>> 498.607541
>> LinearSolve for s1 and κ jumps 0.482584
>> κ and s1 jumps 1340.816264
4. Prepare grid and mode functions.
>> s=-2 MSTModes 0.339676
>> MMp2gridL 1.818645
>> MMp2gridR 10.382864
>> s=-1 MSTModes 0.190917
>> MMp1gridL 0.106963
>> MMp1gridR 0.613149
>> s=0 MSTModes 0.305412
A. Fill 1D grid.
>> s = 2, UP ... 116.139067
>> s = 1, UP ... 20.407734
>> s = 0, UP ... 42.479616
>> s = 2, IN ... 53.485692
>> s = 1, IN ... 4.298379
>> s = 0, IN ... 8.061592
1. Preliminaries.
Calculating B-matrices and Eigenvalues
2. Generate MSTModes
>> Generate s=-2 MSTModes 656.152972
>> Generate s=-1 MSTModes 639.448318
>> Generate hκModes 555.131053
3. Jumps
>> 1.525572
>> 13.214933
>> 12.909168
>> 105.911143
>> 614.136898
>> 439.372472
>> LinearSolve for s1 and κ jumps 0.758344
>> κ and s1 jumps 1191.118999
4. Prepare grid and mode functions.
>> s=-2 MSTModes 0.331043
>> MMp2gridL 1.786628
>> MMp2gridR 10.166058
>> s=-1 MSTModes 0.190842
>> MMp1gridL 0.105031
>> MMp1gridR 0.602187
>> s=0 MSTModes 0.299503
A. Fill 1D grid.
>> s = 2, UP ... 112.870096
>> s = 1, UP ... 19.96373
>> s = 0, UP ... 41.755105
>> s = 2, IN ... 53.015999
>> s = 1, IN ... 4.20941
>> s = 0, IN ... 7.893393
1. Preliminaries.
Calculating B-matrices and Eigenvalues
2. Generate MSTModes
>> Generate s=-2 MSTModes 688.649634
>> Generate s=-1 MSTModes 676.451299
>> Generate hκModes 558.043915
3. Jumps
>> 1.460308
>> 12.580604
>> 12.757384
>> 98.527397
>> 575.330309
>> 411.978545
>> LinearSolve for s1 and κ jumps 0.735324
>> κ and s1 jumps 1116.397762
4. Prepare grid and mode functions.
>> s=-2 MSTModes 0.328583
>> MMp2gridL 1.744876
>> MMp2gridR 9.916988
>> s=-1 MSTModes 0.188028
>> MMp1gridL 0.10278
>> MMp1gridR 0.596592
>> s=0 MSTModes 0.343435
A. Fill 1D grid.
>> s = 2, UP ... 109.860671
>> s = 1, UP ... 19.574544
>> s = 0, UP ... 40.764002
>> s = 2, IN ... 52.792361
>> s = 1, IN ... 4.094182
>> s = 0, IN ... 7.663489
1. Preliminaries.
Calculating B-matrices and Eigenvalues
2. Generate MSTModes
>> Generate s=-2 MSTModes 738.968517
>> Generate s=-1 MSTModes 718.60928
>> Generate hκModes 557.998902
3. Jumps
>> 1.45745
>> 11.761249
>> 12.274317
>> 87.231417
>> 516.215978
>> 365.386657
>> LinearSolve for s1 and κ jumps 0.745368
>> κ and s1 jumps 997.896183
4. Prepare grid and mode functions.
>> s=-2 MSTModes 0.321482
>> MMp2gridL 1.686386
>> MMp2gridR 9.603581
>> s=-1 MSTModes 0.181859
>> MMp1gridL 0.100106
>> MMp1gridR 0.575981
>> s=0 MSTModes 0.289988
A. Fill 1D grid.
>> s = 2, UP ... 106.649115
>> s = 1, UP ... 18.778651
>> s = 0, UP ... 39.438003
>> s = 2, IN ... 52.184902
>> s = 1, IN ... 4.067982
>> s = 0, IN ... 7.512416
1. Preliminaries.
Calculating B-matrices and Eigenvalues
2. Generate MSTModes
>> Generate s=-2 MSTModes 794.935085
>> Generate s=-1 MSTModes 762.166916
>> Generate hκModes 565.181336
3. Jumps
>> 1.355114
>> 10.901283
>> 11.900199
>> 81.609664
>> 481.994016
>> 338.464321
>> LinearSolve for s1 and κ jumps 0.585409
>> κ and s1 jumps 929.497564
4. Prepare grid and mode functions.
>> s=-2 MSTModes 0.332584
>> MMp2gridL 1.653296
>> MMp2gridR 9.619799
>> s=-1 MSTModes 0.188318
>> MMp1gridL 0.099194
>> MMp1gridR 0.584675
>> s=0 MSTModes 0.309408
A. Fill 1D grid.
>> s = 2, UP ... 104.274152
>> s = 1, UP ... 18.502756
>> s = 0, UP ... 38.44858
>> s = 2, IN ... 52.297799
>> s = 1, IN ... 3.968621
>> s = 0, IN ... 7.348649
1. Preliminaries.
Calculating B-matrices and Eigenvalues
2. Generate MSTModes
>> Generate s=-2 MSTModes 866.849713
>> Generate s=-1 MSTModes 839.873206
>> Generate hκModes 568.336013
3. Jumps
>> 1.286149
>> 10.098225
>> 11.525755
>> 71.18281
>> 422.646492
>> 295.545327
>> LinearSolve for s1 and κ jumps 0.566929
>> κ and s1 jumps 815.381139
4. Prepare grid and mode functions.
>> s=-2 MSTModes 0.309643
>> MMp2gridL 1.597137
>> MMp2gridR 9.153911
>> s=-1 MSTModes 0.174836
>> MMp1gridL 0.095005
>> MMp1gridR 0.557323
>> s=0 MSTModes 0.298431
A. Fill 1D grid.
>> s = 2, UP ... 99.934565
>> s = 1, UP ... 17.39181
>> s = 0, UP ... 35.875335
>> s = 2, IN ... 51.74666
>> s = 1, IN ... 3.869026
>> s = 0, IN ... 7.15177
1. Preliminaries.
Calculating B-matrices and Eigenvalues
2. Generate MSTModes
>> Generate s=-2 MSTModes 923.680741
>> Generate s=-1 MSTModes 913.00676
>> Generate hκModes 567.029902
3. Jumps
>> 1.247652
>> 9.705107
>> 11.443979
>> 65.019553
>> 395.6552
>> 272.242341
>> LinearSolve for s1 and κ jumps 0.648824
>> κ and s1 jumps 758.275556
4. Prepare grid and mode functions.
>> s=-2 MSTModes 0.310205
>> MMp2gridL 1.559708
>> MMp2gridR 8.923964
>> s=-1 MSTModes 0.175341
>> MMp1gridL 0.093166
>> MMp1gridR 0.555035
>> s=0 MSTModes 0.292156
A. Fill 1D grid.
>> s = 2, UP ... 98.52035
>> s = 1, UP ... 17.442288
>> s = 0, UP ... 35.916767
>> s = 2, IN ... 51.732087
>> s = 1, IN ... 3.817132
>> s = 0, IN ... 7.018301
1. Preliminaries.
Calculating B-matrices and Eigenvalues
2. Generate MSTModes
>> Generate s=-2 MSTModes 978.725596
>> Generate s=-1 MSTModes 970.034791
>> Generate hκModes 568.941453
3. Jumps
>> 1.210017
>> 8.43821
>> 10.951376
>> 57.512756
>> 343.240059
>> 231.098258
>> LinearSolve for s1 and κ jumps 0.753712
>> κ and s1 jumps 655.326871
4. Prepare grid and mode functions.
>> s=-2 MSTModes 0.370185
>> MMp2gridL 1.528692
>> MMp2gridR 8.481981
>> s=-1 MSTModes 0.170194
>> MMp1gridL 0.090111
>> MMp1gridR 0.527237
>> s=0 MSTModes 0.294548
A. Fill 1D grid.
>> s = 2, UP ... 92.987781
>> s = 1, UP ... 15.90586
>> s = 0, UP ... 32.75547
>> s = 2, IN ... 50.911419
>> s = 1, IN ... 3.666968
>> s = 0, IN ... 6.832032
1. Preliminaries.
Calculating B-matrices and Eigenvalues
2. Generate MSTModes
>> Generate s=-2 MSTModes 1035.65778
>> Generate s=-1 MSTModes 1030.058798
>> Generate hκModes 567.370809
3. Jumps
>> 1.154386
>> 7.608977
>> 10.585646
>> 51.232696
>> 309.932831
>> 211.336463
>> LinearSolve for s1 and κ jumps 0.799891
>> κ and s1 jumps 594.747279
4. Prepare grid and mode functions.
>> s=-2 MSTModes 0.302033
>> MMp2gridL 1.450369
>> MMp2gridR 8.367342
>> s=-1 MSTModes 0.165799
>> MMp1gridL 0.087819
>> MMp1gridR 0.518794
>> s=0 MSTModes 0.296334
A. Fill 1D grid.
>> s = 2, UP ... 94.813017
>> s = 1, UP ... 16.832254
>> s = 0, UP ... 32.499389
>> s = 2, IN ... 51.132307
>> s = 1, IN ... 3.739296
>> s = 0, IN ... 6.612075
1. Preliminaries.
Calculating B-matrices and Eigenvalues
2. Generate MSTModes
>> Generate s=-2 MSTModes 1079.709547
>> Generate s=-1 MSTModes 1092.568849
>> Generate hκModes 565.768892
3. Jumps
>> 1.127389
>> 7.01667
>> 10.459053
>> 46.292351
>> 281.110685
>> 189.902888
>> LinearSolve for s1 and κ jumps 0.490954
>> κ and s1 jumps 538.257278
4. Prepare grid and mode functions.
>> s=-2 MSTModes 0.294434
>> MMp2gridL 1.414938
>> MMp2gridR 8.103755
>> s=-1 MSTModes 0.166075
>> MMp1gridL 0.085724
>> MMp1gridR 0.501348
>> s=0 MSTModes 0.289656
A. Fill 1D grid.
>> s = 2, UP ... 626.55036
>> s = 1, UP ... 67.094796
>> s = 0, UP ... 191.031554
>> s = 2, IN ... 177.480696
>> s = 1, IN ... 13.120711
>> s = 0, IN ... 28.160617
1. Preliminaries.
Calculating B-matrices and Eigenvalues
2. Generate MSTModes
>> Generate s=-2 MSTModes 3365.712784
>> Generate s=-1 MSTModes 3630.626118
>> Generate hκModes 15778.500932
3. Jumps
>> 120.46564
>> 125.003989
>> 673.761667
>> 99.908636
>> 513.016029
>> 289.734985
>> LinearSolve for s1 and κ jumps 0.836905
>> κ and s1 jumps 1829.229676
4. Prepare grid and mode functions.
>> s=-2 MSTModes 1.169223
>> MMp2gridL 6.136639
>> MMp2gridR 37.93729
>> s=-1 MSTModes 0.717508
>> MMp1gridL 0.539768
>> MMp1gridR 2.334999
>> s=0 MSTModes 0.985388
A. Fill 1D grid.
>> s = 2, UP ... 927.837838
>> s = 1, UP ... 111.497284
>> s = 0, UP ... 344.967979
>> s = 2, IN ... 214.339332
>> s = 1, IN ... 17.265535
>> s = 0, IN ... 38.523812
1. Preliminaries.
Calculating B-matrices and Eigenvalues
2. Generate MSTModes
>> Generate s=-2 MSTModes 2760.056608
>> Generate s=-1 MSTModes 2919.877343
>> Generate hκModes 8176.798035
3. Jumps
>> 1.03101
>> 5.894385
>> 663.252935
>> 107.218003
>> 460.113247
>> 287.343264
>> LinearSolve for s1 and κ jumps 1.186389
>> κ and s1 jumps 1529.962903
4. Prepare grid and mode functions.
>> s=-2 MSTModes 1.109029
>> MMp2gridL 10.396408
>> MMp2gridR 38.921021
>> s=-1 MSTModes 1.267529
>> MMp1gridL 1.425583
>> MMp1gridR 5.214277
>> s=0 MSTModes 2.003159
A. Fill 1D grid.
>> s = 2, UP ... 1084.891375
>> s = 1, UP ... 101.422415
>> s = 0, UP ... 284.318123
>> s = 2, IN ... 158.924273
>> s = 1, IN ... 13.781558
>> s = 0, IN ... 26.118301
1. Preliminaries.
Calculating B-matrices and Eigenvalues
2. Generate MSTModes
>> Generate s=-2 MSTModes 2964.236637
>> Generate s=-1 MSTModes 2514.687134
>> Generate hκModes 3929.19118
3. Jumps
>> 0.982643
>> 5.282049
>> 9.363613
>> 31.517144
>> 197.274295
>> 129.558652
>> LinearSolve for s1 and κ jumps 0.307015
>> κ and s1 jumps 375.747254
4. Prepare grid and mode functions.
>> s=-2 MSTModes 0.271609
>> MMp2gridL 1.275973
>> MMp2gridR 7.333045
>> s=-1 MSTModes 0.151076
>> MMp1gridL 0.077669
>> MMp1gridR 0.459336
>> s=0 MSTModes 0.265333
A. Fill 1D grid.
>> s = 2, UP ... 81.718742
>> s = 1, UP ... 13.750134
>> s = 0, UP ... 27.584148
>> s = 2, IN ... 50.310818
>> s = 1, IN ... 3.336748
>> s = 0, IN ... 5.991187
1. Preliminaries.
Calculating B-matrices and Eigenvalues
2. Generate MSTModes
>> Generate s=-2 MSTModes 2160.171888
>> Generate s=-1 MSTModes 3422.064411
