Task 3 on node723.cluster: a=0.00000000000001 r0=8.0
Job started: a = 1.*^-14, r0 = 8., savepath = /lustre/astro/dyson/DataFiles/KerrCircSourceFiles/h1RadialTube
Warning: rstarmin is outside the allowed range.
Now we Calculate the Radiative Solutions
1. Preliminaries.
Calculating B-matrices and Eigenvalues
2. Generate MSTModes
>> Generate s=-2 MSTModes 238.341794
>> Generate s=-1 MSTModes 239.328595
>> Generate hκModes 601.934158
3. Jumps
>> 2.838915
>> 30.342931
>> 12.73163
>> 321.34172
>> 1764.785376
>> 1356.575697
>> LinearSolve for s1 and κ jumps 0.012312
>> κ and s1 jumps 3498.525901
4. Prepare grid and mode functions.
>> s=-2 MSTModes 0.460124
>> MMp2gridL 2.406985
>> MMp2gridR 15.279046
>> s=-1 MSTModes 0.177195
>> MMp1gridL 0.09999
>> MMp1gridR 0.520444
>> s=0 MSTModes 0.390096
A. Fill 1D grid.
>> s = 2, UP ... 193.743176
>> s = 1, UP ... 5.08255
>> s = 0, UP ... 59.574069
>> s = 2, IN ... 60.90423

                                                                                                                                         -302                          -7
General::munfl: 2.17113620436638421232263542066243143152127847941893840488074653126746596989997231747175973003797340117672973199910463 10     (0.000023967 - 6.15515 10   I) is too small to represent as a normalized machine number; precision may be lost.

                                                                                                                                         -302                           -7
General::munfl: 2.17113620436638421232263542066243143152127847941893840488074653126746596989997231747175973003797340117672973199910463 10     (0.0000117093 - 2.97688 10   I) is too small to represent as a normalized machine number; precision may be lost.

                                                                                                                                         -302            -6             -7
General::munfl: 2.17113620436638421232263542066243143152127847941893840488074653126746596989997231747175973003797340117672973199910463 10     (5.52886 10   - 1.39285 10   I) is too small to represent as a normalized machine number; precision may be lost.

General::stop: Further output of General::munfl will be suppressed during this calculation.
>> s = 1, IN ... 3.616524
>> s = 0, IN ... 9.992499
1. Preliminaries.
Calculating B-matrices and Eigenvalues
2. Generate MSTModes
>> Generate s=-2 MSTModes 282.700513
>> Generate s=-1 MSTModes 277.463266
>> Generate hκModes 563.808549
3. Jumps
>> 2.707988
>> 30.943232
>> 14.162553
>> 292.033117
>> 1631.202649
>> 1242.258833
>> LinearSolve for s1 and κ jumps 0.67811
>> κ and s1 jumps 3220.849347
4. Prepare grid and mode functions.
>> s=-2 MSTModes 0.444469
>> MMp2gridL 2.348312
>> MMp2gridR 14.831834
>> s=-1 MSTModes 0.250673
>> MMp1gridL 0.138417
>> MMp1gridR 0.847261
>> s=0 MSTModes 0.41583
A. Fill 1D grid.
>> s = 2, UP ... 186.106554
>> s = 1, UP ... 36.743368
>> s = 0, UP ... 79.179305
>> s = 2, IN ... 61.139707
>> s = 1, IN ... 5.854288
>> s = 0, IN ... 11.461752
1. Preliminaries.
Calculating B-matrices and Eigenvalues
2. Generate MSTModes
>> Generate s=-2 MSTModes 314.810508
>> Generate s=-1 MSTModes 309.800072
>> Generate hκModes 555.089827
3. Jumps
>> 2.646563
>> 28.515926
>> 14.882418
>> 278.604343
>> 1549.092106
>> 1174.257822
>> LinearSolve for s1 and κ jumps 0.624755
>> κ and s1 jumps 3055.207151
4. Prepare grid and mode functions.
>> s=-2 MSTModes 0.467754
>> MMp2gridL 2.362061
>> MMp2gridR 15.181398
>> s=-1 MSTModes 0.254317
>> MMp1gridL 0.136123
>> MMp1gridR 0.843056
>> s=0 MSTModes 0.433965
A. Fill 1D grid.
>> s = 2, UP ... 181.271738
>> s = 1, UP ... 35.241413
>> s = 0, UP ... 75.616405
>> s = 2, IN ... 60.568701
>> s = 1, IN ... 5.655045
>> s = 0, IN ... 11.118592
1. Preliminaries.
Calculating B-matrices and Eigenvalues
2. Generate MSTModes
>> Generate s=-2 MSTModes 349.626832
>> Generate s=-1 MSTModes 345.773612
>> Generate hκModes 561.271959
3. Jumps
>> 2.486948
>> 27.601333
>> 15.176069
>> 255.406959
>> 1454.131109
>> 1091.303075
>> LinearSolve for s1 and κ jumps 0.505377
>> κ and s1 jumps 2852.882879
4. Prepare grid and mode functions.
>> s=-2 MSTModes 0.464111
>> MMp2gridL 2.288862
>> MMp2gridR 14.951128
>> s=-1 MSTModes 0.255208
>> MMp1gridL 0.135051
>> MMp1gridR 0.831247
>> s=0 MSTModes 0.413186
A. Fill 1D grid.
>> s = 2, UP ... 176.068499
>> s = 1, UP ... 33.485387
>> s = 0, UP ... 71.862887
>> s = 2, IN ... 60.161941
>> s = 1, IN ... 5.586881
>> s = 0, IN ... 10.809668
1. Preliminaries.
Calculating B-matrices and Eigenvalues
2. Generate MSTModes
>> Generate s=-2 MSTModes 394.761336
>> Generate s=-1 MSTModes 386.727379
>> Generate hκModes 567.06718
3. Jumps
>> 2.484629
>> 25.318622
>> 15.86997
>> 235.764765
