Task 11 on node719.cluster: a=0.99 r0=7.8
Job started: a = 0.99, r0 = 7.8, savepath = /lustre/astro/dyson/DataFiles/KerrCircSourceFiles/h1RadialTube
Warning: rstarmin is outside the allowed range.
Now we Calculate the Radiative Solutions
1. Preliminaries.
Calculating B-matrices and Eigenvalues
2. Generate MSTModes
>> Generate s=-2 MSTModes 243.232549
>> Generate s=-1 MSTModes 240.707554
>> Generate hκModes 570.241834
3. Jumps
>> 2.539196
>> 27.558236
>> 11.553958
>> 74.270467
>> 679.734117
>> 326.972087
>> LinearSolve for s1 and κ jumps 0.014739
>> κ and s1 jumps 1130.626136
4. Prepare grid and mode functions.
>> s=-2 MSTModes 0.39992
>> MMp2gridL 2.336753
>> MMp2gridR 12.927474
>> s=-1 MSTModes 0.155564
>> MMp1gridL 0.095206
>> MMp1gridR 0.470931
>> s=0 MSTModes 0.341397
A. Fill 1D grid.
>> s = 2, UP ... 171.013996
>> s = 1, UP ... 4.436893
>> s = 0, UP ... 35.073235
>> s = 2, IN ... 59.583659
>> s = 1, IN ... 3.343718

                                                                                                -223        -308
General::munfl: (-2.2316592650416823611234768881745786406810784554643374791650208539268200310 10     - 1. 10     I) + (0. + 0. I) is too small to represent as a normalized machine number; precision may be lost.

                                                                                                -225        -310
General::munfl: (-5.3680174200974980898272819897706215514023508757599582894569852823562581942 10     - 3. 10     I) + (0. + 0. I) is too small to represent as a normalized machine number; precision may be lost.

                                                                                               -227        -312
General::munfl: (-9.507334054953465737567038133389079575198621602972046997530398666441676007 10     - 6. 10     I) + (0. + 0. I) is too small to represent as a normalized machine number; precision may be lost.

General::stop: Further output of General::munfl will be suppressed during this calculation.
>> s = 0, IN ... 7.379846
1. Preliminaries.
Calculating B-matrices and Eigenvalues
2. Generate MSTModes
>> Generate s=-2 MSTModes 287.748274
>> Generate s=-1 MSTModes 279.535564
>> Generate hκModes 535.404259
3. Jumps
>> 2.397386
>> 27.808481
>> 12.637053
>> 68.883429
>> 661.64279
>> 304.480011
>> LinearSolve for s1 and κ jumps 0.715307
>> κ and s1 jumps 1084.313945
4. Prepare grid and mode functions.
>> s=-2 MSTModes 0.412857
>> MMp2gridL 2.378362
>> MMp2gridR 13.091362
>> s=-1 MSTModes 0.23229
>> MMp1gridL 0.135906
>> MMp1gridR 0.749714
>> s=0 MSTModes 0.374226
A. Fill 1D grid.
>> s = 2, UP ... 164.182234
>> s = 1, UP ... 32.07506
>> s = 0, UP ... 45.764097
>> s = 2, IN ... 60.091115
>> s = 1, IN ... 5.612387
>> s = 0, IN ... 8.047546
1. Preliminaries.
Calculating B-matrices and Eigenvalues
2. Generate MSTModes
>> Generate s=-2 MSTModes 323.265342
>> Generate s=-1 MSTModes 315.252424
>> Generate hκModes 528.805382
3. Jumps
>> 2.312426
>> 25.654354
>> 13.519197
>> 251.450652
>> 1416.350021
>> 1075.768871
>> LinearSolve for s1 and κ jumps 0.7761
>> κ and s1 jumps 2791.894831
4. Prepare grid and mode functions.
>> s=-2 MSTModes 0.403034
>> MMp2gridL 2.31012
>> MMp2gridR 12.607571
>> s=-1 MSTModes 0.231396
>> MMp1gridL 0.134104
>> MMp1gridR 0.736436
>> s=0 MSTModes 0.367663
A. Fill 1D grid.
>> s = 2, UP ... 156.58599
>> s = 1, UP ... 30.649584
>> s = 0, UP ... 67.384778
>> s = 2, IN ... 59.423642
>> s = 1, IN ... 5.533503
>> s = 0, IN ... 10.587132
1. Preliminaries.
Calculating B-matrices and Eigenvalues
2. Generate MSTModes
>> Generate s=-2 MSTModes 361.156459
>> Generate s=-1 MSTModes 352.369991
>> Generate hκModes 533.568446
3. Jumps
>> 2.224157
>> 24.837786
>> 13.962563
>> 232.126709
>> 1314.899275
>> 993.522191
>> LinearSolve for s1 and κ jumps 0.702967
>> κ and s1 jumps 2588.048272
4. Prepare grid and mode functions.
>> s=-2 MSTModes 0.397329
>> MMp2gridL 2.265173
>> MMp2gridR 12.407548
>> s=-1 MSTModes 0.224739
>> MMp1gridL 0.131138
>> MMp1gridR 0.720975
>> s=0 MSTModes 0.361326
A. Fill 1D grid.
>> s = 2, UP ... 152.062261
>> s = 1, UP ... 30.332312
>> s = 0, UP ... 66.254848
>> s = 2, IN ... 59.1547
>> s = 1, IN ... 5.430389
>> s = 0, IN ... 10.350059
1. Preliminaries.
Calculating B-matrices and Eigenvalues
2. Generate MSTModes
>> Generate s=-2 MSTModes 396.678257
>> Generate s=-1 MSTModes 389.309782
>> Generate hκModes 540.777085
3. Jumps
>> 2.132194
>> 22.734187
>> 14.925587
>> 212.85941
>> 1189.791905
>> 864.455927
>> LinearSolve for s1 and κ jumps 0.512717
>> κ and s1 jumps 2312.748064
4. Prepare grid and mode functions.
>> s=-2 MSTModes 0.381161
>> MMp2gridL 2.219963
>> MMp2gridR 11.948255
>> s=-1 MSTModes 0.217542
>> MMp1gridL 0.128323
>> MMp1gridR 0.7093
>> s=0 MSTModes 0.355724
A. Fill 1D grid.
>> s = 2, UP ... 145.79066
>> s = 1, UP ... 27.677999
>> s = 0, UP ... 60.26001
>> s = 2, IN ... 58.234515
>> s = 1, IN ... 5.262773
>> s = 0, IN ... 10.141128
1. Preliminaries.
Calculating B-matrices and Eigenvalues
2. Generate MSTModes
>> Generate s=-2 MSTModes 435.138904
>> Generate s=-1 MSTModes 424.691672
>> Generate hκModes 546.329813
3. Jumps
>> 2.086494
>> 21.87937
>> 14.944905
>> 197.103575
>> 1115.413406
>> 834.915931
>> LinearSolve for s1 and κ jumps 0.735867
>> κ and s1 jumps 2192.232653
4. Prepare grid and mode functions.
>> s=-2 MSTModes 0.384839
>> MMp2gridL 2.162456
>> MMp2gridR 11.894938
>> s=-1 MSTModes 0.21646
>> MMp1gridL 0.126504
>> MMp1gridR 0.693612
>> s=0 MSTModes 0.348693
A. Fill 1D grid.
>> s = 2, UP ... 139.527126
>> s = 1, UP ... 26.89817
>> s = 0, UP ... 56.865756
>> s = 2, IN ... 57.833417
>> s = 1, IN ... 5.1208
>> s = 0, IN ... 9.873382
1. Preliminaries.
Calculating B-matrices and Eigenvalues
2. Generate MSTModes
>> Generate s=-2 MSTModes 478.284026
>> Generate s=-1 MSTModes 465.152459
>> Generate hκModes 557.257715
3. Jumps
>> 1.950213
>> 20.110359
>> 14.091479
>> 179.689663
>> 1017.03249
>> 730.374776
>> LinearSolve for s1 and κ jumps 0.669143
>> κ and s1 jumps 1968.653841
4. Prepare grid and mode functions.
>> s=-2 MSTModes 0.370464
>> MMp2gridL 2.100615
>> MMp2gridR 11.504364
>> s=-1 MSTModes 0.209256
>> MMp1gridL 0.123628
>> MMp1gridR 0.677287
>> s=0 MSTModes 0.340447
A. Fill 1D grid.
>> s = 2, UP ... 134.564488
>> s = 1, UP ... 24.739969
>> s = 0, UP ... 52.441644
>> s = 2, IN ... 57.242839
>> s = 1, IN ... 4.991619
>> s = 0, IN ... 9.551239
1. Preliminaries.
Calculating B-matrices and Eigenvalues
2. Generate MSTModes
>> Generate s=-2 MSTModes 524.862088
>> Generate s=-1 MSTModes 508.846544
>> Generate hκModes 563.985333
3. Jumps
>> 1.863567
>> 19.754449
>> 14.058383
>> 168.162678
>> 964.615261
>> 712.40956
>> LinearSolve for s1 and κ jumps 0.547573
>> κ and s1 jumps 1885.971103
4. Prepare grid and mode functions.
>> s=-2 MSTModes 0.371777
>> MMp2gridL 2.070958
>> MMp2gridR 11.345591
>> s=-1 MSTModes 0.209503
>> MMp1gridL 0.120413
>> MMp1gridR 0.665447
>> s=0 MSTModes 0.335493
A. Fill 1D grid.
>> s = 2, UP ... 130.39252
>> s = 1, UP ... 23.61106
>> s = 0, UP ... 50.546573
>> s = 2, IN ... 56.805603
>> s = 1, IN ... 4.855122
>> s = 0, IN ... 9.310575
1. Preliminaries.
Calculating B-matrices and Eigenvalues
2. Generate MSTModes
>> Generate s=-2 MSTModes 569.690076
>> Generate s=-1 MSTModes 555.380106
>> Generate hκModes 574.101487
3. Jumps
>> 1.79819
>> 17.642443
>> 13.931174
>> 151.518417
>> 867.300339
>> 637.920051
>> LinearSolve for s1 and κ jumps 0.524049
>> κ and s1 jumps 1694.874922
4. Prepare grid and mode functions.
>> s=-2 MSTModes 0.362439
>> MMp2gridL 2.036154
>> MMp2gridR 11.149847
>> s=-1 MSTModes 0.207695
>> MMp1gridL 0.11886
>> MMp1gridR 0.660545
>> s=0 MSTModes 0.330045
A. Fill 1D grid.
>> s = 2, UP ... 126.398235
>> s = 1, UP ... 22.713511
>> s = 0, UP ... 47.692277
>> s = 2, IN ... 56.661419
>> s = 1, IN ... 4.791505
>> s = 0, IN ... 9.099846
1. Preliminaries.
Calculating B-matrices and Eigenvalues
2. Generate MSTModes
>> Generate s=-2 MSTModes 619.435492
>> Generate s=-1 MSTModes 605.565275
>> Generate hκModes 567.731824
3. Jumps
>> 1.726587
>> 16.93909
>> 13.812408
>> 142.00508
>> 817.461009
>> 600.246039
>> LinearSolve for s1 and κ jumps 0.759693
>> κ and s1 jumps 1596.907166
4. Prepare grid and mode functions.
>> s=-2 MSTModes 0.358137
>> MMp2gridL 1.984827
>> MMp2gridR 10.867903
>> s=-1 MSTModes 0.203215
>> MMp1gridL 0.115769
>> MMp1gridR 0.69241
>> s=0 MSTModes 0.323901
A. Fill 1D grid.
>> s = 2, UP ... 122.179564
>> s = 1, UP ... 21.716693
>> s = 0, UP ... 45.441504
>> s = 2, IN ... 55.860884
>> s = 1, IN ... 4.607749
>> s = 0, IN ... 8.824116
1. Preliminaries.
Calculating B-matrices and Eigenvalues
2. Generate MSTModes
>> Generate s=-2 MSTModes 672.90045
>> Generate s=-1 MSTModes 670.506006
>> Generate hκModes 574.584749
3. Jumps
>> 1.654277
>> 14.921427
>> 13.720946
>> 122.204038
>> 706.038333
>> 512.444928
>> LinearSolve for s1 and κ jumps 0.470024
>> κ and s1 jumps 1375.124635
4. Prepare grid and mode functions.
>> s=-2 MSTModes 0.341068
>> MMp2gridL 1.951675
>> MMp2gridR 10.545354
>> s=-1 MSTModes 0.197987
>> MMp1gridL 0.113138
>> MMp1gridR 0.627691
>> s=0 MSTModes 0.316182
A. Fill 1D grid.
>> s = 2, UP ... 119.387947
>> s = 1, UP ... 21.22529
>> s = 0, UP ... 44.086285
>> s = 2, IN ... 55.28251
>> s = 1, IN ... 4.560842
>> s = 0, IN ... 8.523244
1. Preliminaries.
Calculating B-matrices and Eigenvalues
2. Generate MSTModes
>> Generate s=-2 MSTModes 720.346969
>> Generate s=-1 MSTModes 707.806957
>> Generate hκModes 580.504445
3. Jumps
>> 1.608247
>> 14.699841
>> 13.427768
>> 119.049837
>> 686.337656
>> 498.536891
>> LinearSolve for s1 and κ jumps 0.674469
>> κ and s1 jumps 1337.824595
4. Prepare grid and mode functions.
>> s=-2 MSTModes 0.343033
>> MMp2gridL 1.888974
>> MMp2gridR 10.337438
>> s=-1 MSTModes 0.196001
>> MMp1gridL 0.111771
>> MMp1gridR 0.62451
>> s=0 MSTModes 0.312564
A. Fill 1D grid.
>> s = 2, UP ... 115.698925
>> s = 1, UP ... 20.55093
>> s = 0, UP ... 42.699603
>> s = 2, IN ... 54.86192
>> s = 1, IN ... 4.49377
>> s = 0, IN ... 8.402584
1. Preliminaries.
Calculating B-matrices and Eigenvalues
2. Generate MSTModes
>> Generate s=-2 MSTModes 766.114327
>> Generate s=-1 MSTModes 758.465497
>> Generate hκModes 585.276739
3. Jumps
>> 1.533428
>> 13.330456
>> 13.247181
>> 105.287328
>> 615.059478
>> 437.069637
>> LinearSolve for s1 and κ jumps 0.506544
>> κ and s1 jumps 1189.28363
4. Prepare grid and mode functions.
>> s=-2 MSTModes 0.333682
>> MMp2gridL 1.842404
>> MMp2gridR 9.994735
>> s=-1 MSTModes 0.189004
>> MMp1gridL 0.108051
>> MMp1gridR 0.601363
>> s=0 MSTModes 0.302478
A. Fill 1D grid.
>> s = 2, UP ... 111.637056
>> s = 1, UP ... 19.697135
>> s = 0, UP ... 40.660239
>> s = 2, IN ... 54.707209
>> s = 1, IN ... 4.370494
>> s = 0, IN ... 8.120651
1. Preliminaries.
Calculating B-matrices and Eigenvalues
2. Generate MSTModes
>> Generate s=-2 MSTModes 812.090947
>> Generate s=-1 MSTModes 812.370288
>> Generate hκModes 588.032776
3. Jumps
>> 1.474423
>> 12.71477
>> 12.816889
>> 97.583889
>> 570.468172
>> 406.400021
>> LinearSolve for s1 and κ jumps 0.763114
>> κ and s1 jumps 1105.355003
4. Prepare grid and mode functions.
>> s=-2 MSTModes 0.343774
>> MMp2gridL 1.804037
>> MMp2gridR 9.977058
>> s=-1 MSTModes 0.197269
>> MMp1gridL 0.107597
>> MMp1gridR 0.610393
>> s=0 MSTModes 0.307049
A. Fill 1D grid.
>> s = 2, UP ... 111.698118
>> s = 1, UP ... 19.946923
>> s = 0, UP ... 40.256093
>> s = 2, IN ... 54.73994
>> s = 1, IN ... 4.308577
>> s = 0, IN ... 8.002845
1. Preliminaries.
Calculating B-matrices and Eigenvalues
2. Generate MSTModes
>> Generate s=-2 MSTModes 862.54546
>> Generate s=-1 MSTModes 865.83968
>> Generate hκModes 598.289862
3. Jumps
>> 1.46918
>> 11.653647
>> 12.525124
>> 88.929266
>> 519.687151
>> 353.922464
>> LinearSolve for s1 and κ jumps 0.392434
>> κ and s1 jumps 991.525487
4. Prepare grid and mode functions.
>> s=-2 MSTModes 0.333476
>> MMp2gridL 1.721282
>> MMp2gridR 9.450159
>> s=-1 MSTModes 0.188092
>> MMp1gridL 0.103601
>> MMp1gridR 0.58334
>> s=0 MSTModes 0.312546
A. Fill 1D grid.
>> s = 2, UP ... 105.557006
>> s = 1, UP ... 18.392587
>> s = 0, UP ... 37.879461
>> s = 2, IN ... 53.77282
>> s = 1, IN ... 4.103853
>> s = 0, IN ... 7.722355
1. Preliminaries.
Calculating B-matrices and Eigenvalues
2. Generate MSTModes
>> Generate s=-2 MSTModes 928.417458
>> Generate s=-1 MSTModes 933.311417
>> Generate hκModes 597.223499
3. Jumps
>> 1.366261
>> 10.871288
>> 12.371531
>> 80.522833
>> 474.467373
>> 335.381836
>> LinearSolve for s1 and κ jumps 0.587763
>> κ and s1 jumps 918.248654
4. Prepare grid and mode functions.
>> s=-2 MSTModes 0.321521
>> MMp2gridL 1.699952
>> MMp2gridR 9.477157
>> s=-1 MSTModes 0.181748
>> MMp1gridL 0.101164
>> MMp1gridR 0.56798
>> s=0 MSTModes 0.295781
A. Fill 1D grid.
>> s = 2, UP ... 103.798295
>> s = 1, UP ... 18.457673
>> s = 0, UP ... 37.108675
>> s = 2, IN ... 54.009078
>> s = 1, IN ... 4.085959
>> s = 0, IN ... 7.61197
1. Preliminaries.
Calculating B-matrices and Eigenvalues
2. Generate MSTModes
>> Generate s=-2 MSTModes 977.883186
>> Generate s=-1 MSTModes 985.993638
>> Generate hκModes 602.906305
3. Jumps
>> 1.298596
>> 9.929976
>> 11.857515
>> 71.8221
>> 429.135653
>> 295.262161
>> LinearSolve for s1 and κ jumps 0.804854
>> κ and s1 jumps 822.63949
4. Prepare grid and mode functions.
>> s=-2 MSTModes 0.327769
>> MMp2gridL 1.666475
>> MMp2gridR 9.140492
>> s=-1 MSTModes 0.184997
>> MMp1gridL 0.099666
>> MMp1gridR 0.568318
>> s=0 MSTModes 0.3093
A. Fill 1D grid.
>> s = 2, UP ... 99.876341
>> s = 1, UP ... 17.079713
>> s = 0, UP ... 35.836991
>> s = 2, IN ... 53.445334
>> s = 1, IN ... 3.975868
>> s = 0, IN ... 7.467943
1. Preliminaries.
Calculating B-matrices and Eigenvalues
2. Generate MSTModes
>> Generate s=-2 MSTModes 1051.702937
>> Generate s=-1 MSTModes 1053.629662
>> Generate hκModes 601.953794
3. Jumps
>> 1.267391
>> 9.174289
>> 11.557994
>> 64.775668
>> 385.715238
>> 266.150409
>> LinearSolve for s1 and κ jumps 0.65105
>> κ and s1 jumps 741.636284
4. Prepare grid and mode functions.
>> s=-2 MSTModes 0.32061
>> MMp2gridL 1.614804
>> MMp2gridR 8.992567
>> s=-1 MSTModes 0.179233
>> MMp1gridL 0.096474
>> MMp1gridR 0.55374
>> s=0 MSTModes 0.308773
A. Fill 1D grid.
>> s = 2, UP ... 99.601744
>> s = 1, UP ... 17.591567
>> s = 0, UP ... 37.145522
>> s = 2, IN ... 53.60926
>> s = 1, IN ... 3.910851
>> s = 0, IN ... 7.24515
1. Preliminaries.
Calculating B-matrices and Eigenvalues
2. Generate MSTModes
>> Generate s=-2 MSTModes 1107.828021
>> Generate s=-1 MSTModes 1119.093525
>> Generate hκModes 603.42171
3. Jumps
>> 1.193169
>> 8.459039
>> 11.249126
>> 57.390726
>> 346.676085
>> 342.625539
>> LinearSolve for s1 and κ jumps 0.795606
>> κ and s1 jumps 772.591513
4. Prepare grid and mode functions.
>> s=-2 MSTModes 1.027144
>> MMp2gridL 9.034158
>> MMp2gridR 41.353436
>> s=-1 MSTModes 0.957097
>> MMp1gridL 0.833717
>> MMp1gridR 2.89905
>> s=0 MSTModes 1.300225
A. Fill 1D grid.
>> s = 2, UP ... 714.100854
>> s = 1, UP ... 78.233534
>> s = 0, UP ... 274.443696
>> s = 2, IN ... 209.408005
>> s = 1, IN ... 17.888411
>> s = 0, IN ... 36.087759
1. Preliminaries.
Calculating B-matrices and Eigenvalues
2. Generate MSTModes
>> Generate s=-2 MSTModes 3607.208007
>> Generate s=-1 MSTModes 4066.576325
>> Generate hκModes 16043.775159
3. Jumps
>> 97.554834
>> 78.957021
>> 833.606243
>> 127.75404
>> 595.600219
>> 329.723575
>> LinearSolve for s1 and κ jumps 0.811675
>> κ and s1 jumps 2070.782206
4. Prepare grid and mode functions.
>> s=-2 MSTModes 1.039023
>> MMp2gridL 7.407223
>> MMp2gridR 33.326795
>> s=-1 MSTModes 0.683944
>> MMp1gridL 0.591467
>> MMp1gridR 1.94056
>> s=0 MSTModes 0.861129
A. Fill 1D grid.
>> s = 2, UP ... 780.645612
>> s = 1, UP ... 85.27302
>> s = 0, UP ... 253.808455
>> s = 2, IN ... 183.477694
>> s = 1, IN ... 14.796496
>> s = 0, IN ... 31.548583
1. Preliminaries.
Calculating B-matrices and Eigenvalues
2. Generate MSTModes
>> Generate s=-2 MSTModes 3286.476555
>> Generate s=-1 MSTModes 2908.464347
>> Generate hκModes 9621.160801
3. Jumps
>> 116.407852
>> 48.614328
>> 262.126695
>> 117.109151
>> 608.838584
>> 354.604844
>> LinearSolve for s1 and κ jumps 0.885648
>> κ and s1 jumps 1514.303498
4. Prepare grid and mode functions.
>> s=-2 MSTModes 1.425365
>> MMp2gridL 10.997312
>> MMp2gridR 40.581221
>> s=-1 MSTModes 0.943605
>> MMp1gridL 0.647379
>> MMp1gridR 2.408534
>> s=0 MSTModes 1.17091
A. Fill 1D grid.
>> s = 2, UP ... 808.559892
>> s = 1, UP ... 90.003656
>> s = 0, UP ... 78.778689
>> s = 2, IN ... 191.823941
>> s = 1, IN ... 16.28477
>> s = 0, IN ... 30.373532
1. Preliminaries.
Calculating B-matrices and Eigenvalues
2. Generate MSTModes
>> Generate s=-2 MSTModes 2812.892317
>> Generate s=-1 MSTModes 2650.331672
>> Generate hκModes 596.15783
3. Jumps
>> 1.061408
>> 6.575338
>> 10.273469
>> 41.40441
>> 254.927169
>> 169.577738
>> LinearSolve for s1 and κ jumps 0.665918
>> κ and s1 jumps 486.223731
4. Prepare grid and mode functions.
>> s=-2 MSTModes 0.289792
>> MMp2gridL 1.421124
>> MMp2gridR 8.018028
>> s=-1 MSTModes 0.162997
>> MMp1gridL 0.086734
>> MMp1gridR 0.493909
>> s=0 MSTModes 0.290611
A. Fill 1D grid.
>> s = 2, UP ... 88.894973
>> s = 1, UP ... 15.178094
>> s = 0, UP ... 30.912761
>> s = 2, IN ... 52.960017
>> s = 1, IN ... 3.630189
>> s = 0, IN ... 6.657788
1. Preliminaries.
Calculating B-matrices and Eigenvalues
2. Generate MSTModes
>> Generate s=-2 MSTModes 3491.857843
>> Generate s=-1 MSTModes 5258.394584
