Task 7 on node722.cluster: a=0.6 r0=7.9
Job started: a = 0.6, r0 = 7.9, savepath = /lustre/astro/dyson/DataFiles/KerrCircSourceFiles/h1RadialTube
Warning: rstarmin is outside the allowed range.
Now we Calculate the Radiative Solutions
1. Preliminaries.
Calculating B-matrices and Eigenvalues
2. Generate MSTModes
>> Generate s=-2 MSTModes 224.091131
>> Generate s=-1 MSTModes 224.818463
>> Generate hκModes 551.808356
3. Jumps
>> 2.608704
>> 27.610124
>> 11.734714
>> 75.529213
>> 684.194385
>> 325.554432
>> LinearSolve for s1 and κ jumps 0.01589
>> κ and s1 jumps 1135.486045
4. Prepare grid and mode functions.
>> s=-2 MSTModes 0.413731
>> MMp2gridL 2.196345
>> MMp2gridR 13.935124
>> s=-1 MSTModes 0.157341
>> MMp1gridL 0.089562
>> MMp1gridR 0.484983
>> s=0 MSTModes 0.356309
A. Fill 1D grid.
>> s = 2, UP ... 181.701723
>> s = 1, UP ... 4.528217
>> s = 0, UP ... 41.268889
>> s = 2, IN ... 56.67611
>> s = 1, IN ... 3.184018

                                                                                                    -220        -308
General::munfl: (-1.50121636566760422314346911733001445982260175085886464956334416353607447608143 10     - 1. 10     I) + (0. + 0. I) is too small to represent as a normalized machine number; precision may be lost.

                                                                                                   -221        -308
General::munfl: (-2.9670468738027151896993075114884218671554994286759820848758581586213712184415 10     - 2. 10     I) + (0. + 0. I) is too small to represent as a normalized machine number; precision may be lost.

                                                                                                    -220        -308
General::munfl: (-1.50121636566760422314346911733001445982260175085886464956334416353607447608143 10     - 1. 10     I) + (0. + 0. I) is too small to represent as a normalized machine number; precision may be lost.

General::stop: Further output of General::munfl will be suppressed during this calculation.
>> s = 0, IN ... 7.140495
1. Preliminaries.
Calculating B-matrices and Eigenvalues
2. Generate MSTModes
>> Generate s=-2 MSTModes 268.049014
>> Generate s=-1 MSTModes 263.995787
>> Generate hκModes 517.500177
3. Jumps
>> 2.453242
>> 28.485208
>> 12.926327
>> 71.294691
>> 669.977987
>> 308.643153
>> LinearSolve for s1 and κ jumps 0.831072
>> κ and s1 jumps 1100.54441
4. Prepare grid and mode functions.
>> s=-2 MSTModes 0.429393
>> MMp2gridL 2.198698
>> MMp2gridR 14.086829
>> s=-1 MSTModes 0.239435
>> MMp1gridL 0.127009
>> MMp1gridR 0.777303
>> s=0 MSTModes 0.391415
A. Fill 1D grid.
>> s = 2, UP ... 176.85811
>> s = 1, UP ... 35.841117
>> s = 0, UP ... 51.615609
>> s = 2, IN ... 56.863472
>> s = 1, IN ... 5.505281
>> s = 0, IN ... 7.873953
1. Preliminaries.
Calculating B-matrices and Eigenvalues
2. Generate MSTModes
>> Generate s=-2 MSTModes 303.043702
>> Generate s=-1 MSTModes 298.305265
>> Generate hκModes 509.910312
3. Jumps
>> 2.340603
>> 26.252194
>> 13.833917
>> 64.747897
>> 621.853922
>> 281.065187
>> LinearSolve for s1 and κ jumps 0.649995
>> κ and s1 jumps 1016.334979
4. Prepare grid and mode functions.
>> s=-2 MSTModes 0.432707
>> MMp2gridL 2.192681
>> MMp2gridR 13.915595
>> s=-1 MSTModes 0.233237
>> MMp1gridL 0.126467
>> MMp1gridR 0.757761
>> s=0 MSTModes 0.386519
A. Fill 1D grid.
>> s = 2, UP ... 171.705277
>> s = 1, UP ... 34.508694
>> s = 0, UP ... 49.369789
>> s = 2, IN ... 56.356438
>> s = 1, IN ... 5.386185
>> s = 0, IN ... 7.731657
1. Preliminaries.
Calculating B-matrices and Eigenvalues
2. Generate MSTModes
>> Generate s=-2 MSTModes 341.106711
>> Generate s=-1 MSTModes 336.18479
>> Generate hκModes 516.762515
3. Jumps
>> 2.239788
>> 25.194917
>> 14.054195
>> 60.345396
>> 586.136732
>> 262.478719
>> LinearSolve for s1 and κ jumps 0.690424
>> κ and s1 jumps 956.522798
4. Prepare grid and mode functions.
>> s=-2 MSTModes 0.43172
>> MMp2gridL 2.159987
>> MMp2gridR 13.447247
>> s=-1 MSTModes 0.227093
>> MMp1gridL 0.12297
>> MMp1gridR 0.743592
>> s=0 MSTModes 0.378779
A. Fill 1D grid.
>> s = 2, UP ... 165.876911
>> s = 1, UP ... 33.461405
>> s = 0, UP ... 48.401311
>> s = 2, IN ... 55.60169
>> s = 1, IN ... 5.237498
>> s = 0, IN ... 7.583058
1. Preliminaries.
Calculating B-matrices and Eigenvalues
2. Generate MSTModes
>> Generate s=-2 MSTModes 381.650088
>> Generate s=-1 MSTModes 376.499078
>> Generate hκModes 521.77368
3. Jumps
>> 2.171981
>> 23.294481
>> 14.289618
>> 216.368297
>> 1208.967961
>> 903.775459
>> LinearSolve for s1 and κ jumps 0.698468
>> κ and s1 jumps 2375.246655
4. Prepare grid and mode functions.
>> s=-2 MSTModes 0.414274
>> MMp2gridL 2.095221
>> MMp2gridR 13.351209
>> s=-1 MSTModes 0.227267
>> MMp1gridL 0.12163
>> MMp1gridR 0.734669
>> s=0 MSTModes 0.374285
A. Fill 1D grid.
>> s = 2, UP ... 161.187773
>> s = 1, UP ... 31.817815
>> s = 0, UP ... 70.508827
>> s = 2, IN ... 55.550599
>> s = 1, IN ... 5.117806
>> s = 0, IN ... 9.850514
1. Preliminaries.
Calculating B-matrices and Eigenvalues
2. Generate MSTModes
>> Generate s=-2 MSTModes 424.011378
>> Generate s=-1 MSTModes 417.576375
>> Generate hκModes 528.110397
3. Jumps
>> 2.076394
>> 22.400993
>> 14.25651
>> 205.518421
>> 1150.565146
>> 854.353468
>> LinearSolve for s1 and κ jumps 0.886758
>> κ and s1 jumps 2255.376719
4. Prepare grid and mode functions.
>> s=-2 MSTModes 0.415684
>> MMp2gridL 2.045788
>> MMp2gridR 12.966729
>> s=-1 MSTModes 0.222285
>> MMp1gridL 0.117977
>> MMp1gridR 0.723129
>> s=0 MSTModes 0.368998
A. Fill 1D grid.
>> s = 2, UP ... 156.052317
>> s = 1, UP ... 30.969327
>> s = 0, UP ... 67.656163
>> s = 2, IN ... 54.722204
>> s = 1, IN ... 4.960211
>> s = 0, IN ... 9.41524
1. Preliminaries.
Calculating B-matrices and Eigenvalues
2. Generate MSTModes
>> Generate s=-2 MSTModes 466.545173
>> Generate s=-1 MSTModes 459.944533
>> Generate hκModes 534.78545
3. Jumps
>> 1.973129
>> 20.641568
>> 14.436597
>> 187.201778
