Task 15 on node720.cluster: a=0.99 r0=8.2
Job started: a = 0.99, r0 = 8.2, savepath = /lustre/astro/dyson/DataFiles/KerrCircSourceFiles/h1RadialTube
Warning: rstarmin is outside the allowed range.
Now we Calculate the Radiative Solutions
1. Preliminaries.
Calculating B-matrices and Eigenvalues
2. Generate MSTModes
>> Generate s=-2 MSTModes 238.397135
>> Generate s=-1 MSTModes 236.93387
>> Generate hκModes 574.513897
3. Jumps
>> 2.554406
>> 27.363244
>> 11.463684
>> 74.965971
>> 682.699567
>> 327.592591
>> LinearSolve for s1 and κ jumps 0.03975
>> κ and s1 jumps 1134.649305
4. Prepare grid and mode functions.
>> s=-2 MSTModes 0.403249
>> MMp2gridL 2.470781
>> MMp2gridR 12.742788
>> s=-1 MSTModes 0.157209
>> MMp1gridL 0.100425
>> MMp1gridR 0.473746
>> s=0 MSTModes 0.350988
A. Fill 1D grid.
>> s = 2, UP ... 155.09952
>> s = 1, UP ... 4.429441
>> s = 0, UP ... 30.251633
>> s = 2, IN ... 62.324662
>> s = 1, IN ... 3.456315

                                                                                                -223        -309
General::munfl: (-1.3726123018060184849223070011253054635365664721281547143938192812710619751 10     + 9. 10     I) + (0. + 0. I) is too small to represent as a normalized machine number; precision may be lost.

                                                                                               -225        -310
General::munfl: (-5.385689160501575761266135298078422648802222069861119942905583175445367771 10     + 4. 10     I) + (0. + 0. I) is too small to represent as a normalized machine number; precision may be lost.

                                                                                                -226        -311
General::munfl: (-1.6822415523902826721042801775417340361784518062774638399379792653482434521 10     + 1. 10     I) + (0. + 0. I) is too small to represent as a normalized machine number; precision may be lost.

General::stop: Further output of General::munfl will be suppressed during this calculation.
>> s = 0, IN ... 7.731707
1. Preliminaries.
Calculating B-matrices and Eigenvalues
2. Generate MSTModes
>> Generate s=-2 MSTModes 278.895069
>> Generate s=-1 MSTModes 270.868517
>> Generate hκModes 537.296188
3. Jumps
>> 2.461595
>> 28.628029
>> 12.654366
>> 69.482598
>> 661.475037
>> 305.353386
>> LinearSolve for s1 and κ jumps 0.331328
>> κ and s1 jumps 1086.07433
4. Prepare grid and mode functions.
>> s=-2 MSTModes 0.416768
>> MMp2gridL 2.489795
>> MMp2gridR 12.837763
>> s=-1 MSTModes 0.240502
>> MMp1gridL 0.143333
>> MMp1gridR 0.750103
>> s=0 MSTModes 0.379906
A. Fill 1D grid.
>> s = 2, UP ... 151.659552
>> s = 1, UP ... 27.773207
>> s = 0, UP ... 39.895816
>> s = 2, IN ... 62.019812
>> s = 1, IN ... 5.777349
>> s = 0, IN ... 8.404314
1. Preliminaries.
Calculating B-matrices and Eigenvalues
2. Generate MSTModes
>> Generate s=-2 MSTModes 315.738233
>> Generate s=-1 MSTModes 307.849205
>> Generate hκModes 526.9522
3. Jumps
>> 2.341767
>> 26.040696
>> 13.186867
>> 251.003229
>> 1413.593259
>> 1072.02372
>> LinearSolve for s1 and κ jumps 0.810961
>> κ and s1 jumps 2785.122846
4. Prepare grid and mode functions.
>> s=-2 MSTModes 0.408612
>> MMp2gridL 2.431385
>> MMp2gridR 12.526227
>> s=-1 MSTModes 0.23527
>> MMp1gridL 0.141465
>> MMp1gridR 0.729485
>> s=0 MSTModes 0.374749
A. Fill 1D grid.
>> s = 2, UP ... 147.669675
>> s = 1, UP ... 26.893157
>> s = 0, UP ... 56.128464
>> s = 2, IN ... 61.309341
>> s = 1, IN ... 5.671107
>> s = 0, IN ... 11.050156
1. Preliminaries.
Calculating B-matrices and Eigenvalues
2. Generate MSTModes
>> Generate s=-2 MSTModes 353.889505
>> Generate s=-1 MSTModes 345.609293
>> Generate hκModes 529.444358
3. Jumps
>> 2.207514
>> 25.459884
>> 13.445652
>> 236.265048
>> 1567.413655
>> 1251.677929
>> LinearSolve for s1 and κ jumps 0.767375
>> κ and s1 jumps 3105.177043
4. Prepare grid and mode functions.
>> s=-2 MSTModes 0.778641
>> MMp2gridL 3.162244
>> MMp2gridR 22.240413
>> s=-1 MSTModes 0.407964
>> MMp1gridL 0.185209
>> MMp1gridR 1.11215
>> s=0 MSTModes 0.602757
A. Fill 1D grid.
>> s = 2, UP ... 246.24798
>> s = 1, UP ... 51.908088
>> s = 0, UP ... 119.413525
>> s = 2, IN ... 86.409072
>> s = 1, IN ... 10.402894
>> s = 0, IN ... 21.993625
1. Preliminaries.
Calculating B-matrices and Eigenvalues
2. Generate MSTModes
>> Generate s=-2 MSTModes 699.974086
>> Generate s=-1 MSTModes 683.470755
>> Generate hκModes 686.874569
3. Jumps
>> 2.64125
>> 27.388424
>> 19.340094
>> 258.201951
>> 1246.393844
>> 870.059258
>> LinearSolve for s1 and κ jumps 0.640076
>> κ and s1 jumps 2430.048573
4. Prepare grid and mode functions.
>> s=-2 MSTModes 0.386235
>> MMp2gridL 2.321614
>> MMp2gridR 11.885336
>> s=-1 MSTModes 0.221535
>> MMp1gridL 0.132797
>> MMp1gridR 0.697793
>> s=0 MSTModes 0.359532
A. Fill 1D grid.
>> s = 2, UP ... 139.238772
>> s = 1, UP ... 25.067285
>> s = 0, UP ... 52.311303
>> s = 2, IN ... 59.786513
>> s = 1, IN ... 5.343797
>> s = 0, IN ... 10.427125
1. Preliminaries.
Calculating B-matrices and Eigenvalues
2. Generate MSTModes
>> Generate s=-2 MSTModes 421.090601
>> Generate s=-1 MSTModes 412.699009
>> Generate hκModes 538.848372
3. Jumps
>> 2.051175
>> 22.42849
>> 13.827513
>> 193.800065
>> 1117.882546
>> 829.325025
>> LinearSolve for s1 and κ jumps 0.899962
>> κ and s1 jumps 2185.297341
4. Prepare grid and mode functions.
>> s=-2 MSTModes 0.390164
>> MMp2gridL 2.273537
>> MMp2gridR 11.81706
>> s=-1 MSTModes 0.220511
>> MMp1gridL 0.13127
>> MMp1gridR 0.688867
>> s=0 MSTModes 0.354282
A. Fill 1D grid.
>> s = 2, UP ... 135.633993
>> s = 1, UP ... 24.398614
>> s = 0, UP ... 50.65304
>> s = 2, IN ... 59.582464
>> s = 1, IN ... 5.234561
>> s = 0, IN ... 10.165649
1. Preliminaries.
Calculating B-matrices and Eigenvalues
2. Generate MSTModes
>> Generate s=-2 MSTModes 458.962536
>> Generate s=-1 MSTModes 451.531645
>> Generate hκModes 547.718903
3. Jumps
>> 2.008894
>> 20.161294
>> 14.591834
>> 179.715529
>> 1021.940602
>> 759.525562
>> LinearSolve for s1 and κ jumps 0.480284
>> κ and s1 jumps 2003.249522
4. Prepare grid and mode functions.
>> s=-2 MSTModes 0.381634
>> MMp2gridL 2.237721
>> MMp2gridR 11.508946
>> s=-1 MSTModes 0.21611
>> MMp1gridL 0.12796
>> MMp1gridR 0.672025
>> s=0 MSTModes 0.348645
A. Fill 1D grid.
>> s = 2, UP ... 131.398515
>> s = 1, UP ... 23.485349
>> s = 0, UP ... 48.835863
>> s = 2, IN ... 59.531192
>> s = 1, IN ... 5.162463
>> s = 0, IN ... 9.967772
1. Preliminaries.
Calculating B-matrices and Eigenvalues
2. Generate MSTModes
>> Generate s=-2 MSTModes 501.697596
>> Generate s=-1 MSTModes 494.572265
>> Generate hκModes 558.44378
3. Jumps
>> 1.914857
>> 19.386042
>> 15.121705
>> 165.106755
>> 951.330284
>> 699.416822
>> LinearSolve for s1 and κ jumps 0.476424
>> κ and s1 jumps 1857.347013
4. Prepare grid and mode functions.
>> s=-2 MSTModes 0.400041
>> MMp2gridL 2.183516
>> MMp2gridR 11.877578
>> s=-1 MSTModes 0.215035
>> MMp1gridL 0.128387
>> MMp1gridR 0.701759
>> s=0 MSTModes 0.356071
A. Fill 1D grid.
>> s = 2, UP ... 137.003869
>> s = 1, UP ... 25.163173
>> s = 0, UP ... 52.426785
>> s = 2, IN ... 59.940253
>> s = 1, IN ... 5.330533
>> s = 0, IN ... 10.335825
1. Preliminaries.
Calculating B-matrices and Eigenvalues
2. Generate MSTModes
>> Generate s=-2 MSTModes 579.896497
>> Generate s=-1 MSTModes 570.570928
>> Generate hκModes 565.112058
3. Jumps
>> 1.801015
>> 17.796035
>> 13.803557
>> 153.151794
>> 864.433971
>> 636.565069
>> LinearSolve for s1 and κ jumps 0.78558
>> κ and s1 jumps 1692.571943
4. Prepare grid and mode functions.
>> s=-2 MSTModes 0.360519
>> MMp2gridL 2.123842
>> MMp2gridR 10.954476
>> s=-1 MSTModes 0.205953
>> MMp1gridL 0.123389
>> MMp1gridR 0.647048
>> s=0 MSTModes 0.330432
A. Fill 1D grid.
>> s = 2, UP ... 124.135422
>> s = 1, UP ... 22.040828
>> s = 0, UP ... 45.685961
>> s = 2, IN ... 58.317063
>> s = 1, IN ... 4.910156
>> s = 0, IN ... 9.461578
1. Preliminaries.
Calculating B-matrices and Eigenvalues
2. Generate MSTModes
>> Generate s=-2 MSTModes 588.41736
>> Generate s=-1 MSTModes 577.359161
>> Generate hκModes 553.451944
3. Jumps
>> 1.732863
>> 16.762732
>> 13.539542
>> 139.792904
>> 809.139289
>> 593.355284
>> LinearSolve for s1 and κ jumps 0.612794
>> κ and s1 jumps 1578.946222
4. Prepare grid and mode functions.
>> s=-2 MSTModes 0.363585
>> MMp2gridL 2.098776
>> MMp2gridR 10.894034
>> s=-1 MSTModes 0.206918
>> MMp1gridL 0.12226
>> MMp1gridR 0.69225
>> s=0 MSTModes 0.32626
A. Fill 1D grid.
>> s = 2, UP ... 123.883442
>> s = 1, UP ... 22.329378
>> s = 0, UP ... 46.657272
>> s = 2, IN ... 58.33088
>> s = 1, IN ... 4.892178
>> s = 0, IN ... 9.33053
1. Preliminaries.
Calculating B-matrices and Eigenvalues
2. Generate MSTModes
>> Generate s=-2 MSTModes 661.121212
>> Generate s=-1 MSTModes 651.10376
>> Generate hκModes 559.526673
3. Jumps
>> 1.659274
>> 15.232598
>> 13.538191
>> 127.847807
>> 717.695443
>> 523.835797
>> LinearSolve for s1 and κ jumps 0.52294
>> κ and s1 jumps 1404.062795
4. Prepare grid and mode functions.
>> s=-2 MSTModes 0.350246
>> MMp2gridL 2.083357
>> MMp2gridR 10.355485
>> s=-1 MSTModes 0.197549
>> MMp1gridL 0.118891
>> MMp1gridR 0.621652
>> s=0 MSTModes 0.319428
A. Fill 1D grid.
>> s = 2, UP ... 117.440774
>> s = 1, UP ... 20.628849
>> s = 0, UP ... 42.534352
>> s = 2, IN ... 57.460507
>> s = 1, IN ... 4.726377
>> s = 0, IN ... 9.034385
1. Preliminaries.
Calculating B-matrices and Eigenvalues
2. Generate MSTModes
>> Generate s=-2 MSTModes 683.714729
>> Generate s=-1 MSTModes 676.788746
>> Generate hκModes 562.14478
3. Jumps
>> 1.595152
>> 14.571507
>> 13.938805
>> 117.921196
>> 684.962458
>> 494.912636
>> LinearSolve for s1 and κ jumps 0.656648
>> κ and s1 jumps 1332.108589
4. Prepare grid and mode functions.
>> s=-2 MSTModes 0.347995
>> MMp2gridL 1.984545
>> MMp2gridR 10.225703
>> s=-1 MSTModes 0.197076
>> MMp1gridL 0.116671
>> MMp1gridR 0.609489
>> s=0 MSTModes 0.314234
A. Fill 1D grid.
>> s = 2, UP ... 113.131388
>> s = 1, UP ... 19.581837
>> s = 0, UP ... 40.589897
>> s = 2, IN ... 57.267999
>> s = 1, IN ... 4.607092
>> s = 0, IN ... 8.760319
1. Preliminaries.
Calculating B-matrices and Eigenvalues
2. Generate MSTModes
>> Generate s=-2 MSTModes 707.975638
>> Generate s=-1 MSTModes 700.278052
>> Generate hκModes 567.746212
3. Jumps
>> 1.51255
>> 13.363069
>> 12.713591
>> 104.089374
>> 606.900845
>> 435.590661
>> LinearSolve for s1 and κ jumps 0.753682
>> κ and s1 jumps 1178.155713
4. Prepare grid and mode functions.
>> s=-2 MSTModes 0.337337
>> MMp2gridL 1.931375
>> MMp2gridR 10.028452
>> s=-1 MSTModes 0.193427
>> MMp1gridL 0.113506
>> MMp1gridR 0.597572
>> s=0 MSTModes 0.306568
A. Fill 1D grid.
>> s = 2, UP ... 109.557831
>> s = 1, UP ... 18.985397
>> s = 0, UP ... 39.080951
>> s = 2, IN ... 56.626091
>> s = 1, IN ... 4.505237
>> s = 0, IN ... 8.565361
1. Preliminaries.
Calculating B-matrices and Eigenvalues
2. Generate MSTModes
>> Generate s=-2 MSTModes 748.20247
>> Generate s=-1 MSTModes 738.847642
>> Generate hκModes 568.840606
3. Jumps
>> 1.460621
>> 12.668868
>> 12.439908
>> 96.462628
>> 566.881483
>> 403.761085
>> LinearSolve for s1 and κ jumps 0.43439
>> κ and s1 jumps 1097.203898
4. Prepare grid and mode functions.
>> s=-2 MSTModes 0.33094
>> MMp2gridL 1.88309
>> MMp2gridR 9.664696
>> s=-1 MSTModes 0.189374
>> MMp1gridL 0.110448
>> MMp1gridR 0.586281
>> s=0 MSTModes 0.300167
A. Fill 1D grid.
>> s = 2, UP ... 106.205482
>> s = 1, UP ... 18.285299
>> s = 0, UP ... 37.546972
>> s = 2, IN ... 56.195169
>> s = 1, IN ... 4.365203
>> s = 0, IN ... 8.325039
1. Preliminaries.
Calculating B-matrices and Eigenvalues
2. Generate MSTModes
>> Generate s=-2 MSTModes 787.272577
>> Generate s=-1 MSTModes 778.732638
>> Generate hκModes 571.73374
3. Jumps
>> 1.403136
>> 11.594294
>> 12.141393
>> 86.313913
>> 509.226655
>> 360.07028
>> LinearSolve for s1 and κ jumps 0.440898
>> κ and s1 jumps 983.999798
4. Prepare grid and mode functions.
>> s=-2 MSTModes 0.326454
>> MMp2gridL 1.83189
>> MMp2gridR 9.425047
>> s=-1 MSTModes 0.187015
>> MMp1gridL 0.108516
>> MMp1gridR 0.571397
>> s=0 MSTModes 0.295526
A. Fill 1D grid.
>> s = 2, UP ... 103.032467
>> s = 1, UP ... 17.561939
>> s = 0, UP ... 36.245888
>> s = 2, IN ... 56.003773
>> s = 1, IN ... 4.253293
>> s = 0, IN ... 8.051732
1. Preliminaries.
Calculating B-matrices and Eigenvalues
2. Generate MSTModes
>> Generate s=-2 MSTModes 822.242507
>> Generate s=-1 MSTModes 816.192348
>> Generate hκModes 573.700606
3. Jumps
>> 1.363225
>> 10.82612
>> 11.897683
>> 78.655811
>> 467.459106
>> 327.282894
>> LinearSolve for s1 and κ jumps 0.768565
>> κ and s1 jumps 900.864239
4. Prepare grid and mode functions.
>> s=-2 MSTModes 0.318713
>> MMp2gridL 1.787771
>> MMp2gridR 9.187344
>> s=-1 MSTModes 0.180379
>> MMp1gridL 0.105238
>> MMp1gridR 0.558011
>> s=0 MSTModes 0.289641
A. Fill 1D grid.
>> s = 2, UP ... 99.634102
>> s = 1, UP ... 17.130336
>> s = 0, UP ... 34.66674
>> s = 2, IN ... 55.490133
>> s = 1, IN ... 4.192681
>> s = 0, IN ... 7.846586
1. Preliminaries.
Calculating B-matrices and Eigenvalues
2. Generate MSTModes
>> Generate s=-2 MSTModes 860.421187
>> Generate s=-1 MSTModes 853.12511
>> Generate hκModes 574.67113
3. Jumps
>> 1.268969
>> 10.111034
>> 11.570963
>> 70.379514
>> 421.191762
>> 292.267107
>> LinearSolve for s1 and κ jumps 0.609555
>> κ and s1 jumps 809.813114
4. Prepare grid and mode functions.
>> s=-2 MSTModes 0.311991
>> MMp2gridL 1.733785
>> MMp2gridR 8.954785
>> s=-1 MSTModes 0.176774
>> MMp1gridL 0.10322
>> MMp1gridR 0.550575
>> s=0 MSTModes 0.283876
A. Fill 1D grid.
>> s = 2, UP ... 97.129949
>> s = 1, UP ... 16.373908
>> s = 0, UP ... 33.462524
>> s = 2, IN ... 55.340785
>> s = 1, IN ... 4.104657
>> s = 0, IN ... 7.770469
1. Preliminaries.
Calculating B-matrices and Eigenvalues
2. Generate MSTModes
>> Generate s=-2 MSTModes 896.981196
>> Generate s=-1 MSTModes 883.820834
>> Generate hκModes 574.962036
3. Jumps
>> 1.231428
>> 9.197538
>> 11.152728
>> 63.44134
>> 380.888776
>> 264.06327
>> LinearSolve for s1 and κ jumps 0.524783
>> κ and s1 jumps 732.727845
4. Prepare grid and mode functions.
>> s=-2 MSTModes 0.303584
>> MMp2gridL 1.677454
>> MMp2gridR 8.678504
>> s=-1 MSTModes 0.169949
>> MMp1gridL 0.099963
>> MMp1gridR 0.533164
>> s=0 MSTModes 0.279867
A. Fill 1D grid.
>> s = 2, UP ... 93.687592
>> s = 1, UP ... 15.860451
>> s = 0, UP ... 32.039805
>> s = 2, IN ... 54.938241
>> s = 1, IN ... 3.981692
>> s = 0, IN ... 7.419836
1. Preliminaries.
Calculating B-matrices and Eigenvalues
2. Generate MSTModes
>> Generate s=-2 MSTModes 926.117547
>> Generate s=-1 MSTModes 917.60146
>> Generate hκModes 574.357956
3. Jumps
>> 1.205953
>> 8.347174
>> 11.564384
>> 56.661845
>> 339.29176
>> 232.999484
>> LinearSolve for s1 and κ jumps 0.783583
>> κ and s1 jumps 652.936693
4. Prepare grid and mode functions.
>> s=-2 MSTModes 0.295904
>> MMp2gridL 1.64021
>> MMp2gridR 8.456003
>> s=-1 MSTModes 0.167644
>> MMp1gridL 0.097739
>> MMp1gridR 0.522106
>> s=0 MSTModes 0.272637
A. Fill 1D grid.
>> s = 2, UP ... 90.724969
>> s = 1, UP ... 15.20603
>> s = 0, UP ... 30.740248
>> s = 2, IN ... 54.861762
>> s = 1, IN ... 3.908745
>> s = 0, IN ... 7.266111
1. Preliminaries.
Calculating B-matrices and Eigenvalues
2. Generate MSTModes
>> Generate s=-2 MSTModes 954.427483
>> Generate s=-1 MSTModes 934.98849
>> Generate hκModes 570.552059
3. Jumps
>> 1.135713
>> 7.583056
>> 10.537534
>> 50.405077
>> 305.797273
>> 206.933122
>> LinearSolve for s1 and κ jumps 0.807135
>> κ and s1 jumps 585.173313
4. Prepare grid and mode functions.
>> s=-2 MSTModes 0.28875
>> MMp2gridL 1.580566
>> MMp2gridR 8.44331
>> s=-1 MSTModes 0.167348
>> MMp1gridL 0.094427
>> MMp1gridR 0.516854
>> s=0 MSTModes 0.271551
A. Fill 1D grid.
>> s = 2, UP ... 93.685833
>> s = 1, UP ... 16.346534
>> s = 0, UP ... 34.131232
>> s = 2, IN ... 55.529353
>> s = 1, IN ... 3.968923
>> s = 0, IN ... 7.32532
1. Preliminaries.
Calculating B-matrices and Eigenvalues
2. Generate MSTModes
>> Generate s=-2 MSTModes 1117.753849
>> Generate s=-1 MSTModes 985.011881
>> Generate hκModes 574.922192
3. Jumps
>> 1.101038
>> 7.034973
>> 10.767441
>> 45.221201
>> 274.670507
>> 185.857689
>> LinearSolve for s1 and κ jumps 0.310623
>> κ and s1 jumps 526.842757
4. Prepare grid and mode functions.
>> s=-2 MSTModes 0.278721
>> MMp2gridL 1.534346
>> MMp2gridR 7.909118
>> s=-1 MSTModes 0.159865
>> MMp1gridL 0.091422
>> MMp1gridR 0.48808
>> s=0 MSTModes 0.260659
A. Fill 1D grid.
>> s = 2, UP ... 85.02244
>> s = 1, UP ... 14.09751
>> s = 0, UP ... 32.018849
>> s = 2, IN ... 54.909848
>> s = 1, IN ... 3.901365
>> s = 0, IN ... 7.154655
1. Preliminaries.
Calculating B-matrices and Eigenvalues
2. Generate MSTModes
>> Generate s=-2 MSTModes 1138.445476
>> Generate s=-1 MSTModes 1119.933511
>> Generate hκModes 573.784274
3. Jumps
>> 1.143846
>> 6.205846
>> 10.045138
>> 39.890133
>> 240.278343
>> 160.750073
>> LinearSolve for s1 and κ jumps 0.589305
>> κ and s1 jumps 460.571089
4. Prepare grid and mode functions.
>> s=-2 MSTModes 0.274261
>> MMp2gridL 1.475296
>> MMp2gridR 7.816691
>> s=-1 MSTModes 0.153011
>> MMp1gridL 0.087735
>> MMp1gridR 0.47255
>> s=0 MSTModes 0.256541
A. Fill 1D grid.
>> s = 2, UP ... 86.260634
>> s = 1, UP ... 14.938676
>> s = 0, UP ... 30.269071
>> s = 2, IN ... 54.051979
>> s = 1, IN ... 3.707947
>> s = 0, IN ... 6.897758
1. Preliminaries.
Calculating B-matrices and Eigenvalues
2. Generate MSTModes
>> Generate s=-2 MSTModes 1148.786466
>> Generate s=-1 MSTModes 1135.988547
>> Generate hκModes 560.313033
3. Jumps
>> 1.010306
>> 5.809108
>> 9.632678
>> 35.590162
