Task 6 on node722.cluster: a=0.6 r0=7.8
Job started: a = 0.6, r0 = 7.8, savepath = /lustre/astro/dyson/DataFiles/KerrCircSourceFiles/h1RadialTube
Warning: rstarmin is outside the allowed range.
Now we Calculate the Radiative Solutions
1. Preliminaries.
Calculating B-matrices and Eigenvalues
2. Generate MSTModes
>> Generate s=-2 MSTModes 223.627743
>> Generate s=-1 MSTModes 224.787924
>> Generate hκModes 552.595007
3. Jumps
>> 2.516748
>> 27.571705
>> 11.819108
>> 74.366109
>> 679.622029
>> 324.735347
>> LinearSolve for s1 and κ jumps 0.044257
>> κ and s1 jumps 1128.862946
4. Prepare grid and mode functions.
>> s=-2 MSTModes 0.404218
>> MMp2gridL 2.140786
>> MMp2gridR 13.6753
>> s=-1 MSTModes 0.15624
>> MMp1gridL 0.090466
>> MMp1gridR 0.48715
>> s=0 MSTModes 0.353824
A. Fill 1D grid.
>> s = 2, UP ... 179.73401
>> s = 1, UP ... 4.475264
>> s = 0, UP ... 40.726866
>> s = 2, IN ... 55.782416
>> s = 1, IN ... 3.137355
>> s = 0, IN ... 6.97005
1. Preliminaries.
Calculating B-matrices and Eigenvalues
2. Generate MSTModes
>> Generate s=-2 MSTModes 265.136681
>> Generate s=-1 MSTModes 260.720717
>> Generate hκModes 512.599826
3. Jumps
>> 2.479668
>> 28.637383
>> 13.284622
>> 69.583153
>> 669.446187
>> 305.555027
>> LinearSolve for s1 and κ jumps 0.303467
>> κ and s1 jumps 1095.17916
4. Prepare grid and mode functions.
>> s=-2 MSTModes 0.430766
>> MMp2gridL 2.192113
>> MMp2gridR 13.872441
>> s=-1 MSTModes 0.23597
>> MMp1gridL 0.124188
>> MMp1gridR 0.773492
>> s=0 MSTModes 0.387165
A. Fill 1D grid.
>> s = 2, UP ... 176.29687
>> s = 1, UP ... 35.985757
>> s = 0, UP ... 51.951042
>> s = 2, IN ... 55.870033
>> s = 1, IN ... 5.354158
>> s = 0, IN ... 7.686534
1. Preliminaries.
Calculating B-matrices and Eigenvalues
2. Generate MSTModes
>> Generate s=-2 MSTModes 300.11439
>> Generate s=-1 MSTModes 295.787292
>> Generate hκModes 505.410213
3. Jumps
>> 2.350821
>> 26.051363
>> 13.976089
>> 63.499656
>> 610.471663
>> 279.466343
>> LinearSolve for s1 and κ jumps 0.641287
>> κ and s1 jumps 1001.971914
4. Prepare grid and mode functions.
>> s=-2 MSTModes 0.421524
>> MMp2gridL 2.130581
>> MMp2gridR 13.60917
>> s=-1 MSTModes 0.231391
>> MMp1gridL 0.121669
>> MMp1gridR 0.753277
>> s=0 MSTModes 0.380531
A. Fill 1D grid.
>> s = 2, UP ... 169.980047
>> s = 1, UP ... 33.979397
>> s = 0, UP ... 49.037808
>> s = 2, IN ... 55.361689
>> s = 1, IN ... 5.236251
>> s = 0, IN ... 7.492596
1. Preliminaries.
Calculating B-matrices and Eigenvalues
2. Generate MSTModes
>> Generate s=-2 MSTModes 337.533774
>> Generate s=-1 MSTModes 333.034291
>> Generate hκModes 511.407234
3. Jumps
>> 2.238227
>> 25.849554
>> 14.063856
>> 232.637572
>> 1331.219498
>> 996.34672
>> LinearSolve for s1 and κ jumps 0.486941
>> κ and s1 jumps 2608.813738
4. Prepare grid and mode functions.
>> s=-2 MSTModes 0.414476
>> MMp2gridL 2.076517
>> MMp2gridR 13.416029
>> s=-1 MSTModes 0.228055
>> MMp1gridL 0.121174
>> MMp1gridR 0.744701
>> s=0 MSTModes 0.374962
A. Fill 1D grid.
>> s = 2, UP ... 164.510455
>> s = 1, UP ... 32.579732
>> s = 0, UP ... 71.37182
>> s = 2, IN ... 54.403399
>> s = 1, IN ... 5.054763
>> s = 0, IN ... 9.673013
1. Preliminaries.
Calculating B-matrices and Eigenvalues
2. Generate MSTModes
>> Generate s=-2 MSTModes 375.295331
>> Generate s=-1 MSTModes 369.700485
>> Generate hκModes 516.654171
3. Jumps
>> 2.183844
>> 23.157322
>> 14.160352
>> 216.59266
>> 1217.533104
>> 919.702163
>> LinearSolve for s1 and κ jumps 0.76653
>> κ and s1 jumps 2399.713409
4. Prepare grid and mode functions.
>> s=-2 MSTModes 0.411799
>> MMp2gridL 2.050702
>> MMp2gridR 12.984368
>> s=-1 MSTModes 0.223503
>> MMp1gridL 0.118851
>> MMp1gridR 0.731292
>> s=0 MSTModes 0.36725
A. Fill 1D grid.
>> s = 2, UP ... 159.254395
>> s = 1, UP ... 31.672148
>> s = 0, UP ... 69.326091
>> s = 2, IN ... 53.777365
>> s = 1, IN ... 4.976203
>> s = 0, IN ... 9.46998
1. Preliminaries.
Calculating B-matrices and Eigenvalues
2. Generate MSTModes
>> Generate s=-2 MSTModes 414.422338
>> Generate s=-1 MSTModes 409.478682
>> Generate hκModes 523.230079
3. Jumps
>> 2.039276
>> 21.933737
>> 14.332789
>> 201.807048
>> 1147.635188
>> 860.620993
>> LinearSolve for s1 and κ jumps 0.839447
>> κ and s1 jumps 2254.515416
4. Prepare grid and mode functions.
>> s=-2 MSTModes 0.408737
>> MMp2gridL 1.995302
>> MMp2gridR 12.852891
>> s=-1 MSTModes 0.220666
>> MMp1gridL 0.116619
>> MMp1gridR 0.716074
>> s=0 MSTModes 0.360864
A. Fill 1D grid.
>> s = 2, UP ... 154.155801
>> s = 1, UP ... 30.73212
>> s = 0, UP ... 66.958379
>> s = 2, IN ... 53.615151
>> s = 1, IN ... 4.838794
>> s = 0, IN ... 9.214615
1. Preliminaries.
Calculating B-matrices and Eigenvalues
2. Generate MSTModes
>> Generate s=-2 MSTModes 457.622961
