Task 1 on node718.cluster: a=0.00000000000001 r0=7.8
Job started: a = 1.*^-14, r0 = 7.8, savepath = /lustre/astro/dyson/DataFiles/KerrCircSourceFiles/h1RadialTube
Warning: rstarmin is outside the allowed range.
Now we Calculate the Radiative Solutions
1. Preliminaries.
Calculating B-matrices and Eigenvalues
2. Generate MSTModes
>> Generate s=-2 MSTModes 210.771433
>> Generate s=-1 MSTModes 212.315398
>> Generate hκModes 541.744255
3. Jumps
>> 2.504874
>> 29.188124
>> 11.541843
>> 297.183278
>> 1657.892792
>> 1268.353903
>> LinearSolve for s1 and κ jumps 0.011252
>> κ and s1 jumps 3275.700041
4. Prepare grid and mode functions.
>> s=-2 MSTModes 0.404872
>> MMp2gridL 2.071752
>> MMp2gridR 13.258441
>> s=-1 MSTModes 0.159166
>> MMp1gridL 0.086425
>> MMp1gridR 0.477318
>> s=0 MSTModes 0.350226
A. Fill 1D grid.
>> s = 2, UP ... 165.473167
>> s = 1, UP ... 4.635472
>> s = 0, UP ... 47.894979
>> s = 2, IN ... 53.915449

                                                                                                                                         -302                           -7
General::munfl: 4.30093070620095203800442508928015751570808307623185242925322075638561994245191384755279270621149618019308063139146411 10     (0.0000191096 - 5.04641 10   I) is too small to represent as a normalized machine number; precision may be lost.

                                                                                                                                         -302            -6             -7
General::munfl: 4.30093070620095203800442508928015751570808307623185242925322075638561994245191384755279270621149618019308063139146411 10     (9.02315 10   - 2.36117 10   I) is too small to represent as a normalized machine number; precision may be lost.

                                                                                                                                         -302            -6             -7
General::munfl: 4.30093070620095203800442508928015751570808307623185242925322075638561994245191384755279270621149618019308063139146411 10     (4.10245 10   - 1.06513 10   I) is too small to represent as a normalized machine number; precision may be lost.

General::stop: Further output of General::munfl will be suppressed during this calculation.
>> s = 1, IN ... 3.170622
>> s = 0, IN ... 8.589952
1. Preliminaries.
Calculating B-matrices and Eigenvalues
2. Generate MSTModes
>> Generate s=-2 MSTModes 253.115864
>> Generate s=-1 MSTModes 248.563631
>> Generate hκModes 510.985708
3. Jumps
>> 2.435853
>> 27.794457
>> 12.661272
>> 273.49071
>> 1536.047077
>> 1165.173076
>> LinearSolve for s1 and κ jumps 0.566228
>> κ and s1 jumps 3024.397653
4. Prepare grid and mode functions.
>> s=-2 MSTModes 0.421917
>> MMp2gridL 2.113298
>> MMp2gridR 13.472736
>> s=-1 MSTModes 0.243133
>> MMp1gridL 0.122838
>> MMp1gridR 0.758163
>> s=0 MSTModes 0.384478
A. Fill 1D grid.
>> s = 2, UP ... 160.796589
>> s = 1, UP ... 30.78273
>> s = 0, UP ... 63.257516
>> s = 2, IN ... 53.586976
>> s = 1, IN ... 4.879764
>> s = 0, IN ... 9.607898
1. Preliminaries.
Calculating B-matrices and Eigenvalues
2. Generate MSTModes
>> Generate s=-2 MSTModes 288.890268
>> Generate s=-1 MSTModes 286.663968
>> Generate hκModes 507.502613
3. Jumps
>> 2.369733
>> 25.84906
>> 13.24207
>> 248.527288
>> 1404.44157
>> 1060.901786
>> LinearSolve for s1 and κ jumps 0.778564
>> κ and s1 jumps 2761.983987
4. Prepare grid and mode functions.
>> s=-2 MSTModes 0.417829
>> MMp2gridL 2.078865
>> MMp2gridR 13.190302
>> s=-1 MSTModes 0.232407
>> MMp1gridL 0.118611
>> MMp1gridR 0.746178
>> s=0 MSTModes 0.379414
A. Fill 1D grid.
>> s = 2, UP ... 156.14304
>> s = 1, UP ... 29.983803
>> s = 0, UP ... 61.650325
>> s = 2, IN ... 53.140316
>> s = 1, IN ... 4.809062
>> s = 0, IN ... 9.376808
1. Preliminaries.
Calculating B-matrices and Eigenvalues
2. Generate MSTModes
>> Generate s=-2 MSTModes 320.28421
>> Generate s=-1 MSTModes 318.099488
>> Generate hκModes 511.687467
3. Jumps
>> 2.293304
>> 25.016612
>> 13.759024
>> 232.323456
>> 1316.997401
>> 990.240174
>> LinearSolve for s1 and κ jumps 0.67256
>> κ and s1 jumps 2586.825
4. Prepare grid and mode functions.
>> s=-2 MSTModes 0.410919
>> MMp2gridL 2.028982
>> MMp2gridR 12.922321
>> s=-1 MSTModes 0.227755
>> MMp1gridL 0.114996
>> MMp1gridR 0.739808
>> s=0 MSTModes 0.375325
A. Fill 1D grid.
>> s = 2, UP ... 150.430129
>> s = 1, UP ... 28.779845
>> s = 0, UP ... 60.637443
>> s = 2, IN ... 52.917023
>> s = 1, IN ... 4.759896
>> s = 0, IN ... 9.150957
1. Preliminaries.
Calculating B-matrices and Eigenvalues
2. Generate MSTModes
>> Generate s=-2 MSTModes 355.984545
>> Generate s=-1 MSTModes 349.903862
>> Generate hκModes 517.655207
3. Jumps
>> 2.148974
>> 23.19963
>> 13.985518
>> 215.250494
>> 1210.123049
>> 908.117633
>> LinearSolve for s1 and κ jumps 0.727264
>> κ and s1 jumps 2378.721969
4. Prepare grid and mode functions.
>> s=-2 MSTModes 0.399675
>> MMp2gridL 1.996908
>> MMp2gridR 12.651414
>> s=-1 MSTModes 0.223431
>> MMp1gridL 0.113369
>> MMp1gridR 0.710242
>> s=0 MSTModes 0.368065
A. Fill 1D grid.
>> s = 2, UP ... 146.58854
>> s = 1, UP ... 27.91596
>> s = 0, UP ... 58.005619
>> s = 2, IN ... 52.610694
>> s = 1, IN ... 4.649728
>> s = 0, IN ... 8.827582
1. Preliminaries.
Calculating B-matrices and Eigenvalues
2. Generate MSTModes
>> Generate s=-2 MSTModes 389.748273
>> Generate s=-1 MSTModes 388.548241
>> Generate hκModes 524.915287
3. Jumps
>> 2.038677
>> 22.248196
>> 14.123458
>> 198.351974
>> 1130.453373
>> 839.750209
>> LinearSolve for s1 and κ jumps 0.598704
>> κ and s1 jumps 2212.511027
4. Prepare grid and mode functions.
>> s=-2 MSTModes 0.398526
>> MMp2gridL 1.948411
>> MMp2gridR 12.335805
>> s=-1 MSTModes 0.220508
>> MMp1gridL 0.112075
>> MMp1gridR 0.694263
>> s=0 MSTModes 0.352586
A. Fill 1D grid.
>> s = 2, UP ... 141.61393
>> s = 1, UP ... 26.652975
>> s = 0, UP ... 55.221949
>> s = 2, IN ... 52.959136
>> s = 1, IN ... 4.555137
>> s = 0, IN ... 8.570271
1. Preliminaries.
Calculating B-matrices and Eigenvalues
2. Generate MSTModes
>> Generate s=-2 MSTModes 436.795266
>> Generate s=-1 MSTModes 428.009111
>> Generate hκModes 533.048001
3. Jumps
>> 1.990442
>> 20.282861
>> 14.273878
>> 185.888029
>> 1051.037587
>> 786.416722
>> LinearSolve for s1 and κ jumps 0.581844
>> κ and s1 jumps 2065.133091
4. Prepare grid and mode functions.
>> s=-2 MSTModes 0.388326
>> MMp2gridL 1.925212
>> MMp2gridR 12.096951
>> s=-1 MSTModes 0.217716
>> MMp1gridL 0.110052
>> MMp1gridR 0.681989
>> s=0 MSTModes 0.345056
A. Fill 1D grid.
>> s = 2, UP ... 138.664788
>> s = 1, UP ... 25.796466
>> s = 0, UP ... 52.917876
>> s = 2, IN ... 51.823259
>> s = 1, IN ... 4.477475
>> s = 0, IN ... 8.267668
1. Preliminaries.
Calculating B-matrices and Eigenvalues
2. Generate MSTModes
>> Generate s=-2 MSTModes 474.291929
>> Generate s=-1 MSTModes 471.705353
>> Generate hκModes 542.550737
3. Jumps
>> 1.89158
>> 19.471014
>> 14.602193
>> 168.05987
>> 962.851099
>> 711.074817
>> LinearSolve for s1 and κ jumps 0.616036
>> κ and s1 jumps 1883.085877
4. Prepare grid and mode functions.
>> s=-2 MSTModes 0.382156
>> MMp2gridL 1.856156
>> MMp2gridR 11.81237
>> s=-1 MSTModes 0.210021
>> MMp1gridL 0.106097
>> MMp1gridR 0.66718
>> s=0 MSTModes 0.340966
A. Fill 1D grid.
>> s = 2, UP ... 133.999678
>> s = 1, UP ... 24.949717
>> s = 0, UP ... 51.384997
>> s = 2, IN ... 51.442462
>> s = 1, IN ... 4.344882
>> s = 0, IN ... 8.066073
1. Preliminaries.
Calculating B-matrices and Eigenvalues
2. Generate MSTModes
>> Generate s=-2 MSTModes 523.829894
>> Generate s=-1 MSTModes 509.6321
>> Generate hκModes 549.563327
3. Jumps
>> 1.82976
>> 18.346548
>> 14.09143
>> 153.692051
>> 877.146147
>> 624.835123
>> LinearSolve for s1 and κ jumps 0.552072
>> κ and s1 jumps 1694.560062
4. Prepare grid and mode functions.
>> s=-2 MSTModes 0.361926
>> MMp2gridL 1.811726
>> MMp2gridR 11.401389
>> s=-1 MSTModes 0.208896
>> MMp1gridL 0.10512
>> MMp1gridR 0.654098
>> s=0 MSTModes 0.340327
A. Fill 1D grid.
>> s = 2, UP ... 128.280667
>> s = 1, UP ... 23.494713
>> s = 0, UP ... 47.444423
>> s = 2, IN ... 50.764188
>> s = 1, IN ... 4.271155
>> s = 0, IN ... 7.854872
1. Preliminaries.
Calculating B-matrices and Eigenvalues
2. Generate MSTModes
>> Generate s=-2 MSTModes 566.994888
>> Generate s=-1 MSTModes 561.945162
>> Generate hκModes 556.254743
3. Jumps
>> 1.734822
>> 16.870428
>> 13.615471
>> 143.716408
>> 822.151198
>> 600.866159
>> LinearSolve for s1 and κ jumps 0.557983
>> κ and s1 jumps 1603.354533
4. Prepare grid and mode functions.
>> s=-2 MSTModes 0.368734
>> MMp2gridL 1.776365
>> MMp2gridR 11.250165
>> s=-1 MSTModes 0.203015
>> MMp1gridL 0.103583
>> MMp1gridR 0.646034
>> s=0 MSTModes 0.324757
A. Fill 1D grid.
>> s = 2, UP ... 124.37107
>> s = 1, UP ... 22.651948
>> s = 0, UP ... 46.273305
>> s = 2, IN ... 50.488968
>> s = 1, IN ... 4.189413
>> s = 0, IN ... 7.692784
1. Preliminaries.
Calculating B-matrices and Eigenvalues
2. Generate MSTModes
>> Generate s=-2 MSTModes 617.737905
>> Generate s=-1 MSTModes 614.429151
>> Generate hκModes 562.93237
3. Jumps
>> 1.669488
>> 15.317739
>> 13.485214
>> 129.466469
>> 744.052843
>> 541.777541
>> LinearSolve for s1 and κ jumps 0.623855
>> κ and s1 jumps 1449.971136
4. Prepare grid and mode functions.
>> s=-2 MSTModes 0.354184
>> MMp2gridL 1.723276
>> MMp2gridR 10.995784
>> s=-1 MSTModes 0.206072
>> MMp1gridL 0.100804
>> MMp1gridR 0.628601
>> s=0 MSTModes 0.325639
A. Fill 1D grid.
>> s = 2, UP ... 120.832984
>> s = 1, UP ... 21.677761
>> s = 0, UP ... 44.32115
>> s = 2, IN ... 50.169103
>> s = 1, IN ... 4.066717
>> s = 0, IN ... 7.477499
1. Preliminaries.
Calculating B-matrices and Eigenvalues
2. Generate MSTModes
>> Generate s=-2 MSTModes 665.550577
>> Generate s=-1 MSTModes 658.682338
>> Generate hκModes 568.610196
3. Jumps
>> 1.605202
>> 14.606713
>> 13.346478
>> 119.633021
>> 691.52361
>> 500.273911
>> LinearSolve for s1 and κ jumps 0.263324
>> κ and s1 jumps 1344.60843
4. Prepare grid and mode functions.
>> s=-2 MSTModes 0.354945
>> MMp2gridL 1.772431
>> MMp2gridR 10.653401
>> s=-1 MSTModes 0.203774
>> MMp1gridL 0.099012
>> MMp1gridR 0.622168
>> s=0 MSTModes 0.314253
A. Fill 1D grid.
>> s = 2, UP ... 117.382537
>> s = 1, UP ... 20.781167
>> s = 0, UP ... 43.067818
>> s = 2, IN ... 49.783202
>> s = 1, IN ... 3.936608
>> s = 0, IN ... 7.27979
1. Preliminaries.
Calculating B-matrices and Eigenvalues
2. Generate MSTModes
>> Generate s=-2 MSTModes 714.775616
>> Generate s=-1 MSTModes 713.953495
>> Generate hκModes 577.226601
3. Jumps
>> 1.544608
>> 13.443715
>> 13.132589
>> 105.343267
>> 619.386769
>> 443.865878
>> LinearSolve for s1 and κ jumps 0.640339
>> κ and s1 jumps 1200.50967
4. Prepare grid and mode functions.
>> s=-2 MSTModes 0.344167
>> MMp2gridL 1.653394
>> MMp2gridR 10.494985
>> s=-1 MSTModes 0.197582
>> MMp1gridL 0.09564
>> MMp1gridR 0.616955
>> s=0 MSTModes 0.305126
A. Fill 1D grid.
>> s = 2, UP ... 113.791006
>> s = 1, UP ... 20.102141
>> s = 0, UP ... 41.227941
>> s = 2, IN ... 49.170019
>> s = 1, IN ... 3.884028
>> s = 0, IN ... 7.205302
1. Preliminaries.
Calculating B-matrices and Eigenvalues
2. Generate MSTModes
>> Generate s=-2 MSTModes 775.358259
>> Generate s=-1 MSTModes 763.783431
>> Generate hκModes 578.098119
3. Jumps
>> 1.534075
>> 12.94845
>> 12.733249
>> 98.47796
>> 574.713578
>> 409.161999
>> LinearSolve for s1 and κ jumps 0.626533
>> κ and s1 jumps 1113.173314
4. Prepare grid and mode functions.
>> s=-2 MSTModes 0.336807
>> MMp2gridL 1.617436
>> MMp2gridR 10.141223
>> s=-1 MSTModes 0.187782
>> MMp1gridL 0.093841
>> MMp1gridR 0.596135
>> s=0 MSTModes 0.299711
A. Fill 1D grid.
>> s = 2, UP ... 109.939889
>> s = 1, UP ... 19.590653
>> s = 0, UP ... 40.028752
>> s = 2, IN ... 48.933861
>> s = 1, IN ... 3.770693
>> s = 0, IN ... 6.998398
1. Preliminaries.
Calculating B-matrices and Eigenvalues
2. Generate MSTModes
>> Generate s=-2 MSTModes 821.917264
>> Generate s=-1 MSTModes 815.477727
>> Generate hκModes 582.703864
3. Jumps
>> 1.414233
>> 12.013647
>> 12.341822
>> 88.80767
>> 521.692077
>> 367.647639
>> LinearSolve for s1 and κ jumps 0.641541
>> κ and s1 jumps 1007.229913
4. Prepare grid and mode functions.
>> s=-2 MSTModes 0.329698
>> MMp2gridL 1.571994
>> MMp2gridR 9.899474
>> s=-1 MSTModes 0.186821
>> MMp1gridL 0.091802
>> MMp1gridR 0.590533
>> s=0 MSTModes 0.299388
A. Fill 1D grid.
>> s = 2, UP ... 107.33564
>> s = 1, UP ... 18.966018
>> s = 0, UP ... 38.408385
>> s = 2, IN ... 48.615567
>> s = 1, IN ... 3.762919
>> s = 0, IN ... 6.768901
1. Preliminaries.
Calculating B-matrices and Eigenvalues
2. Generate MSTModes
>> Generate s=-2 MSTModes 872.717376
>> Generate s=-1 MSTModes 860.214084
>> Generate hκModes 585.41635
3. Jumps
>> 1.359392
>> 11.014099
>> 12.025711
>> 80.397232
>> 472.520417
>> 331.227791
>> LinearSolve for s1 and κ jumps 0.723605
>> κ and s1 jumps 911.798689
4. Prepare grid and mode functions.
>> s=-2 MSTModes 0.324454
>> MMp2gridL 1.524798
>> MMp2gridR 9.651843
>> s=-1 MSTModes 0.177644
>> MMp1gridL 0.092143
>> MMp1gridR 0.575598
>> s=0 MSTModes 0.293061
A. Fill 1D grid.
>> s = 2, UP ... 103.916416
>> s = 1, UP ... 18.055343
>> s = 0, UP ... 36.158675
>> s = 2, IN ... 48.437362
>> s = 1, IN ... 3.611743
>> s = 0, IN ... 6.637576
1. Preliminaries.
Calculating B-matrices and Eigenvalues
2. Generate MSTModes
>> Generate s=-2 MSTModes 917.028276
>> Generate s=-1 MSTModes 917.088297
>> Generate hκModes 588.615874
3. Jumps
>> 1.29206
>> 9.868184
>> 11.723897
>> 72.516238
>> 426.673015
>> 298.751875
>> LinearSolve for s1 and κ jumps 0.408702
>> κ and s1 jumps 823.626492
4. Prepare grid and mode functions.
>> s=-2 MSTModes 0.313834
>> MMp2gridL 1.492209
>> MMp2gridR 9.350808
>> s=-1 MSTModes 0.181086
>> MMp1gridL 0.086752
>> MMp1gridR 0.565613
>> s=0 MSTModes 0.28376
A. Fill 1D grid.
>> s = 2, UP ... 100.060498
>> s = 1, UP ... 16.931238
>> s = 0, UP ... 34.506742
>> s = 2, IN ... 47.996322
>> s = 1, IN ... 3.531734
>> s = 0, IN ... 6.416522
1. Preliminaries.
Calculating B-matrices and Eigenvalues
2. Generate MSTModes
>> Generate s=-2 MSTModes 956.36021
>> Generate s=-1 MSTModes 957.542147
>> Generate hκModes 586.065688
3. Jumps
>> 1.262373
>> 9.231658
>> 11.438572
>> 64.642449
>> 386.066082
>> 268.07994
>> LinearSolve for s1 and κ jumps 0.555789
>> κ and s1 jumps 743.424972
4. Prepare grid and mode functions.
>> s=-2 MSTModes 0.307065
>> MMp2gridL 1.44432
>> MMp2gridR 9.091055
>> s=-1 MSTModes 0.168189
>> MMp1gridL 0.086526
>> MMp1gridR 0.544551
>> s=0 MSTModes 0.27913
A. Fill 1D grid.
>> s = 2, UP ... 96.909818
>> s = 1, UP ... 16.391889
>> s = 0, UP ... 33.264807
>> s = 2, IN ... 47.90737
>> s = 1, IN ... 3.450538
>> s = 0, IN ... 6.324934
1. Preliminaries.
Calculating B-matrices and Eigenvalues
2. Generate MSTModes
>> Generate s=-2 MSTModes 999.17454
>> Generate s=-1 MSTModes 1002.799637
>> Generate hκModes 585.704051
3. Jumps
>> 1.20373
>> 8.483072
>> 11.128394
>> 57.781689
>> 347.509676
>> 239.871525
>> LinearSolve for s1 and κ jumps 0.436656
>> κ and s1 jumps 668.370737
4. Prepare grid and mode functions.
>> s=-2 MSTModes 0.303287
>> MMp2gridL 1.407238
>> MMp2gridR 8.943857
>> s=-1 MSTModes 0.172691
>> MMp1gridL 0.083366
>> MMp1gridR 0.54682
>> s=0 MSTModes 0.277714
A. Fill 1D grid.
>> s = 2, UP ... 94.153424
>> s = 1, UP ... 15.896071
>> s = 0, UP ... 31.81778
>> s = 2, IN ... 47.351517
>> s = 1, IN ... 3.403026
>> s = 0, IN ... 6.165332
1. Preliminaries.
Calculating B-matrices and Eigenvalues
2. Generate MSTModes
>> Generate s=-2 MSTModes 1049.357552
>> Generate s=-1 MSTModes 1042.131488
>> Generate hκModes 584.404015
3. Jumps
>> 1.147279
>> 7.75037
>> 10.579416
>> 50.96917
>> 309.997021
>> 210.955971
>> LinearSolve for s1 and κ jumps 0.64309
>> κ and s1 jumps 593.836568
4. Prepare grid and mode functions.
>> s=-2 MSTModes 0.294335
>> MMp2gridL 1.359204
>> MMp2gridR 8.639622
>> s=-1 MSTModes 0.161215
>> MMp1gridL 0.082103
>> MMp1gridR 0.526422
>> s=0 MSTModes 0.26938
A. Fill 1D grid.
>> s = 2, UP ... 91.075982
>> s = 1, UP ... 15.346555
>> s = 0, UP ... 29.876626
>> s = 2, IN ... 47.216895
>> s = 1, IN ... 3.305849
>> s = 0, IN ... 6.007109
1. Preliminaries.
Calculating B-matrices and Eigenvalues
2. Generate MSTModes
>> Generate s=-2 MSTModes 1082.763425
>> Generate s=-1 MSTModes 1073.846358
>> Generate hκModes 582.487925
3. Jumps
>> 1.111074
>> 7.206281
>> 10.299825
>> 45.331611
>> 275.030012
>> 185.620411
>> LinearSolve for s1 and κ jumps 0.599223
>> κ and s1 jumps 526.846763
4. Prepare grid and mode functions.
>> s=-2 MSTModes 0.287004
>> MMp2gridL 1.313128
>> MMp2gridR 8.26743
>> s=-1 MSTModes 0.159699
>> MMp1gridL 0.078794
>> MMp1gridR 0.509503
>> s=0 MSTModes 0.266586
A. Fill 1D grid.
>> s = 2, UP ... 88.433108
>> s = 1, UP ... 14.956066
>> s = 0, UP ... 27.968335
>> s = 2, IN ... 46.463973
>> s = 1, IN ... 3.231327
>> s = 0, IN ... 5.829024
1. Preliminaries.
Calculating B-matrices and Eigenvalues
2. Generate MSTModes
>> Generate s=-2 MSTModes 1124.761148
>> Generate s=-1 MSTModes 1118.20496
>> Generate hκModes 581.475058
3. Jumps
>> 1.056061
>> 6.6876
>> 10.035186
>> 40.935071
>> 250.308732
>> 167.319881
>> LinearSolve for s1 and κ jumps 0.775181
>> κ and s1 jumps 478.643548
4. Prepare grid and mode functions.
>> s=-2 MSTModes 0.280783
>> MMp2gridL 1.265949
>> MMp2gridR 8.264214
>> s=-1 MSTModes 0.149522
>> MMp1gridL 0.076868
>> MMp1gridR 0.491157
>> s=0 MSTModes 0.260154
A. Fill 1D grid.
>> s = 2, UP ... 84.892418
>> s = 1, UP ... 13.87874
>> s = 0, UP ... 27.762033
>> s = 2, IN ... 46.910392
>> s = 1, IN ... 3.19037
>> s = 0, IN ... 5.761213
1. Preliminaries.
Calculating B-matrices and Eigenvalues
2. Generate MSTModes
>> Generate s=-2 MSTModes 1161.145225
>> Generate s=-1 MSTModes 1145.087466
>> Generate hκModes 573.308185
3. Jumps
>> 1.019282
>> 5.809241
>> 9.857797
>> 35.477599
>> 219.133409
>> 144.811401
>> LinearSolve for s1 and κ jumps 0.670722
>> κ and s1 jumps 418.177044
4. Prepare grid and mode functions.
>> s=-2 MSTModes 0.27563
>> MMp2gridL 1.226548
>> MMp2gridR 7.742396
>> s=-1 MSTModes 0.150678
>> MMp1gridL 0.074218
>> MMp1gridR 0.479259
>> s=0 MSTModes 0.254398
A. Fill 1D grid.
>> s = 2, UP ... 82.674779
>> s = 1, UP ... 13.652305
>> s = 0, UP ... 26.775519
>> s = 2, IN ... 46.670474
>> s = 1, IN ... 3.12057
>> s = 0, IN ... 5.585306
1. Preliminaries.
Calculating B-matrices and Eigenvalues
2. Generate MSTModes
>> Generate s=-2 MSTModes 1182.329152
>> Generate s=-1 MSTModes 1174.696194
