Task 9 on node722.cluster: a=0.6 r0=8.1
Job started: a = 0.6, r0 = 8.1, savepath = /lustre/astro/dyson/DataFiles/KerrCircSourceFiles/h1RadialTube
Warning: rstarmin is outside the allowed range.
Now we Calculate the Radiative Solutions
1. Preliminaries.
Calculating B-matrices and Eigenvalues
2. Generate MSTModes
>> Generate s=-2 MSTModes 225.46817
>> Generate s=-1 MSTModes 225.784794
>> Generate hκModes 559.145587
3. Jumps
>> 2.546898
>> 27.316206
>> 11.688966
>> 74.228958
>> 684.032841
>> 327.76745
>> LinearSolve for s1 and κ jumps 0.016056
>> κ and s1 jumps 1135.927085
4. Prepare grid and mode functions.
>> s=-2 MSTModes 0.424048
>> MMp2gridL 2.275353
>> MMp2gridR 13.993003
>> s=-1 MSTModes 0.156861
>> MMp1gridL 0.09196
>> MMp1gridR 0.482556
>> s=0 MSTModes 0.358975
A. Fill 1D grid.
>> s = 2, UP ... 180.120713
>> s = 1, UP ... 4.508326
>> s = 0, UP ... 40.141604
>> s = 2, IN ... 58.231674
>> s = 1, IN ... 3.250653

                                                                                                                 -221        -309
General::munfl: (0. + 0. I) + (-6.3831950689851781620802720519957650603305335326549483475562349711858843170890 10     - 7. 10     I) is too small to represent as a normalized machine number; precision may be lost.

                                                                                                                  -221        -309
General::munfl: (0. + 0. I) + (-1.30451509575802150502160066811831795321552966238760385263986348352268029487996 10     + 7. 10     I) is too small to represent as a normalized machine number; precision may be lost.
>> s = 0, IN ... 7.315046
1. Preliminaries.
Calculating B-matrices and Eigenvalues
2. Generate MSTModes
>> Generate s=-2 MSTModes 270.045294
>> Generate s=-1 MSTModes 265.221513
>> Generate hκModes 522.793286
3. Jumps
>> 2.407844
>> 28.417899
>> 12.915106
>> 70.576544
>> 671.525862
>> 309.334382
>> LinearSolve for s1 and κ jumps 0.637869
>> κ and s1 jumps 1101.887211
4. Prepare grid and mode functions.
>> s=-2 MSTModes 0.447113
>> MMp2gridL 2.312938
>> MMp2gridR 14.207855
>> s=-1 MSTModes 0.240325
>> MMp1gridL 0.131167
>> MMp1gridR 0.778083
>> s=0 MSTModes 0.389748
A. Fill 1D grid.
>> s = 2, UP ... 176.087403
>> s = 1, UP ... 35.578302
>> s = 0, UP ... 50.541796
>> s = 2, IN ... 58.218968
>> s = 1, IN ... 5.634591
>> s = 0, IN ... 8.097935
1. Preliminaries.
Calculating B-matrices and Eigenvalues
2. Generate MSTModes
>> Generate s=-2 MSTModes 304.842116
>> Generate s=-1 MSTModes 299.581391
>> Generate hκModes 515.649557
3. Jumps
>> 2.412681
>> 26.278277
>> 13.440161
>> 64.918057
>> 621.138204
>> 284.082244
>> LinearSolve for s1 and κ jumps 0.701438
>> κ and s1 jumps 1018.648597
4. Prepare grid and mode functions.
>> s=-2 MSTModes 0.441722
>> MMp2gridL 2.247677
>> MMp2gridR 13.814752
>> s=-1 MSTModes 0.235924
>> MMp1gridL 0.129356
>> MMp1gridR 0.757631
>> s=0 MSTModes 0.386932
A. Fill 1D grid.
>> s = 2, UP ... 171.188569
>> s = 1, UP ... 34.127398
>> s = 0, UP ... 48.305349
>> s = 2, IN ... 57.675739
>> s = 1, IN ... 5.486133
>> s = 0, IN ... 7.842364
1. Preliminaries.
Calculating B-matrices and Eigenvalues
2. Generate MSTModes
>> Generate s=-2 MSTModes 340.355701
>> Generate s=-1 MSTModes 334.76861
>> Generate hκModes 517.960354
3. Jumps
>> 2.224214
>> 24.987672
>> 13.847076
>> 59.669014
>> 575.658776
>> 259.172565
>> LinearSolve for s1 and κ jumps 0.761394
>> κ and s1 jumps 941.684429
4. Prepare grid and mode functions.
>> s=-2 MSTModes 0.425452
>> MMp2gridL 2.195679
>> MMp2gridR 13.459719
>> s=-1 MSTModes 0.227713
>> MMp1gridL 0.126864
>> MMp1gridR 0.747216
>> s=0 MSTModes 0.382773
A. Fill 1D grid.
>> s = 2, UP ... 164.658617
>> s = 1, UP ... 32.961451
>> s = 0, UP ... 47.386605
>> s = 2, IN ... 57.11592
>> s = 1, IN ... 5.373816
>> s = 0, IN ... 7.719963
1. Preliminaries.
Calculating B-matrices and Eigenvalues
2. Generate MSTModes
>> Generate s=-2 MSTModes 378.64474
>> Generate s=-1 MSTModes 372.793057
>> Generate hκModes 519.587408
3. Jumps
>> 2.200478
>> 22.992785
>> 13.94332
>> 212.639897
>> 1201.319267
>> 898.681058
>> LinearSolve for s1 and κ jumps 0.481227
>> κ and s1 jumps 2357.923788
4. Prepare grid and mode functions.
>> s=-2 MSTModes 0.415197
>> MMp2gridL 2.165288
>> MMp2gridR 13.153762
>> s=-1 MSTModes 0.226442
>> MMp1gridL 0.123936
>> MMp1gridR 0.729367
>> s=0 MSTModes 0.371607
A. Fill 1D grid.
>> s = 2, UP ... 159.992204
>> s = 1, UP ... 32.085101
>> s = 0, UP ... 69.886473
>> s = 2, IN ... 56.718254
>> s = 1, IN ... 5.279226
>> s = 0, IN ... 10.083903
1. Preliminaries.
Calculating B-matrices and Eigenvalues
2. Generate MSTModes
>> Generate s=-2 MSTModes 413.12696
>> Generate s=-1 MSTModes 405.448732
>> Generate hκModes 526.896895
3. Jumps
>> 2.026472
>> 22.069103
>> 14.165839
>> 199.927315
>> 1141.739793
>> 850.417674
>> LinearSolve for s1 and κ jumps 0.874104
>> κ and s1 jumps 2236.546018
4. Prepare grid and mode functions.
>> s=-2 MSTModes 0.409625
>> MMp2gridL 2.144554
>> MMp2gridR 12.800697
>> s=-1 MSTModes 0.221555
>> MMp1gridL 0.123393
>> MMp1gridR 0.719918
>> s=0 MSTModes 0.367055
A. Fill 1D grid.
>> s = 2, UP ... 155.610677
>> s = 1, UP ... 30.65989
>> s = 0, UP ... 67.637193
>> s = 2, IN ... 56.034587
>> s = 1, IN ... 5.066281
>> s = 0, IN ... 9.747146
1. Preliminaries.
Calculating B-matrices and Eigenvalues
2. Generate MSTModes
>> Generate s=-2 MSTModes 451.578204
>> Generate s=-1 MSTModes 437.716436
>> Generate hκModes 531.811884
3. Jumps
>> 2.016242
>> 20.255747
>> 14.141758
>> 181.932351
