Task 14 on node719.cluster: a=0.99 r0=8.1
Job started: a = 0.99, r0 = 8.1, savepath = /lustre/astro/dyson/DataFiles/KerrCircSourceFiles/h1RadialTube
Warning: rstarmin is outside the allowed range.
Now we Calculate the Radiative Solutions
1. Preliminaries.
Calculating B-matrices and Eigenvalues
2. Generate MSTModes
>> Generate s=-2 MSTModes 244.009477
>> Generate s=-1 MSTModes 242.506613
>> Generate hκModes 582.000799
3. Jumps
>> 2.499907
>> 27.457422
>> 11.48774
>> 73.912922
>> 668.668293
>> 323.309877
>> LinearSolve for s1 and κ jumps 0.014929
>> κ and s1 jumps 1115.402408
4. Prepare grid and mode functions.
>> s=-2 MSTModes 0.403732
>> MMp2gridL 2.460129
>> MMp2gridR 12.97324
>> s=-1 MSTModes 0.156912
>> MMp1gridL 0.098687
>> MMp1gridR 0.468879
>> s=0 MSTModes 0.343288
A. Fill 1D grid.
>> s = 2, UP ... 171.177227
>> s = 1, UP ... 4.434263
>> s = 0, UP ... 35.312526
>> s = 2, IN ... 61.596297
>> s = 1, IN ... 3.455551

                                                                                               -224        -309
General::munfl: (-3.140700715102759558001258866660794949649866008896002147856381142318070875 10     - 1. 10     I) + (0. + 0. I) is too small to represent as a normalized machine number; precision may be lost.

                                                                                               -226        -311
General::munfl: (-9.813519525830975798422010799928950829329102024603734253021292195396598557 10     - 4. 10     I) + (0. + 0. I) is too small to represent as a normalized machine number; precision may be lost.

                                                                                               -227        -312
General::munfl: (-2.357809917532913605117098639787171423516856138192048916481483462263616630 10     - 1. 10     I) + (0. + 0. I) is too small to represent as a normalized machine number; precision may be lost.

General::stop: Further output of General::munfl will be suppressed during this calculation.
>> s = 0, IN ... 7.711551
1. Preliminaries.
Calculating B-matrices and Eigenvalues
2. Generate MSTModes
>> Generate s=-2 MSTModes 290.840251
>> Generate s=-1 MSTModes 282.860653
>> Generate hκModes 543.290503
3. Jumps
>> 2.388521
>> 28.142728
>> 12.875239
>> 70.052741
>> 664.135076
>> 307.487918
>> LinearSolve for s1 and κ jumps 0.828833
>> κ and s1 jumps 1091.834618
4. Prepare grid and mode functions.
>> s=-2 MSTModes 0.415129
>> MMp2gridL 2.481893
>> MMp2gridR 13.177944
>> s=-1 MSTModes 0.239132
>> MMp1gridL 0.143054
>> MMp1gridR 0.753112
>> s=0 MSTModes 0.380407
A. Fill 1D grid.
>> s = 2, UP ... 164.015162
>> s = 1, UP ... 32.87761
>> s = 0, UP ... 45.070076
>> s = 2, IN ... 61.725063
>> s = 1, IN ... 5.811399
>> s = 0, IN ... 8.443156
1. Preliminaries.
Calculating B-matrices and Eigenvalues
2. Generate MSTModes
>> Generate s=-2 MSTModes 327.386606
>> Generate s=-1 MSTModes 318.86787
>> Generate hκModes 536.098543
3. Jumps
>> 2.43911
>> 27.038996
>> 13.286566
>> 254.589496
>> 1429.888345
>> 1077.750632
>> LinearSolve for s1 and κ jumps 0.580355
>> κ and s1 jumps 2811.770893
4. Prepare grid and mode functions.
>> s=-2 MSTModes 0.410002
>> MMp2gridL 2.417357
>> MMp2gridR 12.756893
>> s=-1 MSTModes 0.234679
>> MMp1gridL 0.140339
>> MMp1gridR 0.741129
>> s=0 MSTModes 0.374391
A. Fill 1D grid.
>> s = 2, UP ... 159.160464
>> s = 1, UP ... 31.443373
>> s = 0, UP ... 65.660076
>> s = 2, IN ... 61.43042
>> s = 1, IN ... 5.711876
>> s = 0, IN ... 11.09533
1. Preliminaries.
Calculating B-matrices and Eigenvalues
2. Generate MSTModes
>> Generate s=-2 MSTModes 366.393673
>> Generate s=-1 MSTModes 356.316022
>> Generate hκModes 539.27415
3. Jumps
>> 2.217453
>> 24.797141
>> 13.672253
>> 232.19051
>> 1310.027438
>> 984.996311
>> LinearSolve for s1 and κ jumps 0.681028
>> κ and s1 jumps 2574.394185
4. Prepare grid and mode functions.
>> s=-2 MSTModes 0.401749
>> MMp2gridL 2.380329
>> MMp2gridR 12.585728
>> s=-1 MSTModes 0.230158
>> MMp1gridL 0.137619
>> MMp1gridR 0.728306
>> s=0 MSTModes 0.370708
A. Fill 1D grid.
>> s = 2, UP ... 156.281824
>> s = 1, UP ... 30.838007
>> s = 0, UP ... 65.711225
>> s = 2, IN ... 60.887833
>> s = 1, IN ... 5.641901
>> s = 0, IN ... 10.79459
1. Preliminaries.
Calculating B-matrices and Eigenvalues
2. Generate MSTModes
>> Generate s=-2 MSTModes 400.220512
>> Generate s=-1 MSTModes 392.057846
>> Generate hκModes 544.484255
3. Jumps
>> 2.133408
>> 22.712383
>> 13.866042
>> 212.78964
>> 1194.18016
>> 886.587738
>> LinearSolve for s1 and κ jumps 0.660227
>> κ and s1 jumps 2338.357708
4. Prepare grid and mode functions.
>> s=-2 MSTModes 0.386938
>> MMp2gridL 2.329038
>> MMp2gridR 12.144837
>> s=-1 MSTModes 0.221939
>> MMp1gridL 0.134637
>> MMp1gridR 0.708955
>> s=0 MSTModes 0.360404
A. Fill 1D grid.
>> s = 2, UP ... 150.001655
>> s = 1, UP ... 28.488593
>> s = 0, UP ... 61.586447
>> s = 2, IN ... 60.359498
>> s = 1, IN ... 5.496325
>> s = 0, IN ... 10.596096
1. Preliminaries.
Calculating B-matrices and Eigenvalues
2. Generate MSTModes
>> Generate s=-2 MSTModes 435.760866
>> Generate s=-1 MSTModes 425.737562
>> Generate hκModes 549.696705
3. Jumps
>> 2.044495
>> 21.913485
>> 13.863183
>> 196.930307
>> 1128.577307
>> 845.361393
>> LinearSolve for s1 and κ jumps 0.851276
>> κ and s1 jumps 2214.724017
4. Prepare grid and mode functions.
>> s=-2 MSTModes 0.391432
>> MMp2gridL 2.271053
>> MMp2gridR 12.007538
>> s=-1 MSTModes 0.218992
>> MMp1gridL 0.131852
>> MMp1gridR 0.694208
>> s=0 MSTModes 0.353934
A. Fill 1D grid.
>> s = 2, UP ... 143.577306
>> s = 1, UP ... 27.315996
>> s = 0, UP ... 58.341356
>> s = 2, IN ... 59.966074
>> s = 1, IN ... 5.354495
>> s = 0, IN ... 10.263275
1. Preliminaries.
Calculating B-matrices and Eigenvalues
2. Generate MSTModes
>> Generate s=-2 MSTModes 476.150919
>> Generate s=-1 MSTModes 465.04365
>> Generate hκModes 558.427211
3. Jumps
>> 1.967539
>> 20.069724
>> 14.004716
>> 185.059715
>> 1037.341655
>> 775.31739
>> LinearSolve for s1 and κ jumps 0.704017
>> κ and s1 jumps 2039.339073
4. Prepare grid and mode functions.
>> s=-2 MSTModes 0.381218
>> MMp2gridL 2.223285
>> MMp2gridR 11.649568
>> s=-1 MSTModes 0.214689
>> MMp1gridL 0.129614
>> MMp1gridR 0.683223
>> s=0 MSTModes 0.349753
A. Fill 1D grid.
>> s = 2, UP ... 139.009934
>> s = 1, UP ... 26.312667
>> s = 0, UP ... 55.050824
>> s = 2, IN ... 59.275359
>> s = 1, IN ... 5.256851
>> s = 0, IN ... 10.031873
1. Preliminaries.
Calculating B-matrices and Eigenvalues
2. Generate MSTModes
>> Generate s=-2 MSTModes 521.422436
>> Generate s=-1 MSTModes 510.177895
>> Generate hκModes 564.798483
3. Jumps
>> 1.85984
>> 19.299481
>> 13.922313
>> 165.934401
>> 953.227564
>> 702.794328
>> LinearSolve for s1 and κ jumps 0.652966
>> κ and s1 jumps 1862.314883
4. Prepare grid and mode functions.
>> s=-2 MSTModes 0.378079
>> MMp2gridL 2.181426
>> MMp2gridR 11.491998
>> s=-1 MSTModes 0.210822
>> MMp1gridL 0.126692
>> MMp1gridR 0.667357
>> s=0 MSTModes 0.342674
A. Fill 1D grid.
>> s = 2, UP ... 133.751256
>> s = 1, UP ... 25.333538
>> s = 0, UP ... 53.163107
>> s = 2, IN ... 58.962356
>> s = 1, IN ... 5.115855
>> s = 0, IN ... 9.847199
1. Preliminaries.
Calculating B-matrices and Eigenvalues
2. Generate MSTModes
>> Generate s=-2 MSTModes 566.55841
>> Generate s=-1 MSTModes 555.359149
>> Generate hκModes 573.450414
3. Jumps
>> 1.7989
>> 17.657413
>> 13.838915
>> 152.341177
>> 864.175966
>> 637.795648
>> LinearSolve for s1 and κ jumps 0.433116
>> κ and s1 jumps 1692.321958
4. Prepare grid and mode functions.
>> s=-2 MSTModes 0.368564
>> MMp2gridL 2.121409
>> MMp2gridR 11.236113
>> s=-1 MSTModes 0.206667
>> MMp1gridL 0.124085
>> MMp1gridR 0.657626
>> s=0 MSTModes 0.334556
A. Fill 1D grid.
>> s = 2, UP ... 128.726892
>> s = 1, UP ... 23.992215
>> s = 0, UP ... 50.655578
>> s = 2, IN ... 58.051996
>> s = 1, IN ... 4.975283
>> s = 0, IN ... 9.458019
1. Preliminaries.
Calculating B-matrices and Eigenvalues
2. Generate MSTModes
>> Generate s=-2 MSTModes 615.773549
>> Generate s=-1 MSTModes 603.341107
>> Generate hκModes 563.397287
3. Jumps
>> 1.741004
>> 16.9652
>> 13.682282
>> 144.167217
>> 819.602157
>> 601.345479
>> LinearSolve for s1 and κ jumps 0.675715
>> κ and s1 jumps 1602.211209
4. Prepare grid and mode functions.
>> s=-2 MSTModes 0.357114
>> MMp2gridL 2.068577
>> MMp2gridR 10.908818
>> s=-1 MSTModes 0.201933
>> MMp1gridL 0.121451
>> MMp1gridR 0.644426
>> s=0 MSTModes 0.325891
A. Fill 1D grid.
>> s = 2, UP ... 123.894138
>> s = 1, UP ... 22.842316
>> s = 0, UP ... 48.143257
>> s = 2, IN ... 57.63782
>> s = 1, IN ... 4.849231
>> s = 0, IN ... 9.2898
1. Preliminaries.
Calculating B-matrices and Eigenvalues
2. Generate MSTModes
>> Generate s=-2 MSTModes 674.490585
>> Generate s=-1 MSTModes 666.947919
>> Generate hκModes 569.091564
3. Jumps
>> 1.679302
>> 15.467386
>> 14.475148
>> 126.7026
>> 730.186481
>> 529.29271
>> LinearSolve for s1 and κ jumps 0.536905
>> κ and s1 jumps 1422.107227
4. Prepare grid and mode functions.
>> s=-2 MSTModes 0.352573
>> MMp2gridL 2.035207
>> MMp2gridR 10.658806
>> s=-1 MSTModes 0.198991
>> MMp1gridL 0.119055
>> MMp1gridR 0.633672
>> s=0 MSTModes 0.320805
A. Fill 1D grid.
>> s = 2, UP ... 120.838634
>> s = 1, UP ... 22.21547
>> s = 0, UP ... 47.269614
>> s = 2, IN ... 57.444939
>> s = 1, IN ... 4.767705
>> s = 0, IN ... 9.020369
1. Preliminaries.
Calculating B-matrices and Eigenvalues
2. Generate MSTModes
>> Generate s=-2 MSTModes 720.195437
>> Generate s=-1 MSTModes 707.517169
>> Generate hκModes 574.573177
3. Jumps
>> 1.587528
>> 15.061902
>> 13.488803
>> 120.244442
>> 691.963056
>> 500.111697
>> LinearSolve for s1 and κ jumps 0.592944
>> κ and s1 jumps 1346.547956
4. Prepare grid and mode functions.
>> s=-2 MSTModes 0.347308
>> MMp2gridL 1.977851
>> MMp2gridR 10.442155
>> s=-1 MSTModes 0.199431
>> MMp1gridL 0.116825
>> MMp1gridR 0.620178
>> s=0 MSTModes 0.315856
A. Fill 1D grid.
>> s = 2, UP ... 117.35402
>> s = 1, UP ... 20.926281
>> s = 0, UP ... 44.854353
>> s = 2, IN ... 57.001012
>> s = 1, IN ... 4.643547
>> s = 0, IN ... 8.784662
1. Preliminaries.
Calculating B-matrices and Eigenvalues
2. Generate MSTModes
>> Generate s=-2 MSTModes 764.258216
>> Generate s=-1 MSTModes 759.153463
>> Generate hκModes 578.316224
3. Jumps
>> 1.537515
>> 13.304629
>> 13.12644
>> 107.537987
>> 617.263173
>> 443.036504
>> LinearSolve for s1 and κ jumps 0.781744
>> κ and s1 jumps 1199.942272
4. Prepare grid and mode functions.
>> s=-2 MSTModes 0.340275
>> MMp2gridL 1.930947
>> MMp2gridR 10.103475
>> s=-1 MSTModes 0.195808
>> MMp1gridL 0.113173
>> MMp1gridR 0.605983
>> s=0 MSTModes 0.305495
A. Fill 1D grid.
>> s = 2, UP ... 113.093686
>> s = 1, UP ... 20.24067
>> s = 0, UP ... 42.671773
>> s = 2, IN ... 56.784184
>> s = 1, IN ... 4.54589
>> s = 0, IN ... 8.505824
1. Preliminaries.
Calculating B-matrices and Eigenvalues
2. Generate MSTModes
>> Generate s=-2 MSTModes 813.705859
>> Generate s=-1 MSTModes 809.756763
>> Generate hκModes 584.264944
3. Jumps
>> 1.475326
>> 12.723038
>> 12.944141
>> 100.694065
>> 581.434612
>> 416.329372
>> LinearSolve for s1 and κ jumps 0.799682
>> κ and s1 jumps 1129.534
4. Prepare grid and mode functions.
>> s=-2 MSTModes 0.352472
>> MMp2gridL 1.942821
>> MMp2gridR 9.881225
>> s=-1 MSTModes 0.200828
>> MMp1gridL 0.113209
>> MMp1gridR 0.617814
>> s=0 MSTModes 0.336408
A. Fill 1D grid.
>> s = 2, UP ... 113.564934
>> s = 1, UP ... 20.964229
>> s = 0, UP ... 44.078355
>> s = 2, IN ... 57.011548
>> s = 1, IN ... 4.588968
>> s = 0, IN ... 8.584674
1. Preliminaries.
Calculating B-matrices and Eigenvalues
2. Generate MSTModes
>> Generate s=-2 MSTModes 882.148592
>> Generate s=-1 MSTModes 873.684246
>> Generate hκModes 590.553513
3. Jumps
>> 1.419105
>> 11.594033
>> 12.527017
>> 88.717804
>> 517.226733
>> 366.766743
>> LinearSolve for s1 and κ jumps 0.593936
>> κ and s1 jumps 1001.793299
4. Prepare grid and mode functions.
>> s=-2 MSTModes 0.343704
>> MMp2gridL 1.82611
>> MMp2gridR 9.795597
>> s=-1 MSTModes 0.19545
>> MMp1gridL 0.110099
>> MMp1gridR 0.593693
>> s=0 MSTModes 0.321959
A. Fill 1D grid.
>> s = 2, UP ... 106.15958
>> s = 1, UP ... 18.778588
>> s = 0, UP ... 39.419831
>> s = 2, IN ... 55.808854
>> s = 1, IN ... 4.348301
>> s = 0, IN ... 8.100359
1. Preliminaries.
Calculating B-matrices and Eigenvalues
2. Generate MSTModes
>> Generate s=-2 MSTModes 959.319771
>> Generate s=-1 MSTModes 950.266991
>> Generate hκModes 590.991356
3. Jumps
>> 1.376569
>> 10.701326
>> 13.143097
>> 79.97618
>> 476.153991
>> 333.745191
>> LinearSolve for s1 and κ jumps 0.632728
>> κ and s1 jumps 918.438698
4. Prepare grid and mode functions.
>> s=-2 MSTModes 0.331944
>> MMp2gridL 1.7668
>> MMp2gridR 9.346166
>> s=-1 MSTModes 0.188224
>> MMp1gridL 0.106377
>> MMp1gridR 0.577166
>> s=0 MSTModes 0.303676
A. Fill 1D grid.
>> s = 2, UP ... 104.543369
>> s = 1, UP ... 18.602344
>> s = 0, UP ... 38.863534
>> s = 2, IN ... 56.353757
>> s = 1, IN ... 4.432491
>> s = 0, IN ... 8.019527
1. Preliminaries.
Calculating B-matrices and Eigenvalues
2. Generate MSTModes
>> Generate s=-2 MSTModes 1016.552724
>> Generate s=-1 MSTModes 1003.929517
>> Generate hκModes 595.341544
3. Jumps
>> 1.298402
>> 10.262491
>> 12.014648
>> 72.399188
>> 432.402917
>> 299.146806
>> LinearSolve for s1 and κ jumps 0.838786
>> κ and s1 jumps 830.886195
4. Prepare grid and mode functions.
>> s=-2 MSTModes 0.329228
>> MMp2gridL 1.732499
>> MMp2gridR 9.207149
>> s=-1 MSTModes 0.186318
>> MMp1gridL 0.103917
>> MMp1gridR 0.563388
>> s=0 MSTModes 0.315074
A. Fill 1D grid.
>> s = 2, UP ... 100.781481
>> s = 1, UP ... 17.761478
>> s = 0, UP ... 36.51655
>> s = 2, IN ... 55.20619
>> s = 1, IN ... 4.182281
>> s = 0, IN ... 7.70168
1. Preliminaries.
Calculating B-matrices and Eigenvalues
2. Generate MSTModes
>> Generate s=-2 MSTModes 1087.655594
>> Generate s=-1 MSTModes 1066.485082
>> Generate hκModes 594.746322
3. Jumps
>> 1.261772
>> 9.278944
>> 11.588424
>> 64.214347
>> 386.751528
>> 266.957238
>> LinearSolve for s1 and κ jumps 0.609682
>> κ and s1 jumps 743.040219
4. Prepare grid and mode functions.
>> s=-2 MSTModes 0.322993
>> MMp2gridL 1.674514
>> MMp2gridR 9.067168
>> s=-1 MSTModes 0.183456
>> MMp1gridL 0.10129
>> MMp1gridR 0.558245
>> s=0 MSTModes 0.317745
A. Fill 1D grid.
>> s = 2, UP ... 98.061585
>> s = 1, UP ... 17.081824
>> s = 0, UP ... 35.833638
>> s = 2, IN ... 55.116389
>> s = 1, IN ... 4.165226
>> s = 0, IN ... 7.568913
1. Preliminaries.
Calculating B-matrices and Eigenvalues
2. Generate MSTModes
>> Generate s=-2 MSTModes 1154.014784
>> Generate s=-1 MSTModes 1134.626947
>> Generate hκModes 595.128643
3. Jumps
>> 68.138168
>> 10.75132
>> 578.696143
>> 155.807919
>> 754.641718
>> 478.567752
>> LinearSolve for s1 and κ jumps 0.99885
>> κ and s1 jumps 2053.95029
4. Prepare grid and mode functions.
>> s=-2 MSTModes 1.436337
>> MMp2gridL 10.227154
>> MMp2gridR 53.594405
>> s=-1 MSTModes 1.427917
>> MMp1gridL 2.365084
>> MMp1gridR 3.260489
>> s=0 MSTModes 1.587568
A. Fill 1D grid.
>> s = 2, UP ... 1122.30818
>> s = 1, UP ... 103.99387
>> s = 0, UP ... 264.368771
>> s = 2, IN ... 198.867163
>> s = 1, IN ... 18.093251
>> s = 0, IN ... 35.734478
1. Preliminaries.
Calculating B-matrices and Eigenvalues
2. Generate MSTModes
>> Generate s=-2 MSTModes 4336.385281
>> Generate s=-1 MSTModes 5924.482555
>> Generate hκModes 12961.410386
3. Jumps
>> 69.730298
>> 69.026504
>> 587.712029
>> 122.669677
>> 604.143214
>> 388.703374
>> LinearSolve for s1 and κ jumps 0.942336
>> κ and s1 jumps 1849.207294
4. Prepare grid and mode functions.
>> s=-2 MSTModes 1.897357
>> MMp2gridL 14.021728
>> MMp2gridR 44.466036
>> s=-1 MSTModes 0.892028
>> MMp1gridL 0.963275
>> MMp1gridR 2.955464
>> s=0 MSTModes 1.476638
A. Fill 1D grid.
>> s = 2, UP ... 1033.222834
>> s = 1, UP ... 81.727491
>> s = 0, UP ... 223.924201
>> s = 2, IN ... 188.597419
>> s = 1, IN ... 19.043211
>> s = 0, IN ... 29.215329
1. Preliminaries.
Calculating B-matrices and Eigenvalues
2. Generate MSTModes
>> Generate s=-2 MSTModes 3163.907003
>> Generate s=-1 MSTModes 5145.777356
>> Generate hκModes 7404.360427
3. Jumps
>> 56.968736
>> 63.617634
>> 10.500701
>> 113.837864
>> 489.870264
>> 338.868905
>> LinearSolve for s1 and κ jumps 0.710362
>> κ and s1 jumps 1079.111806
4. Prepare grid and mode functions.
>> s=-2 MSTModes 2.094044
>> MMp2gridL 12.782513
>> MMp2gridR 44.379582
>> s=-1 MSTModes 1.002316
>> MMp1gridL 0.655087
>> MMp1gridR 2.771555
>> s=0 MSTModes 1.194202
A. Fill 1D grid.
>> s = 2, UP ... 821.210926
>> s = 1, UP ... 89.548255
>> s = 0, UP ... 52.242578
>> s = 2, IN ... 192.318509
>> s = 1, IN ... 16.385792
>> s = 0, IN ... 26.189846
1. Preliminaries.
Calculating B-matrices and Eigenvalues
2. Generate MSTModes
>> Generate s=-2 MSTModes 2936.318199
>> Generate s=-1 MSTModes 1501.741727
>> Generate hκModes 588.771304
3. Jumps
>> 1.196974
>> 6.526498
>> 10.220291
>> 40.731716
>> 518.055777
>> 355.693965
>> LinearSolve for s1 and κ jumps 0.960417
>> κ and s1 jumps 938.103637
4. Prepare grid and mode functions.
>> s=-2 MSTModes 2.204226
>> MMp2gridL 12.850204
>> MMp2gridR 45.381575
>> s=-1 MSTModes 0.790878
>> MMp1gridL 0.788252
>> MMp1gridR 2.63449
>> s=0 MSTModes 1.265702
A. Fill 1D grid.
>> s = 2, UP ... 1103.18642
>> s = 1, UP ... 116.114798
>> s = 0, UP ... 303.017667
>> s = 2, IN ... 239.469166
>> s = 1, IN ... 17.968008
>> s = 0, IN ... 29.938415
1. Preliminaries.
Calculating B-matrices and Eigenvalues
2. Generate MSTModes
>> Generate s=-2 MSTModes 5466.438303
>> Generate s=-1 MSTModes 1734.406718
