Task 8 on node722.cluster: a=0.6 r0=8.0
Job started: a = 0.6, r0 = 8., savepath = /lustre/astro/dyson/DataFiles/KerrCircSourceFiles/h1RadialTube
Warning: rstarmin is outside the allowed range.
Now we Calculate the Radiative Solutions
1. Preliminaries.
Calculating B-matrices and Eigenvalues
2. Generate MSTModes
>> Generate s=-2 MSTModes 225.898745
>> Generate s=-1 MSTModes 226.230454
>> Generate hκModes 558.079346
3. Jumps
>> 2.541055
>> 28.402952
>> 12.043979
>> 75.151727
>> 689.528261
>> 330.927359
>> LinearSolve for s1 and κ jumps 0.015786
>> κ and s1 jumps 1146.826748
4. Prepare grid and mode functions.
>> s=-2 MSTModes 0.415202
>> MMp2gridL 2.224295
>> MMp2gridR 13.744898
>> s=-1 MSTModes 0.156856
>> MMp1gridL 0.090946
>> MMp1gridR 0.482902
>> s=0 MSTModes 0.358038
A. Fill 1D grid.
>> s = 2, UP ... 181.405388
>> s = 1, UP ... 4.51041
>> s = 0, UP ... 40.763346
>> s = 2, IN ... 57.73669
>> s = 1, IN ... 3.266294

                                                                                                   -220        -308
General::munfl: (-5.2930699592055111418672886209550181879388822274960181137639226322405904162531 10     - 2. 10     I) + (0. + 0. I) is too small to represent as a normalized machine number; precision may be lost.

                                                                                                    -220        -309
General::munfl: (-1.16172812256318592194650641924172385106174731261924123281621771512530281324676 10     - 5. 10     I) + (0. + 0. I) is too small to represent as a normalized machine number; precision may be lost.

                                                                                                   -221        -309
General::munfl: (-2.4230414035124051895998345601172385647498341810297279885206140489061360644038 10     - 2. 10     I) + (0. + 0. I) is too small to represent as a normalized machine number; precision may be lost.

General::stop: Further output of General::munfl will be suppressed during this calculation.
>> s = 0, IN ... 7.277457
1. Preliminaries.
Calculating B-matrices and Eigenvalues
2. Generate MSTModes
>> Generate s=-2 MSTModes 268.821412
>> Generate s=-1 MSTModes 264.304401
>> Generate hκModes 519.444515
3. Jumps
>> 2.575834
>> 28.054189
>> 12.860044
>> 70.502627
>> 663.044234
>> 299.260142
>> LinearSolve for s1 and κ jumps 0.677327
>> κ and s1 jumps 1082.897178
4. Prepare grid and mode functions.
>> s=-2 MSTModes 0.430579
>> MMp2gridL 2.246928
>> MMp2gridR 13.867207
>> s=-1 MSTModes 0.235936
>> MMp1gridL 0.127883
>> MMp1gridR 0.766144
>> s=0 MSTModes 0.387608
A. Fill 1D grid.
>> s = 2, UP ... 176.630663
>> s = 1, UP ... 36.267323
>> s = 0, UP ... 51.498201
>> s = 2, IN ... 57.632729
>> s = 1, IN ... 5.587812
>> s = 0, IN ... 7.950741
1. Preliminaries.
Calculating B-matrices and Eigenvalues
2. Generate MSTModes
>> Generate s=-2 MSTModes 303.552485
>> Generate s=-1 MSTModes 298.088007
>> Generate hκModes 510.842539
3. Jumps
>> 2.356323
>> 25.92695
>> 13.569542
>> 64.591101
>> 614.724138
>> 274.503433
>> LinearSolve for s1 and κ jumps 0.537639
>> κ and s1 jumps 1001.72551
4. Prepare grid and mode functions.
>> s=-2 MSTModes 0.425611
>> MMp2gridL 2.223503
>> MMp2gridR 13.49318
>> s=-1 MSTModes 0.231668
>> MMp1gridL 0.127763
>> MMp1gridR 0.755228
>> s=0 MSTModes 0.379782
A. Fill 1D grid.
>> s = 2, UP ... 171.540727
>> s = 1, UP ... 34.646325
>> s = 0, UP ... 49.306244
>> s = 2, IN ... 56.970936
>> s = 1, IN ... 5.438522
>> s = 0, IN ... 7.727786
1. Preliminaries.
Calculating B-matrices and Eigenvalues
2. Generate MSTModes
>> Generate s=-2 MSTModes 338.113437
>> Generate s=-1 MSTModes 332.849184
>> Generate hκModes 515.869779
3. Jumps
>> 2.339532
>> 25.12801
>> 14.148394
>> 60.5771
>> 584.593649
>> 263.392428
>> LinearSolve for s1 and κ jumps 0.726406
>> κ and s1 jumps 956.274642
4. Prepare grid and mode functions.
>> s=-2 MSTModes 0.421134
>> MMp2gridL 2.188409
>> MMp2gridR 13.309352
>> s=-1 MSTModes 0.226268
>> MMp1gridL 0.124143
>> MMp1gridR 0.741845
>> s=0 MSTModes 0.376203
A. Fill 1D grid.
>> s = 2, UP ... 164.85782
>> s = 1, UP ... 33.17854
>> s = 0, UP ... 48.406991
>> s = 2, IN ... 56.870638
>> s = 1, IN ... 5.283177
>> s = 0, IN ... 7.641051
1. Preliminaries.
Calculating B-matrices and Eigenvalues
2. Generate MSTModes
>> Generate s=-2 MSTModes 377.873971
>> Generate s=-1 MSTModes 372.994227
>> Generate hκModes 522.128653
3. Jumps
>> 2.169482
>> 23.176724
>> 15.184295
>> 213.340312
>> 1205.403717
>> 873.775472
>> LinearSolve for s1 and κ jumps 0.764345
>> κ and s1 jumps 2339.415495
4. Prepare grid and mode functions.
>> s=-2 MSTModes 0.394947
>> MMp2gridL 2.090195
>> MMp2gridR 12.834461
>> s=-1 MSTModes 0.224143
>> MMp1gridL 0.121873
>> MMp1gridR 0.724196
>> s=0 MSTModes 0.365674
A. Fill 1D grid.
>> s = 2, UP ... 159.94329
>> s = 1, UP ... 31.661706
>> s = 0, UP ... 70.347791
>> s = 2, IN ... 55.975854
>> s = 1, IN ... 5.213652
>> s = 0, IN ... 9.98131
1. Preliminaries.
Calculating B-matrices and Eigenvalues
2. Generate MSTModes
>> Generate s=-2 MSTModes 406.21086
>> Generate s=-1 MSTModes 399.926564
>> Generate hκModes 526.486507
3. Jumps
>> 2.098022
>> 22.032769
>> 14.333275
>> 196.924629
>> 1119.191375
>> 798.92626
>> LinearSolve for s1 and κ jumps 0.77439
>> κ and s1 jumps 2159.510762
4. Prepare grid and mode functions.
>> s=-2 MSTModes 0.397676
>> MMp2gridL 2.036444
>> MMp2gridR 12.638242
>> s=-1 MSTModes 0.217332
>> MMp1gridL 0.118873
>> MMp1gridR 0.716125
>> s=0 MSTModes 0.360137
A. Fill 1D grid.
>> s = 2, UP ... 154.507009
>> s = 1, UP ... 30.940147
>> s = 0, UP ... 67.566261
>> s = 2, IN ... 55.423423
>> s = 1, IN ... 5.041099
>> s = 0, IN ... 9.6178
1. Preliminaries.
Calculating B-matrices and Eigenvalues
2. Generate MSTModes
>> Generate s=-2 MSTModes 443.542215
>> Generate s=-1 MSTModes 436.568943
>> Generate hκModes 533.638321
3. Jumps
>> 2.006917
>> 20.520551
>> 14.321419
>> 186.612983
>> 1047.19164
>> 781.157884
>> LinearSolve for s1 and κ jumps 0.631843
>> κ and s1 jumps 2057.530413
4. Prepare grid and mode functions.
>> s=-2 MSTModes 0.398742
>> MMp2gridL 2.025392
>> MMp2gridR 12.50809
>> s=-1 MSTModes 0.217357
>> MMp1gridL 0.119393
>> MMp1gridR 0.706638
>> s=0 MSTModes 0.356382
A. Fill 1D grid.
>> s = 2, UP ... 157.976684
>> s = 1, UP ... 33.535523
>> s = 0, UP ... 73.204805
>> s = 2, IN ... 56.080258
>> s = 1, IN ... 5.20887
>> s = 0, IN ... 9.785686
1. Preliminaries.
Calculating B-matrices and Eigenvalues
2. Generate MSTModes
>> Generate s=-2 MSTModes 490.762618
>> Generate s=-1 MSTModes 484.882483
>> Generate hκModes 544.039255
3. Jumps
>> 1.903198
>> 19.284824
>> 14.356308
>> 166.316327
>> 956.592761
>> 705.000993
>> LinearSolve for s1 and κ jumps 0.889777
>> κ and s1 jumps 1869.062857
4. Prepare grid and mode functions.
>> s=-2 MSTModes 0.391866
>> MMp2gridL 1.977339
>> MMp2gridR 12.219812
>> s=-1 MSTModes 0.212943
>> MMp1gridL 0.114794
>> MMp1gridR 0.687186
>> s=0 MSTModes 0.350436
A. Fill 1D grid.
>> s = 2, UP ... 144.654732
>> s = 1, UP ... 28.29019
>> s = 0, UP ... 61.973414
>> s = 2, IN ... 54.785535
>> s = 1, IN ... 4.838183
>> s = 0, IN ... 9.175827
1. Preliminaries.
Calculating B-matrices and Eigenvalues
2. Generate MSTModes
>> Generate s=-2 MSTModes 542.870981
>> Generate s=-1 MSTModes 535.093831
>> Generate hκModes 549.797544
3. Jumps
>> 1.813075
>> 17.382693
>> 14.12647
>> 150.393219
>> 858.326318
>> 632.594898
>> LinearSolve for s1 and κ jumps 0.764386
>> κ and s1 jumps 1679.734413
4. Prepare grid and mode functions.
>> s=-2 MSTModes 0.372535
>> MMp2gridL 1.925431
>> MMp2gridR 11.84352
>> s=-1 MSTModes 0.207776
>> MMp1gridL 0.113433
>> MMp1gridR 0.680418
>> s=0 MSTModes 0.339362
A. Fill 1D grid.
>> s = 2, UP ... 139.424194
>> s = 1, UP ... 26.781817
>> s = 0, UP ... 58.806977
>> s = 2, IN ... 54.258503
>> s = 1, IN ... 4.694133
>> s = 0, IN ... 8.868115
1. Preliminaries.
Calculating B-matrices and Eigenvalues
2. Generate MSTModes
>> Generate s=-2 MSTModes 585.18928
>> Generate s=-1 MSTModes 576.149118
>> Generate hκModes 556.205487
3. Jumps
>> 1.739736
>> 16.880926
>> 13.936888
>> 141.5273
>> 818.208393
>> 597.539913
>> LinearSolve for s1 and κ jumps 0.827892
>> κ and s1 jumps 1594.828654
4. Prepare grid and mode functions.
>> s=-2 MSTModes 0.38046
>> MMp2gridL 1.898087
>> MMp2gridR 11.770907
>> s=-1 MSTModes 0.203525
>> MMp1gridL 0.11178
>> MMp1gridR 0.666234
>> s=0 MSTModes 0.334705
A. Fill 1D grid.
>> s = 2, UP ... 135.325602
>> s = 1, UP ... 25.979859
>> s = 0, UP ... 56.439984
>> s = 2, IN ... 53.747306
>> s = 1, IN ... 4.573103
>> s = 0, IN ... 8.569228
1. Preliminaries.
Calculating B-matrices and Eigenvalues
2. Generate MSTModes
>> Generate s=-2 MSTModes 636.961525
>> Generate s=-1 MSTModes 631.196264
>> Generate hκModes 563.823848
3. Jumps
>> 1.702607
>> 15.591143
>> 13.925059
>> 129.21873
>> 741.37601
>> 540.076323
>> LinearSolve for s1 and κ jumps 0.734039
>> κ and s1 jumps 1446.462106
4. Prepare grid and mode functions.
>> s=-2 MSTModes 0.373687
>> MMp2gridL 1.854073
>> MMp2gridR 11.554208
>> s=-1 MSTModes 0.202515
>> MMp1gridL 0.108527
>> MMp1gridR 0.653148
>> s=0 MSTModes 0.326703
A. Fill 1D grid.
>> s = 2, UP ... 131.373997
>> s = 1, UP ... 25.098871
>> s = 0, UP ... 54.677686
>> s = 2, IN ... 53.454893
>> s = 1, IN ... 4.484566
>> s = 0, IN ... 8.438352
1. Preliminaries.
Calculating B-matrices and Eigenvalues
2. Generate MSTModes
>> Generate s=-2 MSTModes 694.623813
>> Generate s=-1 MSTModes 690.657006
>> Generate hκModes 570.450798
3. Jumps
>> 1.632307
>> 15.163391
>> 13.447327
>> 122.745091
>> 706.403786
>> 605.899475
>> LinearSolve for s1 and κ jumps 0.607059
>> κ and s1 jumps 1469.629543
4. Prepare grid and mode functions.
>> s=-2 MSTModes 0.384805
>> MMp2gridL 1.832553
>> MMp2gridR 11.366843
>> s=-1 MSTModes 0.204982
>> MMp1gridL 0.107162
>> MMp1gridR 0.667823
>> s=0 MSTModes 0.332118
A. Fill 1D grid.
>> s = 2, UP ... 179.413427
>> s = 1, UP ... 24.626672
>> s = 0, UP ... 95.307294
>> s = 2, IN ... 73.332468
>> s = 1, IN ... 4.428485
>> s = 0, IN ... 8.263558
1. Preliminaries.
Calculating B-matrices and Eigenvalues
2. Generate MSTModes
>> Generate s=-2 MSTModes 1651.244875
>> Generate s=-1 MSTModes 2515.788673
>> Generate hκModes 4806.78271
3. Jumps
>> 54.747498
>> 32.724742
>> 408.69407
>> 179.685297
>> 1007.383871
>> 755.372655
>> LinearSolve for s1 and κ jumps 1.093263
>> κ and s1 jumps 2447.303605
4. Prepare grid and mode functions.
>> s=-2 MSTModes 1.177365
>> MMp2gridL 5.932197
>> MMp2gridR 33.006623
>> s=-1 MSTModes 0.641929
>> MMp1gridL 0.457265
>> MMp1gridR 1.883444
>> s=0 MSTModes 0.777959
A. Fill 1D grid.
>> s = 2, UP ... 439.578597
>> s = 1, UP ... 67.723337
>> s = 0, UP ... 206.109802
>> s = 2, IN ... 123.711213
>> s = 1, IN ... 12.276704
>> s = 0, IN ... 22.550714
1. Preliminaries.
Calculating B-matrices and Eigenvalues
2. Generate MSTModes
>> Generate s=-2 MSTModes 2489.514184
>> Generate s=-1 MSTModes 2985.129357
>> Generate hκModes 4544.893863
3. Jumps
>> 76.045008
>> 76.449586
>> 422.463721
>> 185.07712
>> 1017.628774
>> 672.797573
>> LinearSolve for s1 and κ jumps 0.912864
>> κ and s1 jumps 2459.63583
4. Prepare grid and mode functions.
>> s=-2 MSTModes 1.61086
>> MMp2gridL 10.183508
>> MMp2gridR 53.665018
>> s=-1 MSTModes 0.845729
>> MMp1gridL 0.596244
>> MMp1gridR 2.911581
>> s=0 MSTModes 1.099378
A. Fill 1D grid.
>> s = 2, UP ... 724.263062
>> s = 1, UP ... 87.451832
>> s = 0, UP ... 154.217219
>> s = 2, IN ... 121.504319
>> s = 1, IN ... 15.275685
>> s = 0, IN ... 28.24024
1. Preliminaries.
Calculating B-matrices and Eigenvalues
2. Generate MSTModes
>> Generate s=-2 MSTModes 2259.436235
>> Generate s=-1 MSTModes 2632.797832
>> Generate hκModes 4822.393514
3. Jumps
>> 85.111146
>> 78.275382
>> 428.374906
>> 159.897381
>> 866.281381
>> 546.763267
>> LinearSolve for s1 and κ jumps 0.665222
>> κ and s1 jumps 2172.579109
4. Prepare grid and mode functions.
>> s=-2 MSTModes 1.078057
>> MMp2gridL 5.313688
>> MMp2gridR 31.910532
>> s=-1 MSTModes 0.673566
>> MMp1gridL 0.583789
>> MMp1gridR 2.213982
>> s=0 MSTModes 1.006568
A. Fill 1D grid.
>> s = 2, UP ... 744.337627
>> s = 1, UP ... 68.908698
>> s = 0, UP ... 238.508786
>> s = 2, IN ... 165.802235
>> s = 1, IN ... 10.76268
>> s = 0, IN ... 19.663991
1. Preliminaries.
Calculating B-matrices and Eigenvalues
2. Generate MSTModes
>> Generate s=-2 MSTModes 2271.824248
>> Generate s=-1 MSTModes 2480.146858
>> Generate hκModes 4470.378586
3. Jumps
>> 70.77097
>> 50.213959
>> 454.078354
>> 156.436334
>> 787.90127
>> 516.239271
>> LinearSolve for s1 and κ jumps 0.946151
>> κ and s1 jumps 2045.019151
4. Prepare grid and mode functions.
>> s=-2 MSTModes 1.450241
>> MMp2gridL 7.705834
>> MMp2gridR 40.150458
>> s=-1 MSTModes 0.734121
>> MMp1gridL 0.564866
>> MMp1gridR 2.724064
>> s=0 MSTModes 1.085215
A. Fill 1D grid.
>> s = 2, UP ... 516.321813
>> s = 1, UP ... 113.644829
>> s = 0, UP ... 261.035809
>> s = 2, IN ... 197.089647
>> s = 1, IN ... 17.182252
>> s = 0, IN ... 21.078061
1. Preliminaries.
Calculating B-matrices and Eigenvalues
2. Generate MSTModes
>> Generate s=-2 MSTModes 2356.519756
>> Generate s=-1 MSTModes 2643.840425
>> Generate hκModes 4016.52114
3. Jumps
>> 65.385049
>> 39.83899
>> 342.171537
>> 120.595898
>> 697.861056
>> 432.041474
>> LinearSolve for s1 and κ jumps 0.840084
>> κ and s1 jumps 1702.229084
4. Prepare grid and mode functions.
>> s=-2 MSTModes 0.35148
>> MMp2gridL 1.597664
>> MMp2gridR 10.310425
>> s=-1 MSTModes 0.19171
>> MMp1gridL 0.094919
>> MMp1gridR 2.00848
>> s=0 MSTModes 1.497282
A. Fill 1D grid.
>> s = 2, UP ... 668.699099
>> s = 1, UP ... 73.77398
>> s = 0, UP ... 235.614416
>> s = 2, IN ... 151.982406
>> s = 1, IN ... 10.470334
>> s = 0, IN ... 17.727982
1. Preliminaries.
Calculating B-matrices and Eigenvalues
2. Generate MSTModes
>> Generate s=-2 MSTModes 2197.659744
>> Generate s=-1 MSTModes 2469.996302
>> Generate hκModes 4444.840234
3. Jumps
>> 40.684596
>> 36.257444
>> 236.657987
>> 142.640772
>> 649.551943
>> 410.141728
>> LinearSolve for s1 and κ jumps 0.802793
>> κ and s1 jumps 1521.645913
4. Prepare grid and mode functions.
>> s=-2 MSTModes 1.005191
>> MMp2gridL 4.363925
>> MMp2gridR 24.981228
>> s=-1 MSTModes 0.467617
>> MMp1gridL 0.340111
>> MMp1gridR 2.248878
>> s=0 MSTModes 0.798678
A. Fill 1D grid.
>> s = 2, UP ... 616.319528
>> s = 1, UP ... 68.9319
>> s = 0, UP ... 244.821538
>> s = 2, IN ... 133.588424
>> s = 1, IN ... 16.291691
>> s = 0, IN ... 30.244127
1. Preliminaries.
Calculating B-matrices and Eigenvalues
2. Generate MSTModes
>> Generate s=-2 MSTModes 2510.146594
>> Generate s=-1 MSTModes 2762.9779
>> Generate hκModes 3927.919833
3. Jumps
>> 52.391397
>> 43.033529
>> 400.829484
>> 102.911515
>> 644.879987
>> 407.146819
>> LinearSolve for s1 and κ jumps 0.85625
>> κ and s1 jumps 1657.454449
4. Prepare grid and mode functions.
>> s=-2 MSTModes 0.976944
>> MMp2gridL 7.749851
>> MMp2gridR 47.681985
>> s=-1 MSTModes 0.788266
>> MMp1gridL 0.482894
>> MMp1gridR 2.583568
>> s=0 MSTModes 1.132289
A. Fill 1D grid.
>> s = 2, UP ... 556.465127
>> s = 1, UP ... 66.570013
>> s = 0, UP ... 231.5747
>> s = 2, IN ... 161.401626
>> s = 1, IN ... 14.02223
>> s = 0, IN ... 26.280821
1. Preliminaries.
Calculating B-matrices and Eigenvalues
2. Generate MSTModes
>> Generate s=-2 MSTModes 2433.019187
>> Generate s=-1 MSTModes 2725.748093
>> Generate hκModes 4430.09889
3. Jumps
>> 52.004716
>> 37.320752
>> 372.252505
>> 117.266801
>> 504.165776
>> 344.342359
>> LinearSolve for s1 and κ jumps 0.676272
>> κ and s1 jumps 1432.201858
4. Prepare grid and mode functions.
>> s=-2 MSTModes 0.967953
>> MMp2gridL 4.921694
>> MMp2gridR 28.882098
>> s=-1 MSTModes 0.466762
>> MMp1gridL 0.289727
>> MMp1gridR 1.545456
>> s=0 MSTModes 0.793284
A. Fill 1D grid.
>> s = 2, UP ... 568.181155
>> s = 1, UP ... 86.909863
>> s = 0, UP ... 210.357086
>> s = 2, IN ... 129.297028
>> s = 1, IN ... 14.026332
>> s = 0, IN ... 24.90506
1. Preliminaries.
Calculating B-matrices and Eigenvalues
2. Generate MSTModes
>> Generate s=-2 MSTModes 2657.242226
>> Generate s=-1 MSTModes 3282.226916
