Task 4 on node723.cluster: a=0.00000000000001 r0=8.1
Job started: a = 1.*^-14, r0 = 8.1, savepath = /lustre/astro/dyson/DataFiles/KerrCircSourceFiles/h1RadialTube
Warning: rstarmin is outside the allowed range.
Now we Calculate the Radiative Solutions
1. Preliminaries.
Calculating B-matrices and Eigenvalues
2. Generate MSTModes
>> Generate s=-2 MSTModes 212.528474
>> Generate s=-1 MSTModes 213.297898
>> Generate hκModes 545.63374
3. Jumps
>> 2.527572
>> 27.551962
>> 11.269761
>> 293.665985
>> 1622.188751
>> 1253.151569
>> LinearSolve for s1 and κ jumps 0.088831
>> κ and s1 jumps 3219.299079
4. Prepare grid and mode functions.
>> s=-2 MSTModes 0.395604
>> MMp2gridL 2.17397
>> MMp2gridR 13.002213
>> s=-1 MSTModes 0.154898
>> MMp1gridL 0.089849
>> MMp1gridR 0.475992
>> s=0 MSTModes 0.340523
A. Fill 1D grid.
>> s = 2, UP ... 162.705044
>> s = 1, UP ... 4.637569
>> s = 0, UP ... 47.957691
>> s = 2, IN ... 55.807416

                                                                                                                                         -302                          -7
General::munfl: 1.55246282151552123300880130638124416362074133752121511643883758174064520934927128933288348105174203894940709657398071 10     (0.0000374186 - 9.5359 10   I) is too small to represent as a normalized machine number; precision may be lost.

                                                                                                                                         -302                           -7
General::munfl: 1.55246282151552123300880130638124416362074133752121511643883758174064520934927128933288348105174203894940709657398071 10     (0.0000188562 - 4.75316 10   I) is too small to represent as a normalized machine number; precision may be lost.

                                                                                                                                         -302            -6             -7
General::munfl: 1.55246282151552123300880130638124416362074133752121511643883758174064520934927128933288348105174203894940709657398071 10     (9.21237 10   - 2.29881 10   I) is too small to represent as a normalized machine number; precision may be lost.

General::stop: Further output of General::munfl will be suppressed during this calculation.
>> s = 1, IN ... 3.267467
>> s = 0, IN ... 9.037055
1. Preliminaries.
Calculating B-matrices and Eigenvalues
2. Generate MSTModes
>> Generate s=-2 MSTModes 257.006492
>> Generate s=-1 MSTModes 251.361694
>> Generate hκModes 510.763299
3. Jumps
>> 2.422975
>> 27.952101
>> 12.494596
>> 272.296286
>> 1471.923518
>> 1113.494038
>> LinearSolve for s1 and κ jumps 1.181745
>> κ and s1 jumps 2908.007176
4. Prepare grid and mode functions.
>> s=-2 MSTModes 0.417745
>> MMp2gridL 2.164602
>> MMp2gridR 13.155273
>> s=-1 MSTModes 0.233543
>> MMp1gridL 0.125406
>> MMp1gridR 0.749134
>> s=0 MSTModes 0.384217
A. Fill 1D grid.
>> s = 2, UP ... 156.515408
>> s = 1, UP ... 29.64398
>> s = 0, UP ... 63.252683
>> s = 2, IN ... 55.455347
>> s = 1, IN ... 5.090096
>> s = 0, IN ... 10.025547
1. Preliminaries.
Calculating B-matrices and Eigenvalues
2. Generate MSTModes
>> Generate s=-2 MSTModes 290.345917
>> Generate s=-1 MSTModes 284.818477
>> Generate hκModes 503.059582
3. Jumps
>> 2.321494
>> 25.88372
>> 13.846302
>> 250.354526
>> 1364.834559
>> 1032.788248
>> LinearSolve for s1 and κ jumps 0.292039
>> κ and s1 jumps 2696.121222
4. Prepare grid and mode functions.
>> s=-2 MSTModes 0.410507
>> MMp2gridL 2.125613
>> MMp2gridR 12.855739
>> s=-1 MSTModes 0.227111
>> MMp1gridL 0.124187
>> MMp1gridR 0.733309
>> s=0 MSTModes 0.379688
A. Fill 1D grid.
>> s = 2, UP ... 153.218819
>> s = 1, UP ... 28.615399
>> s = 0, UP ... 60.963291
>> s = 2, IN ... 54.887748
>> s = 1, IN ... 5.010505
>> s = 0, IN ... 9.489392
1. Preliminaries.
Calculating B-matrices and Eigenvalues
2. Generate MSTModes
>> Generate s=-2 MSTModes 319.046509
>> Generate s=-1 MSTModes 315.48665
>> Generate hκModes 505.371511
3. Jumps
>> 2.225769
>> 24.737822
>> 13.558361
>> 232.937375
>> 1305.588969
>> 983.219239
>> LinearSolve for s1 and κ jumps 0.539121
>> κ and s1 jumps 2568.317502
4. Prepare grid and mode functions.
>> s=-2 MSTModes 0.408041
>> MMp2gridL 2.149625
>> MMp2gridR 12.750479
>> s=-1 MSTModes 0.227016
>> MMp1gridL 0.122511
>> MMp1gridR 0.719012
>> s=0 MSTModes 0.371999
A. Fill 1D grid.
>> s = 2, UP ... 148.70713
>> s = 1, UP ... 27.735864
>> s = 0, UP ... 58.637908
>> s = 2, IN ... 55.013068
>> s = 1, IN ... 4.938213
>> s = 0, IN ... 9.56221
1. Preliminaries.
Calculating B-matrices and Eigenvalues
2. Generate MSTModes
>> Generate s=-2 MSTModes 352.893112
>> Generate s=-1 MSTModes 348.153525
>> Generate hκModes 510.427732
3. Jumps
>> 2.147647
>> 23.451631
>> 14.049178
>> 214.098534
>> 1225.188368
>> 886.447447
>> LinearSolve for s1 and κ jumps 0.655009
>> κ and s1 jumps 2371.223977
4. Prepare grid and mode functions.
>> s=-2 MSTModes 0.397121
>> MMp2gridL 2.053061
>> MMp2gridR 12.347146
>> s=-1 MSTModes 0.223968
>> MMp1gridL 0.119021
>> MMp1gridR 0.701094
>> s=0 MSTModes 0.368389
A. Fill 1D grid.
>> s = 2, UP ... 144.212908
>> s = 1, UP ... 26.976005
>> s = 0, UP ... 56.145626
>> s = 2, IN ... 54.307049
>> s = 1, IN ... 4.848453
>> s = 0, IN ... 9.317491
1. Preliminaries.
Calculating B-matrices and Eigenvalues
2. Generate MSTModes
>> Generate s=-2 MSTModes 385.030446
>> Generate s=-1 MSTModes 382.975457
>> Generate hκModes 515.940423
3. Jumps
>> 2.121073
>> 22.115141
>> 14.017038
>> 199.254576
>> 1126.124127
>> 813.20796
>> LinearSolve for s1 and κ jumps 0.724719
>> κ and s1 jumps 2182.476394
4. Prepare grid and mode functions.
>> s=-2 MSTModes 0.412496
>> MMp2gridL 1.99981
>> MMp2gridR 12.017464
>> s=-1 MSTModes 0.219775
>> MMp1gridL 0.115982
>> MMp1gridR 0.686739
>> s=0 MSTModes 0.355169
A. Fill 1D grid.
>> s = 2, UP ... 140.094452
>> s = 1, UP ... 25.784357
>> s = 0, UP ... 51.479331
>> s = 2, IN ... 53.571287
>> s = 1, IN ... 4.685614
>> s = 0, IN ... 8.844423
1. Preliminaries.
Calculating B-matrices and Eigenvalues
2. Generate MSTModes
>> Generate s=-2 MSTModes 419.207469
>> Generate s=-1 MSTModes 417.313385
>> Generate hκModes 522.691796
3. Jumps
>> 2.005595
>> 20.252757
>> 13.849167
>> 181.641928
>> 1027.49382
>> 765.435039
>> LinearSolve for s1 and κ jumps 0.595771
>> κ and s1 jumps 2015.811122
4. Prepare grid and mode functions.
>> s=-2 MSTModes 0.390112
>> MMp2gridL 1.975857
>> MMp2gridR 12.010609
>> s=-1 MSTModes 0.213519
>> MMp1gridL 0.11513
>> MMp1gridR 0.674672
>> s=0 MSTModes 0.350008
A. Fill 1D grid.
>> s = 2, UP ... 135.849041
>> s = 1, UP ... 24.551615
>> s = 0, UP ... 50.842754
>> s = 2, IN ... 53.244462
>> s = 1, IN ... 4.52948
>> s = 0, IN ... 8.439118
1. Preliminaries.
Calculating B-matrices and Eigenvalues
2. Generate MSTModes
>> Generate s=-2 MSTModes 464.787552
>> Generate s=-1 MSTModes 457.677231
>> Generate hκModes 531.226932
3. Jumps
>> 1.947818
>> 19.239062
>> 14.031878
>> 168.639055
>> 959.381086
>> 685.474014
>> LinearSolve for s1 and κ jumps 0.441401
>> κ and s1 jumps 1853.444814
4. Prepare grid and mode functions.
>> s=-2 MSTModes 0.372266
>> MMp2gridL 1.914305
>> MMp2gridR 11.550693
>> s=-1 MSTModes 0.206136
>> MMp1gridL 0.110985
>> MMp1gridR 0.656809
>> s=0 MSTModes 0.344771
A. Fill 1D grid.
>> s = 2, UP ... 131.584823
>> s = 1, UP ... 24.008435
>> s = 0, UP ... 49.022563
>> s = 2, IN ... 52.957995
>> s = 1, IN ... 4.477899
>> s = 0, IN ... 8.36997
1. Preliminaries.
Calculating B-matrices and Eigenvalues
2. Generate MSTModes
>> Generate s=-2 MSTModes 503.893871
>> Generate s=-1 MSTModes 496.437999
>> Generate hκModes 536.174771
3. Jumps
>> 1.824479
>> 17.565115
>> 13.884572
>> 152.874499
>> 870.946523
>> 640.422869
>> LinearSolve for s1 and κ jumps 0.631002
>> κ and s1 jumps 1702.270224
4. Prepare grid and mode functions.
>> s=-2 MSTModes 0.371625
>> MMp2gridL 1.905809
>> MMp2gridR 11.400722
>> s=-1 MSTModes 0.207877
>> MMp1gridL 0.109986
>> MMp1gridR 0.652135
>> s=0 MSTModes 0.328977
A. Fill 1D grid.
>> s = 2, UP ... 127.625837
>> s = 1, UP ... 23.11993
>> s = 0, UP ... 47.289841
>> s = 2, IN ... 52.781664
>> s = 1, IN ... 4.487362
>> s = 0, IN ... 8.238471
1. Preliminaries.
Calculating B-matrices and Eigenvalues
2. Generate MSTModes
>> Generate s=-2 MSTModes 548.108301
>> Generate s=-1 MSTModes 544.941874
>> Generate hκModes 546.217279
3. Jumps
>> 1.733686
>> 17.383225
>> 13.718496
>> 143.349195
>> 824.637092
>> 602.184955
>> LinearSolve for s1 and κ jumps 0.585074
>> κ and s1 jumps 1607.457364
4. Prepare grid and mode functions.
>> s=-2 MSTModes 0.375152
>> MMp2gridL 1.855505
>> MMp2gridR 11.133283
>> s=-1 MSTModes 0.205666
>> MMp1gridL 0.107416
>> MMp1gridR 0.640462
>> s=0 MSTModes 0.328475
A. Fill 1D grid.
>> s = 2, UP ... 123.542677
>> s = 1, UP ... 22.177887
>> s = 0, UP ... 45.352566
>> s = 2, IN ... 52.326442
>> s = 1, IN ... 4.339381
>> s = 0, IN ... 8.029983
1. Preliminaries.
Calculating B-matrices and Eigenvalues
2. Generate MSTModes
>> Generate s=-2 MSTModes 596.412009
>> Generate s=-1 MSTModes 590.489629
>> Generate hκModes 551.159889
3. Jumps
>> 1.68456
>> 15.660329
>> 13.519362
>> 128.115952
>> 734.608059
>> 533.737529
>> LinearSolve for s1 and κ jumps 0.841243
>> κ and s1 jumps 1431.715186
4. Prepare grid and mode functions.
>> s=-2 MSTModes 0.35905
>> MMp2gridL 1.820931
>> MMp2gridR 10.935392
>> s=-1 MSTModes 0.202331
>> MMp1gridL 0.105782
>> MMp1gridR 0.625069
>> s=0 MSTModes 0.309177
A. Fill 1D grid.
>> s = 2, UP ... 119.974108
>> s = 1, UP ... 21.176576
>> s = 0, UP ... 43.576719
>> s = 2, IN ... 52.21379
>> s = 1, IN ... 4.240093
>> s = 0, IN ... 7.842323
1. Preliminaries.
Calculating B-matrices and Eigenvalues
2. Generate MSTModes
>> Generate s=-2 MSTModes 643.054391
>> Generate s=-1 MSTModes 640.468653
>> Generate hκModes 555.942843
3. Jumps
>> 1.603692
>> 14.621465
>> 13.233963
>> 118.564066
>> 686.43639
>> 497.865079
>> LinearSolve for s1 and κ jumps 0.498957
>> κ and s1 jumps 1336.137689
4. Prepare grid and mode functions.
>> s=-2 MSTModes 0.348011
>> MMp2gridL 1.764145
>> MMp2gridR 10.733532
>> s=-1 MSTModes 0.191317
>> MMp1gridL 0.101542
>> MMp1gridR 0.624201
>> s=0 MSTModes 0.311659
A. Fill 1D grid.
>> s = 2, UP ... 115.526181
>> s = 1, UP ... 20.735858
>> s = 0, UP ... 41.98317
>> s = 2, IN ... 51.914727
>> s = 1, IN ... 4.128913
>> s = 0, IN ... 7.706052
1. Preliminaries.
Calculating B-matrices and Eigenvalues
2. Generate MSTModes
>> Generate s=-2 MSTModes 686.013398
>> Generate s=-1 MSTModes 681.301078
>> Generate hκModes 562.651617
3. Jumps
>> 1.531333
>> 13.660079
>> 12.964966
>> 110.877651
>> 642.960965
>> 466.679079
>> LinearSolve for s1 and κ jumps 0.415346
>> κ and s1 jumps 1252.189508
4. Prepare grid and mode functions.
>> s=-2 MSTModes 0.346935
>> MMp2gridL 1.735346
>> MMp2gridR 10.382718
>> s=-1 MSTModes 0.228108
>> MMp1gridL 0.138752
>> MMp1gridR 0.617373
>> s=0 MSTModes 0.310023
A. Fill 1D grid.
>> s = 2, UP ... 112.862238
>> s = 1, UP ... 19.903028
>> s = 0, UP ... 39.767299
>> s = 2, IN ... 50.964109
>> s = 1, IN ... 4.074931
>> s = 0, IN ... 7.443244
1. Preliminaries.
Calculating B-matrices and Eigenvalues
2. Generate MSTModes
>> Generate s=-2 MSTModes 737.902602
>> Generate s=-1 MSTModes 730.076081
>> Generate hκModes 565.30052
3. Jumps
>> 1.469271
>> 12.736979
>> 12.555903
>> 99.075824
>> 574.703351
>> 411.747862
>> LinearSolve for s1 and κ jumps 0.711273
>> κ and s1 jumps 1115.911538
4. Prepare grid and mode functions.
>> s=-2 MSTModes 0.345293
>> MMp2gridL 1.748573
>> MMp2gridR 10.123647
>> s=-1 MSTModes 0.186784
>> MMp1gridL 0.098753
>> MMp1gridR 0.599458
>> s=0 MSTModes 0.303542
A. Fill 1D grid.
>> s = 2, UP ... 109.202341
>> s = 1, UP ... 19.140719
>> s = 0, UP ... 38.7071
>> s = 2, IN ... 50.768669
>> s = 1, IN ... 3.943996
>> s = 0, IN ... 7.29562
1. Preliminaries.
Calculating B-matrices and Eigenvalues
2. Generate MSTModes
>> Generate s=-2 MSTModes 771.682813
>> Generate s=-1 MSTModes 744.173071
>> Generate hκModes 567.031022
3. Jumps
>> 1.415667
>> 12.096265
>> 12.324446
>> 88.898294
>> 522.423828
>> 369.564938
>> LinearSolve for s1 and κ jumps 0.694934
>> κ and s1 jumps 1010.063375
4. Prepare grid and mode functions.
>> s=-2 MSTModes 0.317684
>> MMp2gridL 1.634763
>> MMp2gridR 9.878785
>> s=-1 MSTModes 0.184765
>> MMp1gridL 0.096755
>> MMp1gridR 0.581365
>> s=0 MSTModes 0.302171
A. Fill 1D grid.
>> s = 2, UP ... 105.922582
>> s = 1, UP ... 18.416767
>> s = 0, UP ... 37.147899
>> s = 2, IN ... 50.754775
>> s = 1, IN ... 3.842436
>> s = 0, IN ... 7.070767
1. Preliminaries.
Calculating B-matrices and Eigenvalues
2. Generate MSTModes
>> Generate s=-2 MSTModes 807.077752
>> Generate s=-1 MSTModes 801.395017
>> Generate hκModes 569.36528
3. Jumps
>> 1.356662
>> 10.828249
>> 11.932953
>> 79.896878
>> 470.836754
>> 330.878159
>> LinearSolve for s1 and κ jumps 0.620551
>> κ and s1 jumps 908.859202
4. Prepare grid and mode functions.
>> s=-2 MSTModes 0.321818
>> MMp2gridL 1.600265
>> MMp2gridR 9.674464
>> s=-1 MSTModes 0.188012
>> MMp1gridL 0.094204
>> MMp1gridR 0.570364
>> s=0 MSTModes 0.291748
A. Fill 1D grid.
>> s = 2, UP ... 102.530053
>> s = 1, UP ... 17.74796
>> s = 0, UP ... 35.40574
>> s = 2, IN ... 49.899397
>> s = 1, IN ... 3.872806
>> s = 0, IN ... 6.910366
1. Preliminaries.
Calculating B-matrices and Eigenvalues
2. Generate MSTModes
>> Generate s=-2 MSTModes 851.687815
>> Generate s=-1 MSTModes 831.171099
>> Generate hκModes 572.343128
3. Jumps
>> 1.293947
>> 10.012354
>> 11.578478
>> 72.92016
>> 428.951377
>> 300.502783
>> LinearSolve for s1 and κ jumps 0.531536
>> κ and s1 jumps 828.145875
4. Prepare grid and mode functions.
>> s=-2 MSTModes 0.314513
>> MMp2gridL 1.536892
>> MMp2gridR 9.393036
>> s=-1 MSTModes 0.180158
>> MMp1gridL 0.091031
>> MMp1gridR 0.56298
>> s=0 MSTModes 0.28564
A. Fill 1D grid.
>> s = 2, UP ... 99.373577
>> s = 1, UP ... 16.926566
>> s = 0, UP ... 34.488969
>> s = 2, IN ... 49.795124
>> s = 1, IN ... 3.716656
>> s = 0, IN ... 6.832971
1. Preliminaries.
Calculating B-matrices and Eigenvalues
2. Generate MSTModes
>> Generate s=-2 MSTModes 868.124904
>> Generate s=-1 MSTModes 851.214111
>> Generate hκModes 571.080162
3. Jumps
>> 1.246401
>> 9.490983
>> 11.341506
>> 64.172197
>> 384.296611
>> 263.981321
>> LinearSolve for s1 and κ jumps 0.695776
>> κ and s1 jumps 737.3495
4. Prepare grid and mode functions.
>> s=-2 MSTModes 0.307298
>> MMp2gridL 1.503763
>> MMp2gridR 9.039076
>> s=-1 MSTModes 0.170772
>> MMp1gridL 0.088429
>> MMp1gridR 0.54299
>> s=0 MSTModes 0.279167
A. Fill 1D grid.
>> s = 2, UP ... 95.974681
>> s = 1, UP ... 16.164972
>> s = 0, UP ... 32.846638
>> s = 2, IN ... 49.415668
>> s = 1, IN ... 3.581772
>> s = 0, IN ... 6.533982
1. Preliminaries.
Calculating B-matrices and Eigenvalues
2. Generate MSTModes
>> Generate s=-2 MSTModes 895.481286
>> Generate s=-1 MSTModes 889.943676
>> Generate hκModes 569.350658
3. Jumps
>> 1.213331
>> 8.666716
>> 11.216274
>> 57.353833
>> 345.913571
>> 236.455514
>> LinearSolve for s1 and κ jumps 0.471214
>> κ and s1 jumps 663.309181
4. Prepare grid and mode functions.
>> s=-2 MSTModes 0.298271
>> MMp2gridL 1.45911
>> MMp2gridR 8.751633
>> s=-1 MSTModes 0.166587
>> MMp1gridL 0.087871
>> MMp1gridR 0.537557
>> s=0 MSTModes 0.264123
A. Fill 1D grid.
>> s = 2, UP ... 93.108423
>> s = 1, UP ... 15.818595
>> s = 0, UP ... 31.680027
>> s = 2, IN ... 48.71771
>> s = 1, IN ... 3.458662
>> s = 0, IN ... 6.401242
1. Preliminaries.
Calculating B-matrices and Eigenvalues
2. Generate MSTModes
>> Generate s=-2 MSTModes 936.452284
>> Generate s=-1 MSTModes 933.478174
>> Generate hκModes 566.858146
3. Jumps
>> 1.154034
>> 7.831306
>> 11.231963
>> 51.543148
>> 311.681082
>> 213.588179
>> LinearSolve for s1 and κ jumps 0.550926
>> κ and s1 jumps 599.4028
4. Prepare grid and mode functions.
>> s=-2 MSTModes 0.284502
>> MMp2gridL 1.419394
>> MMp2gridR 8.598075
>> s=-1 MSTModes 0.157549
>> MMp1gridL 0.082691
>> MMp1gridR 0.518001
>> s=0 MSTModes 0.272828
A. Fill 1D grid.
>> s = 2, UP ... 90.152313
>> s = 1, UP ... 15.140728
>> s = 0, UP ... 30.437666
>> s = 2, IN ... 48.978956
>> s = 1, IN ... 3.414106
>> s = 0, IN ... 6.254403
1. Preliminaries.
Calculating B-matrices and Eigenvalues
2. Generate MSTModes
>> Generate s=-2 MSTModes 966.647388
>> Generate s=-1 MSTModes 944.406684
>> Generate hκModes 562.882591
3. Jumps
>> 1.107511
>> 7.260946
>> 10.310277
>> 46.342582
>> 281.565188
>> 189.550348
>> LinearSolve for s1 and κ jumps 0.739392
>> κ and s1 jumps 538.517994
4. Prepare grid and mode functions.
>> s=-2 MSTModes 0.270951
>> MMp2gridL 1.36109
>> MMp2gridR 8.128323
>> s=-1 MSTModes 0.153959
>> MMp1gridL 0.081823
>> MMp1gridR 0.495628
>> s=0 MSTModes 0.251117
A. Fill 1D grid.
>> s = 2, UP ... 87.347336
>> s = 1, UP ... 14.684644
>> s = 0, UP ... 29.001208
>> s = 2, IN ... 48.652799
>> s = 1, IN ... 3.374261
>> s = 0, IN ... 6.091602
1. Preliminaries.
Calculating B-matrices and Eigenvalues
2. Generate MSTModes
>> Generate s=-2 MSTModes 983.825171
>> Generate s=-1 MSTModes 975.527979
>> Generate hκModes 562.863781
3. Jumps
>> 1.050313
>> 6.442124
>> 9.848872
>> 40.152414
>> 246.26114
>> 164.529547
>> LinearSolve for s1 and κ jumps 0.926237
>> κ and s1 jumps 470.747342
4. Prepare grid and mode functions.
>> s=-2 MSTModes 0.274454
>> MMp2gridL 1.326338
>> MMp2gridR 8.014423
>> s=-1 MSTModes 0.156135
>> MMp1gridL 0.078977
>> MMp1gridR 0.488462
>> s=0 MSTModes 0.261664
A. Fill 1D grid.
>> s = 2, UP ... 84.905584
>> s = 1, UP ... 14.145538
>> s = 0, UP ... 27.989388
>> s = 2, IN ... 48.548215
>> s = 1, IN ... 3.308904
>> s = 0, IN ... 6.001254
1. Preliminaries.
Calculating B-matrices and Eigenvalues
2. Generate MSTModes
>> Generate s=-2 MSTModes 1014.052237
>> Generate s=-1 MSTModes 1015.403015
>> Generate hκModes 556.706638
3. Jumps
>> 1.046659
>> 5.791448
>> 9.684795
>> 35.277629
>> 217.410832
>> 143.803414
>> LinearSolve for s1 and κ jumps 0.778486
>> κ and s1 jumps 415.206088
4. Prepare grid and mode functions.
>> s=-2 MSTModes 0.273179
>> MMp2gridL 1.288646
>> MMp2gridR 7.696863
>> s=-1 MSTModes 0.148104
>> MMp1gridL 0.077474
>> MMp1gridR 0.46738
>> s=0 MSTModes 0.258191
A. Fill 1D grid.
>> s = 2, UP ... 81.762838
>> s = 1, UP ... 13.36208
>> s = 0, UP ... 26.596996
>> s = 2, IN ... 48.273942
>> s = 1, IN ... 3.226297
>> s = 0, IN ... 5.803436
1. Preliminaries.
Calculating B-matrices and Eigenvalues
2. Generate MSTModes
>> Generate s=-2 MSTModes 1048.355218
>> Generate s=-1 MSTModes 1025.589349
>> Generate hκModes 549.34408
3. Jumps
>> 0.981485
>> 5.382854
>> 9.316209
>> 32.512991
