Task 364 on node656.cluster: a=0.6 r0=12.0
Job started: a = 0.6, r0 = 12., savepath = /lustre/astro/dyson/DataFiles/KerrCircDiskData/h1_radial
Warning: rstarmin is outside the allowed range.
Now we Calculate the Radiative Solutions
1. Preliminaries.
Calculating B-matrices and Eigenvalues
2. Generate MSTModes
>> Generate s=-2 MSTModes 43.912234
>> Generate s=-1 MSTModes 43.69326
>> Generate hκModes 116.793093
3. Jumps
>> 0.351118
>> 2.059633
>> 3.204109
>> 3.7552
>> 46.621128
>> 17.277125
>> LinearSolve for s1 and κ jumps 0.004172
>> κ and s1 jumps 74.113079
4. Prepare grid and mode functions.
>> s=-2 MSTModes 0.197092
>> MMp2gridL 0.934428
>> MMp2gridR 4.404953
>> s=-1 MSTModes 0.060307
>> MMp1gridL 0.036622
>> MMp1gridR 0.145904
>> s=0 MSTModes 0.139831
A. Fill 1D grid.
>> s = 2, UP ... 30.704412
>> s = 1, UP ... 1.149761
>> s = 0, UP ... 6.815652
>> s = 2, IN ... 11.112139
>> s = 1, IN ... 0.850449
>> s = 0, IN ... 1.929937
1. Preliminaries.
Calculating B-matrices and Eigenvalues
2. Generate MSTModes
>> Generate s=-2 MSTModes 54.584968
>> Generate s=-1 MSTModes 52.835679
>> Generate hκModes 125.435346
3. Jumps
>> 0.372655
>> 2.388148
>> 4.392415
>> 3.943107
>> 52.137552
>> 17.861463
>> LinearSolve for s1 and κ jumps 1.226832
>> κ and s1 jumps 83.095207
4. Prepare grid and mode functions.
>> s=-2 MSTModes 0.219394
>> MMp2gridL 1.135435
>> MMp2gridR 5.351908
>> s=-1 MSTModes 0.110103
>> MMp1gridL 0.066169
>> MMp1gridR 0.313114
>> s=0 MSTModes 0.177974
A. Fill 1D grid.
>> s = 2, UP ... 35.521868
>> s = 1, UP ... 7.746195
>> s = 0, UP ... 11.289924
>> s = 2, IN ... 13.132317
>> s = 1, IN ... 1.746823
>> s = 0, IN ... 2.58977
1. Preliminaries.
Calculating B-matrices and Eigenvalues
2. Generate MSTModes
>> Generate s=-2 MSTModes 72.208639
>> Generate s=-1 MSTModes 72.246176
>> Generate hκModes 127.97578
3. Jumps
>> 0.362481
>> 2.097292
>> 4.65622
>> 12.513997
>> 85.539856
>> 55.104186
>> LinearSolve for s1 and κ jumps 0.652727
>> κ and s1 jumps 161.792748
4. Prepare grid and mode functions.
>> s=-2 MSTModes 0.198424
>> MMp2gridL 1.091948
>> MMp2gridR 5.183387
>> s=-1 MSTModes 0.106937
>> MMp1gridL 0.063739
>> MMp1gridR 0.29934
>> s=0 MSTModes 0.170583
A. Fill 1D grid.
>> s = 2, UP ... 34.172186
>> s = 1, UP ... 7.32056
>> s = 0, UP ... 14.795317
>> s = 2, IN ... 13.030318
>> s = 1, IN ... 1.674531
>> s = 0, IN ... 3.251078
1. Preliminaries.
Calculating B-matrices and Eigenvalues
2. Generate MSTModes
>> Generate s=-2 MSTModes 78.420218
>> Generate s=-1 MSTModes 77.257625
>> Generate hκModes 125.845889
3. Jumps
>> 0.348439
>> 1.920117
>> 4.719976
>> 11.101884
>> 75.667375
>> 48.400963
>> LinearSolve for s1 and κ jumps 0.691277
>> κ and s1 jumps 143.55019
4. Prepare grid and mode functions.
>> s=-2 MSTModes 0.204637
>> MMp2gridL 1.041368
>> MMp2gridR 4.927322
>> s=-1 MSTModes 0.103327
>> MMp1gridL 0.062137
>> MMp1gridR 0.289536
>> s=0 MSTModes 0.170229
A. Fill 1D grid.
>> s = 2, UP ... 31.670229
>> s = 1, UP ... 6.753613
>> s = 0, UP ... 14.093865
>> s = 2, IN ... 12.6478
>> s = 1, IN ... 1.585668
>> s = 0, IN ... 3.079557
1. Preliminaries.
Calculating B-matrices and Eigenvalues
2. Generate MSTModes
>> Generate s=-2 MSTModes 84.534244
>> Generate s=-1 MSTModes 84.771225
>> Generate hκModes 125.206066
3. Jumps
>> 0.334837
>> 1.740677
>> 4.850852
>> 9.810411
>> 67.528487
>> 41.731817
>> LinearSolve for s1 and κ jumps 0.472525
>> κ and s1 jumps 127.15794
4. Prepare grid and mode functions.
>> s=-2 MSTModes 0.184254
>> MMp2gridL 0.958708
>> MMp2gridR 4.65704
>> s=-1 MSTModes 0.099278
>> MMp1gridL 0.058108
>> MMp1gridR 0.273577
>> s=0 MSTModes 0.162328
A. Fill 1D grid.
>> s = 2, UP ... 29.09842
>> s = 1, UP ... 6.239017
>> s = 0, UP ... 12.730959
>> s = 2, IN ... 11.797002
>> s = 1, IN ... 1.486797
>> s = 0, IN ... 2.820557
1. Preliminaries.
Calculating B-matrices and Eigenvalues
2. Generate MSTModes
>> Generate s=-2 MSTModes 92.739274
>> Generate s=-1 MSTModes 93.372227
>> Generate hκModes 123.792831
3. Jumps
>> 0.322345
>> 1.542236
>> 5.124224
>> 8.321616
>> 56.992785
>> 34.625562
>> LinearSolve for s1 and κ jumps 0.832827
>> κ and s1 jumps 108.322446
4. Prepare grid and mode functions.
>> s=-2 MSTModes 0.200031
>> MMp2gridL 0.91222
>> MMp2gridR 4.413754
>> s=-1 MSTModes 0.094857
>> MMp1gridL 0.057052
>> MMp1gridR 0.257534
>> s=0 MSTModes 0.150577
A. Fill 1D grid.
>> s = 2, UP ... 27.396303
>> s = 1, UP ... 5.970439
>> s = 0, UP ... 11.965298
>> s = 2, IN ... 11.520031
>> s = 1, IN ... 1.44399
>> s = 0, IN ... 2.703396
1. Preliminaries.
Calculating B-matrices and Eigenvalues
2. Generate MSTModes
>> Generate s=-2 MSTModes 100.150718
>> Generate s=-1 MSTModes 101.273778
>> Generate hκModes 120.361696
3. Jumps
>> 0.303347
>> 1.380071
>> 4.502084
>> 7.334254
>> 50.327629
>> 30.68543
>> LinearSolve for s1 and κ jumps 1.013265
>> κ and s1 jumps 96.065127
4. Prepare grid and mode functions.
>> s=-2 MSTModes 0.204558
>> MMp2gridL 0.87956
>> MMp2gridR 4.316
>> s=-1 MSTModes 0.090949
>> MMp1gridL 0.05262
>> MMp1gridR 0.251339
>> s=0 MSTModes 0.146412
A. Fill 1D grid.
>> s = 2, UP ... 27.358246
>> s = 1, UP ... 5.795948
>> s = 0, UP ... 11.605005
>> s = 2, IN ... 11.462305
>> s = 1, IN ... 1.404372
>> s = 0, IN ... 2.661614
1. Preliminaries.
Calculating B-matrices and Eigenvalues
2. Generate MSTModes
>> Generate s=-2 MSTModes 106.140346
>> Generate s=-1 MSTModes 106.917625
>> Generate hκModes 113.703466
3. Jumps
>> 0.282754
>> 1.171138
>> 4.317557
>> 5.975291
>> 42.938796
>> 25.716246
>> LinearSolve for s1 and κ jumps 1.219507
>> κ and s1 jumps 82.082303
4. Prepare grid and mode functions.
>> s=-2 MSTModes 0.207496
>> MMp2gridL 0.85293
>> MMp2gridR 4.061144
>> s=-1 MSTModes 0.087014
>> MMp1gridL 0.052475
>> MMp1gridR 0.245269
>> s=0 MSTModes 0.143894
A. Fill 1D grid.
>> s = 2, UP ... 25.619889
>> s = 1, UP ... 5.421688
>> s = 0, UP ... 11.008253
>> s = 2, IN ... 11.282139
>> s = 1, IN ... 1.346239
>> s = 0, IN ... 2.527863
1. Preliminaries.
Calculating B-matrices and Eigenvalues
2. Generate MSTModes
>> Generate s=-2 MSTModes 112.683116
>> Generate s=-1 MSTModes 110.49127
