Task 15 on node729.cluster: a=0.99 r0=8.2
Job started: a = 0.99, r0 = 8.2, savepath = /lustre/astro/dyson/DataFiles/KerrCircSourceFiles/h1_radial
Warning: rstarmin is outside the allowed range.
Now we Calculate the Radiative Solutions
1. Preliminaries.
Calculating B-matrices and Eigenvalues
2. Generate MSTModes
>> Generate s=-2 MSTModes 227.205643
>> Generate s=-1 MSTModes 220.660457
>> Generate hκModes 572.358269
3. Jumps
>> 2.545417
>> 27.947332
>> 11.51946
>> 293.539709
>> 1618.1343
>> 1249.431778
>> LinearSolve for s1 and κ jumps 0.01733
>> κ and s1 jumps 3212.276175
4. Prepare grid and mode functions.
>> s=-2 MSTModes 0.424853
>> MMp2gridL 2.339347
>> MMp2gridR 15.038555
>> s=-1 MSTModes 0.164403
>> MMp1gridL 0.09614
>> MMp1gridR 0.547375
>> s=0 MSTModes 0.38029
A. Fill 1D grid.
>> s = 2, UP ... 185.948331
>> s = 1, UP ... 5.140014
>> s = 0, UP ... 57.381169
>> s = 2, IN ... 61.784701
>> s = 1, IN ... 3.503445
>> s = 0, IN ... 9.797642
1. Preliminaries.
Calculating B-matrices and Eigenvalues
2. Generate MSTModes
>> Generate s=-2 MSTModes 261.1514
>> Generate s=-1 MSTModes 255.739422
>> Generate hκModes 545.202301
3. Jumps
>> 2.422355
>> 27.987924
>> 13.227365
>> 270.064578
>> 1515.750334
>> 1146.38819
>> LinearSolve for s1 and κ jumps 0.759855
>> κ and s1 jumps 2982.906368
4. Prepare grid and mode functions.
>> s=-2 MSTModes 0.440959
>> MMp2gridL 2.329799
>> MMp2gridR 14.953087
>> s=-1 MSTModes 0.253404
>> MMp1gridL 0.13657
>> MMp1gridR 0.855089
>> s=0 MSTModes 0.4225
A. Fill 1D grid.
>> s = 2, UP ... 180.601221
>> s = 1, UP ... 37.919919
>> s = 0, UP ... 78.450252
>> s = 2, IN ... 61.467315
>> s = 1, IN ... 5.536081
>> s = 0, IN ... 10.911616
1. Preliminaries.
Calculating B-matrices and Eigenvalues
2. Generate MSTModes
>> Generate s=-2 MSTModes 291.753746
>> Generate s=-1 MSTModes 285.916636
>> Generate hκModes 539.238293
3. Jumps
>> 2.316129
>> 26.449244
>> 13.154485
>> 252.891723
>> 1417.201046
>> 1073.610285
>> LinearSolve for s1 and κ jumps 0.438461
>> κ and s1 jumps 2792.061933
4. Prepare grid and mode functions.
>> s=-2 MSTModes 0.445096
>> MMp2gridL 2.293853
>> MMp2gridR 14.63654
>> s=-1 MSTModes 0.252118
>> MMp1gridL 0.134759
>> MMp1gridR 0.840505
>> s=0 MSTModes 0.413689
A. Fill 1D grid.
>> s = 2, UP ... 174.512153
>> s = 1, UP ... 35.6901
>> s = 0, UP ... 75.895134
>> s = 2, IN ... 61.963929
>> s = 1, IN ... 5.518029
>> s = 0, IN ... 10.738419
1. Preliminaries.
Calculating B-matrices and Eigenvalues
2. Generate MSTModes
>> Generate s=-2 MSTModes 317.481082
>> Generate s=-1 MSTModes 311.725778
>> Generate hκModes 544.387096
3. Jumps
>> 2.38881
>> 24.764148
>> 14.468437
>> 232.135347
>> 1262.531621
>> 953.550456
>> LinearSolve for s1 and κ jumps 0.930178
>> κ and s1 jumps 2496.362511
4. Prepare grid and mode functions.
>> s=-2 MSTModes 0.430429
>> MMp2gridL 2.243009
>> MMp2gridR 14.173683
>> s=-1 MSTModes 0.246449
>> MMp1gridL 0.133121
>> MMp1gridR 0.817045
>> s=0 MSTModes 0.402807
A. Fill 1D grid.
>> s = 2, UP ... 164.134609
>> s = 1, UP ... 31.961293
>> s = 0, UP ... 69.676581
>> s = 2, IN ... 60.147163
>> s = 1, IN ... 5.321747
>> s = 0, IN ... 10.366703
1. Preliminaries.
Calculating B-matrices and Eigenvalues
2. Generate MSTModes
>> Generate s=-2 MSTModes 347.683155
>> Generate s=-1 MSTModes 339.396499
>> Generate hκModes 550.159249
3. Jumps
>> 2.167382
>> 23.978023
>> 13.575777
>> 215.621268
>> 1217.905636
>> 908.098613
>> LinearSolve for s1 and κ jumps 0.857352
>> κ and s1 jumps 2387.560184
4. Prepare grid and mode functions.
>> s=-2 MSTModes 0.42867
>> MMp2gridL 2.270708
>> MMp2gridR 14.095433
>> s=-1 MSTModes 0.243945
>> MMp1gridL 0.131826
>> MMp1gridR 0.807492
>> s=0 MSTModes 0.400343
A. Fill 1D grid.
>> s = 2, UP ... 160.87456
>> s = 1, UP ... 30.959567
>> s = 0, UP ... 65.862308
>> s = 2, IN ... 60.418371
>> s = 1, IN ... 5.292692
>> s = 0, IN ... 10.205917
1. Preliminaries.
Calculating B-matrices and Eigenvalues
2. Generate MSTModes
>> Generate s=-2 MSTModes 379.161559
>> Generate s=-1 MSTModes 370.096841
>> Generate hκModes 556.993586
3. Jumps
>> 2.074395
>> 22.920463
>> 14.076009
>> 203.323666
>> 1146.112457
>> 849.88932
>> LinearSolve for s1 and κ jumps 0.692772
>> κ and s1 jumps 2244.169386
4. Prepare grid and mode functions.
>> s=-2 MSTModes 0.422537
>> MMp2gridL 2.245777
>> MMp2gridR 14.00329
>> s=-1 MSTModes 0.238149
>> MMp1gridL 0.128495
>> MMp1gridR 0.793292
>> s=0 MSTModes 0.39456
A. Fill 1D grid.
>> s = 2, UP ... 156.087892
>> s = 1, UP ... 30.301478
>> s = 0, UP ... 63.138811
>> s = 2, IN ... 59.495776
>> s = 1, IN ... 5.154799
>> s = 0, IN ... 9.920482
1. Preliminaries.
Calculating B-matrices and Eigenvalues
2. Generate MSTModes
>> Generate s=-2 MSTModes 411.262527
>> Generate s=-1 MSTModes 403.039435
>> Generate hκModes 565.248261
3. Jumps
>> 1.985158
>> 20.431373
>> 14.2451
>> 183.009586
>> 1029.964426
>> 764.848779
>> LinearSolve for s1 and κ jumps 0.448116
>> κ and s1 jumps 2019.700059
4. Prepare grid and mode functions.
>> s=-2 MSTModes 0.415557
>> MMp2gridL 2.203016
>> MMp2gridR 13.870069
>> s=-1 MSTModes 0.235624
>> MMp1gridL 0.126793
>> MMp1gridR 0.770242
>> s=0 MSTModes 0.386166
A. Fill 1D grid.
>> s = 2, UP ... 151.401847
>> s = 1, UP ... 28.413828
>> s = 0, UP ... 59.182712
>> s = 2, IN ... 58.906661
>> s = 1, IN ... 5.018926
>> s = 0, IN ... 9.606807
1. Preliminaries.
Calculating B-matrices and Eigenvalues
2. Generate MSTModes
>> Generate s=-2 MSTModes 451.134817
>> Generate s=-1 MSTModes 444.086265
>> Generate hκModes 572.355191
3. Jumps
>> 1.92425
>> 19.493975
>> 14.031288
>> 170.347091
>> 963.759999
>> 711.381383
>> LinearSolve for s1 and κ jumps 0.63244
>> κ and s1 jumps 1886.033223
4. Prepare grid and mode functions.
>> s=-2 MSTModes 0.410199
>> MMp2gridL 2.15235
>> MMp2gridR 13.519276
>> s=-1 MSTModes 0.230205
>> MMp1gridL 0.124454
>> MMp1gridR 0.761698
>> s=0 MSTModes 0.380676
A. Fill 1D grid.
>> s = 2, UP ... 146.005801
>> s = 1, UP ... 27.611301
>> s = 0, UP ... 56.66977
>> s = 2, IN ... 58.891573
>> s = 1, IN ... 4.943227
>> s = 0, IN ... 9.502635
1. Preliminaries.
Calculating B-matrices and Eigenvalues
2. Generate MSTModes
>> Generate s=-2 MSTModes 494.247537
>> Generate s=-1 MSTModes 487.854091
>> Generate hκModes 570.005938
3. Jumps
>> 1.830677
>> 17.980113
>> 14.315155
>> 156.070399
>> 886.097017
>> 653.504433
>> LinearSolve for s1 and κ jumps 0.543209
>> κ and s1 jumps 1734.553409
4. Prepare grid and mode functions.
>> s=-2 MSTModes 0.401365
>> MMp2gridL 2.111072
>> MMp2gridR 13.23833
>> s=-1 MSTModes 0.228097
>> MMp1gridL 0.121944
>> MMp1gridR 0.745662
>> s=0 MSTModes 0.372516
A. Fill 1D grid.
>> s = 2, UP ... 141.544885
>> s = 1, UP ... 25.694425
>> s = 0, UP ... 53.548374
>> s = 2, IN ... 58.574295
>> s = 1, IN ... 4.836944
>> s = 0, IN ... 9.180336
1. Preliminaries.
Calculating B-matrices and Eigenvalues
2. Generate MSTModes
>> Generate s=-2 MSTModes 540.168946
>> Generate s=-1 MSTModes 527.167344
>> Generate hκModes 575.267567
3. Jumps
>> 1.722722
>> 16.768276
>> 14.067429
>> 142.189588
