Task 11 on node729.cluster: a=0.99 r0=7.8
Job started: a = 0.99, r0 = 7.8, savepath = /lustre/astro/dyson/DataFiles/KerrCircSourceFiles/h1_radial
Warning: rstarmin is outside the allowed range.
Now we Calculate the Radiative Solutions
1. Preliminaries.
Calculating B-matrices and Eigenvalues
2. Generate MSTModes
>> Generate s=-2 MSTModes 226.410779
>> Generate s=-1 MSTModes 221.477954
>> Generate hκModes 577.621744
3. Jumps
>> 2.599878
>> 27.810958
>> 11.229308
>> 293.618052
>> 1625.646787
>> 1255.490338
>> LinearSolve for s1 and κ jumps 0.014201
>> κ and s1 jumps 3225.600819
4. Prepare grid and mode functions.
>> s=-2 MSTModes 0.437679
>> MMp2gridL 2.240883
>> MMp2gridR 15.241589
>> s=-1 MSTModes 0.167377
>> MMp1gridL 0.092659
>> MMp1gridR 0.557149
>> s=0 MSTModes 0.389321
A. Fill 1D grid.
>> s = 2, UP ... 188.51721
>> s = 1, UP ... 5.17159
>> s = 0, UP ... 58.997018
>> s = 2, IN ... 59.148995
>> s = 1, IN ... 3.340712
>> s = 0, IN ... 9.486406
1. Preliminaries.
Calculating B-matrices and Eigenvalues
2. Generate MSTModes
>> Generate s=-2 MSTModes 261.389747
>> Generate s=-1 MSTModes 255.801297
>> Generate hκModes 551.568922
3. Jumps
>> 2.462111
>> 28.008699
>> 12.647592
>> 272.017971
>> 1525.68173
>> 1163.116201
>> LinearSolve for s1 and κ jumps 0.450252
>> κ and s1 jumps 3010.750362
4. Prepare grid and mode functions.
>> s=-2 MSTModes 0.446723
>> MMp2gridL 2.244505
>> MMp2gridR 15.343249
>> s=-1 MSTModes 0.256779
>> MMp1gridL 0.131952
>> MMp1gridR 0.866507
>> s=0 MSTModes 0.424516
A. Fill 1D grid.
>> s = 2, UP ... 185.892129
>> s = 1, UP ... 38.018044
>> s = 0, UP ... 76.538889
>> s = 2, IN ... 58.338405
>> s = 1, IN ... 5.350237
>> s = 0, IN ... 10.452712
1. Preliminaries.
Calculating B-matrices and Eigenvalues
2. Generate MSTModes
>> Generate s=-2 MSTModes 291.330367
>> Generate s=-1 MSTModes 284.587926
>> Generate hκModes 548.300811
3. Jumps
>> 2.345008
>> 25.991342
>> 13.301862
>> 253.077625
>> 1423.418039
>> 1082.103479
>> LinearSolve for s1 and κ jumps 0.795793
>> κ and s1 jumps 2807.08346
4. Prepare grid and mode functions.
>> s=-2 MSTModes 0.448461
>> MMp2gridL 2.21179
>> MMp2gridR 15.037139
>> s=-1 MSTModes 0.255295
>> MMp1gridL 0.129956
>> MMp1gridR 0.85094
>> s=0 MSTModes 0.441473
A. Fill 1D grid.
>> s = 2, UP ... 180.489394
>> s = 1, UP ... 36.076708
>> s = 0, UP ... 73.171758
>> s = 2, IN ... 57.980177
>> s = 1, IN ... 5.250364
>> s = 0, IN ... 10.213805
1. Preliminaries.
Calculating B-matrices and Eigenvalues
2. Generate MSTModes
>> Generate s=-2 MSTModes 317.918911
>> Generate s=-1 MSTModes 312.101192
>> Generate hκModes 554.26935
3. Jumps
>> 2.273847
>> 25.798044
>> 13.371419
>> 238.593458
>> 1358.839213
>> 1023.527667
>> LinearSolve for s1 and κ jumps 0.723704
>> κ and s1 jumps 2668.81065
4. Prepare grid and mode functions.
>> s=-2 MSTModes 0.447293
>> MMp2gridL 2.210507
>> MMp2gridR 14.826854
>> s=-1 MSTModes 0.251738
>> MMp1gridL 0.127975
>> MMp1gridR 0.839246
>> s=0 MSTModes 0.414256
A. Fill 1D grid.
>> s = 2, UP ... 172.938811
>> s = 1, UP ... 34.519902
>> s = 0, UP ... 65.977237
>> s = 2, IN ... 57.678535
>> s = 1, IN ... 5.156846
>> s = 0, IN ... 9.983719
1. Preliminaries.
Calculating B-matrices and Eigenvalues
2. Generate MSTModes
>> Generate s=-2 MSTModes 351.373179
>> Generate s=-1 MSTModes 343.741485
>> Generate hκModes 562.503649
3. Jumps
>> 2.156903
>> 23.119498
>> 13.776936
>> 217.019414
>> 1221.088415
>> 915.329045
>> LinearSolve for s1 and κ jumps 0.853002
>> κ and s1 jumps 2398.676942
4. Prepare grid and mode functions.
>> s=-2 MSTModes 0.439436
>> MMp2gridL 2.152574
>> MMp2gridR 14.456391
>> s=-1 MSTModes 0.245792
>> MMp1gridL 0.125361
>> MMp1gridR 0.810211
>> s=0 MSTModes 0.405843
A. Fill 1D grid.
>> s = 2, UP ... 166.82223
>> s = 1, UP ... 32.489011
>> s = 0, UP ... 64.324343
>> s = 2, IN ... 57.251956
>> s = 1, IN ... 5.03785
>> s = 0, IN ... 9.777831
1. Preliminaries.
Calculating B-matrices and Eigenvalues
2. Generate MSTModes
>> Generate s=-2 MSTModes 384.648698
>> Generate s=-1 MSTModes 376.465948
>> Generate hκModes 569.37473
3. Jumps
>> 2.057987
>> 22.004701
>> 14.247121
>> 197.898519
>> 1118.799463
>> 836.054203
>> LinearSolve for s1 and κ jumps 0.7067
>> κ and s1 jumps 2196.870473
4. Prepare grid and mode functions.
>> s=-2 MSTModes 0.434631
>> MMp2gridL 2.156918
>> MMp2gridR 14.29874
>> s=-1 MSTModes 0.243538
>> MMp1gridL 0.124765
>> MMp1gridR 0.808818
>> s=0 MSTModes 0.399617
A. Fill 1D grid.
>> s = 2, UP ... 162.902342
>> s = 1, UP ... 30.384545
>> s = 0, UP ... 62.191594
>> s = 2, IN ... 56.630029
>> s = 1, IN ... 4.929753
>> s = 0, IN ... 9.47488
1. Preliminaries.
Calculating B-matrices and Eigenvalues
2. Generate MSTModes
>> Generate s=-2 MSTModes 422.838238
>> Generate s=-1 MSTModes 417.44991
>> Generate hκModes 577.587879
3. Jumps
>> 1.971879
>> 20.709988
>> 14.885377
>> 182.823728
>> 1043.097881
>> 776.27767
>> LinearSolve for s1 and κ jumps 0.465797
>> κ and s1 jumps 2045.010029
4. Prepare grid and mode functions.
>> s=-2 MSTModes 0.425559
>> MMp2gridL 2.122632
>> MMp2gridR 14.328095
>> s=-1 MSTModes 0.239672
>> MMp1gridL 0.121753
>> MMp1gridR 0.784141
>> s=0 MSTModes 0.39624
A. Fill 1D grid.
>> s = 2, UP ... 156.056019
>> s = 1, UP ... 28.812137
>> s = 0, UP ... 59.385387
>> s = 2, IN ... 56.313614
>> s = 1, IN ... 4.839247
>> s = 0, IN ... 9.241431
1. Preliminaries.
Calculating B-matrices and Eigenvalues
2. Generate MSTModes
>> Generate s=-2 MSTModes 467.147173
>> Generate s=-1 MSTModes 456.678359
>> Generate hκModes 586.507324
3. Jumps
>> 1.901539
>> 19.634424
>> 14.89007
>> 169.598329
>> 970.091635
>> 719.049746
>> LinearSolve for s1 and κ jumps 0.644718
>> κ and s1 jumps 1900.296953
4. Prepare grid and mode functions.
>> s=-2 MSTModes 0.416292
>> MMp2gridL 2.090928
>> MMp2gridR 14.018989
>> s=-1 MSTModes 0.236476
>> MMp1gridL 0.120311
>> MMp1gridR 0.773994
>> s=0 MSTModes 0.383539
A. Fill 1D grid.
>> s = 2, UP ... 150.259979
>> s = 1, UP ... 28.020083
>> s = 0, UP ... 57.195688
>> s = 2, IN ... 55.7914
>> s = 1, IN ... 4.794455
>> s = 0, IN ... 9.048694
1. Preliminaries.
Calculating B-matrices and Eigenvalues
2. Generate MSTModes
>> Generate s=-2 MSTModes 517.600002
>> Generate s=-1 MSTModes 499.910081
>> Generate hκModes 586.201874
3. Jumps
>> 1.819463
>> 17.874076
>> 14.504244
>> 153.580682
>> 841.187831
>> 615.421968
>> LinearSolve for s1 and κ jumps 0.705585
>> κ and s1 jumps 1649.250475
4. Prepare grid and mode functions.
>> s=-2 MSTModes 0.401856
>> MMp2gridL 2.031266
>> MMp2gridR 13.57217
>> s=-1 MSTModes 0.230635
>> MMp1gridL 0.117265
>> MMp1gridR 0.755358
>> s=0 MSTModes 0.376213
A. Fill 1D grid.
>> s = 2, UP ... 145.043511
>> s = 1, UP ... 27.042978
>> s = 0, UP ... 55.639136
>> s = 2, IN ... 55.52888
>> s = 1, IN ... 4.613926
>> s = 0, IN ... 8.789249
1. Preliminaries.
Calculating B-matrices and Eigenvalues
2. Generate MSTModes
>> Generate s=-2 MSTModes 557.299711
>> Generate s=-1 MSTModes 540.230955
>> Generate hκModes 593.498409
3. Jumps
>> 1.752294
>> 16.953125
>> 14.379933
>> 142.520704
>> 824.531194
>> 604.763055
>> LinearSolve for s1 and κ jumps 0.708974
>> κ and s1 jumps 1609.685399
4. Prepare grid and mode functions.
>> s=-2 MSTModes 0.421489
>> MMp2gridL 2.011575
>> MMp2gridR 13.976624
>> s=-1 MSTModes 0.236053
>> MMp1gridL 0.117076
>> MMp1gridR 0.751596
>> s=0 MSTModes 0.3974
A. Fill 1D grid.
>> s = 2, UP ... 151.85356
>> s = 1, UP ... 28.193514
>> s = 0, UP ... 58.58665
>> s = 2, IN ... 56.54954
>> s = 1, IN ... 4.665284
>> s = 0, IN ... 8.79501
1. Preliminaries.
Calculating B-matrices and Eigenvalues
2. Generate MSTModes
>> Generate s=-2 MSTModes 646.420418
>> Generate s=-1 MSTModes 626.555131
>> Generate hκModes 599.710461
3. Jumps
>> 1.688903
>> 15.679309
>> 14.100259
>> 132.030783
>> 761.492446
>> 555.912947
>> LinearSolve for s1 and κ jumps 0.704054
>> κ and s1 jumps 1485.425745
4. Prepare grid and mode functions.
>> s=-2 MSTModes 0.4124
>> MMp2gridL 1.967613
>> MMp2gridR 13.469908
>> s=-1 MSTModes 0.230116
>> MMp1gridL 0.115032
>> MMp1gridR 0.742208
>> s=0 MSTModes 0.388003
A. Fill 1D grid.
>> s = 2, UP ... 139.921229
>> s = 1, UP ... 26.383312
>> s = 0, UP ... 53.028921
>> s = 2, IN ... 55.373155
>> s = 1, IN ... 4.504076
>> s = 0, IN ... 8.503027
1. Preliminaries.
Calculating B-matrices and Eigenvalues
2. Generate MSTModes
>> Generate s=-2 MSTModes 717.177504
>> Generate s=-1 MSTModes 934.55243
>> Generate hκModes 7787.803695
3. Jumps
>> 105.986809
>> 78.707934
>> 931.644431
>> 234.055882
>> 1491.259429
