Task 10 on node729.cluster: a=0.6 r0=8.2
Job started: a = 0.6, r0 = 8.2, savepath = /lustre/astro/dyson/DataFiles/KerrCircSourceFiles/h1_radial
Warning: rstarmin is outside the allowed range.
Now we Calculate the Radiative Solutions
1. Preliminaries.
Calculating B-matrices and Eigenvalues
2. Generate MSTModes
>> Generate s=-2 MSTModes 196.989597
>> Generate s=-1 MSTModes 193.556435
>> Generate hκModes 552.043133
3. Jumps
>> 2.567126
>> 27.93204
>> 11.510749
>> 76.605766
>> 684.758416
>> 330.240795
>> LinearSolve for s1 and κ jumps 0.042123
>> κ and s1 jumps 1141.452459
4. Prepare grid and mode functions.
>> s=-2 MSTModes 0.429222
>> MMp2gridL 2.16171
>> MMp2gridR 15.078115
>> s=-1 MSTModes 0.165031
>> MMp1gridL 0.090341
>> MMp1gridR 0.557649
>> s=0 MSTModes 0.384826
A. Fill 1D grid.
>> s = 2, UP ... 176.399174
>> s = 1, UP ... 5.122165
>> s = 0, UP ... 35.434983
>> s = 2, IN ... 56.86917
>> s = 1, IN ... 3.244886
>> s = 0, IN ... 7.034061
1. Preliminaries.
Calculating B-matrices and Eigenvalues
2. Generate MSTModes
>> Generate s=-2 MSTModes 225.858664
>> Generate s=-1 MSTModes 223.714917
>> Generate hκModes 527.469648
3. Jumps
>> 2.57785
>> 28.488395
>> 12.379802
>> 278.183588
>> 1555.736362
>> 1184.004002
>> LinearSolve for s1 and κ jumps 0.760935
>> κ and s1 jumps 3068.584514
4. Prepare grid and mode functions.
>> s=-2 MSTModes 0.455747
>> MMp2gridL 2.154804
>> MMp2gridR 15.08444
>> s=-1 MSTModes 0.256167
>> MMp1gridL 0.124679
>> MMp1gridR 0.853337
>> s=0 MSTModes 0.418569
A. Fill 1D grid.
>> s = 2, UP ... 173.835155
>> s = 1, UP ... 32.197761
>> s = 0, UP ... 67.468188
>> s = 2, IN ... 56.290406
>> s = 1, IN ... 5.095253
>> s = 0, IN ... 9.960722
1. Preliminaries.
Calculating B-matrices and Eigenvalues
2. Generate MSTModes
>> Generate s=-2 MSTModes 253.104254
>> Generate s=-1 MSTModes 249.249949
>> Generate hκModes 519.004548
3. Jumps
>> 2.313756
>> 26.254394
>> 13.166359
>> 251.564541
>> 1412.395173
>> 1070.214481
>> LinearSolve for s1 and κ jumps 0.546348
>> κ and s1 jumps 2782.443377
4. Prepare grid and mode functions.
>> s=-2 MSTModes 0.444024
>> MMp2gridL 2.105223
>> MMp2gridR 14.711083
>> s=-1 MSTModes 0.252418
>> MMp1gridL 0.122975
>> MMp1gridR 0.834525
>> s=0 MSTModes 0.411093
A. Fill 1D grid.
>> s = 2, UP ... 168.831538
>> s = 1, UP ... 31.170825
>> s = 0, UP ... 65.195341
>> s = 2, IN ... 55.305301
>> s = 1, IN ... 5.00577
>> s = 0, IN ... 9.699971
1. Preliminaries.
Calculating B-matrices and Eigenvalues
2. Generate MSTModes
>> Generate s=-2 MSTModes 273.598903
>> Generate s=-1 MSTModes 271.964099
>> Generate hκModes 525.50529
3. Jumps
>> 2.24899
>> 25.08709
>> 13.73392
>> 234.368496
>> 1324.68837
>> 998.524004
>> LinearSolve for s1 and κ jumps 0.544055
>> κ and s1 jumps 2604.922216
4. Prepare grid and mode functions.
>> s=-2 MSTModes 0.441556
>> MMp2gridL 2.060408
>> MMp2gridR 14.388042
>> s=-1 MSTModes 0.248697
>> MMp1gridL 0.12251
>> MMp1gridR 0.822688
>> s=0 MSTModes 0.416097
A. Fill 1D grid.
>> s = 2, UP ... 163.805759
>> s = 1, UP ... 30.456275
>> s = 0, UP ... 63.503032
>> s = 2, IN ... 55.376611
>> s = 1, IN ... 4.899508
>> s = 0, IN ... 9.47076
1. Preliminaries.
Calculating B-matrices and Eigenvalues
2. Generate MSTModes
>> Generate s=-2 MSTModes 302.714971
>> Generate s=-1 MSTModes 298.443442
>> Generate hκModes 529.90182
3. Jumps
>> 2.165058
>> 23.547792
>> 13.570916
>> 224.680594
>> 1248.866918
>> 942.01306
>> LinearSolve for s1 and κ jumps 0.638705
>> κ and s1 jumps 2460.830708
4. Prepare grid and mode functions.
>> s=-2 MSTModes 0.430881
>> MMp2gridL 2.038069
>> MMp2gridR 14.15167
>> s=-1 MSTModes 0.246218
>> MMp1gridL 0.11963
>> MMp1gridR 0.802561
>> s=0 MSTModes 0.399616
A. Fill 1D grid.
>> s = 2, UP ... 160.578655
>> s = 1, UP ... 29.992313
>> s = 0, UP ... 61.836005
>> s = 2, IN ... 55.151708
>> s = 1, IN ... 4.854931
>> s = 0, IN ... 9.318174
1. Preliminaries.
Calculating B-matrices and Eigenvalues
2. Generate MSTModes
>> Generate s=-2 MSTModes 333.652398
>> Generate s=-1 MSTModes 329.302722
>> Generate hκModes 535.344021
3. Jumps
>> 2.060377
>> 21.947831
>> 14.189949
>> 203.438129
>> 1144.151274
>> 815.694355
>> LinearSolve for s1 and κ jumps 0.635865
>> κ and s1 jumps 2207.158031
4. Prepare grid and mode functions.
>> s=-2 MSTModes 0.419765
>> MMp2gridL 2.05856
>> MMp2gridR 13.840404
>> s=-1 MSTModes 0.238555
>> MMp1gridL 0.118638
>> MMp1gridR 0.786203
>> s=0 MSTModes 0.391796
A. Fill 1D grid.
>> s = 2, UP ... 154.908984
>> s = 1, UP ... 28.558562
>> s = 0, UP ... 59.297273
>> s = 2, IN ... 54.304185
>> s = 1, IN ... 4.694044
>> s = 0, IN ... 9.017685
1. Preliminaries.
Calculating B-matrices and Eigenvalues
2. Generate MSTModes
>> Generate s=-2 MSTModes 364.381158
>> Generate s=-1 MSTModes 359.70208
>> Generate hκModes 540.113307
3. Jumps
>> 1.982714
>> 20.541716
>> 14.172154
>> 183.718848
>> 1040.522025
>> 774.940357
>> LinearSolve for s1 and κ jumps 0.63459
>> κ and s1 jumps 2041.256215
4. Prepare grid and mode functions.
>> s=-2 MSTModes 0.420655
>> MMp2gridL 2.022739
>> MMp2gridR 13.783169
>> s=-1 MSTModes 0.236866
>> MMp1gridL 0.117284
>> MMp1gridR 0.778959
>> s=0 MSTModes 0.386473
A. Fill 1D grid.
>> s = 2, UP ... 152.978567
>> s = 1, UP ... 28.236847
>> s = 0, UP ... 58.114866
>> s = 2, IN ... 54.132347
>> s = 1, IN ... 4.62325
>> s = 0, IN ... 8.857566
1. Preliminaries.
Calculating B-matrices and Eigenvalues
2. Generate MSTModes
>> Generate s=-2 MSTModes 399.174479
>> Generate s=-1 MSTModes 394.286626
>> Generate hκModes 546.606087
3. Jumps
>> 1.897639
>> 19.279066
>> 14.304421
>> 169.911891
>> 963.015168
>> 714.486195
>> LinearSolve for s1 and κ jumps 0.67548
>> κ and s1 jumps 1888.016591
4. Prepare grid and mode functions.
>> s=-2 MSTModes 0.416014
>> MMp2gridL 1.999097
>> MMp2gridR 13.642853
>> s=-1 MSTModes 0.23438
>> MMp1gridL 0.115617
>> MMp1gridR 0.765085
>> s=0 MSTModes 0.382826
A. Fill 1D grid.
>> s = 2, UP ... 149.08439
>> s = 1, UP ... 27.997167
>> s = 0, UP ... 57.684492
>> s = 2, IN ... 54.32903
>> s = 1, IN ... 4.563479
>> s = 0, IN ... 8.713821
1. Preliminaries.
Calculating B-matrices and Eigenvalues
2. Generate MSTModes
>> Generate s=-2 MSTModes 439.153122
>> Generate s=-1 MSTModes 431.324834
>> Generate hκModes 553.387562
3. Jumps
>> 1.806055
>> 18.07782
>> 14.502623
>> 156.963528
>> 884.595571
>> 653.542279
>> LinearSolve for s1 and κ jumps 0.635756
>> κ and s1 jumps 1734.300238
4. Prepare grid and mode functions.
>> s=-2 MSTModes 0.407226
>> MMp2gridL 1.937264
>> MMp2gridR 13.552072
>> s=-1 MSTModes 0.23208
>> MMp1gridL 0.113048
>> MMp1gridR 0.752766
>> s=0 MSTModes 0.372631
A. Fill 1D grid.
>> s = 2, UP ... 143.286372
>> s = 1, UP ... 26.408065
>> s = 0, UP ... 54.475407
>> s = 2, IN ... 53.77287
>> s = 1, IN ... 4.455358
>> s = 0, IN ... 8.361754
1. Preliminaries.
Calculating B-matrices and Eigenvalues
2. Generate MSTModes
>> Generate s=-2 MSTModes 488.068089
>> Generate s=-1 MSTModes 469.462814
>> Generate hκModes 558.870613
3. Jumps
>> 1.755466
>> 16.733512
>> 14.102427
>> 142.375034
>> 813.731608
>> 584.755952
>> LinearSolve for s1 and κ jumps 0.489023
>> κ and s1 jumps 1577.918002
4. Prepare grid and mode functions.
>> s=-2 MSTModes 0.397441
>> MMp2gridL 1.895943
>> MMp2gridR 13.149465
>> s=-1 MSTModes 0.223666
>> MMp1gridL 0.11079
>> MMp1gridR 0.735984
>> s=0 MSTModes 0.364145
A. Fill 1D grid.
>> s = 2, UP ... 138.512409
>> s = 1, UP ... 25.530951
>> s = 0, UP ... 52.412582
>> s = 2, IN ... 53.575209
>> s = 1, IN ... 4.363237
>> s = 0, IN ... 8.270239
1. Preliminaries.
Calculating B-matrices and Eigenvalues
2. Generate MSTModes
>> Generate s=-2 MSTModes 531.101372
>> Generate s=-1 MSTModes 513.604289
>> Generate hκModes 567.367847
3. Jumps
>> 1.702155
>> 15.674169
>> 13.876495
>> 129.577544
>> 750.349911
>> 545.958665
>> LinearSolve for s1 and κ jumps 0.464058
>> κ and s1 jumps 1461.437512
4. Prepare grid and mode functions.
>> s=-2 MSTModes 0.410262
>> MMp2gridL 1.867048
>> MMp2gridR 13.385094
>> s=-1 MSTModes 0.233582
>> MMp1gridL 0.109835
>> MMp1gridR 0.754506
>> s=0 MSTModes 0.391925
A. Fill 1D grid.
>> s = 2, UP ... 144.902393
>> s = 1, UP ... 28.845017
>> s = 0, UP ... 58.684589
>> s = 2, IN ... 53.516701
>> s = 1, IN ... 4.390273
>> s = 0, IN ... 8.159601
1. Preliminaries.
Calculating B-matrices and Eigenvalues
2. Generate MSTModes
>> Generate s=-2 MSTModes 617.474893
>> Generate s=-1 MSTModes 607.562164
>> Generate hκModes 572.836794
3. Jumps
>> 1.672279
>> 14.8007
>> 13.740631
>> 119.728429
>> 692.519418
>> 497.431232
>> LinearSolve for s1 and κ jumps 0.699078
>> κ and s1 jumps 1344.169275
4. Prepare grid and mode functions.
>> s=-2 MSTModes 0.402104
>> MMp2gridL 1.827224
>> MMp2gridR 13.076896
>> s=-1 MSTModes 0.22448
>> MMp1gridL 0.108877
>> MMp1gridR 0.716241
>> s=0 MSTModes 0.376088
A. Fill 1D grid.
>> s = 2, UP ... 134.792682
>> s = 1, UP ... 25.639169
>> s = 0, UP ... 53.394027
>> s = 2, IN ... 53.273685
>> s = 1, IN ... 4.245656
>> s = 0, IN ... 7.980369
1. Preliminaries.
Calculating B-matrices and Eigenvalues
2. Generate MSTModes
>> Generate s=-2 MSTModes 689.289961
>> Generate s=-1 MSTModes 679.786702
>> Generate hκModes 3356.137594
3. Jumps
>> 103.307375
>> 78.599169
>> 1024.749421
>> 234.799282
>> 1334.463736
>> 856.18297
>> LinearSolve for s1 and κ jumps 0.734827
>> κ and s1 jumps 3646.156123
4. Prepare grid and mode functions.
>> s=-2 MSTModes 1.60823
>> MMp2gridL 7.604509
>> MMp2gridR 53.00728
>> s=-1 MSTModes 0.937042
>> MMp1gridL 0.799574
>> MMp1gridR 3.335
>> s=0 MSTModes 1.496582
A. Fill 1D grid.
>> s = 2, UP ... 925.678404
>> s = 1, UP ... 104.885443
>> s = 0, UP ... 326.385211
>> s = 2, IN ... 173.251288
>> s = 1, IN ... 29.376374
>> s = 0, IN ... 51.405049
1. Preliminaries.
Calculating B-matrices and Eigenvalues
2. Generate MSTModes
