Task 668 on node656.cluster: a=0.9 r0=32.0
Job started: a = 0.9, r0 = 32., savepath = /lustre/astro/dyson/DataFiles/KerrCircDiskData/h1_radial
Warning: rstarmin is outside the allowed range.
Now we Calculate the Radiative Solutions
1. Preliminaries.
Calculating B-matrices and Eigenvalues
2. Generate MSTModes
>> Generate s=-2 MSTModes 58.057032
>> Generate s=-1 MSTModes 57.568373

MetricReconstructRadiative`Private`hκTSolve::icaccuraccy: Warning: asymptotic expansion of order 40 at r=4000.000000000000000000000000000000000000000000000000000000000000 provides insufficiently accurate initial conditions to meet PrecsionGoal, 24.

MetricReconstructRadiative`Private`hκTSolve::icaccuraccy: Warning: asymptotic expansion of order 40 at r=4000.000000000000000000000000000000000000000000000000000000000000 provides insufficiently accurate initial conditions to meet PrecsionGoal, 24.

MetricReconstructRadiative`Private`hκTSolve::icaccuraccy: Warning: asymptotic expansion of order 40 at r=4000.000000000000000000000000000000000000000000000000000000000000 provides insufficiently accurate initial conditions to meet PrecsionGoal, 24.

General::stop: Further output of MetricReconstructRadiative`Private`hκTSolve::icaccuraccy will be suppressed during this calculation.
>> Generate hκModes 138.779889
3. Jumps
>> 0.367006
>> 2.229643
>> 3.317827
>> 3.998697
>> 50.090742
>> 17.982094
>> LinearSolve for s1 and κ jumps 0.036615
>> κ and s1 jumps 78.931309
4. Prepare grid and mode functions.
>> s=-2 MSTModes 0.199322
>> MMp2gridL 3.003471
>> MMp2gridR 2.908597
>> s=-1 MSTModes 0.065426
>> MMp1gridL 0.101183
>> MMp1gridR 0.098006
>> s=0 MSTModes 0.148661
A. Fill 1D grid.
>> s = 2, UP ... 21.06757
>> s = 1, UP ... 0.880457
>> s = 0, UP ... 4.785993
>> s = 2, IN ... 22.081554
>> s = 1, IN ... 0.876226
>> s = 0, IN ... 4.754286
1. Preliminaries.
Calculating B-matrices and Eigenvalues
2. Generate MSTModes
>> Generate s=-2 MSTModes 68.043412
>> Generate s=-1 MSTModes 67.624876
>> Generate hκModes 121.528187
3. Jumps
>> 0.339837
>> 2.176353
>> 3.46992
>> 3.451596
>> 46.092245
>> 15.258531
>> LinearSolve for s1 and κ jumps 0.236414
>> κ and s1 jumps 71.68531
4. Prepare grid and mode functions.
>> s=-2 MSTModes 0.209064
>> MMp2gridL 2.88008
>> MMp2gridR 2.729763
>> s=-1 MSTModes 0.097521
>> MMp1gridL 0.167401
>> MMp1gridR 0.160264
>> s=0 MSTModes 0.158932
A. Fill 1D grid.
>> s = 2, UP ... 18.952998
>> s = 1, UP ... 3.974054
>> s = 0, UP ... 5.790064
>> s = 2, IN ... 19.517547
>> s = 1, IN ... 4.085403
>> s = 0, IN ... 5.79161
1. Preliminaries.
Calculating B-matrices and Eigenvalues
2. Generate MSTModes
>> Generate s=-2 MSTModes 69.602311
>> Generate s=-1 MSTModes 66.560004
>> Generate hκModes 107.913854
3. Jumps
>> 0.320432
>> 1.782481
>> 3.277376
>> 2.962902
>> 39.374396
>> 13.293262
>> LinearSolve for s1 and κ jumps 0.235395
>> κ and s1 jumps 61.833303
4. Prepare grid and mode functions.
>> s=-2 MSTModes 0.205675
>> MMp2gridL 2.629529
>> MMp2gridR 2.518457
>> s=-1 MSTModes 0.091996
>> MMp1gridL 0.155456
>> MMp1gridR 0.147712
>> s=0 MSTModes 0.151299
A. Fill 1D grid.
>> s = 2, UP ... 17.287189
>> s = 1, UP ... 3.641588
>> s = 0, UP ... 5.316894
>> s = 2, IN ... 17.986832
>> s = 1, IN ... 3.758507
>> s = 0, IN ... 5.300763
1. Preliminaries.
Calculating B-matrices and Eigenvalues
2. Generate MSTModes
>> Generate s=-2 MSTModes 74.277098
>> Generate s=-1 MSTModes 72.613204
>> Generate hκModes 102.683046
3. Jumps
>> 0.292248
>> 1.666224
>> 3.272975
>> 2.536486
>> 34.905596
>> 11.443185
>> LinearSolve for s1 and κ jumps 0.598203
>> κ and s1 jumps 55.334939
4. Prepare grid and mode functions.
>> s=-2 MSTModes 0.170894
>> MMp2gridL 2.537411
>> MMp2gridR 2.440473
>> s=-1 MSTModes 0.090353
>> MMp1gridL 0.151495
>> MMp1gridR 0.143072
>> s=0 MSTModes 0.148249
A. Fill 1D grid.
>> s = 2, UP ... 16.691265
>> s = 1, UP ... 3.460966
>> s = 0, UP ... 5.143109
>> s = 2, IN ... 17.218034
>> s = 1, IN ... 3.565491
>> s = 0, IN ... 5.096579
1. Preliminaries.
Calculating B-matrices and Eigenvalues
2. Generate MSTModes
>> Generate s=-2 MSTModes 79.202254
>> Generate s=-1 MSTModes 77.934822
>> Generate hκModes 98.034223
3. Jumps
>> 0.285611
>> 1.539942
>> 3.129846
>> 2.219469
>> 31.519831
>> 9.897546
>> LinearSolve for s1 and κ jumps 0.861547
>> κ and s1 jumps 50.01205
4. Prepare grid and mode functions.
>> s=-2 MSTModes 0.162618
>> MMp2gridL 2.466944
>> MMp2gridR 2.349447
>> s=-1 MSTModes 0.08763
>> MMp1gridL 0.148357
>> MMp1gridR 0.138743
>> s=0 MSTModes 0.141383
A. Fill 1D grid.
>> s = 2, UP ... 15.714574
>> s = 1, UP ... 3.29374
>> s = 0, UP ... 4.8991
>> s = 2, IN ... 16.417187
>> s = 1, IN ... 3.377042
>> s = 0, IN ... 4.848212
1. Preliminaries.
Calculating B-matrices and Eigenvalues
2. Generate MSTModes
>> Generate s=-2 MSTModes 84.186277
>> Generate s=-1 MSTModes 83.849661
>> Generate hκModes 94.232515
3. Jumps
>> 0.263819
>> 1.288592
>> 3.023802
>> 1.870083
>> 26.9475
>> 8.411889
>> LinearSolve for s1 and κ jumps 0.862723
>> κ and s1 jumps 43.217278
4. Prepare grid and mode functions.
>> s=-2 MSTModes 0.157242
>> MMp2gridL 2.329949
>> MMp2gridR 2.236601
>> s=-1 MSTModes 0.082983
>> MMp1gridL 0.138555
>> MMp1gridR 0.131946
>> s=0 MSTModes 0.131736
A. Fill 1D grid.
>> s = 2, UP ... 14.985343
>> s = 1, UP ... 3.064858
>> s = 0, UP ... 4.593315
>> s = 2, IN ... 15.393507
>> s = 1, IN ... 3.168005
>> s = 0, IN ... 4.492907
1. Preliminaries.
Calculating B-matrices and Eigenvalues
2. Generate MSTModes
>> Generate s=-2 MSTModes 87.713793
>> Generate s=-1 MSTModes 87.893457
>> Generate hκModes 90.633776
3. Jumps
>> 0.258629
>> 1.188155
>> 2.991924
>> 5.990058
>> 42.893509
>> 25.442765
>> LinearSolve for s1 and κ jumps 1.155279
>> κ and s1 jumps 80.422096
4. Prepare grid and mode functions.
>> s=-2 MSTModes 0.146134
>> MMp2gridL 2.235963
>> MMp2gridR 2.143256
>> s=-1 MSTModes 0.079268
>> MMp1gridL 0.135428
>> MMp1gridR 0.127988
>> s=0 MSTModes 0.128485
A. Fill 1D grid.
>> s = 2, UP ... 14.166614
>> s = 1, UP ... 2.909324
>> s = 0, UP ... 5.71923
>> s = 2, IN ... 14.663499
>> s = 1, IN ... 3.030398
>> s = 0, IN ... 5.755074
1. Preliminaries.
Calculating B-matrices and Eigenvalues
2. Generate MSTModes
>> Generate s=-2 MSTModes 90.537167
>> Generate s=-1 MSTModes 91.191265
>> Generate hκModes 87.279712
3. Jumps
>> 0.249726
>> 1.065345
>> 2.900201
>> 5.167831
>> 37.672719
>> 22.202824
>> LinearSolve for s1 and κ jumps 0.968697
>> κ and s1 jumps 70.71703
4. Prepare grid and mode functions.
>> s=-2 MSTModes 0.142764
>> MMp2gridL 2.179642
>> MMp2gridR 2.082792
>> s=-1 MSTModes 0.076701
>> MMp1gridL 0.133141
>> MMp1gridR 0.126601
>> s=0 MSTModes 0.124419
A. Fill 1D grid.
>> s = 2, UP ... 13.762931
>> s = 1, UP ... 2.785834
>> s = 0, UP ... 5.467865
>> s = 2, IN ... 14.142659
>> s = 1, IN ... 2.871609
>> s = 0, IN ... 5.401639
1. Preliminaries.
Calculating B-matrices and Eigenvalues
2. Generate MSTModes
>> Generate s=-2 MSTModes 92.508912
>> Generate s=-1 MSTModes 93.419936
>> Generate hκModes 84.215954
3. Jumps
>> 0.244231
>> 0.93496
>> 2.761713
>> 4.321221
>> 32.166371
>> 18.441629
>> LinearSolve for s1 and κ jumps 0.00794
>> κ and s1 jumps 59.234154
4. Prepare grid and mode functions.
>> s=-2 MSTModes 0.178065
>> MMp2gridL 2.101796
>> MMp2gridR 1.980928
>> s=-1 MSTModes 0.075196
>> MMp1gridL 0.129606
>> MMp1gridR 0.121797
>> s=0 MSTModes 0.119944
A. Fill 1D grid.
>> s = 2, UP ... 13.04715
>> s = 1, UP ... 2.65137
>> s = 0, UP ... 5.21814
>> s = 2, IN ... 13.5036
>> s = 1, IN ... 2.761704
>> s = 0, IN ... 5.216971
1. Preliminaries.
Calculating B-matrices and Eigenvalues
2. Generate MSTModes
>> Generate s=-2 MSTModes 95.103093
>> Generate s=-1 MSTModes 94.214676
>> Generate hκModes 79.31532
3. Jumps
>> 0.218984
>> 0.815552
>> 2.574327
>> 3.59786
