Task 11 on node678.cluster: a=0.001 r0=11.5
Job started: a = 0.001, r0 = 11.5, savepath = /lustre/astro/dyson/DataFiles/KerrCircDiskData/h1_radial
Warning: rstarmin is outside the allowed range.
Now we Calculate the Radiative Solutions
1. Preliminaries.
Calculating B-matrices and Eigenvalues
2. Generate MSTModes
>> Generate s=-2 MSTModes 42.367006
>> Generate s=-1 MSTModes 42.676421
>> Generate hκModes 114.708304
3. Jumps
>> 0.344796
>> 2.060344
>> 3.295225
>> 3.57357
>> 45.742221
>> 16.733498
>> LinearSolve for s1 and κ jumps 0.00337
>> κ and s1 jumps 72.573579
4. Prepare grid and mode functions.
>> s=-2 MSTModes 0.20235
>> MMp2gridL 0.935576
>> MMp2gridR 4.752615
>> s=-1 MSTModes 0.063388
>> MMp1gridL 0.038154
>> MMp1gridR 0.15782
>> s=0 MSTModes 0.142725
A. Fill 1D grid.
>> s = 2, UP ... 32.494042
>> s = 1, UP ... 1.227013
>> s = 0, UP ... 7.260134
>> s = 2, IN ... 11.489901
>> s = 1, IN ... 0.883254
>> s = 0, IN ... 1.999166
1. Preliminaries.
Calculating B-matrices and Eigenvalues
2. Generate MSTModes
>> Generate s=-2 MSTModes 59.481485
>> Generate s=-1 MSTModes 60.853076
>> Generate hκModes 133.167817
3. Jumps
>> 0.389214
>> 2.590863
>> 4.499312
>> 4.134439
>> 54.078253
>> 18.51461
>> LinearSolve for s1 and κ jumps 1.006516
>> κ and s1 jumps 86.026633
4. Prepare grid and mode functions.
>> s=-2 MSTModes 0.203123
>> MMp2gridL 1.09278
>> MMp2gridR 5.56169
>> s=-1 MSTModes 0.111592
>> MMp1gridL 0.063977
>> MMp1gridR 0.322371
>> s=0 MSTModes 0.17963
A. Fill 1D grid.
>> s = 2, UP ... 36.480659
>> s = 1, UP ... 7.94186
>> s = 0, UP ... 11.286933
>> s = 2, IN ... 12.731174
>> s = 1, IN ... 1.689609
>> s = 0, IN ... 2.476775
1. Preliminaries.
Calculating B-matrices and Eigenvalues
2. Generate MSTModes
>> Generate s=-2 MSTModes 69.639223
>> Generate s=-1 MSTModes 68.185919
>> Generate hκModes 128.102155
3. Jumps
>> 0.369915
>> 2.158433
>> 4.588179
>> 3.376166
>> 45.399849
>> 15.331161
>> LinearSolve for s1 and κ jumps 1.241028
>> κ and s1 jumps 73.206105
4. Prepare grid and mode functions.
>> s=-2 MSTModes 0.1939
>> MMp2gridL 1.01704
>> MMp2gridR 5.179736
>> s=-1 MSTModes 0.104287
>> MMp1gridL 0.058738
>> MMp1gridR 0.296701
>> s=0 MSTModes 0.168203
A. Fill 1D grid.
>> s = 2, UP ... 33.733152
>> s = 1, UP ... 7.384076
>> s = 0, UP ... 10.679631
>> s = 2, IN ... 12.266648
>> s = 1, IN ... 1.593042
>> s = 0, IN ... 2.336845
1. Preliminaries.
Calculating B-matrices and Eigenvalues
2. Generate MSTModes
>> Generate s=-2 MSTModes 76.208862
>> Generate s=-1 MSTModes 75.452996
>> Generate hκModes 125.570815
3. Jumps
>> 0.350748
>> 1.946497
>> 4.666953
>> 2.982017
>> 40.821317
>> 13.4672
>> LinearSolve for s1 and κ jumps 1.248146
>> κ and s1 jumps 66.196423
4. Prepare grid and mode functions.
>> s=-2 MSTModes 0.189781
>> MMp2gridL 0.979612
>> MMp2gridR 4.951064
>> s=-1 MSTModes 0.101255
>> MMp1gridL 0.05901
>> MMp1gridR 0.285628
>> s=0 MSTModes 0.160136
A. Fill 1D grid.
>> s = 2, UP ... 31.866529
>> s = 1, UP ... 6.785941
>> s = 0, UP ... 9.909009
>> s = 2, IN ... 11.838434
>> s = 1, IN ... 1.493399
>> s = 0, IN ... 2.215886
1. Preliminaries.
Calculating B-matrices and Eigenvalues
2. Generate MSTModes
>> Generate s=-2 MSTModes 81.658927
>> Generate s=-1 MSTModes 81.350379
>> Generate hκModes 122.899128
3. Jumps
>> 0.329413
>> 1.768336
>> 4.785158
>> 2.570001
>> 36.436521
>> 11.42232
>> LinearSolve for s1 and κ jumps 0.774302
>> κ and s1 jumps 58.725896
4. Prepare grid and mode functions.
>> s=-2 MSTModes 0.18855
>> MMp2gridL 0.923904
>> MMp2gridR 4.751083
>> s=-1 MSTModes 0.097307
>> MMp1gridL 0.056561
>> MMp1gridR 0.27479
>> s=0 MSTModes 0.154278
A. Fill 1D grid.
>> s = 2, UP ... 30.464583
>> s = 1, UP ... 6.541253
>> s = 0, UP ... 9.444496
>> s = 2, IN ... 11.522254
>> s = 1, IN ... 1.442613
>> s = 0, IN ... 2.127275
1. Preliminaries.
Calculating B-matrices and Eigenvalues
2. Generate MSTModes
>> Generate s=-2 MSTModes 89.36341
>> Generate s=-1 MSTModes 87.968017
>> Generate hκModes 118.430924
3. Jumps
>> 0.313097
>> 1.508645
>> 4.594913
>> 2.17095
>> 31.617525
>> 9.741721
>> LinearSolve for s1 and κ jumps 1.062839
>> κ and s1 jumps 51.563521
4. Prepare grid and mode functions.
>> s=-2 MSTModes 0.181119
>> MMp2gridL 0.915195
>> MMp2gridR 4.64738
>> s=-1 MSTModes 0.09815
>> MMp1gridL 0.054278
>> MMp1gridR 0.272494
>> s=0 MSTModes 0.15815
A. Fill 1D grid.
>> s = 2, UP ... 29.140937
>> s = 1, UP ... 6.140854
>> s = 0, UP ... 9.160197
>> s = 2, IN ... 11.366027
>> s = 1, IN ... 1.396627
>> s = 0, IN ... 2.106462
1. Preliminaries.
Calculating B-matrices and Eigenvalues
2. Generate MSTModes
>> Generate s=-2 MSTModes 97.009836
>> Generate s=-1 MSTModes 95.064181
>> Generate hκModes 114.825204
3. Jumps
>> 0.296775
>> 1.370302
>> 4.467171
>> 1.946753
>> 27.86233
>> 8.662704
>> LinearSolve for s1 and κ jumps 1.013052
>> κ and s1 jumps 46.15259
4. Prepare grid and mode functions.
>> s=-2 MSTModes 0.175105
>> MMp2gridL 0.849629
>> MMp2gridR 4.393091
>> s=-1 MSTModes 0.091452
>> MMp1gridL 0.051844
>> MMp1gridR 0.258511
>> s=0 MSTModes 0.142909
A. Fill 1D grid.
>> s = 2, UP ... 27.380543
>> s = 1, UP ... 5.865945
>> s = 0, UP ... 8.700667
>> s = 2, IN ... 11.138694
>> s = 1, IN ... 1.342763
>> s = 0, IN ... 2.049872
1. Preliminaries.
Calculating B-matrices and Eigenvalues
2. Generate MSTModes
>> Generate s=-2 MSTModes 102.751308
>> Generate s=-1 MSTModes 101.383326
>> Generate hκModes 111.199282
3. Jumps
>> 0.280195
>> 1.230072
>> 4.240643
>> 1.673297
>> 24.956934
>> 7.388963
>> LinearSolve for s1 and κ jumps 0.980558
>> κ and s1 jumps 41.202896
4. Prepare grid and mode functions.
>> s=-2 MSTModes 0.168758
>> MMp2gridL 0.815403
>> MMp2gridR 4.239565
>> s=-1 MSTModes 0.089418
>> MMp1gridL 0.051037
>> MMp1gridR 0.250441
>> s=0 MSTModes 0.139949
A. Fill 1D grid.
>> s = 2, UP ... 26.040136
>> s = 1, UP ... 5.39518
>> s = 0, UP ... 7.999468
>> s = 2, IN ... 10.931129
>> s = 1, IN ... 1.295416
>> s = 0, IN ... 1.938238
1. Preliminaries.
Calculating B-matrices and Eigenvalues
2. Generate MSTModes
>> Generate s=-2 MSTModes 108.504157
>> Generate s=-1 MSTModes 107.404653
