Task 17 on node678.cluster: a=0.001 r0=14.5
Job started: a = 0.001, r0 = 14.5, savepath = /lustre/astro/dyson/DataFiles/KerrCircDiskData/h1_radial
Warning: rstarmin is outside the allowed range.
Now we Calculate the Radiative Solutions
1. Preliminaries.
Calculating B-matrices and Eigenvalues
2. Generate MSTModes
>> Generate s=-2 MSTModes 46.740515
>> Generate s=-1 MSTModes 48.922614
>> Generate hκModes 135.645616
3. Jumps
>> 0.423806
>> 2.327526
>> 3.829535
>> 16.539429
>> 105.296014
>> 72.348662
>> LinearSolve for s1 and κ jumps 0.003799
>> κ and s1 jumps 201.83477
4. Prepare grid and mode functions.
>> s=-2 MSTModes 0.215075
>> MMp2gridL 1.411827
>> MMp2gridR 5.158637
>> s=-1 MSTModes 0.070609
>> MMp1gridL 0.055098
>> MMp1gridR 0.173056
>> s=0 MSTModes 0.164245
A. Fill 1D grid.
>> s = 2, UP ... 35.572336
>> s = 1, UP ... 1.343601
>> s = 0, UP ... 10.903705
>> s = 2, IN ... 16.616245
>> s = 1, IN ... 1.245166
>> s = 0, IN ... 3.678015
1. Preliminaries.
Calculating B-matrices and Eigenvalues
2. Generate MSTModes
>> Generate s=-2 MSTModes 64.404752
>> Generate s=-1 MSTModes 63.960813
>> Generate hκModes 130.277308
3. Jumps
>> 0.374151
>> 2.49821
>> 4.23432
>> 3.773741
>> 51.246268
>> 17.213374
>> LinearSolve for s1 and κ jumps 0.82372
>> κ and s1 jumps 80.938727
4. Prepare grid and mode functions.
>> s=-2 MSTModes 0.19456
>> MMp2gridL 1.364966
>> MMp2gridR 5.012522
>> s=-1 MSTModes 0.109341
>> MMp1gridL 0.082144
>> MMp1gridR 0.295202
>> s=0 MSTModes 0.172359
A. Fill 1D grid.
>> s = 2, UP ... 33.098495
>> s = 1, UP ... 7.118894
>> s = 0, UP ... 10.382925
>> s = 2, IN ... 16.310739
>> s = 1, IN ... 2.182108
>> s = 0, IN ... 3.144844
1. Preliminaries.
Calculating B-matrices and Eigenvalues
2. Generate MSTModes
>> Generate s=-2 MSTModes 69.770365
>> Generate s=-1 MSTModes 69.68755
>> Generate hκModes 125.288119
3. Jumps
>> 0.36751
>> 2.135156
>> 4.33988
>> 3.357276
>> 45.187279
>> 14.928363
>> LinearSolve for s1 and κ jumps 0.625867
>> κ and s1 jumps 71.612858
4. Prepare grid and mode functions.
>> s=-2 MSTModes 0.190973
>> MMp2gridL 1.293904
>> MMp2gridR 4.786661
>> s=-1 MSTModes 0.105437
>> MMp1gridL 0.077436
>> MMp1gridR 0.280085
>> s=0 MSTModes 0.172037
A. Fill 1D grid.
>> s = 2, UP ... 31.41942
>> s = 1, UP ... 6.810844
>> s = 0, UP ... 9.940271
>> s = 2, IN ... 15.643065
>> s = 1, IN ... 2.044081
>> s = 0, IN ... 3.014775
1. Preliminaries.
Calculating B-matrices and Eigenvalues
2. Generate MSTModes
>> Generate s=-2 MSTModes 73.735709
>> Generate s=-1 MSTModes 73.808643
>> Generate hκModes 120.234028
3. Jumps
>> 0.341111
>> 1.928303
>> 4.411349
>> 3.044274
>> 41.487784
>> 13.728295
>> LinearSolve for s1 and κ jumps 0.817266
>> κ and s1 jumps 66.344217
4. Prepare grid and mode functions.
>> s=-2 MSTModes 0.204262
>> MMp2gridL 1.251757
>> MMp2gridR 4.646488
>> s=-1 MSTModes 0.101785
>> MMp1gridL 0.074038
>> MMp1gridR 0.267995
>> s=0 MSTModes 0.163565
A. Fill 1D grid.
>> s = 2, UP ... 30.106933
>> s = 1, UP ... 6.517823
>> s = 0, UP ... 9.438029
>> s = 2, IN ... 15.269651
>> s = 1, IN ... 1.978149
>> s = 0, IN ... 2.87218
1. Preliminaries.
Calculating B-matrices and Eigenvalues
2. Generate MSTModes
>> Generate s=-2 MSTModes 80.313415
>> Generate s=-1 MSTModes 79.206169
>> Generate hκModes 114.032869
3. Jumps
>> 0.325813
>> 1.743318
>> 4.702141
>> 2.631799
>> 36.643254
>> 11.869764
>> LinearSolve for s1 and κ jumps 0.640634
>> κ and s1 jumps 59.094135
4. Prepare grid and mode functions.
>> s=-2 MSTModes 0.215648
>> MMp2gridL 1.206962
>> MMp2gridR 4.490803
>> s=-1 MSTModes 0.098991
>> MMp1gridL 0.074123
>> MMp1gridR 0.263098
>> s=0 MSTModes 0.156767
A. Fill 1D grid.
>> s = 2, UP ... 28.806934
>> s = 1, UP ... 6.248367
>> s = 0, UP ... 9.158905
>> s = 2, IN ... 15.15721
>> s = 1, IN ... 1.870883
>> s = 0, IN ... 2.796869
1. Preliminaries.
Calculating B-matrices and Eigenvalues
2. Generate MSTModes
>> Generate s=-2 MSTModes 86.057391
>> Generate s=-1 MSTModes 84.564439
>> Generate hκModes 109.465502
3. Jumps
>> 0.305591
>> 1.469916
>> 4.250662
>> 2.198042
>> 31.125839
>> 9.952065
>> LinearSolve for s1 and κ jumps 0.918023
>> κ and s1 jumps 50.706607
4. Prepare grid and mode functions.
>> s=-2 MSTModes 0.217791
>> MMp2gridL 1.145188
>> MMp2gridR 4.232672
>> s=-1 MSTModes 0.094903
>> MMp1gridL 0.071765
>> MMp1gridR 0.249662
>> s=0 MSTModes 0.147329
A. Fill 1D grid.
>> s = 2, UP ... 27.285393
>> s = 1, UP ... 5.890252
>> s = 0, UP ... 8.682251
>> s = 2, IN ... 14.6156
>> s = 1, IN ... 1.814361
>> s = 0, IN ... 2.724501
1. Preliminaries.
Calculating B-matrices and Eigenvalues
2. Generate MSTModes
>> Generate s=-2 MSTModes 91.666639
>> Generate s=-1 MSTModes 90.290179
>> Generate hκModes 105.214983
3. Jumps
>> 0.282701
>> 1.315846
>> 4.082682
>> 1.783653
>> 27.023012
>> 8.066675
>> LinearSolve for s1 and κ jumps 0.729524
>> κ and s1 jumps 43.818219
4. Prepare grid and mode functions.
>> s=-2 MSTModes 0.177375
>> MMp2gridL 1.084491
>> MMp2gridR 4.080133
>> s=-1 MSTModes 0.089133
>> MMp1gridL 0.066036
>> MMp1gridR 0.234109
>> s=0 MSTModes 0.13855
A. Fill 1D grid.
>> s = 2, UP ... 25.749548
>> s = 1, UP ... 5.691236
>> s = 0, UP ... 8.301591
>> s = 2, IN ... 14.235139
>> s = 1, IN ... 1.728949
>> s = 0, IN ... 2.636364
1. Preliminaries.
Calculating B-matrices and Eigenvalues
2. Generate MSTModes
>> Generate s=-2 MSTModes 96.60118
>> Generate s=-1 MSTModes 94.788923
>> Generate hκModes 102.644956
3. Jumps
>> 0.267346
>> 1.145234
>> 4.040207
>> 1.59801
>> 23.903857
>> 7.249341
>> LinearSolve for s1 and κ jumps 1.057738
>> κ and s1 jumps 39.691576
4. Prepare grid and mode functions.
>> s=-2 MSTModes 0.166165
>> MMp2gridL 1.04377
>> MMp2gridR 3.869367
>> s=-1 MSTModes 0.085512
>> MMp1gridL 0.064401
>> MMp1gridR 0.229656
>> s=0 MSTModes 0.13535
A. Fill 1D grid.
>> s = 2, UP ... 23.856625
>> s = 1, UP ... 5.176039
>> s = 0, UP ... 7.656285
>> s = 2, IN ... 13.776901
>> s = 1, IN ... 1.649974
>> s = 0, IN ... 2.470531
1. Preliminaries.
Calculating B-matrices and Eigenvalues
2. Generate MSTModes
>> Generate s=-2 MSTModes 100.78103
>> Generate s=-1 MSTModes 99.624575
>> Generate hκModes 101.120784
3. Jumps
>> 0.265443
>> 1.031953
>> 4.003644
>> 1.426347
>> 21.5136
>> 6.347204
>> LinearSolve for s1 and κ jumps 0.007108
>> κ and s1 jumps 34.950165
4. Prepare grid and mode functions.
>> s=-2 MSTModes 0.193824
>> MMp2gridL 1.001652
>> MMp2gridR 3.721311
>> s=-1 MSTModes 0.084249
>> MMp1gridL 0.063533
>> MMp1gridR 0.219168
>> s=0 MSTModes 0.130845
A. Fill 1D grid.
>> s = 2, UP ... 22.671181
>> s = 1, UP ... 4.794498
>> s = 0, UP ... 7.198694
>> s = 2, IN ... 13.500922
>> s = 1, IN ... 1.606165
>> s = 0, IN ... 2.383675
1. Preliminaries.
Calculating B-matrices and Eigenvalues
2. Generate MSTModes
>> Generate s=-2 MSTModes 103.880451
>> Generate s=-1 MSTModes 102.795218
>> Generate hκModes 98.627289
3. Jumps
>> 0.249047
>> 0.939672
>> 3.836122
>> 1.20229
