Task 530 on node678.cluster: a=0.8 r0=7.0
Job started: a = 0.8, r0 = 7., savepath = /lustre/astro/dyson/DataFiles/KerrCircDiskData/h1_radial
Warning: rstarmin is outside the allowed range.
Now we Calculate the Radiative Solutions
1. Preliminaries.
Calculating B-matrices and Eigenvalues
2. Generate MSTModes
>> Generate s=-2 MSTModes 50.169698
>> Generate s=-1 MSTModes 48.486452
>> Generate hκModes 129.227318
3. Jumps
>> 0.388003
>> 2.115938
>> 4.293845
>> 15.409225
>> 98.734111
>> 67.277929
>> LinearSolve for s1 and κ jumps 0.005242
>> κ and s1 jumps 189.267449
4. Prepare grid and mode functions.
>> s=-2 MSTModes 0.203203
>> MMp2gridL 0.543386
>> MMp2gridR 5.548178
>> s=-1 MSTModes 0.065582
>> MMp1gridL 0.022952
>> MMp1gridR 0.180089
>> s=0 MSTModes 0.158144
A. Fill 1D grid.
>> s = 2, UP ... 38.448985
>> s = 1, UP ... 1.384002
>> s = 0, UP ... 12.344117
>> s = 2, IN ... 6.796536
>> s = 1, IN ... 0.571123
>> s = 0, IN ... 1.421807
1. Preliminaries.
Calculating B-matrices and Eigenvalues
2. Generate MSTModes
>> Generate s=-2 MSTModes 58.124921
>> Generate s=-1 MSTModes 57.531008
>> Generate hκModes 132.363501
3. Jumps
>> 0.365738
>> 2.401594
>> 4.733173
>> 14.056625
>> 93.539733
>> 59.355454
>> LinearSolve for s1 and κ jumps 0.835966
>> κ and s1 jumps 176.096331
4. Prepare grid and mode functions.
>> s=-2 MSTModes 0.196026
>> MMp2gridL 0.553012
>> MMp2gridR 5.555703
>> s=-1 MSTModes 0.106694
>> MMp1gridL 0.033485
>> MMp1gridR 0.318025
>> s=0 MSTModes 0.163516
A. Fill 1D grid.
>> s = 2, UP ... 38.859344
>> s = 1, UP ... 9.250348
>> s = 0, UP ... 18.280005
>> s = 2, IN ... 6.778896
>> s = 1, IN ... 0.882254
>> s = 0, IN ... 1.58683
1. Preliminaries.
Calculating B-matrices and Eigenvalues
2. Generate MSTModes
>> Generate s=-2 MSTModes 68.208471
>> Generate s=-1 MSTModes 67.621693
>> Generate hκModes 132.349085
3. Jumps
>> 0.3464
>> 1.970615
>> 4.724295
>> 11.469605
>> 79.042899
>> 49.965368
>> LinearSolve for s1 and κ jumps 1.230267
>> κ and s1 jumps 149.554999
4. Prepare grid and mode functions.
>> s=-2 MSTModes 0.182501
>> MMp2gridL 0.512082
>> MMp2gridR 5.228615
>> s=-1 MSTModes 0.096973
>> MMp1gridL 0.030738
>> MMp1gridR 0.29921
>> s=0 MSTModes 0.158915
A. Fill 1D grid.
>> s = 2, UP ... 35.110616
>> s = 1, UP ... 8.392875
>> s = 0, UP ... 16.546509
>> s = 2, IN ... 6.360796
>> s = 1, IN ... 0.812999
>> s = 0, IN ... 1.453588
1. Preliminaries.
Calculating B-matrices and Eigenvalues
2. Generate MSTModes
>> Generate s=-2 MSTModes 76.986663
>> Generate s=-1 MSTModes 75.386242
>> Generate hκModes 124.916169
3. Jumps
>> 0.298113
>> 1.637085
>> 4.358231
>> 9.328441
>> 65.031119
>> 40.464925
>> LinearSolve for s1 and κ jumps 0.71595
>> κ and s1 jumps 122.489224
4. Prepare grid and mode functions.
>> s=-2 MSTModes 0.168508
>> MMp2gridL 0.466384
>> MMp2gridR 4.793051
>> s=-1 MSTModes 0.091605
>> MMp1gridL 0.028366
>> MMp1gridR 0.278164
>> s=0 MSTModes 0.149876
A. Fill 1D grid.
>> s = 2, UP ... 31.316477
>> s = 1, UP ... 7.526464
>> s = 0, UP ... 14.632096
>> s = 2, IN ... 5.943648
>> s = 1, IN ... 0.740534
>> s = 0, IN ... 1.34266
1. Preliminaries.
Calculating B-matrices and Eigenvalues
2. Generate MSTModes
>> Generate s=-2 MSTModes 87.416207
>> Generate s=-1 MSTModes 85.457614
>> Generate hκModes 124.219317
3. Jumps
>> 0.282487
>> 1.468914
>> 4.256924
>> 8.158335
>> 56.854234
>> 35.154165
>> LinearSolve for s1 and κ jumps 0.93908
>> κ and s1 jumps 107.675284
4. Prepare grid and mode functions.
>> s=-2 MSTModes 0.206745
>> MMp2gridL 0.4475
>> MMp2gridR 4.555174
>> s=-1 MSTModes 0.087283
>> MMp1gridL 0.027286
>> MMp1gridR 0.258887
>> s=0 MSTModes 0.140607
A. Fill 1D grid.
>> s = 2, UP ... 30.128003
>> s = 1, UP ... 7.013903
>> s = 0, UP ... 14.610324
>> s = 2, IN ... 5.848363
>> s = 1, IN ... 0.715129
>> s = 0, IN ... 1.279293
1. Preliminaries.
Calculating B-matrices and Eigenvalues
2. Generate MSTModes
>> Generate s=-2 MSTModes 100.052005
>> Generate s=-1 MSTModes 98.405755
>> Generate hκModes 125.180284
3. Jumps
>> 0.269323
>> 1.358201
>> 4.169258
>> 7.101409
>> 50.313195
>> 30.497522
>> LinearSolve for s1 and κ jumps 0.7407
>> κ and s1 jumps 94.97079
4. Prepare grid and mode functions.
>> s=-2 MSTModes 0.187917
>> MMp2gridL 0.432238
>> MMp2gridR 4.566172
>> s=-1 MSTModes 0.086188
>> MMp1gridL 0.026267
>> MMp1gridR 0.252047
>> s=0 MSTModes 0.136961
A. Fill 1D grid.
>> s = 2, UP ... 28.391184
>> s = 1, UP ... 6.513659
>> s = 0, UP ... 12.509097
>> s = 2, IN ... 5.740796
>> s = 1, IN ... 0.696326
>> s = 0, IN ... 1.251122
1. Preliminaries.
Calculating B-matrices and Eigenvalues
2. Generate MSTModes
>> Generate s=-2 MSTModes 111.043939
>> Generate s=-1 MSTModes 109.314552
