Task 724 on node656.cluster: a=0.999 r0=16.0
Job started: a = 0.999, r0 = 16., savepath = /lustre/astro/dyson/DataFiles/KerrCircDiskData/h1_radial
Warning: rstarmin is outside the allowed range.
Now we Calculate the Radiative Solutions
1. Preliminaries.
Calculating B-matrices and Eigenvalues
2. Generate MSTModes
>> Generate s=-2 MSTModes 62.205066
>> Generate s=-1 MSTModes 59.234961
>> Generate hκModes 142.380283
3. Jumps
>> 0.398493
>> 2.210737
>> 3.561322
>> 3.989011
>> 48.719218
>> 17.802492
>> LinearSolve for s1 and κ jumps 0.00521
>> κ and s1 jumps 77.578385
4. Prepare grid and mode functions.
>> s=-2 MSTModes 0.207241
>> MMp2gridL 1.393055
>> MMp2gridR 4.386933
>> s=-1 MSTModes 0.064976
>> MMp1gridL 0.053126
>> MMp1gridR 0.145196
>> s=0 MSTModes 0.152394
A. Fill 1D grid.
>> s = 2, UP ... 31.289804
>> s = 1, UP ... 1.154925
>> s = 0, UP ... 6.970041
>> s = 2, IN ... 16.278455
>> s = 1, IN ... 1.211704
>> s = 0, IN ... 2.892792
1. Preliminaries.
Calculating B-matrices and Eigenvalues
2. Generate MSTModes
>> Generate s=-2 MSTModes 67.126382
>> Generate s=-1 MSTModes 63.806365
>> Generate hκModes 116.995118
3. Jumps
>> 0.309862
>> 1.958095
>> 3.603091
>> 3.244027
>> 42.441035
>> 14.527181
>> LinearSolve for s1 and κ jumps 0.825027
>> κ and s1 jumps 67.616329
4. Prepare grid and mode functions.
>> s=-2 MSTModes 0.200723
>> MMp2gridL 1.293366
>> MMp2gridR 4.042072
>> s=-1 MSTModes 0.094564
>> MMp1gridL 0.07572
>> MMp1gridR 0.237921
>> s=0 MSTModes 0.153363
A. Fill 1D grid.
>> s = 2, UP ... 27.130853
>> s = 1, UP ... 5.840509
>> s = 0, UP ... 8.500218
>> s = 2, IN ... 14.722191
>> s = 1, IN ... 1.94938
>> s = 0, IN ... 2.892417
1. Preliminaries.
Calculating B-matrices and Eigenvalues
2. Generate MSTModes
>> Generate s=-2 MSTModes 69.774712
>> Generate s=-1 MSTModes 66.720259
>> Generate hκModes 111.130825
3. Jumps
>> 0.305578
>> 1.837649
>> 3.465034
>> 10.99755
>> 71.827994
>> 46.401299
>> LinearSolve for s1 and κ jumps 0.948781
>> κ and s1 jumps 136.486592
4. Prepare grid and mode functions.
>> s=-2 MSTModes 0.18077
>> MMp2gridL 1.264602
>> MMp2gridR 3.955138
>> s=-1 MSTModes 0.093108
>> MMp1gridL 0.074905
>> MMp1gridR 0.23694
>> s=0 MSTModes 0.149537
A. Fill 1D grid.
>> s = 2, UP ... 25.682177
>> s = 1, UP ... 5.560271
>> s = 0, UP ... 11.049188
>> s = 2, IN ... 14.579421
>> s = 1, IN ... 1.914047
>> s = 0, IN ... 3.68891
1. Preliminaries.
Calculating B-matrices and Eigenvalues
2. Generate MSTModes
>> Generate s=-2 MSTModes 75.410322
>> Generate s=-1 MSTModes 73.561666
>> Generate hκModes 108.983876
3. Jumps
>> 0.286477
>> 1.610688
>> 3.549183
>> 9.573005
>> 63.701931
>> 40.740302
>> LinearSolve for s1 and κ jumps 0.740466
>> κ and s1 jumps 120.879936
4. Prepare grid and mode functions.
>> s=-2 MSTModes 0.162036
>> MMp2gridL 1.200713
>> MMp2gridR 3.786656
>> s=-1 MSTModes 0.088309
>> MMp1gridL 0.071284
>> MMp1gridR 0.22303
>> s=0 MSTModes 0.145683
A. Fill 1D grid.
>> s = 2, UP ... 24.576064
>> s = 1, UP ... 5.234997
>> s = 0, UP ... 10.493765
>> s = 2, IN ... 14.290729
>> s = 1, IN ... 1.839057
>> s = 0, IN ... 3.529489
1. Preliminaries.
Calculating B-matrices and Eigenvalues
2. Generate MSTModes
>> Generate s=-2 MSTModes 81.787461
>> Generate s=-1 MSTModes 80.651147
>> Generate hκModes 107.865435
3. Jumps
>> 0.276071
>> 1.492092
>> 3.488586
>> 8.154967
>> 55.60787
>> 34.856636
>> LinearSolve for s1 and κ jumps 1.220149
>> κ and s1 jumps 105.704853
4. Prepare grid and mode functions.
>> s=-2 MSTModes 0.158682
>> MMp2gridL 1.158401
>> MMp2gridR 3.639523
>> s=-1 MSTModes 0.085771
>> MMp1gridL 0.070874
>> MMp1gridR 0.216491
>> s=0 MSTModes 0.14118
A. Fill 1D grid.
>> s = 2, UP ... 23.350549
>> s = 1, UP ... 5.011749
>> s = 0, UP ... 9.916005
>> s = 2, IN ... 14.070453
>> s = 1, IN ... 1.804312
>> s = 0, IN ... 3.39379
1. Preliminaries.
Calculating B-matrices and Eigenvalues
2. Generate MSTModes
>> Generate s=-2 MSTModes 88.787666
>> Generate s=-1 MSTModes 87.492218
>> Generate hκModes 106.470071
3. Jumps
>> 0.265242
>> 1.28197
>> 3.493872
>> 7.019537
>> 48.13225
>> 29.493898
>> LinearSolve for s1 and κ jumps 0.552559
>> κ and s1 jumps 90.817287
4. Prepare grid and mode functions.
>> s=-2 MSTModes 0.156136
>> MMp2gridL 1.116322
>> MMp2gridR 3.502169
>> s=-1 MSTModes 0.082539
>> MMp1gridL 0.068231
>> MMp1gridR 0.207355
>> s=0 MSTModes 0.136301
A. Fill 1D grid.
>> s = 2, UP ... 22.053012
>> s = 1, UP ... 4.683847
>> s = 0, UP ... 9.228601
>> s = 2, IN ... 13.788246
>> s = 1, IN ... 1.726573
>> s = 0, IN ... 3.265108
1. Preliminaries.
Calculating B-matrices and Eigenvalues
2. Generate MSTModes
>> Generate s=-2 MSTModes 94.873659
>> Generate s=-1 MSTModes 92.879039
>> Generate hκModes 105.21111
3. Jumps
>> 0.259236
>> 1.170579
>> 3.46465
>> 6.142452
>> 42.762949
>> 25.793228
>> LinearSolve for s1 and κ jumps 1.048431
>> κ and s1 jumps 81.186597
4. Prepare grid and mode functions.
>> s=-2 MSTModes 0.147696
>> MMp2gridL 1.063171
>> MMp2gridR 3.38868
>> s=-1 MSTModes 0.079533
>> MMp1gridL 0.066341
>> MMp1gridR 0.2017
>> s=0 MSTModes 0.12654
A. Fill 1D grid.
>> s = 2, UP ... 20.986815
>> s = 1, UP ... 4.424334
>> s = 0, UP ... 8.76674
>> s = 2, IN ... 13.49512
>> s = 1, IN ... 1.616568
>> s = 0, IN ... 3.11344
1. Preliminaries.
Calculating B-matrices and Eigenvalues
2. Generate MSTModes
>> Generate s=-2 MSTModes 99.898803
>> Generate s=-1 MSTModes 99.068975
>> Generate hκModes 103.771001
3. Jumps
