Task 714 on node678.cluster: a=0.999 r0=11.0
Job started: a = 0.999, r0 = 11., savepath = /lustre/astro/dyson/DataFiles/KerrCircDiskData/h1_radial
Warning: rstarmin is outside the allowed range.
Now we Calculate the Radiative Solutions
1. Preliminaries.
Calculating B-matrices and Eigenvalues
2. Generate MSTModes
>> Generate s=-2 MSTModes 61.605094
>> Generate s=-1 MSTModes 59.540444
>> Generate hκModes 141.703721
3. Jumps
>> 0.394432
>> 2.241608
>> 3.786221
>> 4.038298
>> 50.248082
>> 18.198471
>> LinearSolve for s1 and κ jumps 0.005594
>> κ and s1 jumps 79.869952
4. Prepare grid and mode functions.
>> s=-2 MSTModes 0.212336
>> MMp2gridL 0.951151
>> MMp2gridR 5.075679
>> s=-1 MSTModes 0.06498
>> MMp1gridL 0.037722
>> MMp1gridR 0.170542
>> s=0 MSTModes 0.153586
A. Fill 1D grid.
>> s = 2, UP ... 34.873905
>> s = 1, UP ... 1.329486
>> s = 0, UP ... 7.734279
>> s = 2, IN ... 11.368549
>> s = 1, IN ... 0.877956
>> s = 0, IN ... 1.94424
1. Preliminaries.
Calculating B-matrices and Eigenvalues
2. Generate MSTModes
>> Generate s=-2 MSTModes 65.856358
>> Generate s=-1 MSTModes 63.526826
>> Generate hκModes 123.464834
3. Jumps
>> 0.333676
>> 2.082146
>> 3.906003
>> 12.512816
>> 85.784595
>> 55.960471
>> LinearSolve for s1 and κ jumps 1.023562
>> κ and s1 jumps 162.399602
4. Prepare grid and mode functions.
>> s=-2 MSTModes 0.185405
>> MMp2gridL 0.903908
>> MMp2gridR 4.892055
>> s=-1 MSTModes 0.103872
>> MMp1gridL 0.054919
>> MMp1gridR 0.293446
>> s=0 MSTModes 0.16415
A. Fill 1D grid.
>> s = 2, UP ... 32.672049
>> s = 1, UP ... 6.993248
>> s = 0, UP ... 14.202819
>> s = 2, IN ... 11.000332
>> s = 1, IN ... 1.428843
>> s = 0, IN ... 2.71501
1. Preliminaries.
Calculating B-matrices and Eigenvalues
2. Generate MSTModes
>> Generate s=-2 MSTModes 71.12547
>> Generate s=-1 MSTModes 70.053469
>> Generate hκModes 121.71191
3. Jumps
>> 0.329436
>> 1.929523
>> 4.152409
>> 11.731756
>> 79.623853
>> 51.528433
>> LinearSolve for s1 and κ jumps 1.138044
>> κ and s1 jumps 151.191208
4. Prepare grid and mode functions.
>> s=-2 MSTModes 0.178452
>> MMp2gridL 0.888538
>> MMp2gridR 4.682274
>> s=-1 MSTModes 0.09803
>> MMp1gridL 0.053411
>> MMp1gridR 0.2802
>> s=0 MSTModes 0.161048
A. Fill 1D grid.
>> s = 2, UP ... 30.804177
>> s = 1, UP ... 6.602913
>> s = 0, UP ... 13.347486
>> s = 2, IN ... 10.357722
>> s = 1, IN ... 1.357868
>> s = 0, IN ... 2.585337
1. Preliminaries.
Calculating B-matrices and Eigenvalues
2. Generate MSTModes
>> Generate s=-2 MSTModes 79.314441
>> Generate s=-1 MSTModes 77.854244
>> Generate hκModes 121.560041
3. Jumps
>> 0.304883
>> 1.776046
>> 4.343698
>> 10.346031
>> 70.630223
>> 44.518695
>> LinearSolve for s1 and κ jumps 1.01864
>> κ and s1 jumps 133.659005
4. Prepare grid and mode functions.
>> s=-2 MSTModes 0.17146
>> MMp2gridL 0.827573
>> MMp2gridR 4.466164
>> s=-1 MSTModes 0.09282
>> MMp1gridL 0.050513
>> MMp1gridR 0.265104
>> s=0 MSTModes 0.148349
A. Fill 1D grid.
>> s = 2, UP ... 29.008245
>> s = 1, UP ... 6.301892
>> s = 0, UP ... 12.675246
>> s = 2, IN ... 10.07167
>> s = 1, IN ... 1.289787
>> s = 0, IN ... 2.421391
1. Preliminaries.
Calculating B-matrices and Eigenvalues
2. Generate MSTModes
>> Generate s=-2 MSTModes 88.134091
>> Generate s=-1 MSTModes 86.650046
>> Generate hκModes 123.49708
3. Jumps
>> 0.298115
>> 1.583765
>> 4.285449
>> 8.829058
>> 60.9214
>> 37.147413
>> LinearSolve for s1 and κ jumps 0.999101
>> κ and s1 jumps 114.708129
4. Prepare grid and mode functions.
>> s=-2 MSTModes 0.164248
>> MMp2gridL 0.773401
>> MMp2gridR 4.226307
>> s=-1 MSTModes 0.087095
>> MMp1gridL 0.048158
>> MMp1gridR 0.244193
>> s=0 MSTModes 0.142459
A. Fill 1D grid.
>> s = 2, UP ... 27.326179
>> s = 1, UP ... 5.884879
>> s = 0, UP ... 12.10031
>> s = 2, IN ... 9.77843
>> s = 1, IN ... 1.225833
>> s = 0, IN ... 2.276558
1. Preliminaries.
Calculating B-matrices and Eigenvalues
2. Generate MSTModes
>> Generate s=-2 MSTModes 97.019555
>> Generate s=-1 MSTModes 97.850934
>> Generate hκModes 121.766851
3. Jumps
>> 0.272545
>> 1.375885
>> 4.063744
>> 7.431352
>> 50.897524
>> 31.145785
>> LinearSolve for s1 and κ jumps 1.200606
>> κ and s1 jumps 96.961423
4. Prepare grid and mode functions.
>> s=-2 MSTModes 0.15789
>> MMp2gridL 0.738825
>> MMp2gridR 4.058812
>> s=-1 MSTModes 0.083558
>> MMp1gridL 0.046125
>> MMp1gridR 0.232293
>> s=0 MSTModes 0.133978
A. Fill 1D grid.
>> s = 2, UP ... 25.424566
>> s = 1, UP ... 5.509487
>> s = 0, UP ... 10.849994
>> s = 2, IN ... 9.392796
>> s = 1, IN ... 1.168043
>> s = 0, IN ... 2.17803
1. Preliminaries.
Calculating B-matrices and Eigenvalues
2. Generate MSTModes
>> Generate s=-2 MSTModes 107.305459
>> Generate s=-1 MSTModes 107.31055
>> Generate hκModes 117.203014
3. Jumps
>> 0.256404
>> 1.207625
>> 3.878912
>> 5.990353
