Task 3 on node678.cluster: a=0.001 r0=7.5
Job started: a = 0.001, r0 = 7.5, savepath = /lustre/astro/dyson/DataFiles/KerrCircDiskData/h1_radial
Warning: rstarmin is outside the allowed range.
Now we Calculate the Radiative Solutions
1. Preliminaries.
Calculating B-matrices and Eigenvalues
2. Generate MSTModes
>> Generate s=-2 MSTModes 49.979315
>> Generate s=-1 MSTModes 51.860028
>> Generate hκModes 139.368197
3. Jumps
>> 0.41921
>> 2.380269
>> 4.243899
>> 4.28952
>> 52.906589
>> 19.26518
>> LinearSolve for s1 and κ jumps 0.003184
>> κ and s1 jumps 84.44698
4. Prepare grid and mode functions.
>> s=-2 MSTModes 0.223048
>> MMp2gridL 0.653961
>> MMp2gridR 5.926405
>> s=-1 MSTModes 0.069413
>> MMp1gridL 0.026781
>> MMp1gridR 0.19625
>> s=0 MSTModes 0.159102
A. Fill 1D grid.
>> s = 2, UP ... 40.7316
>> s = 1, UP ... 1.495842
>> s = 0, UP ... 9.350826
>> s = 2, IN ... 8.115776
>> s = 1, IN ... 0.674295
>> s = 0, IN ... 1.379484
1. Preliminaries.
Calculating B-matrices and Eigenvalues
2. Generate MSTModes
>> Generate s=-2 MSTModes 63.464186
>> Generate s=-1 MSTModes 62.739752
>> Generate hκModes 137.853988
3. Jumps
>> 0.386339
>> 2.439756
>> 4.899879
>> 3.920603
>> 51.010637
>> 17.253101
>> LinearSolve for s1 and κ jumps 1.017253
>> κ and s1 jumps 81.685723
4. Prepare grid and mode functions.
>> s=-2 MSTModes 0.19373
>> MMp2gridL 0.64119
>> MMp2gridR 5.759494
>> s=-1 MSTModes 0.107984
>> MMp1gridL 0.037219
>> MMp1gridR 0.330536
>> s=0 MSTModes 0.178243
A. Fill 1D grid.
>> s = 2, UP ... 37.701303
>> s = 1, UP ... 8.427386
>> s = 0, UP ... 12.429386
>> s = 2, IN ... 7.931896
>> s = 1, IN ... 1.025212
>> s = 0, IN ... 1.48927
1. Preliminaries.
Calculating B-matrices and Eigenvalues
2. Generate MSTModes
>> Generate s=-2 MSTModes 71.105214
>> Generate s=-1 MSTModes 71.201132
>> Generate hκModes 140.143953
3. Jumps
>> 0.361162
>> 2.223393
>> 5.115272
>> 3.542333
>> 46.398944
>> 15.517074
>> LinearSolve for s1 and κ jumps 0.616844
>> κ and s1 jumps 74.416229
4. Prepare grid and mode functions.
>> s=-2 MSTModes 0.219892
>> MMp2gridL 0.605006
>> MMp2gridR 5.493986
>> s=-1 MSTModes 0.104143
>> MMp1gridL 0.036088
>> MMp1gridR 0.315679
>> s=0 MSTModes 0.16569
A. Fill 1D grid.
>> s = 2, UP ... 35.353015
>> s = 1, UP ... 7.939778
>> s = 0, UP ... 11.792191
>> s = 2, IN ... 7.518138
>> s = 1, IN ... 0.954897
>> s = 0, IN ... 1.404731
1. Preliminaries.
Calculating B-matrices and Eigenvalues
2. Generate MSTModes
>> Generate s=-2 MSTModes 79.470284
>> Generate s=-1 MSTModes 80.226172
>> Generate hκModes 139.586583
3. Jumps
>> 0.348057
>> 2.005374
>> 5.087347
>> 3.02677
>> 41.122186
>> 13.256504
>> LinearSolve for s1 and κ jumps 0.525707
>> κ and s1 jumps 65.957535
4. Prepare grid and mode functions.
>> s=-2 MSTModes 0.209405
>> MMp2gridL 0.588694
>> MMp2gridR 5.371429
>> s=-1 MSTModes 0.102185
>> MMp1gridL 0.035138
>> MMp1gridR 0.306863
>> s=0 MSTModes 0.162771
A. Fill 1D grid.
>> s = 2, UP ... 33.583644
>> s = 1, UP ... 7.506088
>> s = 0, UP ... 11.393588
>> s = 2, IN ... 7.442782
>> s = 1, IN ... 0.922205
>> s = 0, IN ... 1.35099
1. Preliminaries.
Calculating B-matrices and Eigenvalues
2. Generate MSTModes
>> Generate s=-2 MSTModes 91.2004
>> Generate s=-1 MSTModes 90.701477
>> Generate hκModes 138.930654
3. Jumps
>> 0.333742
>> 1.779701
>> 4.941322
>> 2.640971
>> 36.859708
>> 11.590312
>> LinearSolve for s1 and κ jumps 0.640459
>> κ and s1 jumps 59.397992
4. Prepare grid and mode functions.
>> s=-2 MSTModes 0.187072
>> MMp2gridL 0.566292
>> MMp2gridR 5.19666
>> s=-1 MSTModes 0.098902
>> MMp1gridL 0.034621
>> MMp1gridR 0.298161
>> s=0 MSTModes 0.160678
A. Fill 1D grid.
>> s = 2, UP ... 32.359097
>> s = 1, UP ... 7.276674
>> s = 0, UP ... 10.497048
>> s = 2, IN ... 7.18335
>> s = 1, IN ... 0.882956
>> s = 0, IN ... 1.297652
1. Preliminaries.
Calculating B-matrices and Eigenvalues
2. Generate MSTModes
>> Generate s=-2 MSTModes 103.19654
>> Generate s=-1 MSTModes 103.287027
>> Generate hκModes 138.759286
3. Jumps
>> 0.32177
>> 1.668794
>> 4.865947
>> 2.363249
>> 33.14158
>> 10.288631
>> LinearSolve for s1 and κ jumps 1.317346
>> κ and s1 jumps 54.514933
4. Prepare grid and mode functions.
>> s=-2 MSTModes 0.182394
>> MMp2gridL 0.553254
>> MMp2gridR 5.038188
>> s=-1 MSTModes 0.095227
>> MMp1gridL 0.033065
>> MMp1gridR 0.291793
>> s=0 MSTModes 0.155666
A. Fill 1D grid.
>> s = 2, UP ... 30.662614
>> s = 1, UP ... 6.738383
>> s = 0, UP ... 9.716241
>> s = 2, IN ... 6.899108
>> s = 1, IN ... 0.830771
>> s = 0, IN ... 1.236814
1. Preliminaries.
Calculating B-matrices and Eigenvalues
2. Generate MSTModes
>> Generate s=-2 MSTModes 114.302517
>> Generate s=-1 MSTModes 115.175408
>> Generate hκModes 139.821044
3. Jumps
