Task 361 on node656.cluster: a=0.6 r0=10.5
Job started: a = 0.6, r0 = 10.5, savepath = /lustre/astro/dyson/DataFiles/KerrCircDiskData/h1_radial
Warning: rstarmin is outside the allowed range.
Now we Calculate the Radiative Solutions
1. Preliminaries.
Calculating B-matrices and Eigenvalues
2. Generate MSTModes
>> Generate s=-2 MSTModes 55.420588
>> Generate s=-1 MSTModes 56.152469
>> Generate hκModes 140.663619
3. Jumps
>> 0.430825
>> 2.413888
>> 4.1301
>> 4.503663
>> 55.159705
>> 19.947069
>> LinearSolve for s1 and κ jumps 0.00528
>> κ and s1 jumps 87.5978
4. Prepare grid and mode functions.
>> s=-2 MSTModes 0.222667
>> MMp2gridL 0.95373
>> MMp2gridR 5.48918
>> s=-1 MSTModes 0.069463
>> MMp1gridL 0.038145
>> MMp1gridR 0.180647
>> s=0 MSTModes 0.164246
A. Fill 1D grid.
>> s = 2, UP ... 39.625683
>> s = 1, UP ... 1.415018
>> s = 0, UP ... 8.580618
>> s = 2, IN ... 11.248616
>> s = 1, IN ... 0.886155
>> s = 0, IN ... 1.935965
1. Preliminaries.
Calculating B-matrices and Eigenvalues
2. Generate MSTModes
>> Generate s=-2 MSTModes 64.573529
>> Generate s=-1 MSTModes 64.344079
>> Generate hκModes 135.328458
3. Jumps
>> 0.382024
>> 2.473124
>> 5.12342
>> 15.760496
>> 101.005357
>> 64.188448
>> LinearSolve for s1 and κ jumps 1.018405
>> κ and s1 jumps 190.80932
4. Prepare grid and mode functions.
>> s=-2 MSTModes 0.195944
>> MMp2gridL 0.921787
>> MMp2gridR 5.40148
>> s=-1 MSTModes 0.106962
>> MMp1gridL 0.054265
>> MMp1gridR 0.303882
>> s=0 MSTModes 0.180456
A. Fill 1D grid.
>> s = 2, UP ... 37.965349
>> s = 1, UP ... 8.90106
>> s = 0, UP ... 17.032462
>> s = 2, IN ... 11.103107
>> s = 1, IN ... 1.462136
>> s = 0, IN ... 2.79333
1. Preliminaries.
Calculating B-matrices and Eigenvalues
2. Generate MSTModes
>> Generate s=-2 MSTModes 73.488162
>> Generate s=-1 MSTModes 73.134743
>> Generate hκModes 132.765304
3. Jumps
>> 0.364496
>> 2.155418
>> 5.109784
>> 12.561584
>> 82.483431
>> 52.531254
>> LinearSolve for s1 and κ jumps 1.070791
>> κ and s1 jumps 157.123631
4. Prepare grid and mode functions.
>> s=-2 MSTModes 0.194231
>> MMp2gridL 0.888147
>> MMp2gridR 5.298998
>> s=-1 MSTModes 0.110516
>> MMp1gridL 0.054039
>> MMp1gridR 0.304644
>> s=0 MSTModes 0.171211
A. Fill 1D grid.
>> s = 2, UP ... 36.771703
>> s = 1, UP ... 8.610898
>> s = 0, UP ... 16.314382
>> s = 2, IN ... 10.997988
>> s = 1, IN ... 1.42898
>> s = 0, IN ... 2.706958
1. Preliminaries.
Calculating B-matrices and Eigenvalues
2. Generate MSTModes
>> Generate s=-2 MSTModes 81.932039
>> Generate s=-1 MSTModes 80.593359
>> Generate hκModes 127.154313
3. Jumps
>> 0.333742
>> 1.874928
>> 4.760435
>> 10.703584
>> 75.192468
>> 47.677764
>> LinearSolve for s1 and κ jumps 1.093117
>> κ and s1 jumps 142.411041
4. Prepare grid and mode functions.
>> s=-2 MSTModes 0.191605
>> MMp2gridL 0.874149
>> MMp2gridR 5.226738
>> s=-1 MSTModes 0.105152
>> MMp1gridL 0.05284
>> MMp1gridR 0.294515
>> s=0 MSTModes 0.169833
A. Fill 1D grid.
>> s = 2, UP ... 34.690221
>> s = 1, UP ... 8.16795
>> s = 0, UP ... 15.793298
>> s = 2, IN ... 10.868033
>> s = 1, IN ... 1.37875
>> s = 0, IN ... 2.614648
1. Preliminaries.
Calculating B-matrices and Eigenvalues
2. Generate MSTModes
>> Generate s=-2 MSTModes 90.261545
>> Generate s=-1 MSTModes 87.058927
>> Generate hκModes 124.244164
3. Jumps
>> 0.336456
>> 1.731442
>> 4.845917
>> 9.397
>> 65.682999
>> 40.93343
>> LinearSolve for s1 and κ jumps 0.737963
>> κ and s1 jumps 124.382416
4. Prepare grid and mode functions.
>> s=-2 MSTModes 0.190799
>> MMp2gridL 0.853387
>> MMp2gridR 4.994544
>> s=-1 MSTModes 0.101196
>> MMp1gridL 0.051316
>> MMp1gridR 0.289145
>> s=0 MSTModes 0.166262
A. Fill 1D grid.
>> s = 2, UP ... 32.582788
>> s = 1, UP ... 7.516
>> s = 0, UP ... 15.241779
>> s = 2, IN ... 10.595531
>> s = 1, IN ... 1.318886
>> s = 0, IN ... 2.511799
1. Preliminaries.
Calculating B-matrices and Eigenvalues
2. Generate MSTModes
>> Generate s=-2 MSTModes 97.738165
>> Generate s=-1 MSTModes 96.401045
>> Generate hκModes 125.21824
3. Jumps
>> 0.316236
>> 1.530966
>> 4.686354
>> 8.347755
>> 57.354723
>> 35.217159
>> LinearSolve for s1 and κ jumps 0.505262
>> κ and s1 jumps 108.576922
4. Prepare grid and mode functions.
>> s=-2 MSTModes 0.178772
>> MMp2gridL 0.802975
>> MMp2gridR 4.638696
>> s=-1 MSTModes 0.0952
>> MMp1gridL 0.049266
>> MMp1gridR 0.267044
>> s=0 MSTModes 0.157521
A. Fill 1D grid.
>> s = 2, UP ... 30.231097
>> s = 1, UP ... 6.951063
>> s = 0, UP ... 14.291394
>> s = 2, IN ... 10.020189
>> s = 1, IN ... 1.238777
>> s = 0, IN ... 2.328065
1. Preliminaries.
Calculating B-matrices and Eigenvalues
2. Generate MSTModes
>> Generate s=-2 MSTModes 106.072777
>> Generate s=-1 MSTModes 105.247317
>> Generate hκModes 123.299336
3. Jumps
>> 0.304004
>> 1.358118
>> 4.50978
>> 7.100887
>> 50.151689
>> 29.898637
>> LinearSolve for s1 and κ jumps 1.317813
>> κ and s1 jumps 95.201287
4. Prepare grid and mode functions.
>> s=-2 MSTModes 0.176454
>> MMp2gridL 0.767297
>> MMp2gridR 4.535648
>> s=-1 MSTModes 0.091472
>> MMp1gridL 0.048292
>> MMp1gridR 0.261272
>> s=0 MSTModes 0.143765
A. Fill 1D grid.
>> s = 2, UP ... 27.912125
>> s = 1, UP ... 6.104317
>> s = 0, UP ... 12.203485
>> s = 2, IN ... 9.929867
>> s = 1, IN ... 1.218232
>> s = 0, IN ... 2.233333
1. Preliminaries.
Calculating B-matrices and Eigenvalues
2. Generate MSTModes
>> Generate s=-2 MSTModes 112.417568
>> Generate s=-1 MSTModes 112.196813
>> Generate hκModes 118.381873
3. Jumps
>> 0.276488
>> 1.18655
>> 4.173228
>> 5.753914
>> 41.855257
