Task 19 on node678.cluster: a=0.001 r0=15.5
Job started: a = 0.001, r0 = 15.5, savepath = /lustre/astro/dyson/DataFiles/KerrCircDiskData/h1_radial
Warning: rstarmin is outside the allowed range.
Now we Calculate the Radiative Solutions
1. Preliminaries.
Calculating B-matrices and Eigenvalues
2. Generate MSTModes
>> Generate s=-2 MSTModes 50.811285
>> Generate s=-1 MSTModes 51.621562
>> Generate hκModes 139.428154
3. Jumps
>> 0.412387
>> 2.414408
>> 3.75661
>> 17.00463
>> 108.88539
>> 73.906927
>> LinearSolve for s1 and κ jumps 0.003529
>> κ and s1 jumps 207.468347
4. Prepare grid and mode functions.
>> s=-2 MSTModes 0.219191
>> MMp2gridL 1.510458
>> MMp2gridR 5.055511
>> s=-1 MSTModes 0.071662
>> MMp1gridL 0.058543
>> MMp1gridR 0.164038
>> s=0 MSTModes 0.164846
A. Fill 1D grid.
>> s = 2, UP ... 34.507529
>> s = 1, UP ... 1.28682
>> s = 0, UP ... 10.443574
>> s = 2, IN ... 17.684034
>> s = 1, IN ... 1.341819
>> s = 0, IN ... 3.922503
1. Preliminaries.
Calculating B-matrices and Eigenvalues
2. Generate MSTModes
>> Generate s=-2 MSTModes 63.468052
>> Generate s=-1 MSTModes 61.680548
>> Generate hκModes 130.588795
3. Jumps
>> 0.370635
>> 2.4452
>> 4.155606
>> 3.868663
>> 51.308584
>> 17.578956
>> LinearSolve for s1 and κ jumps 1.026449
>> κ and s1 jumps 81.483893
4. Prepare grid and mode functions.
>> s=-2 MSTModes 0.213203
>> MMp2gridL 1.49813
>> MMp2gridR 4.917464
>> s=-1 MSTModes 0.107304
>> MMp1gridL 0.086381
>> MMp1gridR 0.289705
>> s=0 MSTModes 0.1742
A. Fill 1D grid.
>> s = 2, UP ... 32.965268
>> s = 1, UP ... 6.991321
>> s = 0, UP ... 10.223818
>> s = 2, IN ... 17.441805
>> s = 1, IN ... 2.312951
>> s = 0, IN ... 3.39232
1. Preliminaries.
Calculating B-matrices and Eigenvalues
2. Generate MSTModes
>> Generate s=-2 MSTModes 69.363213
>> Generate s=-1 MSTModes 68.508347
>> Generate hκModes 123.029771
3. Jumps
>> 0.36219
>> 2.09934
>> 4.377952
>> 3.272294
>> 45.253778
>> 14.799694
>> LinearSolve for s1 and κ jumps 1.036915
>> κ and s1 jumps 71.921657
4. Prepare grid and mode functions.
>> s=-2 MSTModes 0.23616
>> MMp2gridL 1.400146
>> MMp2gridR 4.690047
>> s=-1 MSTModes 0.104844
>> MMp1gridL 0.082384
>> MMp1gridR 0.277574
>> s=0 MSTModes 0.174715
A. Fill 1D grid.
>> s = 2, UP ... 30.578702
>> s = 1, UP ... 6.471068
>> s = 0, UP ... 9.528216
>> s = 2, IN ... 16.708002
>> s = 1, IN ... 2.198119
>> s = 0, IN ... 3.185413
1. Preliminaries.
Calculating B-matrices and Eigenvalues
2. Generate MSTModes
>> Generate s=-2 MSTModes 74.111858
>> Generate s=-1 MSTModes 73.503389
>> Generate hκModes 119.078195
3. Jumps
>> 0.349029
>> 1.939431
>> 4.422245
>> 2.876461
>> 40.698284
>> 13.022991
>> LinearSolve for s1 and κ jumps 0.604538
>> κ and s1 jumps 64.498582
4. Prepare grid and mode functions.
>> s=-2 MSTModes 0.207511
>> MMp2gridL 1.33345
>> MMp2gridR 4.538555
>> s=-1 MSTModes 0.106177
>> MMp1gridL 0.083133
>> MMp1gridR 0.268025
>> s=0 MSTModes 0.164185
A. Fill 1D grid.
>> s = 2, UP ... 29.138822
>> s = 1, UP ... 6.266414
>> s = 0, UP ... 9.058278
>> s = 2, IN ... 16.178825
>> s = 1, IN ... 2.060036
>> s = 0, IN ... 3.057455
1. Preliminaries.
Calculating B-matrices and Eigenvalues
2. Generate MSTModes
>> Generate s=-2 MSTModes 79.369192
>> Generate s=-1 MSTModes 78.626446
>> Generate hκModes 114.345075
3. Jumps
>> 0.33676
>> 1.656334
>> 4.653142
>> 2.598296
>> 35.603689
>> 11.563901
>> LinearSolve for s1 and κ jumps 1.212714
>> κ and s1 jumps 58.231126
4. Prepare grid and mode functions.
>> s=-2 MSTModes 0.195737
>> MMp2gridL 1.334664
>> MMp2gridR 4.370503
>> s=-1 MSTModes 0.098081
>> MMp1gridL 0.076959
>> MMp1gridR 0.251966
>> s=0 MSTModes 0.155598
A. Fill 1D grid.
>> s = 2, UP ... 28.022074
>> s = 1, UP ... 5.954023
>> s = 0, UP ... 8.730906
>> s = 2, IN ... 16.157186
>> s = 1, IN ... 2.017376
>> s = 0, IN ... 2.975469
1. Preliminaries.
Calculating B-matrices and Eigenvalues
2. Generate MSTModes
>> Generate s=-2 MSTModes 84.852182
>> Generate s=-1 MSTModes 83.213689
>> Generate hκModes 109.947962
3. Jumps
>> 0.311825
>> 1.552005
>> 4.32054
>> 2.155855
>> 31.496511
>> 9.696093
>> LinearSolve for s1 and κ jumps 0.828027
>> κ and s1 jumps 50.936443
4. Prepare grid and mode functions.
>> s=-2 MSTModes 0.17961
>> MMp2gridL 1.2516
>> MMp2gridR 4.225029
>> s=-1 MSTModes 0.097634
>> MMp1gridL 0.0782
>> MMp1gridR 0.250263
>> s=0 MSTModes 0.156748
A. Fill 1D grid.
>> s = 2, UP ... 26.730733
>> s = 1, UP ... 5.603494
>> s = 0, UP ... 8.291627
>> s = 2, IN ... 15.645362
>> s = 1, IN ... 1.936479
>> s = 0, IN ... 2.883785
1. Preliminaries.
Calculating B-matrices and Eigenvalues
2. Generate MSTModes
>> Generate s=-2 MSTModes 90.682111
>> Generate s=-1 MSTModes 88.865805
>> Generate hκModes 104.57085
3. Jumps
>> 0.292842
>> 1.396956
>> 4.226715
>> 1.926824
>> 28.527566
>> 8.722528
>> LinearSolve for s1 and κ jumps 0.702736
>> κ and s1 jumps 46.245458
4. Prepare grid and mode functions.
>> s=-2 MSTModes 0.20433
>> MMp2gridL 1.202792
>> MMp2gridR 4.03179
>> s=-1 MSTModes 0.092405
>> MMp1gridL 0.073657
>> MMp1gridR 0.235687
>> s=0 MSTModes 0.142493
A. Fill 1D grid.
>> s = 2, UP ... 25.318855
>> s = 1, UP ... 5.406796
>> s = 0, UP ... 7.916422
>> s = 2, IN ... 15.467478
>> s = 1, IN ... 1.885095
>> s = 0, IN ... 2.836094
1. Preliminaries.
Calculating B-matrices and Eigenvalues
2. Generate MSTModes
>> Generate s=-2 MSTModes 94.701669
>> Generate s=-1 MSTModes 92.798947
>> Generate hκModes 102.249337
3. Jumps
>> 0.274861
>> 1.168058
>> 4.094434
>> 1.626293
>> 24.016101
>> 7.354156
>> LinearSolve for s1 and κ jumps 0.567124
>> κ and s1 jumps 39.593045
4. Prepare grid and mode functions.
>> s=-2 MSTModes 0.167861
>> MMp2gridL 1.163146
>> MMp2gridR 3.823955
>> s=-1 MSTModes 0.088333
>> MMp1gridL 0.07015
>> MMp1gridR 0.225607
>> s=0 MSTModes 0.136733
A. Fill 1D grid.
>> s = 2, UP ... 23.731717
>> s = 1, UP ... 5.037027
>> s = 0, UP ... 7.40614
>> s = 2, IN ... 15.169932
>> s = 1, IN ... 1.77624
>> s = 0, IN ... 2.686486
1. Preliminaries.
Calculating B-matrices and Eigenvalues
2. Generate MSTModes
>> Generate s=-2 MSTModes 99.12239
>> Generate s=-1 MSTModes 96.797223
>> Generate hκModes 100.186309
3. Jumps
>> 0.273681
>> 1.029492
>> 3.936511
>> 1.400495
>> 21.554177
>> 6.237516
>> LinearSolve for s1 and κ jumps 0.007257
>> κ and s1 jumps 34.790154
4. Prepare grid and mode functions.
>> s=-2 MSTModes 0.193104
>> MMp2gridL 1.09637
>> MMp2gridR 3.630155
>> s=-1 MSTModes 0.082675
>> MMp1gridL 0.067113
>> MMp1gridR 0.217282
>> s=0 MSTModes 0.13359
A. Fill 1D grid.
>> s = 2, UP ... 22.319842
>> s = 1, UP ... 4.645186
>> s = 0, UP ... 6.954986
>> s = 2, IN ... 14.801119
>> s = 1, IN ... 1.689758
>> s = 0, IN ... 2.592566
1. Preliminaries.
Calculating B-matrices and Eigenvalues
2. Generate MSTModes
>> Generate s=-2 MSTModes 101.353129
>> Generate s=-1 MSTModes 99.665463
>> Generate hκModes 97.289324
3. Jumps
>> 0.255055
>> 0.987838
>> 3.855777
>> 1.21837
>> 18.926065
>> 5.239026
>> LinearSolve for s1 and κ jumps 0.006734
>> κ and s1 jumps 30.801788
4. Prepare grid and mode functions.
>> s=-2 MSTModes 0.18524
>> MMp2gridL 1.067646
>> MMp2gridR 3.397477
>> s=-1 MSTModes 0.080203
>> MMp1gridL 0.064519
>> MMp1gridR 0.205673
>> s=0 MSTModes 0.124681
A. Fill 1D grid.
>> s = 2, UP ... 20.656716
>> s = 1, UP ... 4.228477
