Task 181 on node678.cluster: a=0.2 r0=8.5
Job started: a = 0.2, r0 = 8.5, savepath = /lustre/astro/dyson/DataFiles/KerrCircDiskData/h1_radial
Warning: rstarmin is outside the allowed range.
Now we Calculate the Radiative Solutions
1. Preliminaries.
Calculating B-matrices and Eigenvalues
2. Generate MSTModes
>> Generate s=-2 MSTModes 41.366993
>> Generate s=-1 MSTModes 41.728558
>> Generate hκModes 114.967603
3. Jumps
>> 0.346674
>> 1.945964
>> 3.441302
>> 3.631422
>> 45.914895
>> 17.261769
>> LinearSolve for s1 and κ jumps 0.004845
>> κ and s1 jumps 73.402282
4. Prepare grid and mode functions.
>> s=-2 MSTModes 0.205185
>> MMp2gridL 0.668253
>> MMp2gridR 5.160194
>> s=-1 MSTModes 0.064433
>> MMp1gridL 0.027515
>> MMp1gridR 0.168931
>> s=0 MSTModes 0.1474
A. Fill 1D grid.
>> s = 2, UP ... 35.556768
>> s = 1, UP ... 1.333095
>> s = 0, UP ... 8.134076
>> s = 2, IN ... 8.329273
>> s = 1, IN ... 0.678933
>> s = 0, IN ... 1.431367
1. Preliminaries.
Calculating B-matrices and Eigenvalues
2. Generate MSTModes
>> Generate s=-2 MSTModes 60.455338
>> Generate s=-1 MSTModes 59.72358
>> Generate hκModes 134.445894
3. Jumps
>> 0.381074
>> 2.456506
>> 4.823845
>> 3.85983
>> 53.119441
>> 18.023953
>> LinearSolve for s1 and κ jumps 0.81408
>> κ and s1 jumps 84.283572
4. Prepare grid and mode functions.
>> s=-2 MSTModes 0.204155
>> MMp2gridL 0.760516
>> MMp2gridR 5.798496
>> s=-1 MSTModes 0.113906
>> MMp1gridL 0.044621
>> MMp1gridR 0.338225
>> s=0 MSTModes 0.184609
A. Fill 1D grid.
>> s = 2, UP ... 38.643463
>> s = 1, UP ... 9.054297
>> s = 0, UP ... 12.582475
>> s = 2, IN ... 9.146875
>> s = 1, IN ... 1.202241
>> s = 0, IN ... 1.758322
1. Preliminaries.
Calculating B-matrices and Eigenvalues
2. Generate MSTModes
>> Generate s=-2 MSTModes 72.567287
>> Generate s=-1 MSTModes 70.99234
>> Generate hκModes 134.784427
3. Jumps
>> 0.370161
>> 2.180566
>> 5.061206
>> 3.501647
>> 47.21721
>> 15.788293
>> LinearSolve for s1 and κ jumps 0.49343
>> κ and s1 jumps 75.340471
4. Prepare grid and mode functions.
>> s=-2 MSTModes 0.201673
>> MMp2gridL 0.728184
>> MMp2gridR 5.5773
>> s=-1 MSTModes 0.109099
>> MMp1gridL 0.043997
>> MMp1gridR 0.324638
>> s=0 MSTModes 0.1774
A. Fill 1D grid.
>> s = 2, UP ... 37.205138
>> s = 1, UP ... 8.687916
>> s = 0, UP ... 12.396121
>> s = 2, IN ... 8.912321
>> s = 1, IN ... 1.13421
>> s = 0, IN ... 1.656897
1. Preliminaries.
Calculating B-matrices and Eigenvalues
2. Generate MSTModes
>> Generate s=-2 MSTModes 80.470996
>> Generate s=-1 MSTModes 79.031935
>> Generate hκModes 134.243325
3. Jumps
>> 0.349947
>> 1.958295
>> 5.167816
>> 11.223502
>> 76.560137
>> 47.483419
>> LinearSolve for s1 and κ jumps 1.032659
>> κ and s1 jumps 144.479534
4. Prepare grid and mode functions.
>> s=-2 MSTModes 0.193923
>> MMp2gridL 0.688254
>> MMp2gridR 5.33626
>> s=-1 MSTModes 0.10672
>> MMp1gridL 0.042067
>> MMp1gridR 0.307914
>> s=0 MSTModes 0.165228
A. Fill 1D grid.
>> s = 2, UP ... 34.745567
>> s = 1, UP ... 7.574327
>> s = 0, UP ... 15.020742
>> s = 2, IN ... 8.48223
>> s = 1, IN ... 1.061557
>> s = 0, IN ... 1.953796
1. Preliminaries.
Calculating B-matrices and Eigenvalues
2. Generate MSTModes
>> Generate s=-2 MSTModes 89.143817
>> Generate s=-1 MSTModes 89.549665
>> Generate hκModes 136.287336
3. Jumps
>> 0.327073
>> 1.672502
>> 4.98656
>> 9.487367
>> 64.353371
>> 39.21573
>> LinearSolve for s1 and κ jumps 0.260462
>> κ and s1 jumps 120.952668
4. Prepare grid and mode functions.
>> s=-2 MSTModes 0.199022
>> MMp2gridL 0.640561
>> MMp2gridR 5.034499
>> s=-1 MSTModes 0.098894
>> MMp1gridL 0.039558
>> MMp1gridR 0.284814
>> s=0 MSTModes 0.16017
A. Fill 1D grid.
>> s = 2, UP ... 32.195888
>> s = 1, UP ... 7.049967
>> s = 0, UP ... 14.297787
>> s = 2, IN ... 8.242749
>> s = 1, IN ... 1.024482
>> s = 0, IN ... 1.882079
1. Preliminaries.
Calculating B-matrices and Eigenvalues
2. Generate MSTModes
>> Generate s=-2 MSTModes 100.105398
>> Generate s=-1 MSTModes 101.290248
>> Generate hκModes 132.678394
3. Jumps
>> 0.30026
>> 1.46953
>> 4.732514
>> 7.77843
>> 54.69067
>> 33.325114
>> LinearSolve for s1 and κ jumps 0.301876
>> κ and s1 jumps 103.181871
4. Prepare grid and mode functions.
>> s=-2 MSTModes 0.185325
>> MMp2gridL 0.61778
>> MMp2gridR 4.903363
>> s=-1 MSTModes 0.096394
>> MMp1gridL 0.037984
>> MMp1gridR 0.282013
>> s=0 MSTModes 0.160521
A. Fill 1D grid.
>> s = 2, UP ... 30.803228
>> s = 1, UP ... 6.899214
>> s = 0, UP ... 13.975343
>> s = 2, IN ... 8.200918
>> s = 1, IN ... 0.987549
>> s = 0, IN ... 1.823831
1. Preliminaries.
Calculating B-matrices and Eigenvalues
2. Generate MSTModes
>> Generate s=-2 MSTModes 111.545677
>> Generate s=-1 MSTModes 108.688779
>> Generate hκModes 128.644981
3. Jumps
>> 0.298303
>> 1.386536
>> 4.63779
>> 6.890444
>> 49.603227
>> 29.831301
>> LinearSolve for s1 and κ jumps 1.283503
>> κ and s1 jumps 94.485431
4. Prepare grid and mode functions.
>> s=-2 MSTModes 0.173313
>> MMp2gridL 0.605223
>> MMp2gridR 4.846524
>> s=-1 MSTModes 0.095714
>> MMp1gridL 0.037991
>> MMp1gridR 0.275273
>> s=0 MSTModes 0.148542
A. Fill 1D grid.
>> s = 2, UP ... 30.088356
>> s = 1, UP ... 6.613857
>> s = 0, UP ... 13.364159
>> s = 2, IN ... 8.033874
>> s = 1, IN ... 0.939891
>> s = 0, IN ... 1.754875
1. Preliminaries.
Calculating B-matrices and Eigenvalues
2. Generate MSTModes
>> Generate s=-2 MSTModes 117.599636
>> Generate s=-1 MSTModes 116.342023
