Task 780 on node678.cluster: a=0.999 r0=44.0
Job started: a = 0.999, r0 = 44., savepath = /lustre/astro/dyson/DataFiles/KerrCircDiskData/h1_radial
Warning: rstarmin is outside the allowed range.
Now we Calculate the Radiative Solutions
1. Preliminaries.
Calculating B-matrices and Eigenvalues
2. Generate MSTModes
>> Generate s=-2 MSTModes 63.582204
>> Generate s=-1 MSTModes 60.890592

MetricReconstructRadiative`Private`hκTSolve::icaccuraccy: Warning: asymptotic expansion of order 40 at r=4000.000000000000000000000000000000000000000000000000000000000000 provides insufficiently accurate initial conditions to meet PrecsionGoal, 24.

MetricReconstructRadiative`Private`hκTSolve::icaccuraccy: Warning: asymptotic expansion of order 40 at r=4000.000000000000000000000000000000000000000000000000000000000000 provides insufficiently accurate initial conditions to meet PrecsionGoal, 24.

MetricReconstructRadiative`Private`hκTSolve::icaccuraccy: Warning: asymptotic expansion of order 40 at r=4000.000000000000000000000000000000000000000000000000000000000000 provides insufficiently accurate initial conditions to meet PrecsionGoal, 24.

General::stop: Further output of MetricReconstructRadiative`Private`hκTSolve::icaccuraccy will be suppressed during this calculation.
>> Generate hκModes 152.222519
3. Jumps
>> 0.375867
>> 2.174273
>> 3.227598
>> 3.942369
>> 48.890363
>> 18.065232
>> LinearSolve for s1 and κ jumps 0.036771
>> κ and s1 jumps 77.604204
4. Prepare grid and mode functions.
>> s=-2 MSTModes 0.197957
>> MMp2gridL 4.195666
>> MMp2gridR 1.669725
>> s=-1 MSTModes 0.066662
>> MMp1gridL 0.138564
>> MMp1gridR 0.065864
>> s=0 MSTModes 0.155159
A. Fill 1D grid.
>> s = 2, UP ... 19.447328
>> s = 1, UP ... 1.448938
>> s = 0, UP ... 3.593392
>> s = 2, IN ... 29.539529
>> s = 1, IN ... 1.066909
>> s = 0, IN ... 6.516537
1. Preliminaries.
Calculating B-matrices and Eigenvalues
2. Generate MSTModes
>> Generate s=-2 MSTModes 71.89157
>> Generate s=-1 MSTModes 69.660235
>> Generate hκModes 128.007594
3. Jumps
>> 0.337818
>> 2.185719
>> 3.382448
>> 3.580808
>> 47.300022
>> 15.848131
>> LinearSolve for s1 and κ jumps 1.093266
>> κ and s1 jumps 74.42516
4. Prepare grid and mode functions.
>> s=-2 MSTModes 0.206617
>> MMp2gridL 4.345594
>> MMp2gridR 1.751701
>> s=-1 MSTModes 0.099838
>> MMp1gridL 0.246434
>> MMp1gridR 0.100365
>> s=0 MSTModes 0.168391
A. Fill 1D grid.
>> s = 2, UP ... 19.207589
>> s = 1, UP ... 2.575561
>> s = 0, UP ... 3.948378
>> s = 2, IN ... 28.550535
>> s = 1, IN ... 6.129565
>> s = 0, IN ... 8.367112
1. Preliminaries.
Calculating B-matrices and Eigenvalues
2. Generate MSTModes
>> Generate s=-2 MSTModes 81.32664
>> Generate s=-1 MSTModes 78.951199
>> Generate hκModes 120.191772
3. Jumps
>> 0.340384
>> 1.896467
>> 3.349528
>> 3.149613
>> 41.462006
>> 13.893595
>> LinearSolve for s1 and κ jumps 0.595819
>> κ and s1 jumps 65.314402
4. Prepare grid and mode functions.
>> s=-2 MSTModes 0.17791
>> MMp2gridL 4.171783
>> MMp2gridR 1.660247
>> s=-1 MSTModes 0.096704
>> MMp1gridL 0.239442
>> MMp1gridR 0.096502
>> s=0 MSTModes 0.156522
A. Fill 1D grid.
>> s = 2, UP ... 18.636312
>> s = 1, UP ... 2.477621
>> s = 0, UP ... 3.750496
>> s = 2, IN ... 26.173645
>> s = 1, IN ... 5.672211
>> s = 0, IN ... 8.029598
1. Preliminaries.
Calculating B-matrices and Eigenvalues
2. Generate MSTModes
>> Generate s=-2 MSTModes 90.044849
>> Generate s=-1 MSTModes 86.888973
>> Generate hκModes 114.672089
3. Jumps
>> 0.314939
>> 1.778273
>> 3.258033
>> 2.696936
>> 37.435183
>> 12.267626
>> LinearSolve for s1 and κ jumps 0.776885
>> κ and s1 jumps 59.109744
4. Prepare grid and mode functions.
>> s=-2 MSTModes 0.174064
>> MMp2gridL 4.013764
>> MMp2gridR 1.593445
>> s=-1 MSTModes 0.095294
>> MMp1gridL 0.237376
>> MMp1gridR 0.095549
>> s=0 MSTModes 0.154008
A. Fill 1D grid.
>> s = 2, UP ... 18.226181
>> s = 1, UP ... 2.355515
>> s = 0, UP ... 3.707344
>> s = 2, IN ... 24.887288
>> s = 1, IN ... 5.245943
>> s = 0, IN ... 7.360443
1. Preliminaries.
Calculating B-matrices and Eigenvalues
2. Generate MSTModes
>> Generate s=-2 MSTModes 97.423471
>> Generate s=-1 MSTModes 95.354468
>> Generate hκModes 111.116153
3. Jumps
>> 0.297166
>> 1.600267
>> 3.007291
>> 2.360001
>> 32.952585
>> 10.555246
>> LinearSolve for s1 and κ jumps 0.819235
>> κ and s1 jumps 52.102606
4. Prepare grid and mode functions.
>> s=-2 MSTModes 0.223086
>> MMp2gridL 3.961068
>> MMp2gridR 1.575362
>> s=-1 MSTModes 0.092701
>> MMp1gridL 0.232815
>> MMp1gridR 0.092693
>> s=0 MSTModes 0.148523
A. Fill 1D grid.
>> s = 2, UP ... 17.650862
>> s = 1, UP ... 2.284115
>> s = 0, UP ... 3.577588
>> s = 2, IN ... 24.188424
>> s = 1, IN ... 5.167772
>> s = 0, IN ... 7.193477
1. Preliminaries.
Calculating B-matrices and Eigenvalues
2. Generate MSTModes
>> Generate s=-2 MSTModes 104.034895
>> Generate s=-1 MSTModes 101.324014
>> Generate hκModes 106.80562
3. Jumps
>> 0.281432
>> 1.435077
>> 2.939395
>> 2.037457
>> 29.256993
>> 9.156993
>> LinearSolve for s1 and κ jumps 0.966627
>> κ and s1 jumps 46.554056
4. Prepare grid and mode functions.
>> s=-2 MSTModes 0.209234
>> MMp2gridL 3.517726
>> MMp2gridR 1.465278
>> s=-1 MSTModes 0.088146
>> MMp1gridL 0.211129
>> MMp1gridR 0.086042
>> s=0 MSTModes 0.144543
A. Fill 1D grid.
>> s = 2, UP ... 17.174422
>> s = 1, UP ... 2.127754
>> s = 0, UP ... 3.396081
>> s = 2, IN ... 22.308513
>> s = 1, IN ... 4.66731
>> s = 0, IN ... 6.574074
1. Preliminaries.
Calculating B-matrices and Eigenvalues
2. Generate MSTModes
>> Generate s=-2 MSTModes 109.064796
>> Generate s=-1 MSTModes 107.021742
>> Generate hκModes 102.272375
3. Jumps
>> 0.268813
>> 1.251428
>> 2.813845
>> 1.747356
>> 25.420334
>> 7.615714
>> LinearSolve for s1 and κ jumps 1.173711
>> κ and s1 jumps 40.779063
4. Prepare grid and mode functions.
>> s=-2 MSTModes 0.156664
>> MMp2gridL 3.436131
>> MMp2gridR 1.324282
>> s=-1 MSTModes 0.082517
>> MMp1gridL 0.197984
>> MMp1gridR 0.080521
>> s=0 MSTModes 0.133953
A. Fill 1D grid.
>> s = 2, UP ... 16.371917
>> s = 1, UP ... 1.999191
>> s = 0, UP ... 3.170514
>> s = 2, IN ... 20.831109
>> s = 1, IN ... 4.45136
>> s = 0, IN ... 6.270979
1. Preliminaries.
Calculating B-matrices and Eigenvalues
2. Generate MSTModes
>> Generate s=-2 MSTModes 114.138881
>> Generate s=-1 MSTModes 109.170558
