Task 726 on node678.cluster: a=0.999 r0=17.0
Job started: a = 0.999, r0 = 17., savepath = /lustre/astro/dyson/DataFiles/KerrCircDiskData/h1_radial
Warning: rstarmin is outside the allowed range.
Now we Calculate the Radiative Solutions
1. Preliminaries.
Calculating B-matrices and Eigenvalues
2. Generate MSTModes
>> Generate s=-2 MSTModes 65.007721
>> Generate s=-1 MSTModes 64.081983
>> Generate hκModes 142.601217
3. Jumps
>> 0.386216
>> 2.232204
>> 3.486084
>> 4.040073
>> 49.974652
>> 18.209688
>> LinearSolve for s1 and κ jumps 0.004673
>> κ and s1 jumps 79.253462
4. Prepare grid and mode functions.
>> s=-2 MSTModes 0.213047
>> MMp2gridL 1.540758
>> MMp2gridR 4.418384
>> s=-1 MSTModes 0.064671
>> MMp1gridL 0.058292
>> MMp1gridR 0.145999
>> s=0 MSTModes 0.15136
A. Fill 1D grid.
>> s = 2, UP ... 30.436423
>> s = 1, UP ... 1.160009
>> s = 0, UP ... 6.793412
>> s = 2, IN ... 17.443474
>> s = 1, IN ... 1.271105
>> s = 0, IN ... 3.041563
1. Preliminaries.
Calculating B-matrices and Eigenvalues
2. Generate MSTModes
>> Generate s=-2 MSTModes 67.267703
>> Generate s=-1 MSTModes 63.962806
>> Generate hκModes 118.524513
3. Jumps
>> 0.324487
>> 2.100184
>> 3.446374
>> 3.33383
>> 43.808998
>> 15.015791
>> LinearSolve for s1 and κ jumps 0.810374
>> κ and s1 jumps 69.582047
4. Prepare grid and mode functions.
>> s=-2 MSTModes 0.176041
>> MMp2gridL 1.448117
>> MMp2gridR 4.160462
>> s=-1 MSTModes 0.0995
>> MMp1gridL 0.085719
>> MMp1gridR 0.245045
>> s=0 MSTModes 0.159854
A. Fill 1D grid.
>> s = 2, UP ... 27.993281
>> s = 1, UP ... 5.902368
>> s = 0, UP ... 8.618554
>> s = 2, IN ... 16.704509
>> s = 1, IN ... 2.223172
>> s = 0, IN ... 3.304952
1. Preliminaries.
Calculating B-matrices and Eigenvalues
2. Generate MSTModes
>> Generate s=-2 MSTModes 74.054843
>> Generate s=-1 MSTModes 71.570645
>> Generate hκModes 115.489999
3. Jumps
>> 0.316705
>> 1.83388
>> 3.509267
>> 10.982454
>> 74.572201
>> 48.676127
>> LinearSolve for s1 and κ jumps 0.737167
>> κ and s1 jumps 141.347158
4. Prepare grid and mode functions.
>> s=-2 MSTModes 0.182406
>> MMp2gridL 1.386498
>> MMp2gridR 4.019549
>> s=-1 MSTModes 0.10294
>> MMp1gridL 0.083554
>> MMp1gridR 0.242928
>> s=0 MSTModes 0.16427
A. Fill 1D grid.
>> s = 2, UP ... 26.630229
>> s = 1, UP ... 5.772116
>> s = 0, UP ... 11.519791
>> s = 2, IN ... 16.714185
>> s = 1, IN ... 2.199754
>> s = 0, IN ... 4.240001
1. Preliminaries.
Calculating B-matrices and Eigenvalues
2. Generate MSTModes
>> Generate s=-2 MSTModes 80.763555
>> Generate s=-1 MSTModes 75.929415
>> Generate hκModes 112.418773
3. Jumps
>> 0.297579
>> 1.681681
>> 3.516586
>> 9.699413
>> 66.129916
>> 42.573129
>> LinearSolve for s1 and κ jumps 1.238165
>> κ and s1 jumps 125.856118
4. Prepare grid and mode functions.
>> s=-2 MSTModes 0.174662
>> MMp2gridL 1.354831
>> MMp2gridR 3.907211
>> s=-1 MSTModes 0.093146
>> MMp1gridL 0.080801
>> MMp1gridR 0.23236
>> s=0 MSTModes 0.156708
A. Fill 1D grid.
>> s = 2, UP ... 25.674364
>> s = 1, UP ... 5.319732
>> s = 0, UP ... 10.871868
>> s = 2, IN ... 16.20665
>> s = 1, IN ... 2.129777
>> s = 0, IN ... 4.033902
1. Preliminaries.
Calculating B-matrices and Eigenvalues
2. Generate MSTModes
>> Generate s=-2 MSTModes 86.556223
>> Generate s=-1 MSTModes 82.177615
>> Generate hκModes 110.68784
3. Jumps
>> 0.291902
>> 1.51285
>> 3.653275
>> 8.311359
>> 57.738717
>> 35.900062
>> LinearSolve for s1 and κ jumps 0.909202
>> κ and s1 jumps 108.956563
4. Prepare grid and mode functions.
>> s=-2 MSTModes 0.161928
>> MMp2gridL 1.303146
>> MMp2gridR 3.720629
>> s=-1 MSTModes 0.088559
>> MMp1gridL 0.077224
>> MMp1gridR 0.220046
>> s=0 MSTModes 0.147541
A. Fill 1D grid.
>> s = 2, UP ... 24.063806
>> s = 1, UP ... 5.098127
>> s = 0, UP ... 10.234086
>> s = 2, IN ... 15.8022
>> s = 1, IN ... 2.00328
>> s = 0, IN ... 3.82055
1. Preliminaries.
Calculating B-matrices and Eigenvalues
2. Generate MSTModes
>> Generate s=-2 MSTModes 93.647273
>> Generate s=-1 MSTModes 88.031481
>> Generate hκModes 109.181263
3. Jumps
>> 0.272168
>> 1.326547
>> 3.579806
>> 6.909992
>> 49.889638
>> 30.343692
>> LinearSolve for s1 and κ jumps 0.712379
>> κ and s1 jumps 93.614824
4. Prepare grid and mode functions.
>> s=-2 MSTModes 0.168448
>> MMp2gridL 1.237386
>> MMp2gridR 3.576169
>> s=-1 MSTModes 0.084983
>> MMp1gridL 0.074695
>> MMp1gridR 0.210325
>> s=0 MSTModes 0.142516
A. Fill 1D grid.
>> s = 2, UP ... 22.631973
>> s = 1, UP ... 4.728239
>> s = 0, UP ... 9.470545
>> s = 2, IN ... 15.191135
>> s = 1, IN ... 1.858682
>> s = 0, IN ... 3.534753
1. Preliminaries.
Calculating B-matrices and Eigenvalues
2. Generate MSTModes
>> Generate s=-2 MSTModes 98.970335
>> Generate s=-1 MSTModes 94.425359
>> Generate hκModes 107.438586
3. Jumps
>> 0.26449
>> 1.196056
>> 3.503135
>> 6.224913
>> 44.07267
>> 26.375963
>> LinearSolve for s1 and κ jumps 0.743841
>> κ and s1 jumps 82.907006
4. Prepare grid and mode functions.
>> s=-2 MSTModes 0.150172
>> MMp2gridL 1.140707
>> MMp2gridR 3.304567
>> s=-1 MSTModes 0.079495
>> MMp1gridL 0.069345
>> MMp1gridR 0.194542
>> s=0 MSTModes 0.131319
A. Fill 1D grid.
>> s = 2, UP ... 20.585749
>> s = 1, UP ... 4.387067
>> s = 0, UP ... 8.764636
>> s = 2, IN ... 14.569603
>> s = 1, IN ... 1.779305
>> s = 0, IN ... 3.379301
1. Preliminaries.
Calculating B-matrices and Eigenvalues
2. Generate MSTModes
>> Generate s=-2 MSTModes 104.758455
>> Generate s=-1 MSTModes 100.224522
