Task 12 on node729.cluster: a=0.99 r0=7.9
Job started: a = 0.99, r0 = 7.9, savepath = /lustre/astro/dyson/DataFiles/KerrCircSourceFiles/h1_radial
Warning: rstarmin is outside the allowed range.
Now we Calculate the Radiative Solutions
1. Preliminaries.
Calculating B-matrices and Eigenvalues
2. Generate MSTModes
>> Generate s=-2 MSTModes 225.416866
>> Generate s=-1 MSTModes 220.853797
>> Generate hκModes 575.272966
3. Jumps
>> 2.605378
>> 28.136921
>> 11.203887
>> 301.748341
>> 1639.0119
>> 1265.949704
>> LinearSolve for s1 and κ jumps 0.014672
>> κ and s1 jumps 3257.892835
4. Prepare grid and mode functions.
>> s=-2 MSTModes 0.432369
>> MMp2gridL 2.267195
>> MMp2gridR 15.326547
>> s=-1 MSTModes 0.18383
>> MMp1gridL 0.093488
>> MMp1gridR 0.552753
>> s=0 MSTModes 0.388412
A. Fill 1D grid.
>> s = 2, UP ... 187.362785
>> s = 1, UP ... 5.151476
>> s = 0, UP ... 56.346068
>> s = 2, IN ... 59.365249
>> s = 1, IN ... 3.378298
>> s = 0, IN ... 9.435631
1. Preliminaries.
Calculating B-matrices and Eigenvalues
2. Generate MSTModes
>> Generate s=-2 MSTModes 261.108057
>> Generate s=-1 MSTModes 255.702394
>> Generate hκModes 550.430467
3. Jumps
>> 2.430875
>> 28.534234
>> 12.31177
>> 273.852915
>> 1514.527248
>> 1154.40188
>> LinearSolve for s1 and κ jumps 0.660749
>> κ and s1 jumps 2993.065362
4. Prepare grid and mode functions.
>> s=-2 MSTModes 0.438954
>> MMp2gridL 2.260386
>> MMp2gridR 15.157865
>> s=-1 MSTModes 0.256909
>> MMp1gridL 0.133024
>> MMp1gridR 0.861788
>> s=0 MSTModes 0.419129
A. Fill 1D grid.
>> s = 2, UP ... 184.398598
>> s = 1, UP ... 37.38765
>> s = 0, UP ... 75.457844
>> s = 2, IN ... 58.561356
>> s = 1, IN ... 5.362728
>> s = 0, IN ... 10.405774
1. Preliminaries.
Calculating B-matrices and Eigenvalues
2. Generate MSTModes
>> Generate s=-2 MSTModes 281.899922
>> Generate s=-1 MSTModes 276.887252
>> Generate hκModes 546.084895
3. Jumps
>> 2.369775
>> 26.808357
>> 13.141272
>> 266.294865
>> 1455.448484
>> 1112.602052
>> LinearSolve for s1 and κ jumps 0.745072
>> κ and s1 jumps 2883.427755
4. Prepare grid and mode functions.
>> s=-2 MSTModes 0.444861
>> MMp2gridL 2.220084
>> MMp2gridR 14.85159
>> s=-1 MSTModes 0.253835
>> MMp1gridL 0.130981
>> MMp1gridR 0.841073
>> s=0 MSTModes 0.416958
A. Fill 1D grid.
>> s = 2, UP ... 179.279663
>> s = 1, UP ... 34.755716
>> s = 0, UP ... 68.080565
>> s = 2, IN ... 58.39519
>> s = 1, IN ... 5.303275
>> s = 0, IN ... 10.206971
1. Preliminaries.
Calculating B-matrices and Eigenvalues
2. Generate MSTModes
>> Generate s=-2 MSTModes 308.588116
>> Generate s=-1 MSTModes 303.425463
>> Generate hκModes 551.797288
3. Jumps
>> 2.237748
>> 25.055587
>> 13.346273
>> 236.405143
>> 1306.750404
>> 991.299558
>> LinearSolve for s1 and κ jumps 0.546907
>> κ and s1 jumps 2581.334165
4. Prepare grid and mode functions.
>> s=-2 MSTModes 0.438693
>> MMp2gridL 2.196091
>> MMp2gridR 14.628515
>> s=-1 MSTModes 0.249931
>> MMp1gridL 0.130425
>> MMp1gridR 0.830578
>> s=0 MSTModes 0.407382
A. Fill 1D grid.
>> s = 2, UP ... 172.290137
>> s = 1, UP ... 32.790404
>> s = 0, UP ... 70.286661
>> s = 2, IN ... 58.143357
>> s = 1, IN ... 5.175243
>> s = 0, IN ... 9.943834
1. Preliminaries.
Calculating B-matrices and Eigenvalues
2. Generate MSTModes
>> Generate s=-2 MSTModes 341.432934
>> Generate s=-1 MSTModes 336.083255
>> Generate hκModes 559.572834
3. Jumps
>> 2.16198
>> 23.679237
>> 13.614998
>> 219.329436
>> 1204.709003
>> 868.71156
>> LinearSolve for s1 and κ jumps 0.75002
>> κ and s1 jumps 2338.282814
4. Prepare grid and mode functions.
>> s=-2 MSTModes 0.424315
>> MMp2gridL 2.124423
>> MMp2gridR 14.034324
>> s=-1 MSTModes 0.244195
>> MMp1gridL 0.1268
>> MMp1gridR 0.804918
>> s=0 MSTModes 0.398835
A. Fill 1D grid.
>> s = 2, UP ... 165.487612
>> s = 1, UP ... 32.291685
>> s = 0, UP ... 64.330243
>> s = 2, IN ... 57.219001
>> s = 1, IN ... 5.013942
>> s = 0, IN ... 9.733269
1. Preliminaries.
Calculating B-matrices and Eigenvalues
2. Generate MSTModes
>> Generate s=-2 MSTModes 371.527238
>> Generate s=-1 MSTModes 365.528044
>> Generate hκModes 565.212205
3. Jumps
>> 2.064772
>> 22.198113
>> 14.223299
>> 201.339657
>> 1124.477404
>> 845.739093
>> LinearSolve for s1 and κ jumps 0.615661
>> κ and s1 jumps 2215.714903
4. Prepare grid and mode functions.
>> s=-2 MSTModes 0.427275
>> MMp2gridL 2.171586
>> MMp2gridR 13.951249
>> s=-1 MSTModes 0.241834
>> MMp1gridL 0.125006
>> MMp1gridR 0.795945
>> s=0 MSTModes 0.394797
A. Fill 1D grid.
>> s = 2, UP ... 159.981413
>> s = 1, UP ... 31.317112
>> s = 0, UP ... 65.193728
>> s = 2, IN ... 56.89222
>> s = 1, IN ... 4.946854
>> s = 0, IN ... 9.47989
1. Preliminaries.
Calculating B-matrices and Eigenvalues
2. Generate MSTModes
>> Generate s=-2 MSTModes 408.875731
>> Generate s=-1 MSTModes 403.738783
>> Generate hκModes 573.55025
3. Jumps
>> 2.029116
>> 21.246255
>> 14.187271
>> 185.790041
>> 1033.085916
>> 772.799731
>> LinearSolve for s1 and κ jumps 0.700064
>> κ and s1 jumps 2034.607202
4. Prepare grid and mode functions.
>> s=-2 MSTModes 0.417575
>> MMp2gridL 2.114359
>> MMp2gridR 13.806685
>> s=-1 MSTModes 0.237672
>> MMp1gridL 0.12254
>> MMp1gridR 0.776267
>> s=0 MSTModes 0.388192
A. Fill 1D grid.
>> s = 2, UP ... 154.144868
>> s = 1, UP ... 29.945594
>> s = 0, UP ... 61.601524
>> s = 2, IN ... 56.644834
>> s = 1, IN ... 4.839703
>> s = 0, IN ... 9.25947
1. Preliminaries.
Calculating B-matrices and Eigenvalues
2. Generate MSTModes
>> Generate s=-2 MSTModes 449.170436
>> Generate s=-1 MSTModes 446.733533
>> Generate hκModes 582.273736
3. Jumps
>> 1.89779
>> 19.612909
>> 14.189394
>> 174.752701
>> 965.699697
>> 720.464497
>> LinearSolve for s1 and κ jumps 0.643155
>> κ and s1 jumps 1901.742838
4. Prepare grid and mode functions.
>> s=-2 MSTModes 0.412525
>> MMp2gridL 2.11013
>> MMp2gridR 13.783787
>> s=-1 MSTModes 0.234549
>> MMp1gridL 0.121746
>> MMp1gridR 0.770157
>> s=0 MSTModes 0.382321
A. Fill 1D grid.
>> s = 2, UP ... 148.659862
>> s = 1, UP ... 28.452913
>> s = 0, UP ... 57.305037
>> s = 2, IN ... 56.061831
>> s = 1, IN ... 4.774929
>> s = 0, IN ... 9.073177
1. Preliminaries.
Calculating B-matrices and Eigenvalues
2. Generate MSTModes
>> Generate s=-2 MSTModes 496.736256
>> Generate s=-1 MSTModes 488.254344
>> Generate hκModes 580.040921
3. Jumps
>> 1.845357
>> 18.26241
>> 14.023155
>> 158.005773
>> 888.314971
>> 656.958684
>> LinearSolve for s1 and κ jumps 0.421951
>> κ and s1 jumps 1742.016684
4. Prepare grid and mode functions.
>> s=-2 MSTModes 0.406082
>> MMp2gridL 2.043394
>> MMp2gridR 13.395971
>> s=-1 MSTModes 0.23031
>> MMp1gridL 0.118525
>> MMp1gridR 0.752311
>> s=0 MSTModes 0.375762
A. Fill 1D grid.
>> s = 2, UP ... 144.408578
>> s = 1, UP ... 26.930538
>> s = 0, UP ... 54.901315
>> s = 2, IN ... 55.786862
>> s = 1, IN ... 4.639926
>> s = 0, IN ... 8.815706
1. Preliminaries.
Calculating B-matrices and Eigenvalues
2. Generate MSTModes
>> Generate s=-2 MSTModes 538.742105
>> Generate s=-1 MSTModes 526.836164
>> Generate hκModes 587.240891
3. Jumps
>> 1.728576
>> 17.050779
>> 14.030412
>> 143.501411
>> 812.914044
>> 594.589848
>> LinearSolve for s1 and κ jumps 0.650019
>> κ and s1 jumps 1588.563719
4. Prepare grid and mode functions.
>> s=-2 MSTModes 0.416689
>> MMp2gridL 2.004983
>> MMp2gridR 13.479112
>> s=-1 MSTModes 0.231283
>> MMp1gridL 0.117927
>> MMp1gridR 0.748532
>> s=0 MSTModes 0.389038
A. Fill 1D grid.
>> s = 2, UP ... 147.008241
>> s = 1, UP ... 29.972317
>> s = 0, UP ... 59.451333
>> s = 2, IN ... 56.240171
>> s = 1, IN ... 4.694247
>> s = 0, IN ... 8.827991
1. Preliminaries.
Calculating B-matrices and Eigenvalues
2. Generate MSTModes
>> Generate s=-2 MSTModes 613.876275
>> Generate s=-1 MSTModes 603.733315
>> Generate hκModes 595.496633
3. Jumps
>> 1.693557
>> 15.928901
>> 13.802278
>> 131.069075
>> 740.761523
>> 541.875665
>> LinearSolve for s1 and κ jumps 0.547487
>> κ and s1 jumps 1449.501232
4. Prepare grid and mode functions.
>> s=-2 MSTModes 0.401666
>> MMp2gridL 1.977718
>> MMp2gridR 13.23852
>> s=-1 MSTModes 0.226552
>> MMp1gridL 0.115159
>> MMp1gridR 0.728553
>> s=0 MSTModes 0.391306
A. Fill 1D grid.
>> s = 2, UP ... 139.330111
>> s = 1, UP ... 26.555925
>> s = 0, UP ... 53.856991
>> s = 2, IN ... 56.057757
>> s = 1, IN ... 4.52116
>> s = 0, IN ... 8.450758
1. Preliminaries.
Calculating B-matrices and Eigenvalues
2. Generate MSTModes
>> Generate s=-2 MSTModes 684.771022
>> Generate s=-1 MSTModes 673.553803
>> Generate hκModes 3523.107472
3. Jumps
>> 108.021169
>> 70.67151
>> 838.008156
>> 250.034187
>> 1315.119117
>> 878.569013
>> LinearSolve for s1 and κ jumps 1.267832
>> κ and s1 jumps 3475.620968
4. Prepare grid and mode functions.
>> s=-2 MSTModes 1.971712
>> MMp2gridL 12.926849
>> MMp2gridR 77.15309
>> s=-1 MSTModes 1.666773
>> MMp1gridL 2.236609
>> MMp1gridR 5.443266
>> s=0 MSTModes 2.305365
A. Fill 1D grid.
>> s = 2, UP ... 883.552903
>> s = 1, UP ... 118.727495
>> s = 0, UP ... 305.863425
>> s = 2, IN ... 217.17614
>> s = 1, IN ... 23.69485
>> s = 0, IN ... 31.428975
1. Preliminaries.
Calculating B-matrices and Eigenvalues
2. Generate MSTModes
>> Generate s=-2 MSTModes 3270.502023
