Task 369 on node656.cluster: a=0.6 r0=14.5
Job started: a = 0.6, r0 = 14.5, savepath = /lustre/astro/dyson/DataFiles/KerrCircDiskData/h1_radial
Warning: rstarmin is outside the allowed range.
Now we Calculate the Radiative Solutions
1. Preliminaries.
Calculating B-matrices and Eigenvalues
2. Generate MSTModes
>> Generate s=-2 MSTModes 54.179944
>> Generate s=-1 MSTModes 54.935337
>> Generate hκModes 142.124225
3. Jumps
>> 0.418099
>> 2.447057
>> 3.979242
>> 4.447773
>> 54.158059
>> 19.309374
>> LinearSolve for s1 and κ jumps 0.004928
>> κ and s1 jumps 85.729809
4. Prepare grid and mode functions.
>> s=-2 MSTModes 0.22186
>> MMp2gridL 1.376888
>> MMp2gridR 5.007495
>> s=-1 MSTModes 0.070672
>> MMp1gridL 0.053374
>> MMp1gridR 0.167816
>> s=0 MSTModes 0.160375
A. Fill 1D grid.
>> s = 2, UP ... 35.221807
>> s = 1, UP ... 1.310392
>> s = 0, UP ... 7.898941
>> s = 2, IN ... 16.218681
>> s = 1, IN ... 1.187678
>> s = 0, IN ... 2.759543
1. Preliminaries.
Calculating B-matrices and Eigenvalues
2. Generate MSTModes
>> Generate s=-2 MSTModes 61.912744
>> Generate s=-1 MSTModes 63.495329
>> Generate hκModes 133.84356
3. Jumps
>> 0.388113
>> 2.48727
>> 4.650866
>> 4.135242
>> 53.495576
>> 18.043449
>> LinearSolve for s1 and κ jumps 0.842551
>> κ and s1 jumps 84.817288
4. Prepare grid and mode functions.
>> s=-2 MSTModes 0.195103
>> MMp2gridL 1.370043
>> MMp2gridR 5.021882
>> s=-1 MSTModes 0.11063
>> MMp1gridL 0.080911
>> MMp1gridR 0.292067
>> s=0 MSTModes 0.176394
A. Fill 1D grid.
>> s = 2, UP ... 34.905608
>> s = 1, UP ... 7.847155
>> s = 0, UP ... 11.085376
>> s = 2, IN ... 16.036898
>> s = 1, IN ... 2.138328
>> s = 0, IN ... 3.104106
1. Preliminaries.
Calculating B-matrices and Eigenvalues
2. Generate MSTModes
>> Generate s=-2 MSTModes 69.40272
>> Generate s=-1 MSTModes 69.414489
>> Generate hκModes 128.027412
3. Jumps
>> 0.377029
>> 2.183993
>> 4.540421
>> 13.073217
>> 86.977751
>> 55.35287
>> LinearSolve for s1 and κ jumps 1.403428
>> κ and s1 jumps 164.6724
4. Prepare grid and mode functions.
>> s=-2 MSTModes 0.198046
>> MMp2gridL 1.28101
>> MMp2gridR 4.78578
>> s=-1 MSTModes 0.102019
>> MMp1gridL 0.074575
>> MMp1gridR 0.272115
>> s=0 MSTModes 0.163091
A. Fill 1D grid.
>> s = 2, UP ... 32.78162
>> s = 1, UP ... 7.540089
>> s = 0, UP ... 14.725298
>> s = 2, IN ... 15.711895
>> s = 1, IN ... 2.049143
>> s = 0, IN ... 3.949372
1. Preliminaries.
Calculating B-matrices and Eigenvalues
2. Generate MSTModes
>> Generate s=-2 MSTModes 76.660587
>> Generate s=-1 MSTModes 75.687724
>> Generate hκModes 124.27155
3. Jumps
>> 0.349211
>> 1.980237
>> 4.530748
>> 11.094483
>> 74.305291
>> 45.92731
>> LinearSolve for s1 and κ jumps 1.0504
>> κ and s1 jumps 139.938977
4. Prepare grid and mode functions.
>> s=-2 MSTModes 0.18976
>> MMp2gridL 1.239367
>> MMp2gridR 4.647454
>> s=-1 MSTModes 0.101127
>> MMp1gridL 0.073214
>> MMp1gridR 0.264645
>> s=0 MSTModes 0.163708
A. Fill 1D grid.
>> s = 2, UP ... 31.225512
>> s = 1, UP ... 7.194553
>> s = 0, UP ... 14.173326
>> s = 2, IN ... 15.599034
>> s = 1, IN ... 1.992266
>> s = 0, IN ... 3.836365
1. Preliminaries.
Calculating B-matrices and Eigenvalues
2. Generate MSTModes
>> Generate s=-2 MSTModes 83.610428
>> Generate s=-1 MSTModes 82.175954
>> Generate hκModes 118.870017
3. Jumps
>> 0.325238
>> 1.679627
>> 4.342931
>> 9.506442
>> 64.589001
>> 40.616051
>> LinearSolve for s1 and κ jumps 0.813401
>> κ and s1 jumps 122.514485
4. Prepare grid and mode functions.
>> s=-2 MSTModes 0.188836
>> MMp2gridL 1.180418
>> MMp2gridR 4.436217
>> s=-1 MSTModes 0.097524
>> MMp1gridL 0.070652
>> MMp1gridR 0.256253
>> s=0 MSTModes 0.155792
A. Fill 1D grid.
>> s = 2, UP ... 29.914035
>> s = 1, UP ... 6.843962
>> s = 0, UP ... 13.654407
>> s = 2, IN ... 15.378766
>> s = 1, IN ... 1.959531
>> s = 0, IN ... 3.748116
1. Preliminaries.
Calculating B-matrices and Eigenvalues
2. Generate MSTModes
>> Generate s=-2 MSTModes 91.237857
>> Generate s=-1 MSTModes 87.79171
>> Generate hκModes 113.608399
3. Jumps
>> 0.307236
>> 1.572543
>> 4.390386
>> 8.177959
>> 56.837434
>> 34.771796
>> LinearSolve for s1 and κ jumps 0.784629
>> κ and s1 jumps 107.468492
4. Prepare grid and mode functions.
>> s=-2 MSTModes 0.182219
>> MMp2gridL 1.175758
>> MMp2gridR 4.291234
>> s=-1 MSTModes 0.09567
>> MMp1gridL 0.071231
>> MMp1gridR 0.252174
>> s=0 MSTModes 0.153853
A. Fill 1D grid.
>> s = 2, UP ... 28.197603
>> s = 1, UP ... 6.277
>> s = 0, UP ... 12.548393
>> s = 2, IN ... 14.894539
>> s = 1, IN ... 1.856688
>> s = 0, IN ... 3.552484
1. Preliminaries.
Calculating B-matrices and Eigenvalues
2. Generate MSTModes
>> Generate s=-2 MSTModes 96.493546
>> Generate s=-1 MSTModes 94.359041
>> Generate hκModes 110.071217
3. Jumps
>> 0.298011
>> 1.360409
>> 4.346916
>> 7.106133
>> 50.0519
>> 30.446232
>> LinearSolve for s1 and κ jumps 1.295365
>> κ and s1 jumps 95.438151
4. Prepare grid and mode functions.
>> s=-2 MSTModes 0.174158
>> MMp2gridL 1.112708
>> MMp2gridR 4.179052
>> s=-1 MSTModes 0.091923
>> MMp1gridL 0.065566
>> MMp1gridR 0.240589
>> s=0 MSTModes 0.150305
A. Fill 1D grid.
>> s = 2, UP ... 26.733602
>> s = 1, UP ... 5.951136
>> s = 0, UP ... 11.415512
>> s = 2, IN ... 14.646898
>> s = 1, IN ... 1.761885
>> s = 0, IN ... 3.33118
1. Preliminaries.
Calculating B-matrices and Eigenvalues
2. Generate MSTModes
>> Generate s=-2 MSTModes 99.970497
>> Generate s=-1 MSTModes 97.467161
>> Generate hκModes 107.645432
3. Jumps
>> 0.283672
>> 1.202069
>> 4.183747
>> 6.006198
>> 43.440326
>> 25.651451
>> LinearSolve for s1 and κ jumps 0.883792
>> κ and s1 jumps 82.207816
4. Prepare grid and mode functions.
>> s=-2 MSTModes 0.177531
>> MMp2gridL 1.178444
>> MMp2gridR 4.163333
>> s=-1 MSTModes 0.089416
>> MMp1gridL 0.067866
>> MMp1gridR 0.235128
>> s=0 MSTModes 0.145594
A. Fill 1D grid.
>> s = 2, UP ... 25.037386
>> s = 1, UP ... 5.301179
>> s = 0, UP ... 10.563375
>> s = 2, IN ... 14.047458
>> s = 1, IN ... 1.653369
>> s = 0, IN ... 3.140039
1. Preliminaries.
Calculating B-matrices and Eigenvalues
2. Generate MSTModes
>> Generate s=-2 MSTModes 100.931434
>> Generate s=-1 MSTModes 99.695402
>> Generate hκModes 105.240395
3. Jumps
>> 0.266542
>> 1.063822
>> 4.005318
>> 4.997307
>> 36.104392
>> 20.416152
>> LinearSolve for s1 and κ jumps 0.010687
>> κ and s1 jumps 67.255906
4. Prepare grid and mode functions.
>> s=-2 MSTModes 0.183931
>> MMp2gridL 0.951521
>> MMp2gridR 3.479628
>> s=-1 MSTModes 0.080849
>> MMp1gridL 0.06082
>> MMp1gridR 0.211837
>> s=0 MSTModes 0.132116
A. Fill 1D grid.
>> s = 2, UP ... 21.272601
>> s = 1, UP ... 4.487943
>> s = 0, UP ... 8.791141
>> s = 2, IN ... 12.686151
>> s = 1, IN ... 1.465528
>> s = 0, IN ... 2.763491
1. Preliminaries.
Calculating B-matrices and Eigenvalues
2. Generate MSTModes
>> Generate s=-2 MSTModes 102.841598
>> Generate s=-1 MSTModes 99.52182
