Task 360 on node656.cluster: a=0.6 r0=10.0
Job started: a = 0.6, r0 = 10., savepath = /lustre/astro/dyson/DataFiles/KerrCircDiskData/h1_radial
Warning: rstarmin is outside the allowed range.
Now we Calculate the Radiative Solutions
1. Preliminaries.
Calculating B-matrices and Eigenvalues
2. Generate MSTModes
>> Generate s=-2 MSTModes 42.042417
>> Generate s=-1 MSTModes 41.739312
>> Generate hκModes 114.980899
3. Jumps
>> 0.344415
>> 1.967714
>> 3.2728
>> 3.570815
>> 43.816532
>> 16.069113
>> LinearSolve for s1 and κ jumps 0.003498
>> κ and s1 jumps 69.866251
4. Prepare grid and mode functions.
>> s=-2 MSTModes 0.194579
>> MMp2gridL 0.767555
>> MMp2gridR 4.624022
>> s=-1 MSTModes 0.05918
>> MMp1gridL 0.030405
>> MMp1gridR 0.152226
>> s=0 MSTModes 0.134082
A. Fill 1D grid.
>> s = 2, UP ... 31.039952
>> s = 1, UP ... 1.199748
>> s = 0, UP ... 7.116467
>> s = 2, IN ... 9.141468
>> s = 1, IN ... 0.72437
>> s = 0, IN ... 1.57581
1. Preliminaries.
Calculating B-matrices and Eigenvalues
2. Generate MSTModes
>> Generate s=-2 MSTModes 51.838224
>> Generate s=-1 MSTModes 51.99484
>> Generate hκModes 121.104147
3. Jumps
>> 0.374184
>> 2.447997
>> 4.504457
>> 14.784425
>> 98.239187
>> 63.531837
>> LinearSolve for s1 and κ jumps 1.278173
>> κ and s1 jumps 186.062494
4. Prepare grid and mode functions.
>> s=-2 MSTModes 0.199747
>> MMp2gridL 0.923512
>> MMp2gridR 5.619414
>> s=-1 MSTModes 0.115247
>> MMp1gridL 0.055401
>> MMp1gridR 0.331954
>> s=0 MSTModes 0.180626
A. Fill 1D grid.
>> s = 2, UP ... 37.513668
>> s = 1, UP ... 8.41832
>> s = 0, UP ... 16.325016
>> s = 2, IN ... 10.934853
>> s = 1, IN ... 1.429079
>> s = 0, IN ... 2.716204
1. Preliminaries.
Calculating B-matrices and Eigenvalues
2. Generate MSTModes
>> Generate s=-2 MSTModes 71.193939
>> Generate s=-1 MSTModes 68.993372
>> Generate hκModes 129.706282
3. Jumps
>> 0.369861
>> 2.227592
>> 4.871846
>> 13.255362
>> 87.402687
>> 56.671054
>> LinearSolve for s1 and κ jumps 1.155578
>> κ and s1 jumps 166.740015
4. Prepare grid and mode functions.
>> s=-2 MSTModes 0.200417
>> MMp2gridL 0.886972
>> MMp2gridR 5.40961
>> s=-1 MSTModes 0.108981
>> MMp1gridL 0.053151
>> MMp1gridR 0.31934
>> s=0 MSTModes 0.177464
A. Fill 1D grid.
>> s = 2, UP ... 35.316912
>> s = 1, UP ... 7.594303
>> s = 0, UP ... 15.284082
>> s = 2, IN ... 10.588609
>> s = 1, IN ... 1.341888
>> s = 0, IN ... 2.54031
1. Preliminaries.
Calculating B-matrices and Eigenvalues
2. Generate MSTModes
>> Generate s=-2 MSTModes 77.398482
>> Generate s=-1 MSTModes 76.66951
>> Generate hκModes 131.253198
3. Jumps
>> 0.347356
>> 1.97079
>> 4.867997
>> 11.486828
>> 76.573902
>> 48.114631
>> LinearSolve for s1 and κ jumps 1.165302
>> κ and s1 jumps 145.233132
4. Prepare grid and mode functions.
>> s=-2 MSTModes 0.196219
>> MMp2gridL 0.830198
>> MMp2gridR 5.098918
>> s=-1 MSTModes 0.099595
>> MMp1gridL 0.048464
>> MMp1gridR 0.292474
>> s=0 MSTModes 0.165139
A. Fill 1D grid.
>> s = 2, UP ... 32.823175
>> s = 1, UP ... 7.180497
>> s = 0, UP ... 14.590716
>> s = 2, IN ... 9.935383
>> s = 1, IN ... 1.277081
>> s = 0, IN ... 2.389371
1. Preliminaries.
Calculating B-matrices and Eigenvalues
2. Generate MSTModes
>> Generate s=-2 MSTModes 86.025928
>> Generate s=-1 MSTModes 86.646251
>> Generate hκModes 130.986471
3. Jumps
>> 0.332108
>> 1.784885
>> 4.876927
>> 9.397914
>> 64.336115
>> 38.645699
>> LinearSolve for s1 and κ jumps 0.760135
>> κ and s1 jumps 120.77592
4. Prepare grid and mode functions.
>> s=-2 MSTModes 0.183032
>> MMp2gridL 0.781005
>> MMp2gridR 4.942129
>> s=-1 MSTModes 0.097237
>> MMp1gridL 0.046494
>> MMp1gridR 0.278066
>> s=0 MSTModes 0.157577
A. Fill 1D grid.
>> s = 2, UP ... 31.211695
>> s = 1, UP ... 6.800219
>> s = 0, UP ... 13.819849
>> s = 2, IN ... 9.885297
>> s = 1, IN ... 1.257815
>> s = 0, IN ... 2.388034
1. Preliminaries.
Calculating B-matrices and Eigenvalues
2. Generate MSTModes
>> Generate s=-2 MSTModes 95.703191
>> Generate s=-1 MSTModes 96.042039
>> Generate hκModes 127.678556
3. Jumps
>> 0.307692
>> 1.550736
>> 4.603839
>> 8.107641
>> 56.005467
>> 34.37624
>> LinearSolve for s1 and κ jumps 1.023865
>> κ and s1 jumps 106.611272
4. Prepare grid and mode functions.
>> s=-2 MSTModes 0.182836
>> MMp2gridL 0.756447
>> MMp2gridR 4.706375
>> s=-1 MSTModes 0.094284
>> MMp1gridL 0.047029
>> MMp1gridR 0.272019
>> s=0 MSTModes 0.148485
A. Fill 1D grid.
>> s = 2, UP ... 29.702698
>> s = 1, UP ... 6.810352
>> s = 0, UP ... 13.616101
>> s = 2, IN ... 9.723188
>> s = 1, IN ... 1.201269
>> s = 0, IN ... 2.246291
1. Preliminaries.
Calculating B-matrices and Eigenvalues
2. Generate MSTModes
>> Generate s=-2 MSTModes 104.164474
>> Generate s=-1 MSTModes 103.492925
>> Generate hκModes 122.804531
3. Jumps
>> 0.301598
>> 1.355545
>> 4.488648
>> 7.16541
>> 49.817521
>> 29.944493
>> LinearSolve for s1 and κ jumps 0.978526
>> κ and s1 jumps 94.642633
4. Prepare grid and mode functions.
>> s=-2 MSTModes 0.172266
>> MMp2gridL 0.741331
>> MMp2gridR 4.666624
>> s=-1 MSTModes 0.092132
>> MMp1gridL 0.04521
>> MMp1gridR 0.26618
>> s=0 MSTModes 0.148793
A. Fill 1D grid.
>> s = 2, UP ... 28.393956
>> s = 1, UP ... 6.067919
>> s = 0, UP ... 12.403784
>> s = 2, IN ... 9.631351
>> s = 1, IN ... 1.17992
>> s = 0, IN ... 2.160057
1. Preliminaries.
Calculating B-matrices and Eigenvalues
2. Generate MSTModes
>> Generate s=-2 MSTModes 112.59405
>> Generate s=-1 MSTModes 112.187873
>> Generate hκModes 120.245197
3. Jumps
>> 0.280915
>> 1.211199
>> 4.690212
>> 6.12384
