Task 637 on node657.cluster: a=0.9 r0=16.5
Job started: a = 0.9, r0 = 16.5, savepath = /lustre/astro/dyson/DataFiles/KerrCircDiskData/h1_radial
Warning: rstarmin is outside the allowed range.
Now we Calculate the Radiative Solutions
1. Preliminaries.
Calculating B-matrices and Eigenvalues
2. Generate MSTModes
>> Generate s=-2 MSTModes 46.67252
>> Generate s=-1 MSTModes 46.727666
>> Generate hκModes 116.881918
3. Jumps
>> 0.34149
>> 1.992483
>> 3.293442
>> 3.499444
>> 44.346341
>> 16.144373
>> LinearSolve for s1 and κ jumps 0.003828
>> κ and s1 jumps 70.435103
4. Prepare grid and mode functions.
>> s=-2 MSTModes 0.195455
>> MMp2gridL 1.331116
>> MMp2gridR 4.009353
>> s=-1 MSTModes 0.059275
>> MMp1gridL 0.051299
>> MMp1gridR 0.135581
>> s=0 MSTModes 0.13459
A. Fill 1D grid.
>> s = 2, UP ... 28.203182
>> s = 1, UP ... 1.075269
>> s = 0, UP ... 6.396098
>> s = 2, IN ... 15.866454
>> s = 1, IN ... 1.161435
>> s = 0, IN ... 2.7724
1. Preliminaries.
Calculating B-matrices and Eigenvalues
2. Generate MSTModes
>> Generate s=-2 MSTModes 58.521274
>> Generate s=-1 MSTModes 58.304501
>> Generate hκModes 111.459184
3. Jumps
>> 0.31763
>> 2.084515
>> 3.522316
>> 3.340477
>> 44.154455
>> 15.045504
>> LinearSolve for s1 and κ jumps 0.856644
>> κ and s1 jumps 69.953638
4. Prepare grid and mode functions.
>> s=-2 MSTModes 0.171211
>> MMp2gridL 1.359755
>> MMp2gridR 4.09676
>> s=-1 MSTModes 0.095113
>> MMp1gridL 0.079516
>> MMp1gridR 0.238904
>> s=0 MSTModes 0.148175
A. Fill 1D grid.
>> s = 2, UP ... 27.179957
>> s = 1, UP ... 5.92873
>> s = 0, UP ... 8.685551
>> s = 2, IN ... 15.760872
>> s = 1, IN ... 2.135526
>> s = 0, IN ... 3.179403
1. Preliminaries.
Calculating B-matrices and Eigenvalues
2. Generate MSTModes
>> Generate s=-2 MSTModes 65.40226
>> Generate s=-1 MSTModes 64.615684
>> Generate hκModes 107.475802
3. Jumps
>> 0.313234
>> 1.832741
>> 3.580027
>> 10.880759
>> 73.794541
>> 47.167804
>> LinearSolve for s1 and κ jumps 1.097344
>> κ and s1 jumps 139.404982
4. Prepare grid and mode functions.
>> s=-2 MSTModes 0.174242
>> MMp2gridL 1.320737
>> MMp2gridR 4.045172
>> s=-1 MSTModes 0.093104
>> MMp1gridL 0.078289
>> MMp1gridR 0.234469
>> s=0 MSTModes 0.151576
A. Fill 1D grid.
>> s = 2, UP ... 26.962464
>> s = 1, UP ... 6.075355
>> s = 0, UP ... 11.752325
>> s = 2, IN ... 15.605232
>> s = 1, IN ... 2.061264
>> s = 0, IN ... 3.969297
1. Preliminaries.
Calculating B-matrices and Eigenvalues
2. Generate MSTModes
>> Generate s=-2 MSTModes 72.106409
>> Generate s=-1 MSTModes 70.938447
>> Generate hκModes 104.58614
3. Jumps
>> 0.288216
>> 1.666592
>> 3.561734
>> 9.400117
>> 65.265678
>> 41.004549
>> LinearSolve for s1 and κ jumps 1.101798
>> κ and s1 jumps 122.91978
4. Prepare grid and mode functions.
>> s=-2 MSTModes 0.185187
>> MMp2gridL 1.257778
>> MMp2gridR 3.874375
>> s=-1 MSTModes 0.089764
>> MMp1gridL 0.075129
>> MMp1gridR 0.224929
>> s=0 MSTModes 0.146166
A. Fill 1D grid.
>> s = 2, UP ... 25.565503
>> s = 1, UP ... 5.937428
>> s = 0, UP ... 11.487598
>> s = 2, IN ... 15.19413
>> s = 1, IN ... 2.011051
>> s = 0, IN ... 3.860318
1. Preliminaries.
Calculating B-matrices and Eigenvalues
2. Generate MSTModes
>> Generate s=-2 MSTModes 78.583306
>> Generate s=-1 MSTModes 76.598698
>> Generate hκModes 102.418226
3. Jumps
>> 0.284119
>> 1.500302
>> 3.62743
>> 8.178727
>> 57.252075
>> 35.725908
>> LinearSolve for s1 and κ jumps 1.13435
>> κ and s1 jumps 108.286253
4. Prepare grid and mode functions.
>> s=-2 MSTModes 0.172086
>> MMp2gridL 1.206698
>> MMp2gridR 3.711741
>> s=-1 MSTModes 0.086791
>> MMp1gridL 0.072816
>> MMp1gridR 0.215479
>> s=0 MSTModes 0.138002
A. Fill 1D grid.
>> s = 2, UP ... 25.096482
>> s = 1, UP ... 6.031107
>> s = 0, UP ... 11.513025
>> s = 2, IN ... 15.104015
>> s = 1, IN ... 1.967312
>> s = 0, IN ... 3.799763
1. Preliminaries.
Calculating B-matrices and Eigenvalues
2. Generate MSTModes
>> Generate s=-2 MSTModes 85.020755
>> Generate s=-1 MSTModes 82.819682
>> Generate hκModes 99.540417
3. Jumps
>> 0.268399
>> 1.367469
>> 3.604657
>> 7.135084
>> 50.145762
>> 30.418846
>> LinearSolve for s1 and κ jumps 1.157731
>> κ and s1 jumps 94.616614
4. Prepare grid and mode functions.
>> s=-2 MSTModes 0.169312
>> MMp2gridL 1.167146
>> MMp2gridR 3.594884
>> s=-1 MSTModes 0.083602
>> MMp1gridL 0.070247
>> MMp1gridR 0.207064
>> s=0 MSTModes 0.140282
A. Fill 1D grid.
>> s = 2, UP ... 23.633492
>> s = 1, UP ... 5.51842
>> s = 0, UP ... 11.084586
>> s = 2, IN ... 14.968799
>> s = 1, IN ... 1.920309
>> s = 0, IN ... 3.651392
1. Preliminaries.
Calculating B-matrices and Eigenvalues
2. Generate MSTModes
>> Generate s=-2 MSTModes 91.55225
>> Generate s=-1 MSTModes 87.634001
>> Generate hκModes 97.362906
3. Jumps
>> 0.261733
>> 1.185958
>> 3.594597
>> 5.973417
>> 43.324861
>> 25.733625
>> LinearSolve for s1 and κ jumps 1.123425
>> κ and s1 jumps 81.739154
4. Prepare grid and mode functions.
>> s=-2 MSTModes 0.190032
>> MMp2gridL 1.129038
>> MMp2gridR 3.563779
>> s=-1 MSTModes 0.081614
>> MMp1gridL 0.067232
>> MMp1gridR 0.198907
>> s=0 MSTModes 0.127269
A. Fill 1D grid.
>> s = 2, UP ... 22.646184
>> s = 1, UP ... 5.160997
>> s = 0, UP ... 10.679478
>> s = 2, IN ... 14.807952
>> s = 1, IN ... 1.885503
>> s = 0, IN ... 3.559731
1. Preliminaries.
Calculating B-matrices and Eigenvalues
2. Generate MSTModes
>> Generate s=-2 MSTModes 95.590759
>> Generate s=-1 MSTModes 90.977638
>> Generate hκModes 94.039945
3. Jumps
>> 0.247264
>> 1.097223
>> 3.521927
>> 5.251731
>> 38.361797
>> 22.413358
>> LinearSolve for s1 and κ jumps 1.267397
>> κ and s1 jumps 72.612173
4. Prepare grid and mode functions.
>> s=-2 MSTModes 0.15147
>> MMp2gridL 1.094561
>> MMp2gridR 3.337376
>> s=-1 MSTModes 0.078996
>> MMp1gridL 0.066695
>> MMp1gridR 0.194824
>> s=0 MSTModes 0.123169
A. Fill 1D grid.
>> s = 2, UP ... 21.289352
>> s = 1, UP ... 4.865333
>> s = 0, UP ... 9.750796
>> s = 2, IN ... 14.439011
>> s = 1, IN ... 1.751202
>> s = 0, IN ... 3.313538
1. Preliminaries.
Calculating B-matrices and Eigenvalues
2. Generate MSTModes
>> Generate s=-2 MSTModes 99.124432
>> Generate s=-1 MSTModes 93.839723
>> Generate hκModes 91.325815
3. Jumps
>> 0.242857
>> 0.958475
>> 3.473701
>> 4.473539
