Task 554 on node659.cluster: a=0.8 r0=19.0
Job started: a = 0.8, r0 = 19., savepath = /lustre/astro/dyson/DataFiles/KerrCircDiskData/h1_radial
Warning: rstarmin is outside the allowed range.
Now we Calculate the Radiative Solutions
1. Preliminaries.
Calculating B-matrices and Eigenvalues
2. Generate MSTModes
>> Generate s=-2 MSTModes 46.933386
>> Generate s=-1 MSTModes 46.691345

MetricReconstructRadiative`Private`hκTSolve::icaccuraccy: Warning: asymptotic expansion of order 40 at r=4000.000000000000000000000000000000000000000000000000000000000000 provides insufficiently accurate initial conditions to meet PrecsionGoal, 24.
>> Generate hκModes 116.083449
3. Jumps
>> 0.332752
>> 1.964659
>> 3.014261
>> 3.527374
>> 44.146236
>> 16.063704
>> LinearSolve for s1 and κ jumps 0.03115
>> κ and s1 jumps 69.867368
4. Prepare grid and mode functions.
>> s=-2 MSTModes 0.188744
>> MMp2gridL 1.528291
>> MMp2gridR 3.706914
>> s=-1 MSTModes 0.058845
>> MMp1gridL 0.058942
>> MMp1gridR 0.167317
>> s=0 MSTModes 0.134647
A. Fill 1D grid.
>> s = 2, UP ... 26.570004
>> s = 1, UP ... 1.009011
>> s = 0, UP ... 6.271411
>> s = 2, IN ... 18.235094
>> s = 1, IN ... 1.324477
>> s = 0, IN ... 3.215384
1. Preliminaries.
Calculating B-matrices and Eigenvalues
2. Generate MSTModes
>> Generate s=-2 MSTModes 57.403512
>> Generate s=-1 MSTModes 56.873248
>> Generate hκModes 108.124254
3. Jumps
>> 0.310336
>> 1.963197
>> 3.311007
>> 3.212553
>> 42.558633
>> 14.680228
>> LinearSolve for s1 and κ jumps 0.797117
>> κ and s1 jumps 67.464957
4. Prepare grid and mode functions.
>> s=-2 MSTModes 0.164581
>> MMp2gridL 1.523991
>> MMp2gridR 3.708589
>> s=-1 MSTModes 0.091172
>> MMp1gridL 0.090208
>> MMp1gridR 0.219014
>> s=0 MSTModes 0.146937
A. Fill 1D grid.
>> s = 2, UP ... 25.643029
>> s = 1, UP ... 5.790915
>> s = 0, UP ... 8.450921
>> s = 2, IN ... 18.13272
>> s = 1, IN ... 2.482366
>> s = 0, IN ... 3.628049
1. Preliminaries.
Calculating B-matrices and Eigenvalues
2. Generate MSTModes
>> Generate s=-2 MSTModes 62.674674
>> Generate s=-1 MSTModes 62.042877
>> Generate hκModes 103.939679
3. Jumps
>> 0.303677
>> 1.806859
>> 3.376405
>> 2.767963
>> 38.376244
>> 12.515592
>> LinearSolve for s1 and κ jumps 0.899187
>> κ and s1 jumps 60.709505
4. Prepare grid and mode functions.
>> s=-2 MSTModes 0.163936
>> MMp2gridL 1.474229
>> MMp2gridR 3.600378
>> s=-1 MSTModes 0.08973
>> MMp1gridL 0.087977
>> MMp1gridR 0.212703
>> s=0 MSTModes 0.152807
A. Fill 1D grid.
>> s = 2, UP ... 24.560485
>> s = 1, UP ... 5.521215
>> s = 0, UP ... 7.712697
>> s = 2, IN ... 17.670943
>> s = 1, IN ... 2.387472
>> s = 0, IN ... 3.475557
1. Preliminaries.
Calculating B-matrices and Eigenvalues
2. Generate MSTModes
>> Generate s=-2 MSTModes 68.415397
>> Generate s=-1 MSTModes 67.616549
>> Generate hκModes 100.900105
3. Jumps
>> 0.285561
>> 1.637965
>> 3.320415
>> 9.186322
>> 63.503682
>> 39.757106
>> LinearSolve for s1 and κ jumps 0.941694
>> κ and s1 jumps 119.28676
4. Prepare grid and mode functions.
>> s=-2 MSTModes 0.163755
>> MMp2gridL 1.431163
>> MMp2gridR 3.546478
>> s=-1 MSTModes 0.088142
>> MMp1gridL 0.085399
>> MMp1gridR 0.205623
>> s=0 MSTModes 0.142973
A. Fill 1D grid.
>> s = 2, UP ... 24.755557
>> s = 1, UP ... 5.489931
>> s = 0, UP ... 10.707814
>> s = 2, IN ... 17.514004
>> s = 1, IN ... 2.264831
>> s = 0, IN ... 4.322899
1. Preliminaries.
Calculating B-matrices and Eigenvalues
2. Generate MSTModes
>> Generate s=-2 MSTModes 74.075289
>> Generate s=-1 MSTModes 72.626278
>> Generate hκModes 98.06504
3. Jumps
>> 0.276131
>> 1.494941
>> 3.358279
>> 8.027716
>> 55.997846
>> 34.666251
>> LinearSolve for s1 and κ jumps 0.8739
>> κ and s1 jumps 105.305389
4. Prepare grid and mode functions.
>> s=-2 MSTModes 0.172654
>> MMp2gridL 1.377847
>> MMp2gridR 3.420207
>> s=-1 MSTModes 0.084934
>> MMp1gridL 0.08219
>> MMp1gridR 0.201583
>> s=0 MSTModes 0.141849
A. Fill 1D grid.
>> s = 2, UP ... 23.369885
>> s = 1, UP ... 5.387864
>> s = 0, UP ... 9.745098
>> s = 2, IN ... 17.128821
>> s = 1, IN ... 2.198702
>> s = 0, IN ... 4.13282
1. Preliminaries.
Calculating B-matrices and Eigenvalues
2. Generate MSTModes
>> Generate s=-2 MSTModes 79.642324
>> Generate s=-1 MSTModes 78.21186
>> Generate hκModes 95.207514
3. Jumps
>> 0.261017
>> 1.27481
>> 3.369203
>> 6.83953
>> 48.019274
>> 29.653691
>> LinearSolve for s1 and κ jumps 0.937973
>> κ and s1 jumps 90.908856
4. Prepare grid and mode functions.
>> s=-2 MSTModes 0.159041
>> MMp2gridL 1.329016
>> MMp2gridR 3.263049
>> s=-1 MSTModes 0.081156
>> MMp1gridL 0.078341
>> MMp1gridR 0.191836
>> s=0 MSTModes 0.137296
A. Fill 1D grid.
>> s = 2, UP ... 21.97226
>> s = 1, UP ... 5.086594
>> s = 0, UP ... 9.255476
>> s = 2, IN ... 16.850602
>> s = 1, IN ... 2.115724
>> s = 0, IN ... 3.976125
1. Preliminaries.
Calculating B-matrices and Eigenvalues
2. Generate MSTModes
>> Generate s=-2 MSTModes 84.621105
>> Generate s=-1 MSTModes 83.148986
>> Generate hκModes 92.25409
3. Jumps
>> 0.254717
>> 1.140695
>> 3.230773
>> 6.005324
>> 42.253959
>> 25.771835
>> LinearSolve for s1 and κ jumps 0.977323
>> κ and s1 jumps 80.106612
4. Prepare grid and mode functions.
>> s=-2 MSTModes 0.151586
>> MMp2gridL 1.27292
>> MMp2gridR 3.141349
>> s=-1 MSTModes 0.078447
>> MMp1gridL 0.078725
>> MMp1gridR 0.183334
>> s=0 MSTModes 0.128491
A. Fill 1D grid.
>> s = 2, UP ... 20.791542
>> s = 1, UP ... 4.673489
>> s = 0, UP ... 8.502735
>> s = 2, IN ... 16.493309
>> s = 1, IN ... 2.030166
>> s = 0, IN ... 3.803448
1. Preliminaries.
Calculating B-matrices and Eigenvalues
2. Generate MSTModes
>> Generate s=-2 MSTModes 89.204416
>> Generate s=-1 MSTModes 87.401351
>> Generate hκModes 89.42138
3. Jumps
>> 0.243279
>> 1.025252
>> 3.210581
>> 4.981814
>> 36.166741
>> 21.533012
>> LinearSolve for s1 and κ jumps 1.150624
>> κ and s1 jumps 68.768605
4. Prepare grid and mode functions.
>> s=-2 MSTModes 0.180055
>> MMp2gridL 1.253622
>> MMp2gridR 3.012263
>> s=-1 MSTModes 0.075741
>> MMp1gridL 0.076859
>> MMp1gridR 0.179285
>> s=0 MSTModes 0.121098
A. Fill 1D grid.
>> s = 2, UP ... 19.576834
>> s = 1, UP ... 4.326121
>> s = 0, UP ... 7.904038
>> s = 2, IN ... 16.089036
>> s = 1, IN ... 1.961428
>> s = 0, IN ... 3.659158
1. Preliminaries.
Calculating B-matrices and Eigenvalues
2. Generate MSTModes
>> Generate s=-2 MSTModes 92.66482
>> Generate s=-1 MSTModes 91.016455
>> Generate hκModes 86.871293
3. Jumps
>> 0.237621
>> 0.938402
>> 3.12328
>> 4.577636
>> 33.054462
>> 19.767713
>> LinearSolve for s1 and κ jumps 0.008208
>> κ and s1 jumps 62.066248
4. Prepare grid and mode functions.
>> s=-2 MSTModes 0.172712
>> MMp2gridL 1.191886
>> MMp2gridR 2.909796
>> s=-1 MSTModes 0.074743
>> MMp1gridL 0.073633
>> MMp1gridR 0.174318
>> s=0 MSTModes 0.122788
A. Fill 1D grid.
>> s = 2, UP ... 18.417472
>> s = 1, UP ... 3.843755
>> s = 0, UP ... 7.285413
>> s = 2, IN ... 15.907258
>> s = 1, IN ... 1.856784
>> s = 0, IN ... 3.428514
1. Preliminaries.
Calculating B-matrices and Eigenvalues
2. Generate MSTModes
>> Generate s=-2 MSTModes 94.668558
>> Generate s=-1 MSTModes 93.156707
>> Generate hκModes 84.254242
3. Jumps
>> 0.217437
>> 0.822009
>> 2.999026
