Task 196 on node678.cluster: a=0.2 r0=16.0
Job started: a = 0.2, r0 = 16., savepath = /lustre/astro/dyson/DataFiles/KerrCircDiskData/h1_radial
Warning: rstarmin is outside the allowed range.
Now we Calculate the Radiative Solutions
1. Preliminaries.
Calculating B-matrices and Eigenvalues
2. Generate MSTModes
>> Generate s=-2 MSTModes 50.319324
>> Generate s=-1 MSTModes 51.304567
>> Generate hκModes 134.154866
3. Jumps
>> 0.41359
>> 2.439825
>> 3.726617
>> 4.353147
>> 54.973824
>> 20.296068
>> LinearSolve for s1 and κ jumps 0.004614
>> κ and s1 jumps 87.193936
4. Prepare grid and mode functions.
>> s=-2 MSTModes 0.2252
>> MMp2gridL 1.567149
>> MMp2gridR 4.913358
>> s=-1 MSTModes 0.070164
>> MMp1gridL 0.060574
>> MMp1gridR 0.164892
>> s=0 MSTModes 0.160292
A. Fill 1D grid.
>> s = 2, UP ... 34.281518
>> s = 1, UP ... 1.295709
>> s = 0, UP ... 7.647806
>> s = 2, IN ... 18.252052
>> s = 1, IN ... 1.379565
>> s = 0, IN ... 3.212465
1. Preliminaries.
Calculating B-matrices and Eigenvalues
2. Generate MSTModes
>> Generate s=-2 MSTModes 65.899231
>> Generate s=-1 MSTModes 64.98309
>> Generate hκModes 129.785414
3. Jumps
>> 0.382932
>> 2.480276
>> 4.112966
>> 3.966814
>> 53.064356
>> 17.895141
>> LinearSolve for s1 and κ jumps 1.061644
>> κ and s1 jumps 83.707335
4. Prepare grid and mode functions.
>> s=-2 MSTModes 0.234495
>> MMp2gridL 1.552337
>> MMp2gridR 4.934413
>> s=-1 MSTModes 0.111591
>> MMp1gridL 0.091201
>> MMp1gridR 0.28753
>> s=0 MSTModes 0.177555
A. Fill 1D grid.
>> s = 2, UP ... 32.996584
>> s = 1, UP ... 7.229827
>> s = 0, UP ... 10.247387
>> s = 2, IN ... 18.03819
>> s = 1, IN ... 2.381695
>> s = 0, IN ... 3.547094
1. Preliminaries.
Calculating B-matrices and Eigenvalues
2. Generate MSTModes
>> Generate s=-2 MSTModes 72.178337
>> Generate s=-1 MSTModes 70.940507
>> Generate hκModes 123.540697
3. Jumps
>> 0.368864
>> 2.135302
>> 4.296533
>> 3.333812
>> 45.29069
>> 15.217949
>> LinearSolve for s1 and κ jumps 0.676337
>> κ and s1 jumps 72.071559
4. Prepare grid and mode functions.
>> s=-2 MSTModes 0.197383
>> MMp2gridL 1.457962
>> MMp2gridR 4.671502
>> s=-1 MSTModes 0.108207
>> MMp1gridL 0.087218
>> MMp1gridR 0.27398
>> s=0 MSTModes 0.175366
A. Fill 1D grid.
>> s = 2, UP ... 31.435873
>> s = 1, UP ... 6.798956
>> s = 0, UP ... 9.766445
>> s = 2, IN ... 17.33256
>> s = 1, IN ... 2.287055
>> s = 0, IN ... 3.426788
1. Preliminaries.
Calculating B-matrices and Eigenvalues
2. Generate MSTModes
>> Generate s=-2 MSTModes 77.096555
>> Generate s=-1 MSTModes 76.130098
>> Generate hκModes 118.933003
3. Jumps
>> 0.343757
>> 1.909115
>> 4.263622
>> 2.973235
>> 40.695657
>> 13.510515
>> LinearSolve for s1 and κ jumps 0.45646
>> κ and s1 jumps 64.795836
4. Prepare grid and mode functions.
>> s=-2 MSTModes 0.192374
>> MMp2gridL 1.40515
>> MMp2gridR 4.477842
>> s=-1 MSTModes 0.102186
>> MMp1gridL 0.082467
>> MMp1gridR 0.259252
>> s=0 MSTModes 0.167048
A. Fill 1D grid.
>> s = 2, UP ... 29.612724
>> s = 1, UP ... 6.338063
>> s = 0, UP ... 9.341438
>> s = 2, IN ... 17.049729
>> s = 1, IN ... 2.200053
>> s = 0, IN ... 3.276707
1. Preliminaries.
Calculating B-matrices and Eigenvalues
2. Generate MSTModes
>> Generate s=-2 MSTModes 82.469827
>> Generate s=-1 MSTModes 81.302128
>> Generate hκModes 113.505051
3. Jumps
>> 0.323961
>> 1.757897
>> 4.232098
>> 2.567882
>> 36.046297
>> 11.738107
>> LinearSolve for s1 and κ jumps 1.228953
>> κ and s1 jumps 58.448338
4. Prepare grid and mode functions.
>> s=-2 MSTModes 0.197042
>> MMp2gridL 1.322922
>> MMp2gridR 4.265941
>> s=-1 MSTModes 0.098438
>> MMp1gridL 0.080368
>> MMp1gridR 0.249691
>> s=0 MSTModes 0.157872
A. Fill 1D grid.
>> s = 2, UP ... 28.125756
>> s = 1, UP ... 6.396777
>> s = 0, UP ... 8.995089
>> s = 2, IN ... 16.637427
>> s = 1, IN ... 2.104698
>> s = 0, IN ... 3.203401
1. Preliminaries.
Calculating B-matrices and Eigenvalues
2. Generate MSTModes
>> Generate s=-2 MSTModes 87.761532
>> Generate s=-1 MSTModes 86.813495
>> Generate hκModes 109.633548
3. Jumps
>> 0.306499
>> 1.520381
>> 4.228285
>> 2.205024
>> 32.031767
>> 10.003531
>> LinearSolve for s1 and κ jumps 0.780907
>> κ and s1 jumps 51.642926
4. Prepare grid and mode functions.
>> s=-2 MSTModes 0.177039
>> MMp2gridL 1.273678
>> MMp2gridR 4.065672
>> s=-1 MSTModes 0.09369
>> MMp1gridL 0.079135
>> MMp1gridR 0.240592
>> s=0 MSTModes 0.144396
A. Fill 1D grid.
>> s = 2, UP ... 26.293726
>> s = 1, UP ... 5.71218
>> s = 0, UP ... 8.480412
>> s = 2, IN ... 16.106975
>> s = 1, IN ... 2.021071
>> s = 0, IN ... 3.018917
1. Preliminaries.
Calculating B-matrices and Eigenvalues
2. Generate MSTModes
>> Generate s=-2 MSTModes 93.353288
>> Generate s=-1 MSTModes 90.91946
>> Generate hκModes 105.88978
3. Jumps
>> 0.294958
>> 1.334809
>> 4.09243
>> 1.815416
>> 27.020383
>> 8.123886
>> LinearSolve for s1 and κ jumps 0.948978
>> κ and s1 jumps 44.152818
4. Prepare grid and mode functions.
>> s=-2 MSTModes 0.175541
>> MMp2gridL 1.214178
>> MMp2gridR 3.878867
>> s=-1 MSTModes 0.08919
>> MMp1gridL 0.072345
>> MMp1gridR 0.226119
>> s=0 MSTModes 0.138832
A. Fill 1D grid.
>> s = 2, UP ... 24.728102
>> s = 1, UP ... 5.314639
>> s = 0, UP ... 7.791356
>> s = 2, IN ... 15.929516
>> s = 1, IN ... 1.947741
>> s = 0, IN ... 2.88363
1. Preliminaries.
Calculating B-matrices and Eigenvalues
2. Generate MSTModes
>> Generate s=-2 MSTModes 96.740106
>> Generate s=-1 MSTModes 95.211246
>> Generate hκModes 103.537724
3. Jumps
>> 0.280874
>> 1.193371
>> 4.138674
>> 1.642785
>> 24.070714
>> 7.313872
>> LinearSolve for s1 and κ jumps 0.986971
>> κ and s1 jumps 40.089704
4. Prepare grid and mode functions.
>> s=-2 MSTModes 0.221278
>> MMp2gridL 1.16292
>> MMp2gridR 3.721853
>> s=-1 MSTModes 0.086412
>> MMp1gridL 0.071935
>> MMp1gridR 0.219503
>> s=0 MSTModes 0.13401
A. Fill 1D grid.
>> s = 2, UP ... 23.582694
>> s = 1, UP ... 5.179811
>> s = 0, UP ... 7.489023
>> s = 2, IN ... 15.685125
>> s = 1, IN ... 1.879218
>> s = 0, IN ... 2.832017
1. Preliminaries.
Calculating B-matrices and Eigenvalues
2. Generate MSTModes
>> Generate s=-2 MSTModes 99.521123
>> Generate s=-1 MSTModes 99.26269
>> Generate hκModes 99.805256
3. Jumps
>> 0.266916
>> 1.061237
>> 3.865455
>> 1.487566
>> 21.591592
>> 6.565863
>> LinearSolve for s1 and κ jumps 0.009249
>> κ and s1 jumps 35.211662
4. Prepare grid and mode functions.
>> s=-2 MSTModes 0.200265
>> MMp2gridL 1.129092
>> MMp2gridR 3.630413
>> s=-1 MSTModes 0.085884
>> MMp1gridL 0.070482
>> MMp1gridR 0.222307
>> s=0 MSTModes 0.137863
A. Fill 1D grid.
>> s = 2, UP ... 22.446928
>> s = 1, UP ... 4.829087
>> s = 0, UP ... 7.201905
>> s = 2, IN ... 15.3142
>> s = 1, IN ... 1.793694
>> s = 0, IN ... 2.763057
1. Preliminaries.
Calculating B-matrices and Eigenvalues
2. Generate MSTModes
>> Generate s=-2 MSTModes 103.793327
>> Generate s=-1 MSTModes 100.174429
>> Generate hκModes 98.913735
3. Jumps
>> 0.25698
>> 0.959361
>> 3.774747
>> 1.21876
>> 18.791992
>> 5.36873
>> LinearSolve for s1 and κ jumps 0.008315
>> κ and s1 jumps 30.704069
4. Prepare grid and mode functions.
>> s=-2 MSTModes 0.190427
>> MMp2gridL 1.099567
>> MMp2gridR 3.489002
>> s=-1 MSTModes 0.079822
>> MMp1gridL 0.067674
>> MMp1gridR 0.206685
>> s=0 MSTModes 0.127703
A. Fill 1D grid.
