Task 101 on node678.cluster: a=0.1 r0=12.5
Job started: a = 0.1, r0 = 12.5, savepath = /lustre/astro/dyson/DataFiles/KerrCircDiskData/h1_radial
Warning: rstarmin is outside the allowed range.
Now we Calculate the Radiative Solutions
1. Preliminaries.
Calculating B-matrices and Eigenvalues
2. Generate MSTModes
>> Generate s=-2 MSTModes 49.693345
>> Generate s=-1 MSTModes 51.211936
>> Generate hκModes 133.644936
3. Jumps
>> 0.415539
>> 2.41488
>> 3.888189
>> 4.408809
>> 54.936558
>> 20.431559
>> LinearSolve for s1 and κ jumps 0.004113
>> κ and s1 jumps 87.468462
4. Prepare grid and mode functions.
>> s=-2 MSTModes 0.221407
>> MMp2gridL 1.183151
>> MMp2gridR 5.314565
>> s=-1 MSTModes 0.072373
>> MMp1gridL 0.046286
>> MMp1gridR 0.174295
>> s=0 MSTModes 0.158403
A. Fill 1D grid.
>> s = 2, UP ... 36.831009
>> s = 1, UP ... 1.423851
>> s = 0, UP ... 8.267475
>> s = 2, IN ... 14.298484
>> s = 1, IN ... 1.067096
>> s = 0, IN ... 2.442376
1. Preliminaries.
Calculating B-matrices and Eigenvalues
2. Generate MSTModes
>> Generate s=-2 MSTModes 64.378891
>> Generate s=-1 MSTModes 64.902615
>> Generate hκModes 129.830748
3. Jumps
>> 0.382282
>> 2.388392
>> 4.639601
>> 3.986816
>> 52.134086
>> 18.3049
>> LinearSolve for s1 and κ jumps 1.009917
>> κ and s1 jumps 83.605974
4. Prepare grid and mode functions.
>> s=-2 MSTModes 0.221279
>> MMp2gridL 1.171849
>> MMp2gridR 5.331475
>> s=-1 MSTModes 0.112359
>> MMp1gridL 0.069697
>> MMp1gridR 0.309139
>> s=0 MSTModes 0.178287
A. Fill 1D grid.
>> s = 2, UP ... 35.449811
>> s = 1, UP ... 7.90677
>> s = 0, UP ... 11.158494
>> s = 2, IN ... 14.002189
>> s = 1, IN ... 1.818812
>> s = 0, IN ... 2.694607
1. Preliminaries.
Calculating B-matrices and Eigenvalues
2. Generate MSTModes
>> Generate s=-2 MSTModes 70.580341
>> Generate s=-1 MSTModes 70.477615
>> Generate hκModes 125.043417
3. Jumps
>> 0.358112
>> 2.115186
>> 4.481736
>> 3.335526
>> 45.840838
>> 15.311228
>> LinearSolve for s1 and κ jumps 1.024431
>> κ and s1 jumps 73.146928
4. Prepare grid and mode functions.
>> s=-2 MSTModes 0.226671
>> MMp2gridL 1.119102
>> MMp2gridR 5.121947
>> s=-1 MSTModes 0.107578
>> MMp1gridL 0.066667
>> MMp1gridR 0.295294
>> s=0 MSTModes 0.173861
A. Fill 1D grid.
>> s = 2, UP ... 33.848823
>> s = 1, UP ... 7.383327
>> s = 0, UP ... 10.774297
>> s = 2, IN ... 13.711793
>> s = 1, IN ... 1.78673
>> s = 0, IN ... 2.628303
1. Preliminaries.
Calculating B-matrices and Eigenvalues
2. Generate MSTModes
>> Generate s=-2 MSTModes 76.786795
>> Generate s=-1 MSTModes 76.519344
>> Generate hκModes 121.770076
3. Jumps
>> 0.340485
>> 1.957722
>> 4.628931
>> 3.051684
>> 41.043415
>> 13.6895
>> LinearSolve for s1 and κ jumps 0.992067
>> κ and s1 jumps 66.398776
4. Prepare grid and mode functions.
>> s=-2 MSTModes 0.198298
>> MMp2gridL 1.0633
>> MMp2gridR 4.877388
>> s=-1 MSTModes 0.103144
>> MMp1gridL 0.063492
>> MMp1gridR 0.279808
>> s=0 MSTModes 0.169337
A. Fill 1D grid.
>> s = 2, UP ... 31.802215
>> s = 1, UP ... 6.908724
>> s = 0, UP ... 10.124929
>> s = 2, IN ... 13.482033
>> s = 1, IN ... 1.699938
>> s = 0, IN ... 2.545857
1. Preliminaries.
Calculating B-matrices and Eigenvalues
2. Generate MSTModes
>> Generate s=-2 MSTModes 83.925913
>> Generate s=-1 MSTModes 83.166736
>> Generate hκModes 118.849744
3. Jumps
>> 0.331838
>> 1.679793
>> 4.603469
>> 2.562919
>> 36.364551
>> 11.764411
>> LinearSolve for s1 and κ jumps 1.278746
>> κ and s1 jumps 59.20308
4. Prepare grid and mode functions.
>> s=-2 MSTModes 0.190591
>> MMp2gridL 1.049974
>> MMp2gridR 4.696391
>> s=-1 MSTModes 0.100468
>> MMp1gridL 0.062064
>> MMp1gridR 0.267454
>> s=0 MSTModes 0.159308
A. Fill 1D grid.
>> s = 2, UP ... 30.283911
>> s = 1, UP ... 6.573509
>> s = 0, UP ... 9.607548
>> s = 2, IN ... 13.064533
>> s = 1, IN ... 1.62842
>> s = 0, IN ... 2.455642
1. Preliminaries.
Calculating B-matrices and Eigenvalues
2. Generate MSTModes
>> Generate s=-2 MSTModes 90.659087
>> Generate s=-1 MSTModes 89.338034
>> Generate hκModes 115.381052
3. Jumps
>> 0.313572
>> 1.458978
>> 4.557609
>> 2.221928
>> 31.386777
>> 9.939662
>> LinearSolve for s1 and κ jumps 0.97034
>> κ and s1 jumps 51.437511
4. Prepare grid and mode functions.
>> s=-2 MSTModes 0.182591
>> MMp2gridL 0.981482
>> MMp2gridR 4.512541
>> s=-1 MSTModes 0.096684
>> MMp1gridL 0.060472
>> MMp1gridR 0.259447
>> s=0 MSTModes 0.155936
A. Fill 1D grid.
>> s = 2, UP ... 28.739598
>> s = 1, UP ... 6.190078
>> s = 0, UP ... 9.173222
>> s = 2, IN ... 12.601056
>> s = 1, IN ... 1.550909
>> s = 0, IN ... 2.356171
1. Preliminaries.
Calculating B-matrices and Eigenvalues
2. Generate MSTModes
>> Generate s=-2 MSTModes 97.281076
>> Generate s=-1 MSTModes 95.607872
>> Generate hκModes 112.432684
3. Jumps
>> 0.29333
>> 1.335961
>> 4.490249
>> 1.904186
>> 27.822166
>> 8.637901
>> LinearSolve for s1 and κ jumps 0.739636
>> κ and s1 jumps 45.75745
4. Prepare grid and mode functions.
>> s=-2 MSTModes 0.18166
>> MMp2gridL 0.946945
>> MMp2gridR 4.347058
>> s=-1 MSTModes 0.093451
>> MMp1gridL 0.057876
>> MMp1gridR 0.251152
>> s=0 MSTModes 0.14623
A. Fill 1D grid.
>> s = 2, UP ... 27.172736
>> s = 1, UP ... 5.804415
>> s = 0, UP ... 8.671159
>> s = 2, IN ... 12.391519
>> s = 1, IN ... 1.491206
>> s = 0, IN ... 2.249922
1. Preliminaries.
Calculating B-matrices and Eigenvalues
2. Generate MSTModes
>> Generate s=-2 MSTModes 102.679441
>> Generate s=-1 MSTModes 100.324144
>> Generate hκModes 111.030731
3. Jumps
>> 0.282057
>> 1.193838
>> 4.384306
>> 1.647939
>> 24.853269
>> 7.469284
>> LinearSolve for s1 and κ jumps 0.640679
>> κ and s1 jumps 40.928631
4. Prepare grid and mode functions.
>> s=-2 MSTModes 0.170214
>> MMp2gridL 0.912245
>> MMp2gridR 4.165689
>> s=-1 MSTModes 0.08975
>> MMp1gridL 0.05593
>> MMp1gridR 0.243979
>> s=0 MSTModes 0.136874
A. Fill 1D grid.
>> s = 2, UP ... 25.64279
>> s = 1, UP ... 5.425947
>> s = 0, UP ... 8.220471
>> s = 2, IN ... 12.031786
>> s = 1, IN ... 1.424934
>> s = 0, IN ... 2.176775
1. Preliminaries.
Calculating B-matrices and Eigenvalues
2. Generate MSTModes
>> Generate s=-2 MSTModes 108.746528
>> Generate s=-1 MSTModes 108.950046
>> Generate hκModes 108.267737
3. Jumps
>> 0.27584
>> 1.105037
>> 4.167773
>> 1.451628
>> 21.959564
>> 6.591139
>> LinearSolve for s1 and κ jumps 0.010479
>> κ and s1 jumps 35.919453
4. Prepare grid and mode functions.
>> s=-2 MSTModes 0.193832
>> MMp2gridL 0.859556
>> MMp2gridR 3.92756
>> s=-1 MSTModes 0.085294
>> MMp1gridL 0.0548
>> MMp1gridR 0.234859
>> s=0 MSTModes 0.133894
A. Fill 1D grid.
>> s = 2, UP ... 23.690261
>> s = 1, UP ... 4.934926
>> s = 0, UP ... 7.401137
>> s = 2, IN ... 11.682508
>> s = 1, IN ... 1.339671
