Task 358 on node656.cluster: a=0.6 r0=9.0
Job started: a = 0.6, r0 = 9., savepath = /lustre/astro/dyson/DataFiles/KerrCircDiskData/h1_radial
Warning: rstarmin is outside the allowed range.
Now we Calculate the Radiative Solutions
1. Preliminaries.
Calculating B-matrices and Eigenvalues
2. Generate MSTModes
>> Generate s=-2 MSTModes 52.37173
>> Generate s=-1 MSTModes 52.536744
>> Generate hκModes 141.759493
3. Jumps
>> 0.423224
>> 2.404695
>> 4.231413
>> 4.388453
>> 53.926698
>> 19.216124
>> LinearSolve for s1 and κ jumps 0.005916
>> κ and s1 jumps 85.581121
4. Prepare grid and mode functions.
>> s=-2 MSTModes 0.222727
>> MMp2gridL 0.798564
>> MMp2gridR 5.773425
>> s=-1 MSTModes 0.069997
>> MMp1gridL 0.032198
>> MMp1gridR 0.187517
>> s=0 MSTModes 0.166415
A. Fill 1D grid.
>> s = 2, UP ... 40.38374
>> s = 1, UP ... 1.433767
>> s = 0, UP ... 8.614464
>> s = 2, IN ... 9.470849
>> s = 1, IN ... 0.750846
>> s = 0, IN ... 1.643319
1. Preliminaries.
Calculating B-matrices and Eigenvalues
2. Generate MSTModes
>> Generate s=-2 MSTModes 61.18473
>> Generate s=-1 MSTModes 60.937065
>> Generate hκModes 137.101471
3. Jumps
>> 0.379311
>> 2.461792
>> 4.827921
>> 15.60048
>> 100.589428
>> 63.933312
>> LinearSolve for s1 and κ jumps 1.017052
>> κ and s1 jumps 189.655864
4. Prepare grid and mode functions.
>> s=-2 MSTModes 0.198645
>> MMp2gridL 0.772431
>> MMp2gridR 5.63418
>> s=-1 MSTModes 0.10668
>> MMp1gridL 0.045755
>> MMp1gridR 0.317143
>> s=0 MSTModes 0.174764
A. Fill 1D grid.
>> s = 2, UP ... 39.289168
>> s = 1, UP ... 9.143741
>> s = 0, UP ... 17.803635
>> s = 2, IN ... 9.357817
>> s = 1, IN ... 1.220437
>> s = 0, IN ... 2.303664
1. Preliminaries.
Calculating B-matrices and Eigenvalues
2. Generate MSTModes
>> Generate s=-2 MSTModes 70.059134
>> Generate s=-1 MSTModes 70.385862
>> Generate hκModes 136.71196
3. Jumps
>> 0.364458
>> 2.196813
>> 5.038049
>> 12.454
>> 83.25469
>> 52.532196
>> LinearSolve for s1 and κ jumps 0.703773
>> κ and s1 jumps 157.384185
4. Prepare grid and mode functions.
>> s=-2 MSTModes 0.198633
>> MMp2gridL 0.753624
>> MMp2gridR 5.467183
>> s=-1 MSTModes 0.111273
>> MMp1gridL 0.045272
>> MMp1gridR 0.322129
>> s=0 MSTModes 0.178777
A. Fill 1D grid.
>> s = 2, UP ... 37.534843
>> s = 1, UP ... 8.843889
>> s = 0, UP ... 17.198822
>> s = 2, IN ... 9.405327
>> s = 1, IN ... 1.206963
>> s = 0, IN ... 2.292711
1. Preliminaries.
Calculating B-matrices and Eigenvalues
2. Generate MSTModes
>> Generate s=-2 MSTModes 79.754417
>> Generate s=-1 MSTModes 78.43574
>> Generate hκModes 131.993383
3. Jumps
>> 0.332276
>> 1.88145
>> 4.911964
>> 10.893531
>> 74.847518
>> 47.519006
>> LinearSolve for s1 and κ jumps 1.248378
>> κ and s1 jumps 142.444614
4. Prepare grid and mode functions.
>> s=-2 MSTModes 0.197772
>> MMp2gridL 0.750665
>> MMp2gridR 5.383648
>> s=-1 MSTModes 0.106569
>> MMp1gridL 0.046025
>> MMp1gridR 0.312212
>> s=0 MSTModes 0.173608
A. Fill 1D grid.
>> s = 2, UP ... 35.640808
>> s = 1, UP ... 8.494932
>> s = 0, UP ... 16.735158
>> s = 2, IN ... 9.291269
>> s = 1, IN ... 1.180032
>> s = 0, IN ... 2.179938
1. Preliminaries.
Calculating B-matrices and Eigenvalues
2. Generate MSTModes
>> Generate s=-2 MSTModes 89.065387
>> Generate s=-1 MSTModes 86.345768
>> Generate hκModes 129.542657
3. Jumps
>> 0.326688
>> 1.700572
>> 4.875184
>> 9.655436
>> 65.667283
>> 40.743513
>> LinearSolve for s1 and κ jumps 1.217709
>> κ and s1 jumps 124.842184
4. Prepare grid and mode functions.
>> s=-2 MSTModes 0.191817
>> MMp2gridL 0.717811
>> MMp2gridR 5.297983
>> s=-1 MSTModes 0.100085
>> MMp1gridL 0.042904
>> MMp1gridR 0.292264
>> s=0 MSTModes 0.167196
A. Fill 1D grid.
>> s = 2, UP ... 33.79146
>> s = 1, UP ... 7.960345
>> s = 0, UP ... 15.741724
>> s = 2, IN ... 8.995097
>> s = 1, IN ... 1.134282
>> s = 0, IN ... 2.094129
1. Preliminaries.
Calculating B-matrices and Eigenvalues
2. Generate MSTModes
>> Generate s=-2 MSTModes 97.830261
>> Generate s=-1 MSTModes 96.380872
>> Generate hκModes 131.059544
3. Jumps
>> 0.309872
>> 1.540374
>> 5.199542
>> 8.19939
>> 57.157411
>> 34.818088
>> LinearSolve for s1 and κ jumps 1.313188
>> κ and s1 jumps 109.122034
4. Prepare grid and mode functions.
>> s=-2 MSTModes 0.192977
>> MMp2gridL 0.672993
>> MMp2gridR 4.834147
>> s=-1 MSTModes 0.096081
>> MMp1gridL 0.041262
>> MMp1gridR 0.277801
>> s=0 MSTModes 0.159658
A. Fill 1D grid.
>> s = 2, UP ... 31.202417
>> s = 1, UP ... 7.291347
>> s = 0, UP ... 14.25631
>> s = 2, IN ... 8.50523
>> s = 1, IN ... 1.039599
>> s = 0, IN ... 1.911699
1. Preliminaries.
Calculating B-matrices and Eigenvalues
2. Generate MSTModes
>> Generate s=-2 MSTModes 108.484332
>> Generate s=-1 MSTModes 106.869977
>> Generate hκModes 130.255525
3. Jumps
>> 0.296484
>> 1.365898
>> 4.945309
>> 7.098681
>> 49.391943
>> 29.780992
>> LinearSolve for s1 and κ jumps 1.409948
>> κ and s1 jumps 94.837149
4. Prepare grid and mode functions.
>> s=-2 MSTModes 0.168317
>> MMp2gridL 0.634829
>> MMp2gridR 4.627657
>> s=-1 MSTModes 0.089523
>> MMp1gridL 0.037736
>> MMp1gridR 0.265233
>> s=0 MSTModes 0.151776
A. Fill 1D grid.
>> s = 2, UP ... 28.680782
>> s = 1, UP ... 6.376222
>> s = 0, UP ... 12.513007
>> s = 2, IN ... 8.337309
>> s = 1, IN ... 1.011012
>> s = 0, IN ... 1.837826
1. Preliminaries.
Calculating B-matrices and Eigenvalues
2. Generate MSTModes
>> Generate s=-2 MSTModes 115.532695
>> Generate s=-1 MSTModes 114.429427
