Task 454 on node656.cluster: a=0.7 r0=13.0
Job started: a = 0.7, r0 = 13., savepath = /lustre/astro/dyson/DataFiles/KerrCircDiskData/h1_radial
Warning: rstarmin is outside the allowed range.
Now we Calculate the Radiative Solutions
1. Preliminaries.
Calculating B-matrices and Eigenvalues
2. Generate MSTModes
>> Generate s=-2 MSTModes 44.481747
>> Generate s=-1 MSTModes 45.200934
>> Generate hκModes 117.610132
3. Jumps
>> 0.356153
>> 2.069651
>> 3.279979
>> 3.638792
>> 46.02559
>> 16.700842
>> LinearSolve for s1 and κ jumps 0.004774
>> κ and s1 jumps 72.905847
4. Prepare grid and mode functions.
>> s=-2 MSTModes 0.199398
>> MMp2gridL 1.044894
>> MMp2gridR 4.439117
>> s=-1 MSTModes 0.062081
>> MMp1gridL 0.041504
>> MMp1gridR 0.147708
>> s=0 MSTModes 0.139652
A. Fill 1D grid.
>> s = 2, UP ... 31.530138
>> s = 1, UP ... 1.217774
>> s = 0, UP ... 7.191286
>> s = 2, IN ... 13.303625
>> s = 1, IN ... 1.036185
>> s = 0, IN ... 2.38657
1. Preliminaries.
Calculating B-matrices and Eigenvalues
2. Generate MSTModes
>> Generate s=-2 MSTModes 63.092923
>> Generate s=-1 MSTModes 63.731392
>> Generate hκModes 134.109318
3. Jumps
>> 0.387345
>> 2.497756
>> 4.477321
>> 4.042059
>> 53.361521
>> 18.013412
>> LinearSolve for s1 and κ jumps 1.079293
>> κ and s1 jumps 84.635912
4. Prepare grid and mode functions.
>> s=-2 MSTModes 0.200546
>> MMp2gridL 1.227363
>> MMp2gridR 5.252941
>> s=-1 MSTModes 0.109151
>> MMp1gridL 0.070884
>> MMp1gridR 0.302964
>> s=0 MSTModes 0.178883
A. Fill 1D grid.
>> s = 2, UP ... 36.339477
>> s = 1, UP ... 7.882052
>> s = 0, UP ... 10.917979
>> s = 2, IN ... 14.121932
>> s = 1, IN ... 1.8744
>> s = 0, IN ... 2.764958
1. Preliminaries.
Calculating B-matrices and Eigenvalues
2. Generate MSTModes
>> Generate s=-2 MSTModes 69.705315
>> Generate s=-1 MSTModes 69.524592
>> Generate hκModes 131.226164
3. Jumps
>> 0.370992
>> 2.306709
>> 4.63237
>> 13.28401
>> 88.749839
>> 55.037906
>> LinearSolve for s1 and κ jumps 0.95593
>> κ and s1 jumps 166.132279
4. Prepare grid and mode functions.
>> s=-2 MSTModes 0.19353
>> MMp2gridL 1.154187
>> MMp2gridR 4.932349
>> s=-1 MSTModes 0.105627
>> MMp1gridL 0.068518
>> MMp1gridR 0.28629
>> s=0 MSTModes 0.164093
A. Fill 1D grid.
>> s = 2, UP ... 32.910214
>> s = 1, UP ... 7.295663
>> s = 0, UP ... 14.457855
>> s = 2, IN ... 13.61494
>> s = 1, IN ... 1.824055
>> s = 0, IN ... 3.433136
1. Preliminaries.
Calculating B-matrices and Eigenvalues
2. Generate MSTModes
>> Generate s=-2 MSTModes 76.547943
>> Generate s=-1 MSTModes 76.184463
>> Generate hκModes 127.878078
3. Jumps
>> 0.351284
>> 1.984686
>> 4.853561
>> 11.440879
>> 76.438998
>> 48.327466
>> LinearSolve for s1 and κ jumps 0.958021
>> κ and s1 jumps 145.128901
4. Prepare grid and mode functions.
>> s=-2 MSTModes 0.189652
>> MMp2gridL 1.109534
>> MMp2gridR 4.739959
>> s=-1 MSTModes 0.102563
>> MMp1gridL 0.065853
>> MMp1gridR 0.275003
>> s=0 MSTModes 0.171633
A. Fill 1D grid.
>> s = 2, UP ... 31.409391
>> s = 1, UP ... 6.955998
>> s = 0, UP ... 14.168735
>> s = 2, IN ... 13.799189
>> s = 1, IN ... 1.775185
>> s = 0, IN ... 3.361362
1. Preliminaries.
Calculating B-matrices and Eigenvalues
2. Generate MSTModes
>> Generate s=-2 MSTModes 84.497183
>> Generate s=-1 MSTModes 83.323048
>> Generate hκModes 122.165897
3. Jumps
>> 0.313938
>> 1.694674
>> 4.336734
>> 9.299289
>> 65.311353
>> 41.273399
>> LinearSolve for s1 and κ jumps 1.269732
>> κ and s1 jumps 124.229143
4. Prepare grid and mode functions.
>> s=-2 MSTModes 0.190418
>> MMp2gridL 1.079771
>> MMp2gridR 4.599521
>> s=-1 MSTModes 0.098952
>> MMp1gridL 0.064494
>> MMp1gridR 0.268746
>> s=0 MSTModes 0.165425
A. Fill 1D grid.
>> s = 2, UP ... 30.146639
>> s = 1, UP ... 6.45332
>> s = 0, UP ... 13.629563
>> s = 2, IN ... 13.527253
>> s = 1, IN ... 1.690028
>> s = 0, IN ... 3.249164
1. Preliminaries.
Calculating B-matrices and Eigenvalues
2. Generate MSTModes
>> Generate s=-2 MSTModes 92.470482
>> Generate s=-1 MSTModes 88.920251
>> Generate hκModes 117.07855
3. Jumps
>> 0.303731
>> 1.495558
>> 4.362592
>> 8.193337
>> 57.526116
>> 35.895006
>> LinearSolve for s1 and κ jumps 0.739769
>> κ and s1 jumps 109.088436
4. Prepare grid and mode functions.
>> s=-2 MSTModes 0.206319
>> MMp2gridL 1.041175
>> MMp2gridR 4.497509
>> s=-1 MSTModes 0.096907
>> MMp1gridL 0.064489
>> MMp1gridR 0.264769
>> s=0 MSTModes 0.157882
A. Fill 1D grid.
>> s = 2, UP ... 28.968491
>> s = 1, UP ... 6.473088
>> s = 0, UP ... 13.128254
>> s = 2, IN ... 13.106598
>> s = 1, IN ... 1.648508
>> s = 0, IN ... 3.098983
1. Preliminaries.
Calculating B-matrices and Eigenvalues
2. Generate MSTModes
>> Generate s=-2 MSTModes 98.637226
>> Generate s=-1 MSTModes 94.358618
>> Generate hκModes 114.395664
3. Jumps
>> 0.299122
>> 1.383401
>> 4.331278
>> 7.171451
>> 50.865626
>> 30.764023
>> LinearSolve for s1 and κ jumps 1.323858
>> κ and s1 jumps 96.664004
4. Prepare grid and mode functions.
>> s=-2 MSTModes 0.194598
>> MMp2gridL 0.995449
>> MMp2gridR 4.344156
>> s=-1 MSTModes 0.095321
>> MMp1gridL 0.061746
>> MMp1gridR 0.254886
>> s=0 MSTModes 0.156863
A. Fill 1D grid.
>> s = 2, UP ... 27.298479
>> s = 1, UP ... 6.074035
>> s = 0, UP ... 12.36966
>> s = 2, IN ... 12.769974
>> s = 1, IN ... 1.562042
>> s = 0, IN ... 2.916129
1. Preliminaries.
Calculating B-matrices and Eigenvalues
2. Generate MSTModes
>> Generate s=-2 MSTModes 103.926379
>> Generate s=-1 MSTModes 100.431901
>> Generate hκModes 110.856685
3. Jumps
>> 0.291584
>> 1.236662
>> 4.26842
>> 6.171273
>> 44.153881
>> 26.117354
>> LinearSolve for s1 and κ jumps 0.501826
>> κ and s1 jumps 83.243667
4. Prepare grid and mode functions.
>> s=-2 MSTModes 0.168935
>> MMp2gridL 0.968981
>> MMp2gridR 4.140282
>> s=-1 MSTModes 0.088894
>> MMp1gridL 0.059347
>> MMp1gridR 0.242623
>> s=0 MSTModes 0.142587
A. Fill 1D grid.
>> s = 2, UP ... 26.111161
>> s = 1, UP ... 5.817068
>> s = 0, UP ... 11.649551
>> s = 2, IN ... 12.621309
>> s = 1, IN ... 1.496238
>> s = 0, IN ... 2.794031
1. Preliminaries.
Calculating B-matrices and Eigenvalues
2. Generate MSTModes
>> Generate s=-2 MSTModes 107.625116
>> Generate s=-1 MSTModes 105.490262
>> Generate hκModes 111.047639
3. Jumps
>> 0.278134
>> 1.138052
>> 4.101794
