Task 46 on node678.cluster: a=0.000000001 r0=29.0
Job started: a = 1.*^-9, r0 = 29., savepath = /lustre/astro/dyson/DataFiles/KerrCircDiskData/h1_radial
Warning: rstarmin is outside the allowed range.
Now we Calculate the Radiative Solutions
1. Preliminaries.
Calculating B-matrices and Eigenvalues
2. Generate MSTModes
>> Generate s=-2 MSTModes 1.028505
>> Generate s=-1 MSTModes 1.026158
>> Generate hκModes 9.432015
3. Jumps
>> 0.008729
>> 0.003779
>> 0.11559
>> 0.004083
>> 0.019555
>> 0.005342
>> LinearSolve for s1 and κ jumps 0.000392
>> κ and s1 jumps 0.165488
4. Prepare grid and mode functions.
>> s=-2 MSTModes 0.005241
>> MMp2gridL 0.082952
>> MMp2gridR 0.097533
>> s=-1 MSTModes 0.002045
>> MMp1gridL 0.00517
>> MMp1gridR 0.005909
>> s=0 MSTModes 0.007565
A. Fill 1D grid.
>> s = 2, UP ... 0.179981
>> s = 1, UP ... 0.029782
>> s = 0, UP ... 0.072909
>> s = 2, IN ... 0.143992
>> s = 1, IN ... 0.024497
>> s = 0, IN ... 0.05679
1. Preliminaries.
Calculating B-matrices and Eigenvalues
2. Generate MSTModes
>> Generate s=-2 MSTModes 1.048792
>> Generate s=-1 MSTModes 1.078301
>> Generate hκModes 4.761674
3. Jumps
>> 0.006913
>> 0.002881
>> 0.130957
>> 0.002921
>> 0.014414
>> 0.002669
>> LinearSolve for s1 and κ jumps 0.000295
>> κ and s1 jumps 0.166806
4. Prepare grid and mode functions.
>> s=-2 MSTModes 0.006462
>> MMp2gridL 0.084834
>> MMp2gridR 0.100245
>> s=-1 MSTModes 0.003298
>> MMp1gridL 0.005043
>> MMp1gridR 0.006042
>> s=0 MSTModes 0.004953
A. Fill 1D grid.
>> s = 2, UP ... 0.121357
>> s = 1, UP ... 0.032797
>> s = 0, UP ... 0.056575
>> s = 2, IN ... 0.09598
>> s = 1, IN ... 0.027174
>> s = 0, IN ... 0.044232
