Task 545 on node678.cluster: a=0.8 r0=14.5
Job started: a = 0.8, r0 = 14.5, savepath = /lustre/astro/dyson/DataFiles/KerrCircDiskData/h1_radial
Warning: rstarmin is outside the allowed range.
Now we Calculate the Radiative Solutions
1. Preliminaries.
Calculating B-matrices and Eigenvalues
2. Generate MSTModes
>> Generate s=-2 MSTModes 54.111968
>> Generate s=-1 MSTModes 53.780536
>> Generate hκModes 133.482213
3. Jumps
>> 0.386636
>> 2.260894
>> 3.573524
>> 3.982589
>> 49.852961
>> 18.246206
>> LinearSolve for s1 and κ jumps 0.004671
>> κ and s1 jumps 79.239428
4. Prepare grid and mode functions.
>> s=-2 MSTModes 0.216555
>> MMp2gridL 1.32764
>> MMp2gridR 4.910436
>> s=-1 MSTModes 0.065504
>> MMp1gridL 0.050798
>> MMp1gridR 0.160539
>> s=0 MSTModes 0.149306
A. Fill 1D grid.
>> s = 2, UP ... 34.281298
>> s = 1, UP ... 1.268083
>> s = 0, UP ... 7.74338
>> s = 2, IN ... 15.709369
>> s = 1, IN ... 1.170557
>> s = 0, IN ... 2.776972
1. Preliminaries.
Calculating B-matrices and Eigenvalues
2. Generate MSTModes
>> Generate s=-2 MSTModes 63.540534
>> Generate s=-1 MSTModes 62.486245
>> Generate hκModes 127.798497
3. Jumps
>> 0.366897
>> 2.379497
>> 4.113977
>> 3.95668
>> 51.376794
>> 17.730459
>> LinearSolve for s1 and κ jumps 0.672185
>> κ and s1 jumps 81.389628
4. Prepare grid and mode functions.
>> s=-2 MSTModes 0.192468
>> MMp2gridL 1.337189
>> MMp2gridR 4.905194
>> s=-1 MSTModes 0.10583
>> MMp1gridL 0.078203
>> MMp1gridR 0.28349
>> s=0 MSTModes 0.167172
A. Fill 1D grid.
>> s = 2, UP ... 32.687039
>> s = 1, UP ... 7.323483
>> s = 0, UP ... 10.45992
>> s = 2, IN ... 15.618196
>> s = 1, IN ... 2.040954
>> s = 0, IN ... 3.056114
1. Preliminaries.
Calculating B-matrices and Eigenvalues
2. Generate MSTModes
>> Generate s=-2 MSTModes 69.968688
>> Generate s=-1 MSTModes 69.534778
>> Generate hκModes 123.374659
3. Jumps
>> 0.351353
>> 2.06815
>> 4.253804
>> 12.106478
>> 81.47504
>> 51.84026
>> LinearSolve for s1 and κ jumps 1.026282
>> κ and s1 jumps 153.822364
4. Prepare grid and mode functions.
>> s=-2 MSTModes 0.177782
>> MMp2gridL 1.238781
>> MMp2gridR 4.506793
>> s=-1 MSTModes 0.100375
>> MMp1gridL 0.073475
>> MMp1gridR 0.264188
>> s=0 MSTModes 0.160394
A. Fill 1D grid.
>> s = 2, UP ... 29.764353
>> s = 1, UP ... 6.493759
>> s = 0, UP ... 12.760834
>> s = 2, IN ... 14.721726
>> s = 1, IN ... 1.942086
>> s = 0, IN ... 3.6854
1. Preliminaries.
Calculating B-matrices and Eigenvalues
2. Generate MSTModes
>> Generate s=-2 MSTModes 72.048658
>> Generate s=-1 MSTModes 71.004029
>> Generate hκModes 111.410373
3. Jumps
>> 0.305836
>> 1.766879
>> 4.254985
>> 10.127783
>> 69.571349
>> 43.905059
>> LinearSolve for s1 and κ jumps 0.642375
>> κ and s1 jumps 131.225468
4. Prepare grid and mode functions.
>> s=-2 MSTModes 0.201059
>> MMp2gridL 1.163784
>> MMp2gridR 4.290411
>> s=-1 MSTModes 0.09327
>> MMp1gridL 0.069386
>> MMp1gridR 0.249225
>> s=0 MSTModes 0.15176
A. Fill 1D grid.
>> s = 2, UP ... 27.651656
>> s = 1, UP ... 6.154348
>> s = 0, UP ... 12.229032
>> s = 2, IN ... 14.260244
>> s = 1, IN ... 1.832249
>> s = 0, IN ... 3.507668
1. Preliminaries.
Calculating B-matrices and Eigenvalues
2. Generate MSTModes
>> Generate s=-2 MSTModes 78.327268
>> Generate s=-1 MSTModes 77.669894
>> Generate hκModes 108.81974
3. Jumps
>> 0.303487
>> 1.536067
>> 3.972688
>> 8.869698
>> 62.45333
>> 38.933879
>> LinearSolve for s1 and κ jumps 0.859332
>> κ and s1 jumps 117.563802
4. Prepare grid and mode functions.
>> s=-2 MSTModes 0.169079
>> MMp2gridL 1.112645
>> MMp2gridR 4.072777
>> s=-1 MSTModes 0.090002
>> MMp1gridL 0.068959
>> MMp1gridR 0.236773
>> s=0 MSTModes 0.14702
A. Fill 1D grid.
>> s = 2, UP ... 26.652781
>> s = 1, UP ... 5.802498
>> s = 0, UP ... 11.484623
>> s = 2, IN ... 13.679619
>> s = 1, IN ... 1.719858
>> s = 0, IN ... 3.295799
1. Preliminaries.
Calculating B-matrices and Eigenvalues
2. Generate MSTModes
>> Generate s=-2 MSTModes 85.015546
>> Generate s=-1 MSTModes 84.212342
>> Generate hκModes 107.506573
3. Jumps
>> 0.282623
>> 1.40794
>> 4.226099
>> 7.637105
>> 53.812098
>> 32.984767
>> LinearSolve for s1 and κ jumps 0.932749
>> κ and s1 jumps 101.823029
4. Prepare grid and mode functions.
>> s=-2 MSTModes 0.163362
>> MMp2gridL 1.058968
>> MMp2gridR 3.898744
>> s=-1 MSTModes 0.085507
>> MMp1gridL 0.064315
>> MMp1gridR 0.226754
>> s=0 MSTModes 0.137278
A. Fill 1D grid.
>> s = 2, UP ... 24.930159
>> s = 1, UP ... 5.44571
>> s = 0, UP ... 11.085636
>> s = 2, IN ... 13.362076
>> s = 1, IN ... 1.661045
>> s = 0, IN ... 3.163133
1. Preliminaries.
Calculating B-matrices and Eigenvalues
2. Generate MSTModes
>> Generate s=-2 MSTModes 90.898797
>> Generate s=-1 MSTModes 89.231156
>> Generate hκModes 105.097738
3. Jumps
>> 0.275401
>> 1.239742
>> 3.94069
>> 6.408524
>> 45.963151
>> 27.593378
>> LinearSolve for s1 and κ jumps 1.005587
>> κ and s1 jumps 86.946509
4. Prepare grid and mode functions.
>> s=-2 MSTModes 0.1585
>> MMp2gridL 1.010971
>> MMp2gridR 3.728982
>> s=-1 MSTModes 0.082235
>> MMp1gridL 0.062504
>> MMp1gridR 0.216493
>> s=0 MSTModes 0.130485
A. Fill 1D grid.
>> s = 2, UP ... 23.415753
>> s = 1, UP ... 5.227637
>> s = 0, UP ... 10.49581
>> s = 2, IN ... 12.911918
>> s = 1, IN ... 1.59232
>> s = 0, IN ... 2.9741
1. Preliminaries.
Calculating B-matrices and Eigenvalues
2. Generate MSTModes
>> Generate s=-2 MSTModes 95.357138
>> Generate s=-1 MSTModes 94.812064
>> Generate hκModes 101.584254
3. Jumps
>> 0.263374
>> 1.095187
>> 3.816845
>> 5.496027
>> 39.379323
>> 22.911684
>> LinearSolve for s1 and κ jumps 0.922277
>> κ and s1 jumps 74.374932
4. Prepare grid and mode functions.
>> s=-2 MSTModes 0.154088
>> MMp2gridL 0.950358
>> MMp2gridR 3.518058
>> s=-1 MSTModes 0.078888
>> MMp1gridL 0.058798
>> MMp1gridR 0.208257
>> s=0 MSTModes 0.13012
A. Fill 1D grid.
>> s = 2, UP ... 21.950058
>> s = 1, UP ... 4.879854
>> s = 0, UP ... 9.757491
>> s = 2, IN ... 12.682973
>> s = 1, IN ... 1.52209
>> s = 0, IN ... 2.843253
1. Preliminaries.
Calculating B-matrices and Eigenvalues
2. Generate MSTModes
>> Generate s=-2 MSTModes 99.386082
>> Generate s=-1 MSTModes 100.444895
>> Generate hκModes 98.413235
3. Jumps
>> 0.2438
>> 0.965038
>> 3.621574
>> 4.602695
>> 32.84776
>> 19.035283
>> LinearSolve for s1 and κ jumps 0.008919
>> κ and s1 jumps 61.693427
4. Prepare grid and mode functions.
>> s=-2 MSTModes 0.181082
>> MMp2gridL 0.899681
>> MMp2gridR 3.363764
>> s=-1 MSTModes 0.076886
>> MMp1gridL 0.056359
>> MMp1gridR 0.198453
>> s=0 MSTModes 0.126914
A. Fill 1D grid.
>> s = 2, UP ... 20.79769
>> s = 1, UP ... 4.456909
>> s = 0, UP ... 8.81055
>> s = 2, IN ... 12.224066
>> s = 1, IN ... 1.410035
>> s = 0, IN ... 2.658928
1. Preliminaries.
Calculating B-matrices and Eigenvalues
2. Generate MSTModes
>> Generate s=-2 MSTModes 101.652132
>> Generate s=-1 MSTModes 98.205318
