Task 717 on node657.cluster: a=0.999 r0=12.5
Job started: a = 0.999, r0 = 12.5, savepath = /lustre/astro/dyson/DataFiles/KerrCircDiskData/h1_radial
Warning: rstarmin is outside the allowed range.
Now we Calculate the Radiative Solutions
1. Preliminaries.
Calculating B-matrices and Eigenvalues
2. Generate MSTModes
>> Generate s=-2 MSTModes 51.932027
>> Generate s=-1 MSTModes 51.12387
>> Generate hκModes 121.749178
3. Jumps
>> 0.341498
>> 1.885341
>> 3.145882
>> 3.460165
>> 43.103623
>> 15.801996
>> LinearSolve for s1 and κ jumps 0.004592
>> κ and s1 jumps 68.559696
4. Prepare grid and mode functions.
>> s=-2 MSTModes 0.195624
>> MMp2gridL 0.973017
>> MMp2gridR 4.391716
>> s=-1 MSTModes 0.058362
>> MMp1gridL 0.038058
>> MMp1gridR 0.142638
>> s=0 MSTModes 0.134733
A. Fill 1D grid.
>> s = 2, UP ... 31.350708
>> s = 1, UP ... 1.148474
>> s = 0, UP ... 6.816724
>> s = 2, IN ... 11.84114
>> s = 1, IN ... 0.88973
>> s = 0, IN ... 2.040269
1. Preliminaries.
Calculating B-matrices and Eigenvalues
2. Generate MSTModes
>> Generate s=-2 MSTModes 63.64722
>> Generate s=-1 MSTModes 61.420405
>> Generate hκModes 114.87688
3. Jumps
>> 0.306842
>> 1.971579
>> 3.513024
>> 12.288006
>> 81.002589
>> 53.505587
>> LinearSolve for s1 and κ jumps 0.524064
>> κ and s1 jumps 153.935419
4. Prepare grid and mode functions.
>> s=-2 MSTModes 0.172986
>> MMp2gridL 0.985866
>> MMp2gridR 4.60633
>> s=-1 MSTModes 0.098436
>> MMp1gridL 0.058999
>> MMp1gridR 0.264054
>> s=0 MSTModes 0.158446
A. Fill 1D grid.
>> s = 2, UP ... 32.3479
>> s = 1, UP ... 8.287111
>> s = 0, UP ... 14.947398
>> s = 2, IN ... 11.746634
>> s = 1, IN ... 1.559338
>> s = 0, IN ... 2.980803
1. Preliminaries.
Calculating B-matrices and Eigenvalues
2. Generate MSTModes
>> Generate s=-2 MSTModes 70.520465
>> Generate s=-1 MSTModes 67.98069
>> Generate hκModes 113.085818
3. Jumps
>> 0.308633
>> 1.767692
>> 3.643926
>> 10.727527
>> 72.377536
>> 47.073092
>> LinearSolve for s1 and κ jumps 1.135398
>> κ and s1 jumps 137.731726
4. Prepare grid and mode functions.
>> s=-2 MSTModes 0.172053
>> MMp2gridL 0.94523
>> MMp2gridR 4.324315
>> s=-1 MSTModes 0.092183
>> MMp1gridL 0.056453
>> MMp1gridR 0.249461
>> s=0 MSTModes 0.150878
A. Fill 1D grid.
>> s = 2, UP ... 30.257511
>> s = 1, UP ... 7.64944
>> s = 0, UP ... 14.579844
>> s = 2, IN ... 11.51407
>> s = 1, IN ... 1.528
>> s = 0, IN ... 2.922223
1. Preliminaries.
Calculating B-matrices and Eigenvalues
2. Generate MSTModes
>> Generate s=-2 MSTModes 78.86402
>> Generate s=-1 MSTModes 76.028674
>> Generate hκModes 112.409896
3. Jumps
>> 0.298848
>> 1.636219
>> 4.033029
>> 9.218341
>> 62.918774
>> 39.813402
>> LinearSolve for s1 and κ jumps 1.22107
>> κ and s1 jumps 119.767134
4. Prepare grid and mode functions.
>> s=-2 MSTModes 0.168187
>> MMp2gridL 0.911133
>> MMp2gridR 4.165948
>> s=-1 MSTModes 0.087894
>> MMp1gridL 0.054178
>> MMp1gridR 0.24016
>> s=0 MSTModes 0.145397
A. Fill 1D grid.
>> s = 2, UP ... 28.827279
>> s = 1, UP ... 6.999502
>> s = 0, UP ... 13.753088
>> s = 2, IN ... 11.460539
>> s = 1, IN ... 1.499086
>> s = 0, IN ... 2.839142
1. Preliminaries.
Calculating B-matrices and Eigenvalues
2. Generate MSTModes
>> Generate s=-2 MSTModes 87.069132
>> Generate s=-1 MSTModes 84.062681
>> Generate hκModes 111.838791
3. Jumps
>> 0.277269
>> 1.446841
>> 3.842442
>> 8.114328
>> 55.816002
>> 34.855053
>> LinearSolve for s1 and κ jumps 1.148649
>> κ and s1 jumps 106.049879
4. Prepare grid and mode functions.
>> s=-2 MSTModes 0.200786
>> MMp2gridL 0.878869
>> MMp2gridR 4.060797
>> s=-1 MSTModes 0.085714
>> MMp1gridL 0.053889
>> MMp1gridR 0.234118
>> s=0 MSTModes 0.137812
A. Fill 1D grid.
>> s = 2, UP ... 26.861476
>> s = 1, UP ... 6.565806
>> s = 0, UP ... 12.967315
>> s = 2, IN ... 11.272807
>> s = 1, IN ... 1.4569
>> s = 0, IN ... 2.731597
1. Preliminaries.
Calculating B-matrices and Eigenvalues
2. Generate MSTModes
>> Generate s=-2 MSTModes 96.351579
>> Generate s=-1 MSTModes 92.868087
>> Generate hκModes 111.307877
3. Jumps
>> 0.266791
>> 1.282478
>> 3.794055
>> 6.91177
>> 49.111032
>> 30.329198
>> LinearSolve for s1 and κ jumps 0.838814
>> κ and s1 jumps 93.041
4. Prepare grid and mode functions.
>> s=-2 MSTModes 0.206935
>> MMp2gridL 0.858128
>> MMp2gridR 3.894691
>> s=-1 MSTModes 0.083037
>> MMp1gridL 0.051527
>> MMp1gridR 0.22636
>> s=0 MSTModes 0.137566
A. Fill 1D grid.
>> s = 2, UP ... 25.724954
>> s = 1, UP ... 6.119406
>> s = 0, UP ... 12.466126
>> s = 2, IN ... 11.002495
>> s = 1, IN ... 1.371336
>> s = 0, IN ... 2.648548
1. Preliminaries.
Calculating B-matrices and Eigenvalues
2. Generate MSTModes
>> Generate s=-2 MSTModes 105.268225
>> Generate s=-1 MSTModes 100.5251
>> Generate hκModes 110.224337
3. Jumps
>> 0.257346
>> 1.232729
>> 3.793258
>> 6.185357
>> 43.906107
>> 26.331445
>> LinearSolve for s1 and κ jumps 1.122935
>> κ and s1 jumps 83.314269
4. Prepare grid and mode functions.
>> s=-2 MSTModes 0.153382
>> MMp2gridL 0.815677
>> MMp2gridR 3.738322
>> s=-1 MSTModes 0.078681
>> MMp1gridL 0.049405
>> MMp1gridR 0.216689
>> s=0 MSTModes 0.127009
A. Fill 1D grid.
>> s = 2, UP ... 23.72654
>> s = 1, UP ... 5.338981
>> s = 0, UP ... 10.992369
>> s = 2, IN ... 10.741494
>> s = 1, IN ... 1.307183
>> s = 0, IN ... 2.433558
1. Preliminaries.
Calculating B-matrices and Eigenvalues
2. Generate MSTModes
>> Generate s=-2 MSTModes 109.893504
>> Generate s=-1 MSTModes 105.46297
