Task 541 on node657.cluster: a=0.8 r0=12.5
Job started: a = 0.8, r0 = 12.5, savepath = /lustre/astro/dyson/DataFiles/KerrCircDiskData/h1_radial
Warning: rstarmin is outside the allowed range.
Now we Calculate the Radiative Solutions
1. Preliminaries.
Calculating B-matrices and Eigenvalues
2. Generate MSTModes
>> Generate s=-2 MSTModes 44.453513
>> Generate s=-1 MSTModes 44.267973
>> Generate hκModes 113.971643
3. Jumps
>> 0.343808
>> 1.939053
>> 3.126692
>> 3.458758
>> 43.415191
>> 15.805169
>> LinearSolve for s1 and κ jumps 0.004171
>> κ and s1 jumps 68.891138
4. Prepare grid and mode functions.
>> s=-2 MSTModes 0.193053
>> MMp2gridL 0.956677
>> MMp2gridR 4.277582
>> s=-1 MSTModes 0.058691
>> MMp1gridL 0.038084
>> MMp1gridR 0.144489
>> s=0 MSTModes 0.132772
A. Fill 1D grid.
>> s = 2, UP ... 29.410328
>> s = 1, UP ... 1.118213
>> s = 0, UP ... 6.558261
>> s = 2, IN ... 11.183409
>> s = 1, IN ... 0.864123
>> s = 0, IN ... 1.937483
1. Preliminaries.
Calculating B-matrices and Eigenvalues
2. Generate MSTModes
>> Generate s=-2 MSTModes 48.894075
>> Generate s=-1 MSTModes 49.349952
>> Generate hκModes 109.414032
3. Jumps
>> 0.311089
>> 1.965641
>> 3.579401
>> 12.271024
>> 82.618733
>> 53.67609
>> LinearSolve for s1 and κ jumps 1.014398
>> κ and s1 jumps 156.193613
4. Prepare grid and mode functions.
>> s=-2 MSTModes 0.166236
>> MMp2gridL 0.971493
>> MMp2gridR 4.365819
>> s=-1 MSTModes 0.093607
>> MMp1gridL 0.057728
>> MMp1gridR 0.257821
>> s=0 MSTModes 0.153221
A. Fill 1D grid.
>> s = 2, UP ... 29.117278
>> s = 1, UP ... 6.538519
>> s = 0, UP ... 12.852071
>> s = 2, IN ... 11.508699
>> s = 1, IN ... 1.544275
>> s = 0, IN ... 2.93814
1. Preliminaries.
Calculating B-matrices and Eigenvalues
2. Generate MSTModes
>> Generate s=-2 MSTModes 62.23154
>> Generate s=-1 MSTModes 61.39641
>> Generate hκModes 109.390271
3. Jumps
>> 0.311994
>> 1.885926
>> 3.881172
>> 10.794078
>> 73.385918
>> 46.946692
>> LinearSolve for s1 and κ jumps 0.643324
>> κ and s1 jumps 138.506869
4. Prepare grid and mode functions.
>> s=-2 MSTModes 0.218547
>> MMp2gridL 0.94901
>> MMp2gridR 4.29219
>> s=-1 MSTModes 0.091336
>> MMp1gridL 0.05684
>> MMp1gridR 0.250629
>> s=0 MSTModes 0.148314
A. Fill 1D grid.
>> s = 2, UP ... 28.4962
>> s = 1, UP ... 6.161927
>> s = 0, UP ... 12.439102
>> s = 2, IN ... 11.401149
>> s = 1, IN ... 1.500116
>> s = 0, IN ... 2.851418
1. Preliminaries.
Calculating B-matrices and Eigenvalues
2. Generate MSTModes
>> Generate s=-2 MSTModes 68.791828
>> Generate s=-1 MSTModes 68.818021
>> Generate hκModes 106.539596
3. Jumps
>> 0.296281
>> 1.631588
>> 4.18926
>> 9.241991
>> 64.338042
>> 40.28958
>> LinearSolve for s1 and κ jumps 0.856774
>> κ and s1 jumps 121.527378
4. Prepare grid and mode functions.
>> s=-2 MSTModes 0.166304
>> MMp2gridL 0.932525
>> MMp2gridR 4.175295
>> s=-1 MSTModes 0.089373
>> MMp1gridL 0.05507
>> MMp1gridR 0.242635
>> s=0 MSTModes 0.143612
A. Fill 1D grid.
>> s = 2, UP ... 27.363048
>> s = 1, UP ... 5.900653
>> s = 0, UP ... 11.833201
>> s = 2, IN ... 11.169947
>> s = 1, IN ... 1.444461
>> s = 0, IN ... 2.752251
1. Preliminaries.
Calculating B-matrices and Eigenvalues
2. Generate MSTModes
>> Generate s=-2 MSTModes 76.10484
>> Generate s=-1 MSTModes 76.222923
>> Generate hκModes 104.909688
3. Jumps
>> 0.281099
>> 1.442017
>> 4.012404
>> 8.213287
>> 57.025178
>> 35.261117
>> LinearSolve for s1 and κ jumps 0.547799
>> κ and s1 jumps 107.342389
4. Prepare grid and mode functions.
>> s=-2 MSTModes 0.2122
>> MMp2gridL 0.900092
>> MMp2gridR 4.028996
>> s=-1 MSTModes 0.087463
>> MMp1gridL 0.054287
>> MMp1gridR 0.234184
>> s=0 MSTModes 0.137658
A. Fill 1D grid.
>> s = 2, UP ... 26.138464
>> s = 1, UP ... 5.709035
>> s = 0, UP ... 11.082964
>> s = 2, IN ... 11.131941
>> s = 1, IN ... 1.394795
>> s = 0, IN ... 2.614129
1. Preliminaries.
Calculating B-matrices and Eigenvalues
2. Generate MSTModes
>> Generate s=-2 MSTModes 84.195778
>> Generate s=-1 MSTModes 84.030381
>> Generate hκModes 103.683726
3. Jumps
>> 0.268785
>> 1.296335
>> 3.889151
>> 7.044238
>> 49.81295
>> 30.561287
>> LinearSolve for s1 and κ jumps 0.580774
>> κ and s1 jumps 94.018883
4. Prepare grid and mode functions.
>> s=-2 MSTModes 0.167511
>> MMp2gridL 0.856054
>> MMp2gridR 3.879364
>> s=-1 MSTModes 0.083737
>> MMp1gridL 0.051959
>> MMp1gridR 0.229588
>> s=0 MSTModes 0.135862
A. Fill 1D grid.
>> s = 2, UP ... 24.531087
>> s = 1, UP ... 5.239985
>> s = 0, UP ... 10.431287
>> s = 2, IN ... 10.752797
>> s = 1, IN ... 1.348791
>> s = 0, IN ... 2.529502
1. Preliminaries.
Calculating B-matrices and Eigenvalues
2. Generate MSTModes
>> Generate s=-2 MSTModes 92.221314
>> Generate s=-1 MSTModes 92.038524
>> Generate hκModes 102.099399
3. Jumps
>> 0.261705
>> 1.202007
>> 4.133313
>> 6.082202
>> 43.403946
>> 25.841634
>> LinearSolve for s1 and κ jumps 0.598795
>> κ and s1 jumps 82.065633
4. Prepare grid and mode functions.
>> s=-2 MSTModes 0.155861
>> MMp2gridL 0.826705
>> MMp2gridR 3.742216
>> s=-1 MSTModes 0.081444
>> MMp1gridL 0.051102
>> MMp1gridR 0.219277
>> s=0 MSTModes 0.129942
A. Fill 1D grid.
>> s = 2, UP ... 23.854476
>> s = 1, UP ... 5.299985
>> s = 0, UP ... 10.396446
>> s = 2, IN ... 10.677431
>> s = 1, IN ... 1.313695
>> s = 0, IN ... 2.412851
1. Preliminaries.
Calculating B-matrices and Eigenvalues
2. Generate MSTModes
>> Generate s=-2 MSTModes 99.661417
>> Generate s=-1 MSTModes 99.367842
>> Generate hκModes 100.163243
3. Jumps
>> 0.251032
>> 1.071902
>> 3.671829
>> 5.230278
>> 38.022542
>> 22.445716
>> LinearSolve for s1 and κ jumps 0.470211
>> κ and s1 jumps 71.578868
4. Prepare grid and mode functions.
>> s=-2 MSTModes 0.179648
>> MMp2gridL 0.791315
>> MMp2gridR 3.616909
>> s=-1 MSTModes 0.078532
>> MMp1gridL 0.04894
>> MMp1gridR 0.210487
>> s=0 MSTModes 0.123913
A. Fill 1D grid.
>> s = 2, UP ... 22.924717
>> s = 1, UP ... 5.168512
>> s = 0, UP ... 10.088154
>> s = 2, IN ... 10.528477
>> s = 1, IN ... 1.264837
>> s = 0, IN ... 2.395982
1. Preliminaries.
Calculating B-matrices and Eigenvalues
2. Generate MSTModes
>> Generate s=-2 MSTModes 105.621728
>> Generate s=-1 MSTModes 101.78869
>> Generate hκModes 97.575033
3. Jumps
>> 0.234599
