Task 1 on node678.cluster: a=0.001 r0=6.5
Job started: a = 0.001, r0 = 6.5, savepath = /lustre/astro/dyson/DataFiles/KerrCircDiskData/h1_radial
Warning: rstarmin is outside the allowed range.
Now we Calculate the Radiative Solutions
1. Preliminaries.
Calculating B-matrices and Eigenvalues
2. Generate MSTModes
>> Generate s=-2 MSTModes 52.334798
>> Generate s=-1 MSTModes 51.250333
>> Generate hκModes 142.816465
3. Jumps
>> 0.425127
>> 2.389141
>> 4.427598
>> 4.254727
>> 54.006751
>> 19.595584
>> LinearSolve for s1 and κ jumps 0.003705
>> κ and s1 jumps 86.066299
4. Prepare grid and mode functions.
>> s=-2 MSTModes 0.226141
>> MMp2gridL 0.558552
>> MMp2gridR 6.184355
>> s=-1 MSTModes 0.070917
>> MMp1gridL 0.023854
>> MMp1gridR 0.201845
>> s=0 MSTModes 0.161065
A. Fill 1D grid.
>> s = 2, UP ... 42.200602
>> s = 1, UP ... 1.5204
>> s = 0, UP ... 9.482086
>> s = 2, IN ... 6.763676
>> s = 1, IN ... 0.592276
>> s = 0, IN ... 1.146576
1. Preliminaries.
Calculating B-matrices and Eigenvalues
2. Generate MSTModes
>> Generate s=-2 MSTModes 62.765701
>> Generate s=-1 MSTModes 61.373883
>> Generate hκModes 142.692613
3. Jumps
>> 0.373434
>> 2.4536
>> 5.025393
>> 3.875887
>> 52.152852
>> 17.7732
>> LinearSolve for s1 and κ jumps 1.059082
>> κ and s1 jumps 83.498635
4. Prepare grid and mode functions.
>> s=-2 MSTModes 0.202409
>> MMp2gridL 0.561743
>> MMp2gridR 6.150462
>> s=-1 MSTModes 0.11314
>> MMp1gridL 0.032643
>> MMp1gridR 0.355026
>> s=0 MSTModes 0.185873
A. Fill 1D grid.
>> s = 2, UP ... 39.890825
>> s = 1, UP ... 9.241999
>> s = 0, UP ... 13.286011
>> s = 2, IN ... 6.661485
>> s = 1, IN ... 0.855217
>> s = 0, IN ... 1.231504
1. Preliminaries.
Calculating B-matrices and Eigenvalues
2. Generate MSTModes
>> Generate s=-2 MSTModes 72.867557
>> Generate s=-1 MSTModes 71.071611
>> Generate hκModes 144.580863
3. Jumps
>> 0.359159
>> 2.086377
>> 5.202839
>> 3.386316
>> 45.215391
>> 15.157468
>> LinearSolve for s1 and κ jumps 1.338904
>> κ and s1 jumps 73.452775
4. Prepare grid and mode functions.
>> s=-2 MSTModes 0.193986
>> MMp2gridL 0.514161
>> MMp2gridR 5.658548
>> s=-1 MSTModes 0.105459
>> MMp1gridL 0.030441
>> MMp1gridR 0.332753
>> s=0 MSTModes 0.16623
A. Fill 1D grid.
>> s = 2, UP ... 37.590932
>> s = 1, UP ... 8.590813
>> s = 0, UP ... 12.459289
>> s = 2, IN ... 6.462164
>> s = 1, IN ... 0.818895
>> s = 0, IN ... 1.192694
1. Preliminaries.
Calculating B-matrices and Eigenvalues
2. Generate MSTModes
>> Generate s=-2 MSTModes 84.667259
>> Generate s=-1 MSTModes 82.458078
>> Generate hκModes 147.736849
3. Jumps
>> 0.342988
>> 1.93806
>> 5.102114
>> 2.954891
>> 40.509775
>> 12.915303
>> LinearSolve for s1 and κ jumps 0.680351
>> κ and s1 jumps 65.071178
4. Prepare grid and mode functions.
>> s=-2 MSTModes 0.194006
>> MMp2gridL 0.485704
>> MMp2gridR 5.529893
>> s=-1 MSTModes 0.10301
>> MMp1gridL 0.029612
>> MMp1gridR 0.31649
>> s=0 MSTModes 0.168286
A. Fill 1D grid.
>> s = 2, UP ... 35.601254
>> s = 1, UP ... 8.131326
>> s = 0, UP ... 11.319606
>> s = 2, IN ... 6.105313
>> s = 1, IN ... 0.774256
>> s = 0, IN ... 1.105704
1. Preliminaries.
Calculating B-matrices and Eigenvalues
2. Generate MSTModes
>> Generate s=-2 MSTModes 97.894614
>> Generate s=-1 MSTModes 95.995478
>> Generate hκModes 148.662372
3. Jumps
>> 0.321186
>> 1.686201
>> 4.920265
>> 2.544079
>> 35.46723
>> 11.382485
>> LinearSolve for s1 and κ jumps 1.195649
>> κ and s1 jumps 58.038503
4. Prepare grid and mode functions.
>> s=-2 MSTModes 0.226751
>> MMp2gridL 0.455344
>> MMp2gridR 5.308239
>> s=-1 MSTModes 0.099039
>> MMp1gridL 0.027925
>> MMp1gridR 0.30067
>> s=0 MSTModes 0.160762
A. Fill 1D grid.
>> s = 2, UP ... 33.356145
>> s = 1, UP ... 7.488085
>> s = 0, UP ... 10.567374
>> s = 2, IN ... 5.977827
>> s = 1, IN ... 0.735525
>> s = 0, IN ... 1.081297
1. Preliminaries.
Calculating B-matrices and Eigenvalues
2. Generate MSTModes
>> Generate s=-2 MSTModes 112.287512
>> Generate s=-1 MSTModes 109.905845
>> Generate hκModes 148.198902
3. Jumps
>> 0.299641
>> 1.465792
>> 4.56859
>> 2.17751
>> 31.06988
>> 9.832782
>> LinearSolve for s1 and κ jumps 0.853124
>> κ and s1 jumps 50.728034
4. Prepare grid and mode functions.
>> s=-2 MSTModes 0.178858
>> MMp2gridL 0.43458
>> MMp2gridR 5.157078
>> s=-1 MSTModes 0.097536
>> MMp1gridL 0.02718
>> MMp1gridR 0.312444
>> s=0 MSTModes 0.1501
A. Fill 1D grid.
>> s = 2, UP ... 31.895382
>> s = 1, UP ... 7.595745
>> s = 0, UP ... 10.470179
>> s = 2, IN ... 5.789834
>> s = 1, IN ... 0.700069
>> s = 0, IN ... 1.029731
1. Preliminaries.
Calculating B-matrices and Eigenvalues
2. Generate MSTModes
>> Generate s=-2 MSTModes 125.83691
>> Generate s=-1 MSTModes 121.475999
