Task 191 on node678.cluster: a=0.2 r0=13.5
Job started: a = 0.2, r0 = 13.5, savepath = /lustre/astro/dyson/DataFiles/KerrCircDiskData/h1_radial
Warning: rstarmin is outside the allowed range.
Now we Calculate the Radiative Solutions
1. Preliminaries.
Calculating B-matrices and Eigenvalues
2. Generate MSTModes
>> Generate s=-2 MSTModes 52.906213
>> Generate s=-1 MSTModes 53.866386
>> Generate hκModes 138.794835
3. Jumps
>> 0.436265
>> 2.396821
>> 4.130269
>> 4.451219
>> 54.983796
>> 20.003661
>> LinearSolve for s1 and κ jumps 0.004817
>> κ and s1 jumps 87.405997
4. Prepare grid and mode functions.
>> s=-2 MSTModes 0.224325
>> MMp2gridL 1.254433
>> MMp2gridR 5.100317
>> s=-1 MSTModes 0.070909
>> MMp1gridL 0.049639
>> MMp1gridR 0.170786
>> s=0 MSTModes 0.160528
A. Fill 1D grid.
>> s = 2, UP ... 36.24101
>> s = 1, UP ... 1.3443
>> s = 0, UP ... 8.225026
>> s = 2, IN ... 15.020655
>> s = 1, IN ... 1.133695
>> s = 0, IN ... 2.599011
1. Preliminaries.
Calculating B-matrices and Eigenvalues
2. Generate MSTModes
>> Generate s=-2 MSTModes 64.897677
>> Generate s=-1 MSTModes 64.120492
>> Generate hκModes 130.205316
3. Jumps
>> 0.376715
>> 2.437272
>> 4.362392
>> 3.84559
>> 52.225525
>> 17.553216
>> LinearSolve for s1 and κ jumps 1.073455
>> κ and s1 jumps 82.654452
4. Prepare grid and mode functions.
>> s=-2 MSTModes 0.209271
>> MMp2gridL 1.268492
>> MMp2gridR 5.149407
>> s=-1 MSTModes 0.112556
>> MMp1gridL 0.074859
>> MMp1gridR 0.301304
>> s=0 MSTModes 0.178392
A. Fill 1D grid.
>> s = 2, UP ... 35.246468
>> s = 1, UP ... 8.35663
>> s = 0, UP ... 11.726397
>> s = 2, IN ... 14.593671
>> s = 1, IN ... 1.940895
>> s = 0, IN ... 2.875328
1. Preliminaries.
Calculating B-matrices and Eigenvalues
2. Generate MSTModes
>> Generate s=-2 MSTModes 70.741505
>> Generate s=-1 MSTModes 70.650675
>> Generate hκModes 125.729123
3. Jumps
>> 0.372253
>> 2.213088
>> 4.439059
>> 3.477545
>> 47.232449
>> 15.361702
>> LinearSolve for s1 and κ jumps 0.832808
>> κ and s1 jumps 74.644994
4. Prepare grid and mode functions.
>> s=-2 MSTModes 0.20071
>> MMp2gridL 1.212283
>> MMp2gridR 4.919309
>> s=-1 MSTModes 0.107663
>> MMp1gridL 0.071784
>> MMp1gridR 0.285287
>> s=0 MSTModes 0.169823
A. Fill 1D grid.
>> s = 2, UP ... 33.406034
>> s = 1, UP ... 7.803542
>> s = 0, UP ... 11.077417
>> s = 2, IN ... 14.501182
>> s = 1, IN ... 1.883781
>> s = 0, IN ... 2.798717
1. Preliminaries.
Calculating B-matrices and Eigenvalues
2. Generate MSTModes
>> Generate s=-2 MSTModes 77.140546
>> Generate s=-1 MSTModes 76.761277
>> Generate hκModes 121.217465
3. Jumps
>> 0.355718
>> 1.924079
>> 4.597979
>> 3.003491
>> 41.371424
>> 13.439366
>> LinearSolve for s1 and κ jumps 1.208801
>> κ and s1 jumps 66.580671
4. Prepare grid and mode functions.
>> s=-2 MSTModes 0.191413
>> MMp2gridL 1.152633
>> MMp2gridR 4.748572
>> s=-1 MSTModes 0.104793
>> MMp1gridL 0.070883
>> MMp1gridR 0.275928
>> s=0 MSTModes 0.165743
A. Fill 1D grid.
>> s = 2, UP ... 31.31964
>> s = 1, UP ... 7.343565
>> s = 0, UP ... 10.248671
>> s = 2, IN ... 14.070652
>> s = 1, IN ... 1.825369
>> s = 0, IN ... 2.718573
1. Preliminaries.
Calculating B-matrices and Eigenvalues
2. Generate MSTModes
>> Generate s=-2 MSTModes 83.974835
>> Generate s=-1 MSTModes 82.741185
>> Generate hκModes 118.261727
3. Jumps
>> 0.336014
>> 1.729785
>> 4.593715
>> 2.61791
>> 36.719323
>> 11.689316
>> LinearSolve for s1 and κ jumps 1.100529
>> κ and s1 jumps 59.395331
4. Prepare grid and mode functions.
>> s=-2 MSTModes 0.19437
>> MMp2gridL 1.109201
>> MMp2gridR 4.563985
>> s=-1 MSTModes 0.100462
>> MMp1gridL 0.068844
>> MMp1gridR 0.266288
>> s=0 MSTModes 0.159333
A. Fill 1D grid.
>> s = 2, UP ... 29.701943
>> s = 1, UP ... 6.78116
>> s = 0, UP ... 9.438498
>> s = 2, IN ... 13.478929
>> s = 1, IN ... 1.718358
>> s = 0, IN ... 2.591799
1. Preliminaries.
Calculating B-matrices and Eigenvalues
2. Generate MSTModes
>> Generate s=-2 MSTModes 90.670964
>> Generate s=-1 MSTModes 89.777633
>> Generate hκModes 115.122147
3. Jumps
>> 0.325783
>> 1.549797
>> 4.822549
>> 2.227354
>> 31.695009
>> 9.785399
>> LinearSolve for s1 and κ jumps 0.800974
>> κ and s1 jumps 51.758365
4. Prepare grid and mode functions.
>> s=-2 MSTModes 0.181558
>> MMp2gridL 1.060621
>> MMp2gridR 4.333924
>> s=-1 MSTModes 0.095029
>> MMp1gridL 0.066021
>> MMp1gridR 0.255767
>> s=0 MSTModes 0.148109
A. Fill 1D grid.
>> s = 2, UP ... 27.846368
>> s = 1, UP ... 6.368192
>> s = 0, UP ... 8.752318
>> s = 2, IN ... 13.245714
>> s = 1, IN ... 1.648116
>> s = 0, IN ... 2.473095
1. Preliminaries.
Calculating B-matrices and Eigenvalues
2. Generate MSTModes
>> Generate s=-2 MSTModes 97.341663
>> Generate s=-1 MSTModes 95.817315
>> Generate hκModes 111.979088
3. Jumps
>> 0.298234
>> 1.35155
>> 4.293677
>> 1.868236
>> 27.401127
>> 8.316369
>> LinearSolve for s1 and κ jumps 1.009714
>> κ and s1 jumps 44.991081
4. Prepare grid and mode functions.
>> s=-2 MSTModes 0.21677
>> MMp2gridL 1.019323
>> MMp2gridR 4.135341
>> s=-1 MSTModes 0.090776
>> MMp1gridL 0.060819
>> MMp1gridR 0.236384
>> s=0 MSTModes 0.141913
A. Fill 1D grid.
>> s = 2, UP ... 26.343331
>> s = 1, UP ... 5.729743
>> s = 0, UP ... 8.051478
>> s = 2, IN ... 12.97595
>> s = 1, IN ... 1.580885
>> s = 0, IN ... 2.341262
1. Preliminaries.
Calculating B-matrices and Eigenvalues
2. Generate MSTModes
>> Generate s=-2 MSTModes 100.11993
>> Generate s=-1 MSTModes 100.845173
>> Generate hκModes 108.920583
3. Jumps
>> 0.284239
>> 1.204992
>> 4.439286
>> 1.622688
>> 24.296943
>> 7.212239
>> LinearSolve for s1 and κ jumps 1.09306
>> κ and s1 jumps 40.558525
4. Prepare grid and mode functions.
>> s=-2 MSTModes 0.20302
>> MMp2gridL 0.95471
>> MMp2gridR 3.884348
>> s=-1 MSTModes 0.087147
>> MMp1gridL 0.059346
>> MMp1gridR 0.228376
>> s=0 MSTModes 0.135514
A. Fill 1D grid.
>> s = 2, UP ... 24.218426
>> s = 1, UP ... 5.184593
>> s = 0, UP ... 7.635132
>> s = 2, IN ... 12.716901
>> s = 1, IN ... 1.506645
>> s = 0, IN ... 2.262344
1. Preliminaries.
Calculating B-matrices and Eigenvalues
2. Generate MSTModes
>> Generate s=-2 MSTModes 107.556859
>> Generate s=-1 MSTModes 108.023098
>> Generate hκModes 106.491473
3. Jumps
>> 0.271574
>> 1.053311
>> 3.970588
>> 5.014973
>> 36.505964
>> 21.322273
>> LinearSolve for s1 and κ jumps 0.008939
>> κ and s1 jumps 68.547007
4. Prepare grid and mode functions.
>> s=-2 MSTModes 0.189241
>> MMp2gridL 0.912938
>> MMp2gridR 3.690887
>> s=-1 MSTModes 0.082726
>> MMp1gridL 0.056689
>> MMp1gridR 0.21838
>> s=0 MSTModes 0.132469
A. Fill 1D grid.
>> s = 2, UP ... 22.680791
>> s = 1, UP ... 4.649004
>> s = 0, UP ... 9.425644
>> s = 2, IN ... 12.251067
>> s = 1, IN ... 1.424896
>> s = 0, IN ... 2.695494
1. Preliminaries.
Calculating B-matrices and Eigenvalues
2. Generate MSTModes
>> Generate s=-2 MSTModes 109.760525
>> Generate s=-1 MSTModes 110.286354
