Task 4 on node723.cluster: a=0.00000000000001 r0=8.1
Job started: a = 1.*^-14, r0 = 8.1, savepath = /lustre/astro/dyson/DataFiles/KerrCircSourceFiles/h1_radial
Warning: rstarmin is outside the allowed range.
Now we Calculate the Radiative Solutions
1. Preliminaries.
Calculating B-matrices and Eigenvalues
2. Generate MSTModes
>> Generate s=-2 MSTModes 192.675328
>> Generate s=-1 MSTModes 190.826379
>> Generate hκModes 554.740814
3. Jumps
>> 2.590587
>> 27.955906
>> 11.225466
>> 292.533045
>> 1604.829664
>> 1230.887086
>> LinearSolve for s1 and κ jumps 0.176768
>> κ and s1 jumps 3179.286314
4. Prepare grid and mode functions.
>> s=-2 MSTModes 0.423227
>> MMp2gridL 2.086045
>> MMp2gridR 14.952717
>> s=-1 MSTModes 0.16122
>> MMp1gridL 0.08737
>> MMp1gridR 0.547947
>> s=0 MSTModes 0.375413
A. Fill 1D grid.
>> s = 2, UP ... 178.955896
>> s = 1, UP ... 5.371303
>> s = 0, UP ... 51.596114
>> s = 2, IN ... 55.609707

                                                                             -302                          -7
General::munfl: 1.55246282151552123300880130638124416362074133752121511644 10     (0.0000374186 - 9.5359 10   I) is too small to represent as a normalized machine number; precision may be lost.

                                                                             -302                           -7
General::munfl: 1.55246282151552123300880130638124416362074133752121511644 10     (0.0000188562 - 4.75316 10   I) is too small to represent as a normalized machine number; precision may be lost.

                                                                             -302            -6             -7
General::munfl: 1.55246282151552123300880130638124416362074133752121511644 10     (9.21237 10   - 2.29881 10   I) is too small to represent as a normalized machine number; precision may be lost.

General::stop: Further output of General::munfl will be suppressed during this calculation.
>> s = 1, IN ... 3.274417
>> s = 0, IN ... 8.671646
1. Preliminaries.
Calculating B-matrices and Eigenvalues
2. Generate MSTModes
>> Generate s=-2 MSTModes 220.880177
>> Generate s=-1 MSTModes 219.801297
>> Generate hκModes 528.671572
3. Jumps
>> 2.487732
>> 27.90351
>> 12.460507
>> 274.583275
>> 1532.456284
>> 1173.28002
>> LinearSolve for s1 and κ jumps 0.735831
>> κ and s1 jumps 3030.263452
4. Prepare grid and mode functions.
>> s=-2 MSTModes 0.435949
>> MMp2gridL 2.086375
>> MMp2gridR 15.078726
>> s=-1 MSTModes 0.247938
>> MMp1gridL 0.119127
>> MMp1gridR 0.838967
>> s=0 MSTModes 0.415234
A. Fill 1D grid.
>> s = 2, UP ... 175.674111
>> s = 1, UP ... 31.88502
>> s = 0, UP ... 66.320577
>> s = 2, IN ... 54.522134
>> s = 1, IN ... 4.834345
>> s = 0, IN ... 9.345006
1. Preliminaries.
Calculating B-matrices and Eigenvalues
2. Generate MSTModes
>> Generate s=-2 MSTModes 247.751425
>> Generate s=-1 MSTModes 244.165184
>> Generate hκModes 526.844195
3. Jumps
>> 2.401747
>> 26.769381
>> 13.112558
>> 253.232939
>> 1358.87897
>> 1025.490651
>> LinearSolve for s1 and κ jumps 0.725981
>> κ and s1 jumps 2686.597791
4. Prepare grid and mode functions.
>> s=-2 MSTModes 0.430434
>> MMp2gridL 2.053749
>> MMp2gridR 14.589747
>> s=-1 MSTModes 0.243007
>> MMp1gridL 0.117239
>> MMp1gridR 0.816637
>> s=0 MSTModes 0.405837
A. Fill 1D grid.
>> s = 2, UP ... 169.895728
>> s = 1, UP ... 31.701536
>> s = 0, UP ... 66.535129
>> s = 2, IN ... 54.041375
>> s = 1, IN ... 4.697423
>> s = 0, IN ... 9.112652
1. Preliminaries.
Calculating B-matrices and Eigenvalues
2. Generate MSTModes
>> Generate s=-2 MSTModes 269.25797
>> Generate s=-1 MSTModes 267.237209
>> Generate hκModes 531.11417
3. Jumps
>> 2.235056
>> 24.637135
>> 13.576478
>> 233.189861
>> 1313.974298
>> 989.639752
>> LinearSolve for s1 and κ jumps 0.656149
>> κ and s1 jumps 2583.569805
4. Prepare grid and mode functions.
>> s=-2 MSTModes 0.438317
>> MMp2gridL 2.00678
>> MMp2gridR 14.489559
>> s=-1 MSTModes 0.243106
>> MMp1gridL 0.116405
>> MMp1gridR 0.80465
>> s=0 MSTModes 0.401318
A. Fill 1D grid.
>> s = 2, UP ... 166.101128
>> s = 1, UP ... 31.181391
>> s = 0, UP ... 62.869699
>> s = 2, IN ... 53.81736
>> s = 1, IN ... 4.628512
>> s = 0, IN ... 8.936464
1. Preliminaries.
Calculating B-matrices and Eigenvalues
2. Generate MSTModes
>> Generate s=-2 MSTModes 295.734497
>> Generate s=-1 MSTModes 294.084906
>> Generate hκModes 538.316152
3. Jumps
>> 2.241883
>> 23.425438
>> 13.697054
>> 216.382327
>> 1220.547419
>> 914.181866
>> LinearSolve for s1 and κ jumps 0.644513
>> κ and s1 jumps 2396.540686
4. Prepare grid and mode functions.
>> s=-2 MSTModes 0.427968
>> MMp2gridL 1.967662
>> MMp2gridR 14.193131
>> s=-1 MSTModes 0.240018
>> MMp1gridL 0.113955
>> MMp1gridR 0.787647
>> s=0 MSTModes 0.395259
A. Fill 1D grid.
>> s = 2, UP ... 162.197573
>> s = 1, UP ... 29.498715
>> s = 0, UP ... 59.44698
>> s = 2, IN ... 53.913983
>> s = 1, IN ... 4.591055
>> s = 0, IN ... 8.822769
1. Preliminaries.
Calculating B-matrices and Eigenvalues
2. Generate MSTModes
>> Generate s=-2 MSTModes 324.912383
>> Generate s=-1 MSTModes 322.450648
>> Generate hκModes 543.850183
3. Jumps
>> 2.118468
>> 21.637908
>> 13.783545
>> 202.619539
>> 1144.404833
>> 859.777241
>> LinearSolve for s1 and κ jumps 0.768531
>> κ and s1 jumps 2250.18531
4. Prepare grid and mode functions.
>> s=-2 MSTModes 0.417367
>> MMp2gridL 1.997651
>> MMp2gridR 13.964032
>> s=-1 MSTModes 0.23717
>> MMp1gridL 0.112253
>> MMp1gridR 0.773834
>> s=0 MSTModes 0.38652
A. Fill 1D grid.
>> s = 2, UP ... 156.94829
>> s = 1, UP ... 27.822286
>> s = 0, UP ... 57.789984
>> s = 2, IN ... 53.226325
>> s = 1, IN ... 4.458077
>> s = 0, IN ... 8.540143
1. Preliminaries.
Calculating B-matrices and Eigenvalues
2. Generate MSTModes
>> Generate s=-2 MSTModes 358.47945
>> Generate s=-1 MSTModes 355.015639
>> Generate hκModes 551.305256
3. Jumps
>> 2.018469
>> 20.62063
>> 13.958012
>> 183.544468
>> 1042.97186
>> 772.97894
>> LinearSolve for s1 and κ jumps 0.629534
>> κ and s1 jumps 2041.424243
4. Prepare grid and mode functions.
>> s=-2 MSTModes 0.409186
>> MMp2gridL 1.946292
>> MMp2gridR 13.707829
>> s=-1 MSTModes 0.23351
>> MMp1gridL 0.110267
>> MMp1gridR 0.754871
>> s=0 MSTModes 0.382853
A. Fill 1D grid.
>> s = 2, UP ... 151.89384
>> s = 1, UP ... 26.893563
>> s = 0, UP ... 55.710348
>> s = 2, IN ... 52.650737
>> s = 1, IN ... 4.336493
>> s = 0, IN ... 8.301786
1. Preliminaries.
Calculating B-matrices and Eigenvalues
2. Generate MSTModes
>> Generate s=-2 MSTModes 390.984456
>> Generate s=-1 MSTModes 387.394327
>> Generate hκModes 558.823988
3. Jumps
>> 1.89391
>> 19.08676
>> 14.198681
>> 171.703472
>> 975.016007
>> 724.441362
>> LinearSolve for s1 and κ jumps 0.642264
>> κ and s1 jumps 1911.375873
4. Prepare grid and mode functions.
>> s=-2 MSTModes 0.408323
>> MMp2gridL 1.925676
>> MMp2gridR 13.489635
>> s=-1 MSTModes 0.227564
>> MMp1gridL 0.108021
>> MMp1gridR 0.741351
>> s=0 MSTModes 0.373548
A. Fill 1D grid.
>> s = 2, UP ... 146.019733
>> s = 1, UP ... 25.901109
>> s = 0, UP ... 53.388366
>> s = 2, IN ... 52.405549
>> s = 1, IN ... 4.26835
>> s = 0, IN ... 8.134762
1. Preliminaries.
Calculating B-matrices and Eigenvalues
2. Generate MSTModes
>> Generate s=-2 MSTModes 428.793326
>> Generate s=-1 MSTModes 424.138007
>> Generate hκModes 568.242486
3. Jumps
>> 1.837395
>> 17.957152
>> 13.732974
>> 155.44464
>> 845.909235
>> 613.512365
>> LinearSolve for s1 and κ jumps 0.443138
>> κ and s1 jumps 1652.921257
4. Prepare grid and mode functions.
>> s=-2 MSTModes 0.393709
>> MMp2gridL 1.851137
>> MMp2gridR 13.153885
>> s=-1 MSTModes 0.223459
>> MMp1gridL 0.106372
>> MMp1gridR 0.725504
>> s=0 MSTModes 0.36396
A. Fill 1D grid.
>> s = 2, UP ... 141.513947
>> s = 1, UP ... 24.822838
>> s = 0, UP ... 51.497409
>> s = 2, IN ... 52.568862
>> s = 1, IN ... 4.192411
>> s = 0, IN ... 7.976692
1. Preliminaries.
Calculating B-matrices and Eigenvalues
2. Generate MSTModes
>> Generate s=-2 MSTModes 458.366589
>> Generate s=-1 MSTModes 453.527736
>> Generate hκModes 572.553941
3. Jumps
>> 1.724908
>> 16.07214
>> 13.520026
>> 136.049582
>> 777.169927
>> 567.479361
>> LinearSolve for s1 and κ jumps 0.638358
>> κ and s1 jumps 1516.533753
4. Prepare grid and mode functions.
>> s=-2 MSTModes 0.385496
>> MMp2gridL 1.826119
>> MMp2gridR 12.929731
>> s=-1 MSTModes 0.220081
>> MMp1gridL 0.104524
>> MMp1gridR 0.720215
>> s=0 MSTModes 0.356155
A. Fill 1D grid.
>> s = 2, UP ... 137.898594
>> s = 1, UP ... 24.448918
>> s = 0, UP ... 49.238999
>> s = 2, IN ... 51.969648
>> s = 1, IN ... 4.096432
>> s = 0, IN ... 7.693616
1. Preliminaries.
Calculating B-matrices and Eigenvalues
2. Generate MSTModes
>> Generate s=-2 MSTModes 494.17364
>> Generate s=-1 MSTModes 489.306117
>> Generate hκModes 580.140362
3. Jumps
>> 1.701326
>> 15.63383
>> 13.379281
>> 129.936311
>> 761.71926
>> 1324.80919
>> LinearSolve for s1 and κ jumps 0.735989
>> κ and s1 jumps 2251.631137
4. Prepare grid and mode functions.
>> s=-2 MSTModes 0.388243
>> MMp2gridL 1.791648
>> MMp2gridR 12.859848
>> s=-1 MSTModes 0.219595
>> MMp1gridL 0.103043
>> MMp1gridR 0.709379
>> s=0 MSTModes 0.362699
A. Fill 1D grid.
>> s = 2, UP ... 1098.266428
>> s = 1, UP ... 103.116434
>> s = 0, UP ... 692.481948
>> s = 2, IN ... 90.76687
>> s = 1, IN ... 4.07871
>> s = 0, IN ... 7.635596
1. Preliminaries.
Calculating B-matrices and Eigenvalues
2. Generate MSTModes
