Task 91 on node678.cluster: a=0.1 r0=7.5
Job started: a = 0.1, r0 = 7.5, savepath = /lustre/astro/dyson/DataFiles/KerrCircDiskData/h1_radial
Warning: rstarmin is outside the allowed range.
Now we Calculate the Radiative Solutions
1. Preliminaries.
Calculating B-matrices and Eigenvalues
2. Generate MSTModes
>> Generate s=-2 MSTModes 50.321632
>> Generate s=-1 MSTModes 51.123148
>> Generate hκModes 139.81793
3. Jumps
>> 0.417798
>> 2.278585
>> 4.265225
>> 4.392838
>> 52.934398
>> 19.780828
>> LinearSolve for s1 and κ jumps 0.004668
>> κ and s1 jumps 85.059467
4. Prepare grid and mode functions.
>> s=-2 MSTModes 0.226581
>> MMp2gridL 0.673023
>> MMp2gridR 5.94719
>> s=-1 MSTModes 0.071003
>> MMp1gridL 0.027783
>> MMp1gridR 0.20217
>> s=0 MSTModes 0.165403
A. Fill 1D grid.
>> s = 2, UP ... 42.364973
>> s = 1, UP ... 1.514924
>> s = 0, UP ... 10.127264
>> s = 2, IN ... 8.272146
>> s = 1, IN ... 0.69574
>> s = 0, IN ... 1.418551
1. Preliminaries.
Calculating B-matrices and Eigenvalues
2. Generate MSTModes
>> Generate s=-2 MSTModes 64.163967
>> Generate s=-1 MSTModes 62.184235
>> Generate hκModes 138.159229
3. Jumps
>> 0.388941
>> 2.565515
>> 4.902674
>> 4.130679
>> 53.305676
>> 18.224164
>> LinearSolve for s1 and κ jumps 0.716836
>> κ and s1 jumps 85.077733
4. Prepare grid and mode functions.
>> s=-2 MSTModes 0.194201
>> MMp2gridL 0.63971
>> MMp2gridR 5.841685
>> s=-1 MSTModes 0.109621
>> MMp1gridL 0.037388
>> MMp1gridR 0.331206
>> s=0 MSTModes 0.180251
A. Fill 1D grid.
>> s = 2, UP ... 39.738437
>> s = 1, UP ... 9.936816
>> s = 0, UP ... 13.733353
>> s = 2, IN ... 8.015031
>> s = 1, IN ... 1.047368
>> s = 0, IN ... 1.511297
1. Preliminaries.
Calculating B-matrices and Eigenvalues
2. Generate MSTModes
>> Generate s=-2 MSTModes 71.372891
>> Generate s=-1 MSTModes 70.775889
>> Generate hκModes 139.133391
3. Jumps
>> 0.357895
>> 2.192887
>> 5.208681
>> 3.416049
>> 45.665875
>> 15.285052
>> LinearSolve for s1 and κ jumps 0.824465
>> κ and s1 jumps 73.70242
4. Prepare grid and mode functions.
>> s=-2 MSTModes 0.194035
>> MMp2gridL 0.610855
>> MMp2gridR 5.611826
>> s=-1 MSTModes 0.105604
>> MMp1gridL 0.036365
>> MMp1gridR 0.325362
>> s=0 MSTModes 0.177038
A. Fill 1D grid.
>> s = 2, UP ... 37.372269
>> s = 1, UP ... 9.287996
>> s = 0, UP ... 13.319626
>> s = 2, IN ... 7.760144
>> s = 1, IN ... 0.973349
>> s = 0, IN ... 1.451044
1. Preliminaries.
Calculating B-matrices and Eigenvalues
2. Generate MSTModes
>> Generate s=-2 MSTModes 81.016436
>> Generate s=-1 MSTModes 79.659703
>> Generate hκModes 139.193642
3. Jumps
>> 0.345062
>> 1.969835
>> 5.174646
>> 2.914036
>> 40.640671
>> 13.253145
>> LinearSolve for s1 and κ jumps 1.220884
>> κ and s1 jumps 66.138536
4. Prepare grid and mode functions.
>> s=-2 MSTModes 0.206708
>> MMp2gridL 0.591497
>> MMp2gridR 5.38434
>> s=-1 MSTModes 0.101223
>> MMp1gridL 0.03525
>> MMp1gridR 0.308792
>> s=0 MSTModes 0.168428
A. Fill 1D grid.
>> s = 2, UP ... 35.526551
>> s = 1, UP ... 8.42624
>> s = 0, UP ... 12.541307
>> s = 2, IN ... 7.586928
>> s = 1, IN ... 0.936576
>> s = 0, IN ... 1.415922
1. Preliminaries.
Calculating B-matrices and Eigenvalues
2. Generate MSTModes
>> Generate s=-2 MSTModes 92.31658
>> Generate s=-1 MSTModes 90.221555
>> Generate hκModes 138.061653
3. Jumps
>> 0.328663
>> 1.72831
>> 4.987907
>> 2.541216
>> 36.47989
>> 11.433142
>> LinearSolve for s1 and κ jumps 0.897064
>> κ and s1 jumps 59.006364
4. Prepare grid and mode functions.
>> s=-2 MSTModes 0.186055
>> MMp2gridL 0.586842
>> MMp2gridR 5.277742
>> s=-1 MSTModes 0.100933
>> MMp1gridL 0.035768
>> MMp1gridR 0.300806
>> s=0 MSTModes 0.16318
A. Fill 1D grid.
>> s = 2, UP ... 34.20405
>> s = 1, UP ... 7.64927
>> s = 0, UP ... 10.890831
>> s = 2, IN ... 7.264284
>> s = 1, IN ... 0.880845
>> s = 0, IN ... 1.332611
1. Preliminaries.
Calculating B-matrices and Eigenvalues
2. Generate MSTModes
>> Generate s=-2 MSTModes 104.392784
>> Generate s=-1 MSTModes 101.86672
>> Generate hκModes 138.92453
3. Jumps
>> 0.314431
>> 1.525576
>> 4.878748
>> 2.257787
>> 31.908322
>> 9.879454
>> LinearSolve for s1 and κ jumps 0.466683
>> κ and s1 jumps 51.825296
4. Prepare grid and mode functions.
>> s=-2 MSTModes 0.2123
>> MMp2gridL 0.54502
>> MMp2gridR 5.120502
>> s=-1 MSTModes 0.096218
>> MMp1gridL 0.032848
>> MMp1gridR 0.293368
>> s=0 MSTModes 0.156846
A. Fill 1D grid.
>> s = 2, UP ... 31.443091
>> s = 1, UP ... 7.140886
>> s = 0, UP ... 9.969201
>> s = 2, IN ... 7.055132
>> s = 1, IN ... 0.840077
>> s = 0, IN ... 1.234138
1. Preliminaries.
Calculating B-matrices and Eigenvalues
2. Generate MSTModes
>> Generate s=-2 MSTModes 116.138926
>> Generate s=-1 MSTModes 113.49013
