Task 638 on node657.cluster: a=0.9 r0=17.0
Job started: a = 0.9, r0 = 17., savepath = /lustre/astro/dyson/DataFiles/KerrCircDiskData/h1_radial
Warning: rstarmin is outside the allowed range.
Now we Calculate the Radiative Solutions
1. Preliminaries.
Calculating B-matrices and Eigenvalues
2. Generate MSTModes
>> Generate s=-2 MSTModes 46.21526
>> Generate s=-1 MSTModes 46.603088
>> Generate hκModes 117.865464
3. Jumps
>> 0.342653
>> 2.003042
>> 3.029484
>> 3.534977
>> 44.52214
>> 16.618206
>> LinearSolve for s1 and κ jumps 0.00376
>> κ and s1 jumps 70.886343
4. Prepare grid and mode functions.
>> s=-2 MSTModes 0.195504
>> MMp2gridL 1.385588
>> MMp2gridR 3.959886
>> s=-1 MSTModes 0.058666
>> MMp1gridL 0.053121
>> MMp1gridR 0.132262
>> s=0 MSTModes 0.132443
A. Fill 1D grid.
>> s = 2, UP ... 27.594823
>> s = 1, UP ... 1.068353
>> s = 0, UP ... 6.267006
>> s = 2, IN ... 16.348861
>> s = 1, IN ... 1.204047
>> s = 0, IN ... 2.861602
1. Preliminaries.
Calculating B-matrices and Eigenvalues
2. Generate MSTModes
>> Generate s=-2 MSTModes 58.111914
>> Generate s=-1 MSTModes 57.488566
>> Generate hκModes 111.596255
3. Jumps
>> 0.314186
>> 2.065992
>> 3.482797
>> 3.358496
>> 44.529708
>> 15.248055
>> LinearSolve for s1 and κ jumps 1.269458
>> κ and s1 jumps 70.995697
4. Prepare grid and mode functions.
>> s=-2 MSTModes 0.169455
>> MMp2gridL 1.382511
>> MMp2gridR 3.998139
>> s=-1 MSTModes 0.09348
>> MMp1gridL 0.081651
>> MMp1gridR 0.232912
>> s=0 MSTModes 0.151198
A. Fill 1D grid.
>> s = 2, UP ... 26.939868
>> s = 1, UP ... 5.882298
>> s = 0, UP ... 8.542789
>> s = 2, IN ... 16.256787
>> s = 1, IN ... 2.196698
>> s = 0, IN ... 3.234413
1. Preliminaries.
Calculating B-matrices and Eigenvalues
2. Generate MSTModes
>> Generate s=-2 MSTModes 64.403596
>> Generate s=-1 MSTModes 63.725845
>> Generate hκModes 107.499063
3. Jumps
>> 0.328712
>> 1.831748
>> 3.600033
>> 11.013627
>> 73.737018
>> 47.786685
>> LinearSolve for s1 and κ jumps 1.217822
>> κ and s1 jumps 140.231678
4. Prepare grid and mode functions.
>> s=-2 MSTModes 0.190378
>> MMp2gridL 1.361572
>> MMp2gridR 3.938848
>> s=-1 MSTModes 0.091492
>> MMp1gridL 0.079816
>> MMp1gridR 0.228046
>> s=0 MSTModes 0.147348
A. Fill 1D grid.
>> s = 2, UP ... 26.795703
>> s = 1, UP ... 5.967223
>> s = 0, UP ... 11.633461
>> s = 2, IN ... 16.016811
>> s = 1, IN ... 2.119626
>> s = 0, IN ... 4.089077
1. Preliminaries.
Calculating B-matrices and Eigenvalues
2. Generate MSTModes
>> Generate s=-2 MSTModes 70.996193
>> Generate s=-1 MSTModes 70.2314
>> Generate hκModes 104.736634
3. Jumps
>> 0.298287
>> 1.669602
>> 3.57723
>> 9.403657
>> 65.581909
>> 41.294267
>> LinearSolve for s1 and κ jumps 1.189309
>> κ and s1 jumps 123.680002
4. Prepare grid and mode functions.
>> s=-2 MSTModes 0.166778
>> MMp2gridL 1.301866
>> MMp2gridR 3.789135
>> s=-1 MSTModes 0.089295
>> MMp1gridL 0.077201
>> MMp1gridR 0.220847
>> s=0 MSTModes 0.149785
A. Fill 1D grid.
>> s = 2, UP ... 25.243955
>> s = 1, UP ... 5.68354
>> s = 0, UP ... 11.439335
>> s = 2, IN ... 15.941158
>> s = 1, IN ... 2.062708
>> s = 0, IN ... 3.982916
1. Preliminaries.
Calculating B-matrices and Eigenvalues
2. Generate MSTModes
>> Generate s=-2 MSTModes 77.983911
>> Generate s=-1 MSTModes 76.235355
>> Generate hκModes 102.214426
3. Jumps
>> 0.296147
>> 1.471866
>> 3.580994
>> 8.03868
>> 58.034323
>> 35.795788
>> LinearSolve for s1 and κ jumps 1.24073
>> κ and s1 jumps 109.144851
4. Prepare grid and mode functions.
>> s=-2 MSTModes 0.163143
>> MMp2gridL 1.264546
>> MMp2gridR 3.727721
>> s=-1 MSTModes 0.087074
>> MMp1gridL 0.07788
>> MMp1gridR 0.217383
>> s=0 MSTModes 0.14087
A. Fill 1D grid.
>> s = 2, UP ... 24.505631
>> s = 1, UP ... 5.870808
>> s = 0, UP ... 11.601284
>> s = 2, IN ... 15.577724
>> s = 1, IN ... 2.023409
>> s = 0, IN ... 3.896378
1. Preliminaries.
Calculating B-matrices and Eigenvalues
2. Generate MSTModes
>> Generate s=-2 MSTModes 84.492572
>> Generate s=-1 MSTModes 82.863822
>> Generate hκModes 99.276238
3. Jumps
>> 0.270261
>> 1.440468
>> 3.638861
>> 7.740193
>> 54.231487
>> 33.8043
>> LinearSolve for s1 and κ jumps 1.179655
>> κ and s1 jumps 102.860566
4. Prepare grid and mode functions.
>> s=-2 MSTModes 0.162172
>> MMp2gridL 1.205151
>> MMp2gridR 3.559271
>> s=-1 MSTModes 0.082971
>> MMp1gridL 0.072284
>> MMp1gridR 0.203534
>> s=0 MSTModes 0.131453
A. Fill 1D grid.
>> s = 2, UP ... 23.508762
>> s = 1, UP ... 5.500442
>> s = 0, UP ... 11.102796
>> s = 2, IN ... 15.450259
>> s = 1, IN ... 1.998892
>> s = 0, IN ... 3.784299
1. Preliminaries.
Calculating B-matrices and Eigenvalues
2. Generate MSTModes
>> Generate s=-2 MSTModes 91.008621
>> Generate s=-1 MSTModes 86.44625
>> Generate hκModes 97.048619
3. Jumps
>> 0.262244
>> 1.199475
>> 3.591368
>> 6.078115
>> 44.037902
>> 26.397716
>> LinearSolve for s1 and κ jumps 1.096732
>> κ and s1 jumps 83.136382
4. Prepare grid and mode functions.
>> s=-2 MSTModes 0.192402
>> MMp2gridL 1.159208
>> MMp2gridR 3.446195
>> s=-1 MSTModes 0.081631
>> MMp1gridL 0.071913
>> MMp1gridR 0.198949
>> s=0 MSTModes 0.127691
A. Fill 1D grid.
>> s = 2, UP ... 22.261213
>> s = 1, UP ... 5.157664
>> s = 0, UP ... 10.460477
>> s = 2, IN ... 15.250937
>> s = 1, IN ... 1.94012
>> s = 0, IN ... 3.668048
1. Preliminaries.
Calculating B-matrices and Eigenvalues
2. Generate MSTModes
>> Generate s=-2 MSTModes 94.533076
>> Generate s=-1 MSTModes 89.372541
>> Generate hκModes 93.808707
3. Jumps
>> 0.24449
>> 1.038533
>> 3.507785
>> 5.174659
>> 38.407083
>> 22.865537
>> LinearSolve for s1 and κ jumps 1.326557
>> κ and s1 jumps 73.056237
4. Prepare grid and mode functions.
>> s=-2 MSTModes 0.154086
>> MMp2gridL 1.16096
>> MMp2gridR 3.350387
>> s=-1 MSTModes 0.07943
>> MMp1gridL 0.069667
>> MMp1gridR 0.200414
>> s=0 MSTModes 0.130796
A. Fill 1D grid.
>> s = 2, UP ... 21.153673
>> s = 1, UP ... 4.88329
>> s = 0, UP ... 9.571213
>> s = 2, IN ... 14.888366
>> s = 1, IN ... 1.814959
>> s = 0, IN ... 3.374382
1. Preliminaries.
Calculating B-matrices and Eigenvalues
2. Generate MSTModes
>> Generate s=-2 MSTModes 97.603613
>> Generate s=-1 MSTModes 92.403829
>> Generate hκModes 90.925958
3. Jumps
>> 0.240229
>> 0.931009
>> 3.462134
>> 4.332222
>> 32.651211
