Task 764 on node656.cluster: a=0.999 r0=36.0
Job started: a = 0.999, r0 = 36., savepath = /lustre/astro/dyson/DataFiles/KerrCircDiskData/h1_radial
Warning: rstarmin is outside the allowed range.
Now we Calculate the Radiative Solutions
1. Preliminaries.
Calculating B-matrices and Eigenvalues
2. Generate MSTModes
>> Generate s=-2 MSTModes 63.96022
>> Generate s=-1 MSTModes 63.299954

MetricReconstructRadiative`Private`hκTSolve::icaccuraccy: Warning: asymptotic expansion of order 40 at r=4000.000000000000000000000000000000000000000000000000000000000000 provides insufficiently accurate initial conditions to meet PrecsionGoal, 24.

MetricReconstructRadiative`Private`hκTSolve::icaccuraccy: Warning: asymptotic expansion of order 40 at r=4000.000000000000000000000000000000000000000000000000000000000000 provides insufficiently accurate initial conditions to meet PrecsionGoal, 24.

MetricReconstructRadiative`Private`hκTSolve::icaccuraccy: Warning: asymptotic expansion of order 40 at r=4000.000000000000000000000000000000000000000000000000000000000000 provides insufficiently accurate initial conditions to meet PrecsionGoal, 24.

General::stop: Further output of MetricReconstructRadiative`Private`hκTSolve::icaccuraccy will be suppressed during this calculation.
>> Generate hκModes 149.063329
3. Jumps
>> 0.364924
>> 2.15715
>> 3.212316
>> 3.847268
>> 48.007876
>> 17.452796
>> LinearSolve for s1 and κ jumps 0.035795
>> κ and s1 jumps 75.962067
4. Prepare grid and mode functions.
>> s=-2 MSTModes 0.196064
>> MMp2gridL 3.347153
>> MMp2gridR 2.466716
>> s=-1 MSTModes 0.06513
>> MMp1gridL 0.11254
>> MMp1gridR 0.093576
>> s=0 MSTModes 0.148894
A. Fill 1D grid.
>> s = 2, UP ... 27.178978
>> s = 1, UP ... 2.024446
>> s = 0, UP ... 4.9916
>> s = 2, IN ... 22.771934
>> s = 1, IN ... 0.885132
>> s = 0, IN ... 4.974509
1. Preliminaries.
Calculating B-matrices and Eigenvalues
2. Generate MSTModes
>> Generate s=-2 MSTModes 68.171727
>> Generate s=-1 MSTModes 64.94779
>> Generate hκModes 120.466012
3. Jumps
>> 0.318585
>> 2.058043
>> 3.180525
>> 3.310699
>> 44.07064
>> 15.063237
>> LinearSolve for s1 and κ jumps 0.965752
>> κ and s1 jumps 69.601109
4. Prepare grid and mode functions.
>> s=-2 MSTModes 0.213336
>> MMp2gridL 3.177572
>> MMp2gridR 2.300338
>> s=-1 MSTModes 0.097274
>> MMp1gridL 0.184986
>> MMp1gridR 0.134238
>> s=0 MSTModes 0.1598
A. Fill 1D grid.
>> s = 2, UP ... 25.799729
>> s = 1, UP ... 3.464195
>> s = 0, UP ... 5.183244
>> s = 2, IN ... 21.248283
>> s = 1, IN ... 4.437096
>> s = 0, IN ... 6.28639
1. Preliminaries.
Calculating B-matrices and Eigenvalues
2. Generate MSTModes
>> Generate s=-2 MSTModes 75.592373
>> Generate s=-1 MSTModes 70.735938
>> Generate hκModes 113.49349
3. Jumps
>> 0.300627
>> 1.79896
>> 3.136102
>> 2.895754
>> 39.31575
>> 13.192592
>> LinearSolve for s1 and κ jumps 0.840473
>> κ and s1 jumps 62.1443
4. Prepare grid and mode functions.
>> s=-2 MSTModes 0.171896
>> MMp2gridL 3.074229
>> MMp2gridR 2.201665
>> s=-1 MSTModes 0.093084
>> MMp1gridL 0.17759
>> MMp1gridR 0.129298
>> s=0 MSTModes 0.152787
A. Fill 1D grid.
>> s = 2, UP ... 25.273423
>> s = 1, UP ... 3.392595
>> s = 0, UP ... 5.106885
>> s = 2, IN ... 20.560455
>> s = 1, IN ... 4.343638
>> s = 0, IN ... 6.174
1. Preliminaries.
Calculating B-matrices and Eigenvalues
2. Generate MSTModes
>> Generate s=-2 MSTModes 83.746845
>> Generate s=-1 MSTModes 80.562956
>> Generate hκModes 107.874185
3. Jumps
>> 0.296252
>> 1.655219
>> 3.062443
>> 2.511178
>> 35.174953
>> 11.357145
>> LinearSolve for s1 and κ jumps 0.829059
>> κ and s1 jumps 55.414939
4. Prepare grid and mode functions.
>> s=-2 MSTModes 0.18226
>> MMp2gridL 2.927945
>> MMp2gridR 2.130303
>> s=-1 MSTModes 0.088548
>> MMp1gridL 0.170889
>> MMp1gridR 0.125222
>> s=0 MSTModes 0.144903
A. Fill 1D grid.
>> s = 2, UP ... 24.841302
>> s = 1, UP ... 3.289537
>> s = 0, UP ... 4.960161
>> s = 2, IN ... 19.534875
>> s = 1, IN ... 4.104067
>> s = 0, IN ... 5.848168
1. Preliminaries.
Calculating B-matrices and Eigenvalues
2. Generate MSTModes
>> Generate s=-2 MSTModes 91.881308
>> Generate s=-1 MSTModes 88.423651
>> Generate hκModes 104.595874
3. Jumps
>> 0.277697
>> 1.495871
>> 3.003015
>> 2.195973
>> 31.075928
>> 9.91689
>> LinearSolve for s1 and κ jumps 0.876283
>> κ and s1 jumps 49.377597
4. Prepare grid and mode functions.
>> s=-2 MSTModes 0.163638
>> MMp2gridL 2.822223
>> MMp2gridR 2.044461
>> s=-1 MSTModes 0.086088
>> MMp1gridL 0.165146
>> MMp1gridR 0.119941
>> s=0 MSTModes 0.141077
A. Fill 1D grid.
>> s = 2, UP ... 24.370712
>> s = 1, UP ... 3.132381
>> s = 0, UP ... 4.735487
>> s = 2, IN ... 18.241748
>> s = 1, IN ... 3.795707
>> s = 0, IN ... 5.497604
1. Preliminaries.
Calculating B-matrices and Eigenvalues
2. Generate MSTModes
>> Generate s=-2 MSTModes 97.831023
>> Generate s=-1 MSTModes 96.340316
>> Generate hκModes 101.468019
3. Jumps
>> 0.261011
>> 1.367717
>> 2.966523
>> 1.912966
>> 27.698299
>> 8.441977
>> LinearSolve for s1 and κ jumps 0.928871
>> κ and s1 jumps 44.096328
4. Prepare grid and mode functions.
>> s=-2 MSTModes 0.190966
>> MMp2gridL 2.690329
>> MMp2gridR 1.96893
>> s=-1 MSTModes 0.082608
>> MMp1gridL 0.157797
>> MMp1gridR 0.11396
>> s=0 MSTModes 0.133704
A. Fill 1D grid.
>> s = 2, UP ... 23.50924
>> s = 1, UP ... 3.017898
>> s = 0, UP ... 4.536723
>> s = 2, IN ... 17.303279
>> s = 1, IN ... 3.64977
>> s = 0, IN ... 5.224472
1. Preliminaries.
Calculating B-matrices and Eigenvalues
2. Generate MSTModes
>> Generate s=-2 MSTModes 102.579302
>> Generate s=-1 MSTModes 101.766714
>> Generate hκModes 98.887095
3. Jumps
>> 0.256772
>> 1.174494
>> 2.752659
>> 5.949563
>> 42.414832
>> 25.361513
>> LinearSolve for s1 and κ jumps 0.829923
>> κ and s1 jumps 79.201782
4. Prepare grid and mode functions.
>> s=-2 MSTModes 0.162459
>> MMp2gridL 2.563705
>> MMp2gridR 1.857774
>> s=-1 MSTModes 0.079447
>> MMp1gridL 0.152398
>> MMp1gridR 0.110262
>> s=0 MSTModes 0.12951
A. Fill 1D grid.
>> s = 2, UP ... 22.71512
>> s = 1, UP ... 2.779177
>> s = 0, UP ... 5.40865
>> s = 2, IN ... 16.23555
>> s = 1, IN ... 3.394516
>> s = 0, IN ... 6.493893
1. Preliminaries.
Calculating B-matrices and Eigenvalues
2. Generate MSTModes
>> Generate s=-2 MSTModes 107.359185
>> Generate s=-1 MSTModes 105.313625
>> Generate hκModes 96.142851
3. Jumps
>> 0.249756
