Task 266 on node656.cluster: a=0.3 r0=7.0
Job started: a = 0.3, r0 = 7., savepath = /lustre/astro/dyson/DataFiles/KerrCircDiskData/h1_radial
Warning: rstarmin is outside the allowed range.
Now we Calculate the Radiative Solutions
1. Preliminaries.
Calculating B-matrices and Eigenvalues
2. Generate MSTModes
>> Generate s=-2 MSTModes 52.683478
>> Generate s=-1 MSTModes 52.351551
>> Generate hκModes 142.800318
3. Jumps
>> 0.422729
>> 2.300255
>> 4.714252
>> 4.375109
>> 52.571416
>> 18.967586
>> LinearSolve for s1 and κ jumps 0.005296
>> κ and s1 jumps 84.308401
4. Prepare grid and mode functions.
>> s=-2 MSTModes 0.22349
>> MMp2gridL 0.585788
>> MMp2gridR 5.919526
>> s=-1 MSTModes 0.068109
>> MMp1gridL 0.024524
>> MMp1gridR 0.191857
>> s=0 MSTModes 0.16145
A. Fill 1D grid.
>> s = 2, UP ... 40.635524
>> s = 1, UP ... 1.468582
>> s = 0, UP ... 9.63045
>> s = 2, IN ... 7.317705
>> s = 1, IN ... 0.615482
>> s = 0, IN ... 1.232424
1. Preliminaries.
Calculating B-matrices and Eigenvalues
2. Generate MSTModes
>> Generate s=-2 MSTModes 62.412199
>> Generate s=-1 MSTModes 62.140489
>> Generate hκModes 142.734272
3. Jumps
>> 0.383305
>> 2.531061
>> 5.067365
>> 15.695909
>> 101.201094
>> 63.770528
>> LinearSolve for s1 and κ jumps 0.646179
>> κ and s1 jumps 190.131613
4. Prepare grid and mode functions.
>> s=-2 MSTModes 0.224903
>> MMp2gridL 0.568178
>> MMp2gridR 5.856785
>> s=-1 MSTModes 0.110589
>> MMp1gridL 0.033631
>> MMp1gridR 0.337084
>> s=0 MSTModes 0.175872
A. Fill 1D grid.
>> s = 2, UP ... 40.160478
>> s = 1, UP ... 9.224802
>> s = 0, UP ... 18.923472
>> s = 2, IN ... 7.233257
>> s = 1, IN ... 0.936964
>> s = 0, IN ... 1.683213
1. Preliminaries.
Calculating B-matrices and Eigenvalues
2. Generate MSTModes
>> Generate s=-2 MSTModes 72.147646
>> Generate s=-1 MSTModes 71.553553
>> Generate hκModes 143.623982
3. Jumps
>> 0.352246
>> 2.07907
>> 5.184199
>> 12.794466
>> 83.184754
>> 53.342328
>> LinearSolve for s1 and κ jumps 1.163714
>> κ and s1 jumps 158.895604
4. Prepare grid and mode functions.
>> s=-2 MSTModes 0.194866
>> MMp2gridL 0.567454
>> MMp2gridR 5.767785
>> s=-1 MSTModes 0.10727
>> MMp1gridL 0.034481
>> MMp1gridR 0.326296
>> s=0 MSTModes 0.171285
A. Fill 1D grid.
>> s = 2, UP ... 39.661143
>> s = 1, UP ... 8.938299
>> s = 0, UP ... 17.771079
>> s = 2, IN ... 7.239767
>> s = 1, IN ... 0.913226
>> s = 0, IN ... 1.636133
1. Preliminaries.
Calculating B-matrices and Eigenvalues
2. Generate MSTModes
>> Generate s=-2 MSTModes 82.834646
>> Generate s=-1 MSTModes 81.397605
>> Generate hκModes 140.160622
3. Jumps
>> 0.338874
>> 1.860144
>> 5.048454
>> 11.032512
>> 75.015343
>> 47.618357
>> LinearSolve for s1 and κ jumps 0.945645
>> κ and s1 jumps 142.602535
4. Prepare grid and mode functions.
>> s=-2 MSTModes 0.197751
>> MMp2gridL 0.542867
>> MMp2gridR 5.545218
>> s=-1 MSTModes 0.104801
>> MMp1gridL 0.033359
>> MMp1gridR 0.316463
>> s=0 MSTModes 0.166983
A. Fill 1D grid.
>> s = 2, UP ... 36.006874
>> s = 1, UP ... 8.240891
>> s = 0, UP ... 17.843424
>> s = 2, IN ... 7.160944
>> s = 1, IN ... 0.87094
>> s = 0, IN ... 1.589781
1. Preliminaries.
Calculating B-matrices and Eigenvalues
2. Generate MSTModes
>> Generate s=-2 MSTModes 95.109246
>> Generate s=-1 MSTModes 93.129438
>> Generate hκModes 142.750999
3. Jumps
>> 0.323745
>> 1.762357
>> 5.047409
>> 9.68276
>> 66.105664
>> 40.721381
>> LinearSolve for s1 and κ jumps 1.248688
>> κ and s1 jumps 125.609069
4. Prepare grid and mode functions.
>> s=-2 MSTModes 0.183093
>> MMp2gridL 0.51684
>> MMp2gridR 5.289443
>> s=-1 MSTModes 0.098828
>> MMp1gridL 0.031908
>> MMp1gridR 0.299686
>> s=0 MSTModes 0.156584
A. Fill 1D grid.
>> s = 2, UP ... 34.209667
>> s = 1, UP ... 8.213057
>> s = 0, UP ... 16.764168
>> s = 2, IN ... 6.56686
>> s = 1, IN ... 0.816543
>> s = 0, IN ... 1.460085
1. Preliminaries.
Calculating B-matrices and Eigenvalues
2. Generate MSTModes
>> Generate s=-2 MSTModes 108.216683
>> Generate s=-1 MSTModes 106.891564
>> Generate hκModes 144.742671
3. Jumps
>> 0.305645
>> 1.53989
>> 4.830485
>> 8.455158
>> 57.112999
>> 34.535583
>> LinearSolve for s1 and κ jumps 0.965205
>> κ and s1 jumps 108.404971
4. Prepare grid and mode functions.
>> s=-2 MSTModes 0.196807
>> MMp2gridL 0.481154
>> MMp2gridR 5.118676
>> s=-1 MSTModes 0.098965
>> MMp1gridL 0.02881
>> MMp1gridR 0.287257
>> s=0 MSTModes 0.145994
A. Fill 1D grid.
>> s = 2, UP ... 32.146549
>> s = 1, UP ... 7.600551
>> s = 0, UP ... 15.152983
>> s = 2, IN ... 6.507151
>> s = 1, IN ... 0.792273
>> s = 0, IN ... 1.422818
1. Preliminaries.
Calculating B-matrices and Eigenvalues
2. Generate MSTModes
>> Generate s=-2 MSTModes 119.463234
>> Generate s=-1 MSTModes 116.872233
>> Generate hκModes 140.020858
3. Jumps
