Task 288 on node656.cluster: a=0.3 r0=18.0
Job started: a = 0.3, r0 = 18., savepath = /lustre/astro/dyson/DataFiles/KerrCircDiskData/h1_radial
Warning: rstarmin is outside the allowed range.
Now we Calculate the Radiative Solutions
1. Preliminaries.
Calculating B-matrices and Eigenvalues
2. Generate MSTModes
>> Generate s=-2 MSTModes 53.843194
>> Generate s=-1 MSTModes 55.451866
>> Generate hκModes 143.261412
3. Jumps
>> 0.418862
>> 2.433559
>> 3.820076
>> 4.478944
>> 55.006325
>> 20.208973
>> LinearSolve for s1 and κ jumps 0.004866
>> κ and s1 jumps 87.37302
4. Prepare grid and mode functions.
>> s=-2 MSTModes 0.227233
>> MMp2gridL 1.806244
>> MMp2gridR 4.716226
>> s=-1 MSTModes 0.070159
>> MMp1gridL 0.069213
>> MMp1gridR 0.158457
>> s=0 MSTModes 0.160598
A. Fill 1D grid.
>> s = 2, UP ... 33.082155
>> s = 1, UP ... 1.226767
>> s = 0, UP ... 7.348868
>> s = 2, IN ... 20.476559
>> s = 1, IN ... 1.501155
>> s = 0, IN ... 3.553741
1. Preliminaries.
Calculating B-matrices and Eigenvalues
2. Generate MSTModes
>> Generate s=-2 MSTModes 65.61391
>> Generate s=-1 MSTModes 63.473396
>> Generate hκModes 132.626959
3. Jumps
>> 0.385805
>> 2.487632
>> 4.162887
>> 4.032811
>> 52.43653
>> 17.969552
>> LinearSolve for s1 and κ jumps 1.104384
>> κ and s1 jumps 83.389303
4. Prepare grid and mode functions.
>> s=-2 MSTModes 0.20243
>> MMp2gridL 1.769824
>> MMp2gridR 4.766555
>> s=-1 MSTModes 0.111572
>> MMp1gridL 0.104966
>> MMp1gridR 0.278928
>> s=0 MSTModes 0.181285
A. Fill 1D grid.
>> s = 2, UP ... 32.086624
>> s = 1, UP ... 7.062711
>> s = 0, UP ... 9.886913
>> s = 2, IN ... 20.656012
>> s = 1, IN ... 2.70976
>> s = 0, IN ... 4.003528
1. Preliminaries.
Calculating B-matrices and Eigenvalues
2. Generate MSTModes
>> Generate s=-2 MSTModes 71.372727
>> Generate s=-1 MSTModes 69.760712
>> Generate hκModes 126.568032
3. Jumps
>> 0.376764
>> 2.219419
>> 4.255813
>> 3.72188
>> 47.094798
>> 16.781668
>> LinearSolve for s1 and κ jumps 0.986074
>> κ and s1 jumps 76.198086
4. Prepare grid and mode functions.
>> s=-2 MSTModes 0.197097
>> MMp2gridL 1.716368
>> MMp2gridR 4.573257
>> s=-1 MSTModes 0.106287
>> MMp1gridL 0.100526
>> MMp1gridR 0.263765
>> s=0 MSTModes 0.17368
A. Fill 1D grid.
>> s = 2, UP ... 30.344447
>> s = 1, UP ... 6.645706
>> s = 0, UP ... 9.473645
>> s = 2, IN ... 20.111682
>> s = 1, IN ... 2.645227
>> s = 0, IN ... 3.900651
1. Preliminaries.
Calculating B-matrices and Eigenvalues
2. Generate MSTModes
>> Generate s=-2 MSTModes 76.530292
>> Generate s=-1 MSTModes 74.668474
>> Generate hκModes 120.840811
3. Jumps
>> 0.350425
>> 1.971332
>> 4.221828
>> 3.042515
>> 41.793866
>> 13.884872
>> LinearSolve for s1 and κ jumps 0.979185
>> κ and s1 jumps 66.918711
4. Prepare grid and mode functions.
>> s=-2 MSTModes 0.191604
>> MMp2gridL 1.649948
>> MMp2gridR 4.42556
>> s=-1 MSTModes 0.104109
>> MMp1gridL 0.098255
>> MMp1gridR 0.257038
>> s=0 MSTModes 0.166992
A. Fill 1D grid.
>> s = 2, UP ... 28.861774
>> s = 1, UP ... 6.332929
>> s = 0, UP ... 9.079781
>> s = 2, IN ... 19.698328
>> s = 1, IN ... 2.517954
>> s = 0, IN ... 3.799184
1. Preliminaries.
Calculating B-matrices and Eigenvalues
2. Generate MSTModes
>> Generate s=-2 MSTModes 81.753307
>> Generate s=-1 MSTModes 80.510798
>> Generate hκModes 116.666012
3. Jumps
>> 0.340502
>> 1.817252
>> 4.280749
>> 2.713046
>> 37.206116
>> 12.169835
>> LinearSolve for s1 and κ jumps 0.932626
>> κ and s1 jumps 60.073501
4. Prepare grid and mode functions.
>> s=-2 MSTModes 0.18976
>> MMp2gridL 1.601135
>> MMp2gridR 4.238575
>> s=-1 MSTModes 0.100805
>> MMp1gridL 0.094596
>> MMp1gridR 0.242642
>> s=0 MSTModes 0.161252
A. Fill 1D grid.
>> s = 2, UP ... 27.24464
>> s = 1, UP ... 5.848943
>> s = 0, UP ... 8.590349
>> s = 2, IN ... 19.048417
>> s = 1, IN ... 2.428666
>> s = 0, IN ... 3.671369
1. Preliminaries.
Calculating B-matrices and Eigenvalues
2. Generate MSTModes
>> Generate s=-2 MSTModes 86.368706
>> Generate s=-1 MSTModes 85.451281
>> Generate hκModes 112.073918
3. Jumps
>> 0.325058
>> 1.578026
>> 4.265457
>> 2.362321
>> 32.961154
>> 10.533268
>> LinearSolve for s1 and κ jumps 1.137146
>> κ and s1 jumps 53.738593
4. Prepare grid and mode functions.
>> s=-2 MSTModes 0.185489
>> MMp2gridL 1.512373
>> MMp2gridR 4.016951
>> s=-1 MSTModes 0.096406
>> MMp1gridL 0.091798
>> MMp1gridR 0.234366
>> s=0 MSTModes 0.1505
A. Fill 1D grid.
>> s = 2, UP ... 25.874553
>> s = 1, UP ... 5.49573
>> s = 0, UP ... 8.028802
>> s = 2, IN ... 18.930607
>> s = 1, IN ... 2.361301
>> s = 0, IN ... 3.5279
1. Preliminaries.
Calculating B-matrices and Eigenvalues
2. Generate MSTModes
>> Generate s=-2 MSTModes 91.717952
>> Generate s=-1 MSTModes 90.552073
>> Generate hκModes 107.540405
3. Jumps
>> 0.305177
>> 1.470445
>> 4.141212
>> 1.997027
>> 29.261843
>> 8.800628
>> LinearSolve for s1 and κ jumps 1.257154
>> κ and s1 jumps 47.78562
4. Prepare grid and mode functions.
>> s=-2 MSTModes 0.180429
>> MMp2gridL 1.44966
>> MMp2gridR 3.890134
>> s=-1 MSTModes 0.093326
>> MMp1gridL 0.088857
>> MMp1gridR 0.230362
>> s=0 MSTModes 0.153862
A. Fill 1D grid.
>> s = 2, UP ... 24.629794
>> s = 1, UP ... 5.339485
>> s = 0, UP ... 7.550534
>> s = 2, IN ... 18.423209
>> s = 1, IN ... 2.277452
>> s = 0, IN ... 3.440389
1. Preliminaries.
Calculating B-matrices and Eigenvalues
2. Generate MSTModes
>> Generate s=-2 MSTModes 96.909414
>> Generate s=-1 MSTModes 94.510568
>> Generate hκModes 103.878446
3. Jumps
>> 0.289451
>> 1.236011
>> 3.988145
>> 1.70481
>> 24.735066
>> 7.526993
>> LinearSolve for s1 and κ jumps 1.047539
>> κ and s1 jumps 41.041702
4. Prepare grid and mode functions.
>> s=-2 MSTModes 0.168955
>> MMp2gridL 1.393226
>> MMp2gridR 3.695753
>> s=-1 MSTModes 0.087939
>> MMp1gridL 0.084992
>> MMp1gridR 0.219122
>> s=0 MSTModes 0.141051
A. Fill 1D grid.
>> s = 2, UP ... 23.255491
>> s = 1, UP ... 4.881047
>> s = 0, UP ... 7.265209
>> s = 2, IN ... 18.046102
>> s = 1, IN ... 2.186486
>> s = 0, IN ... 3.30511
1. Preliminaries.
Calculating B-matrices and Eigenvalues
2. Generate MSTModes
>> Generate s=-2 MSTModes 100.293476
>> Generate s=-1 MSTModes 98.618514
>> Generate hκModes 99.635829
3. Jumps
>> 0.280821
>> 1.095249
>> 3.838035
>> 5.096316
>> 37.624914
>> 21.768071
>> LinearSolve for s1 and κ jumps 0.010325
>> κ and s1 jumps 70.135631
4. Prepare grid and mode functions.
>> s=-2 MSTModes 0.192861
>> MMp2gridL 1.31342
>> MMp2gridR 3.561559
>> s=-1 MSTModes 0.08509
>> MMp1gridL 0.082521
>> MMp1gridR 0.20749
>> s=0 MSTModes 0.134344
A. Fill 1D grid.
>> s = 2, UP ... 21.888622
>> s = 1, UP ... 4.739056
>> s = 0, UP ... 9.358313
>> s = 2, IN ... 18.141463
>> s = 1, IN ... 2.122995
>> s = 0, IN ... 3.960464
1. Preliminaries.
Calculating B-matrices and Eigenvalues
2. Generate MSTModes
>> Generate s=-2 MSTModes 102.279226
>> Generate s=-1 MSTModes 99.930394
>> Generate hκModes 98.206933
3. Jumps
>> 0.266201
>> 0.998399
>> 3.857432
>> 4.417524
>> 32.361838
>> 18.551309
>> LinearSolve for s1 and κ jumps 0.009104
>> κ and s1 jumps 60.840347
4. Prepare grid and mode functions.
>> s=-2 MSTModes 0.189886
>> MMp2gridL 1.271724
>> MMp2gridR 3.273948
>> s=-1 MSTModes 0.082558
>> MMp1gridL 0.0782
>> MMp1gridR 0.199789
>> s=0 MSTModes 0.1331
A. Fill 1D grid.
>> s = 2, UP ... 19.896911
>> s = 1, UP ... 4.115092
>> s = 0, UP ... 8.212751
