Task 718 on node657.cluster: a=0.999 r0=13.0
Job started: a = 0.999, r0 = 13., savepath = /lustre/astro/dyson/DataFiles/KerrCircDiskData/h1_radial
Warning: rstarmin is outside the allowed range.
Now we Calculate the Radiative Solutions
1. Preliminaries.
Calculating B-matrices and Eigenvalues
2. Generate MSTModes
>> Generate s=-2 MSTModes 52.528481
>> Generate s=-1 MSTModes 51.542776
>> Generate hκModes 122.124111
3. Jumps
>> 0.342548
>> 1.970296
>> 3.12156
>> 3.55925
>> 44.691371
>> 16.247645
>> LinearSolve for s1 and κ jumps 0.004411
>> κ and s1 jumps 70.760165
4. Prepare grid and mode functions.
>> s=-2 MSTModes 0.199459
>> MMp2gridL 1.038432
>> MMp2gridR 4.427266
>> s=-1 MSTModes 0.059766
>> MMp1gridL 0.039989
>> MMp1gridR 0.142747
>> s=0 MSTModes 0.134988
A. Fill 1D grid.
>> s = 2, UP ... 31.341376
>> s = 1, UP ... 1.154219
>> s = 0, UP ... 7.076804
>> s = 2, IN ... 12.413382
>> s = 1, IN ... 0.933414
>> s = 0, IN ... 2.147289
1. Preliminaries.
Calculating B-matrices and Eigenvalues
2. Generate MSTModes
>> Generate s=-2 MSTModes 64.392891
>> Generate s=-1 MSTModes 61.658788
>> Generate hκModes 114.672244
3. Jumps
>> 0.325647
>> 2.013299
>> 3.532832
>> 12.888043
>> 83.767725
>> 55.846836
>> LinearSolve for s1 and κ jumps 0.724252
>> κ and s1 jumps 159.953521
4. Prepare grid and mode functions.
>> s=-2 MSTModes 0.177773
>> MMp2gridL 1.04442
>> MMp2gridR 4.506627
>> s=-1 MSTModes 0.096892
>> MMp1gridL 0.060284
>> MMp1gridR 0.256556
>> s=0 MSTModes 0.155813
A. Fill 1D grid.
>> s = 2, UP ... 32.447458
>> s = 1, UP ... 7.152971
>> s = 0, UP ... 13.696902
>> s = 2, IN ... 12.218236
>> s = 1, IN ... 1.64811
>> s = 0, IN ... 3.06999
1. Preliminaries.
Calculating B-matrices and Eigenvalues
2. Generate MSTModes
>> Generate s=-2 MSTModes 71.148473
>> Generate s=-1 MSTModes 67.61819
>> Generate hκModes 113.294669
3. Jumps
>> 0.301976
>> 1.820419
>> 3.608696
>> 11.527887
>> 76.430235
>> 49.355301
>> LinearSolve for s1 and κ jumps 1.098755
>> κ and s1 jumps 144.813411
4. Prepare grid and mode functions.
>> s=-2 MSTModes 0.187958
>> MMp2gridL 1.013221
>> MMp2gridR 4.36239
>> s=-1 MSTModes 0.092561
>> MMp1gridL 0.059085
>> MMp1gridR 0.247254
>> s=0 MSTModes 0.150448
A. Fill 1D grid.
>> s = 2, UP ... 30.799314
>> s = 1, UP ... 6.777829
>> s = 0, UP ... 13.687195
>> s = 2, IN ... 12.218948
>> s = 1, IN ... 1.630392
>> s = 0, IN ... 3.029436
1. Preliminaries.
Calculating B-matrices and Eigenvalues
2. Generate MSTModes
>> Generate s=-2 MSTModes 79.145836
>> Generate s=-1 MSTModes 74.996894
>> Generate hκModes 112.312193
3. Jumps
>> 0.2904
>> 1.669186
>> 3.71886
>> 9.377993
>> 64.037919
>> 40.342023
>> LinearSolve for s1 and κ jumps 1.080122
>> κ and s1 jumps 121.229638
4. Prepare grid and mode functions.
>> s=-2 MSTModes 0.170313
>> MMp2gridL 0.967339
>> MMp2gridR 4.2104
>> s=-1 MSTModes 0.090093
>> MMp1gridL 0.058142
>> MMp1gridR 0.240621
>> s=0 MSTModes 0.145808
A. Fill 1D grid.
>> s = 2, UP ... 28.963631
>> s = 1, UP ... 6.706217
>> s = 0, UP ... 13.750214
>> s = 2, IN ... 12.17531
>> s = 1, IN ... 1.600685
>> s = 0, IN ... 2.977099
1. Preliminaries.
Calculating B-matrices and Eigenvalues
2. Generate MSTModes
>> Generate s=-2 MSTModes 86.930931
>> Generate s=-1 MSTModes 82.877833
>> Generate hκModes 111.413193
3. Jumps
>> 0.280727
>> 1.442769
>> 3.821922
>> 8.326928
>> 56.668653
>> 35.50289
>> LinearSolve for s1 and κ jumps 1.071441
>> κ and s1 jumps 107.729208
4. Prepare grid and mode functions.
>> s=-2 MSTModes 0.169872
>> MMp2gridL 0.93992
>> MMp2gridR 4.134966
>> s=-1 MSTModes 0.087646
>> MMp1gridL 0.056949
>> MMp1gridR 0.233641
>> s=0 MSTModes 0.141224
A. Fill 1D grid.
>> s = 2, UP ... 27.885895
>> s = 1, UP ... 6.427713
>> s = 0, UP ... 13.254453
>> s = 2, IN ... 11.911717
>> s = 1, IN ... 1.506449
>> s = 0, IN ... 2.861742
1. Preliminaries.
Calculating B-matrices and Eigenvalues
2. Generate MSTModes
>> Generate s=-2 MSTModes 96.523272
>> Generate s=-1 MSTModes 91.736208
>> Generate hκModes 110.835301
3. Jumps
>> 0.26571
>> 1.312349
>> 3.783506
>> 6.775588
>> 48.088041
>> 28.998255
>> LinearSolve for s1 and κ jumps 0.952812
>> κ and s1 jumps 90.750278
4. Prepare grid and mode functions.
>> s=-2 MSTModes 0.174404
>> MMp2gridL 0.907242
>> MMp2gridR 3.998917
>> s=-1 MSTModes 0.085372
>> MMp1gridL 0.055629
>> MMp1gridR 0.22858
>> s=0 MSTModes 0.140673
A. Fill 1D grid.
>> s = 2, UP ... 26.424746
>> s = 1, UP ... 6.01998
>> s = 0, UP ... 12.735314
>> s = 2, IN ... 11.717362
>> s = 1, IN ... 1.488533
>> s = 0, IN ... 2.791603
1. Preliminaries.
Calculating B-matrices and Eigenvalues
2. Generate MSTModes
>> Generate s=-2 MSTModes 104.539594
>> Generate s=-1 MSTModes 99.934607
>> Generate hκModes 109.750374
3. Jumps
>> 0.253639
>> 1.160452
>> 3.729899
>> 5.982676
>> 43.030944
>> 26.27315
>> LinearSolve for s1 and κ jumps 1.023232
>> κ and s1 jumps 81.912097
4. Prepare grid and mode functions.
>> s=-2 MSTModes 0.168596
>> MMp2gridL 0.870711
>> MMp2gridR 3.769003
>> s=-1 MSTModes 0.080651
>> MMp1gridL 0.053113
>> MMp1gridR 0.217999
>> s=0 MSTModes 0.135141
A. Fill 1D grid.
>> s = 2, UP ... 24.472858
>> s = 1, UP ... 5.314208
>> s = 0, UP ... 10.254081
>> s = 2, IN ... 11.25042
>> s = 1, IN ... 1.373837
>> s = 0, IN ... 2.518811
1. Preliminaries.
Calculating B-matrices and Eigenvalues
2. Generate MSTModes
>> Generate s=-2 MSTModes 109.287088
>> Generate s=-1 MSTModes 104.777594
