Task 111 on node678.cluster: a=0.1 r0=17.5
Job started: a = 0.1, r0 = 17.5, savepath = /lustre/astro/dyson/DataFiles/KerrCircDiskData/h1_radial
Warning: rstarmin is outside the allowed range.
Now we Calculate the Radiative Solutions
1. Preliminaries.
Calculating B-matrices and Eigenvalues
2. Generate MSTModes
>> Generate s=-2 MSTModes 53.184731
>> Generate s=-1 MSTModes 54.942434
>> Generate hκModes 136.038541
3. Jumps
>> 0.419657
>> 2.451507
>> 3.734504
>> 4.231428
>> 54.595171
>> 19.504848
>> LinearSolve for s1 and κ jumps 0.00557
>> κ and s1 jumps 85.921856
4. Prepare grid and mode functions.
>> s=-2 MSTModes 0.229396
>> MMp2gridL 1.742984
>> MMp2gridR 4.769472
>> s=-1 MSTModes 0.072423
>> MMp1gridL 0.065448
>> MMp1gridR 0.159219
>> s=0 MSTModes 0.164194
A. Fill 1D grid.
>> s = 2, UP ... 33.528266
>> s = 1, UP ... 1.289092
>> s = 0, UP ... 7.602703
>> s = 2, IN ... 20.519981
>> s = 1, IN ... 1.532359
>> s = 0, IN ... 3.634471
1. Preliminaries.
Calculating B-matrices and Eigenvalues
2. Generate MSTModes
>> Generate s=-2 MSTModes 67.211358
>> Generate s=-1 MSTModes 67.173846
>> Generate hκModes 128.080652
3. Jumps
>> 0.374289
>> 2.413295
>> 4.13166
>> 3.936588
>> 52.203329
>> 17.94752
>> LinearSolve for s1 and κ jumps 0.836132
>> κ and s1 jumps 82.592812
4. Prepare grid and mode functions.
>> s=-2 MSTModes 0.242523
>> MMp2gridL 1.718159
>> MMp2gridR 4.813461
>> s=-1 MSTModes 0.113577
>> MMp1gridL 0.100628
>> MMp1gridR 0.281489
>> s=0 MSTModes 0.183842
A. Fill 1D grid.
>> s = 2, UP ... 32.229231
>> s = 1, UP ... 6.956419
>> s = 0, UP ... 10.175804
>> s = 2, IN ... 20.230941
>> s = 1, IN ... 2.690786
>> s = 0, IN ... 4.044904
1. Preliminaries.
Calculating B-matrices and Eigenvalues
2. Generate MSTModes
>> Generate s=-2 MSTModes 73.859918
>> Generate s=-1 MSTModes 72.233666
>> Generate hκModes 121.793214
3. Jumps
>> 0.369161
>> 2.13105
>> 4.554953
>> 3.472442
>> 46.255199
>> 15.922144
>> LinearSolve for s1 and κ jumps 0.85364
>> κ and s1 jumps 74.234258
4. Prepare grid and mode functions.
>> s=-2 MSTModes 0.238969
>> MMp2gridL 1.641858
>> MMp2gridR 4.606161
>> s=-1 MSTModes 0.109485
>> MMp1gridL 0.097544
>> MMp1gridR 0.271672
>> s=0 MSTModes 0.176966
A. Fill 1D grid.
>> s = 2, UP ... 30.568635
>> s = 1, UP ... 6.622483
>> s = 0, UP ... 9.63426
>> s = 2, IN ... 19.778275
>> s = 1, IN ... 2.590746
>> s = 0, IN ... 3.91707
1. Preliminaries.
Calculating B-matrices and Eigenvalues
2. Generate MSTModes
>> Generate s=-2 MSTModes 79.175334
>> Generate s=-1 MSTModes 77.022879
>> Generate hκModes 116.723617
3. Jumps
>> 0.348821
>> 1.961491
>> 4.30774
>> 3.035338
>> 40.747204
>> 13.410061
>> LinearSolve for s1 and κ jumps 0.84405
>> κ and s1 jumps 65.281805
4. Prepare grid and mode functions.
>> s=-2 MSTModes 0.233335
>> MMp2gridL 1.576016
>> MMp2gridR 4.386448
>> s=-1 MSTModes 0.105419
>> MMp1gridL 0.093882
>> MMp1gridR 0.254793
>> s=0 MSTModes 0.165675
A. Fill 1D grid.
>> s = 2, UP ... 29.277744
>> s = 1, UP ... 6.375894
>> s = 0, UP ... 9.171529
>> s = 2, IN ... 19.133437
>> s = 1, IN ... 2.468424
>> s = 0, IN ... 3.750791
1. Preliminaries.
Calculating B-matrices and Eigenvalues
2. Generate MSTModes
>> Generate s=-2 MSTModes 84.89305
>> Generate s=-1 MSTModes 82.946324
>> Generate hκModes 112.342594
3. Jumps
>> 0.329901
>> 1.72763
>> 4.281068
>> 2.538983
>> 36.316991
>> 11.391292
>> LinearSolve for s1 and κ jumps 0.822187
>> κ and s1 jumps 57.962601
4. Prepare grid and mode functions.
>> s=-2 MSTModes 0.220199
>> MMp2gridL 1.515154
>> MMp2gridR 4.236712
>> s=-1 MSTModes 0.104099
>> MMp1gridL 0.09014
>> MMp1gridR 0.245704
>> s=0 MSTModes 0.163735
A. Fill 1D grid.
>> s = 2, UP ... 27.766172
>> s = 1, UP ... 6.009274
>> s = 0, UP ... 8.558108
>> s = 2, IN ... 18.489274
>> s = 1, IN ... 2.372036
>> s = 0, IN ... 3.564406
1. Preliminaries.
Calculating B-matrices and Eigenvalues
2. Generate MSTModes
>> Generate s=-2 MSTModes 89.615698
>> Generate s=-1 MSTModes 88.295628
>> Generate hκModes 107.627322
3. Jumps
>> 0.310634
>> 1.497956
>> 4.211641
>> 2.251902
>> 31.907101
>> 10.046601
>> LinearSolve for s1 and κ jumps 0.826562
>> κ and s1 jumps 51.562712
4. Prepare grid and mode functions.
>> s=-2 MSTModes 0.225598
>> MMp2gridL 1.43377
>> MMp2gridR 4.061227
>> s=-1 MSTModes 0.097225
>> MMp1gridL 0.088525
>> MMp1gridR 0.234689
>> s=0 MSTModes 0.155457
A. Fill 1D grid.
>> s = 2, UP ... 26.033814
>> s = 1, UP ... 5.610038
>> s = 0, UP ... 8.189344
>> s = 2, IN ... 18.046538
>> s = 1, IN ... 2.283118
>> s = 0, IN ... 3.457264
1. Preliminaries.
Calculating B-matrices and Eigenvalues
2. Generate MSTModes
>> Generate s=-2 MSTModes 93.921855
>> Generate s=-1 MSTModes 93.19455
>> Generate hκModes 104.29764
3. Jumps
>> 0.296823
>> 1.371312
>> 4.057794
>> 1.907278
>> 28.678667
>> 8.580346
>> LinearSolve for s1 and κ jumps 0.433001
>> κ and s1 jumps 45.84238
4. Prepare grid and mode functions.
>> s=-2 MSTModes 0.216335
>> MMp2gridL 1.365736
>> MMp2gridR 3.872606
>> s=-1 MSTModes 0.093659
>> MMp1gridL 0.084787
>> MMp1gridR 0.222227
>> s=0 MSTModes 0.146386
A. Fill 1D grid.
>> s = 2, UP ... 24.438443
>> s = 1, UP ... 5.228386
>> s = 0, UP ... 7.761665
>> s = 2, IN ... 17.703
>> s = 1, IN ... 2.146383
>> s = 0, IN ... 3.275875
1. Preliminaries.
Calculating B-matrices and Eigenvalues
2. Generate MSTModes
>> Generate s=-2 MSTModes 98.191053
>> Generate s=-1 MSTModes 95.77374
>> Generate hκModes 101.917542
3. Jumps
>> 0.282289
>> 1.210566
>> 4.061154
>> 1.635073
>> 24.664952
>> 7.382064
>> LinearSolve for s1 and κ jumps 0.812575
>> κ and s1 jumps 40.446791
4. Prepare grid and mode functions.
>> s=-2 MSTModes 0.16657
>> MMp2gridL 1.327469
>> MMp2gridR 3.67878
>> s=-1 MSTModes 0.08826
>> MMp1gridL 0.082137
>> MMp1gridR 0.217474
>> s=0 MSTModes 0.135493
A. Fill 1D grid.
>> s = 2, UP ... 23.028102
>> s = 1, UP ... 4.865942
>> s = 0, UP ... 7.35017
>> s = 2, IN ... 17.33048
>> s = 1, IN ... 2.075787
>> s = 0, IN ... 3.109431
1. Preliminaries.
Calculating B-matrices and Eigenvalues
2. Generate MSTModes
>> Generate s=-2 MSTModes 102.539483
>> Generate s=-1 MSTModes 101.975311
>> Generate hκModes 97.548151
3. Jumps
>> 0.277602
>> 1.056652
>> 3.953161
>> 1.422076
>> 21.823247
>> 6.258001
>> LinearSolve for s1 and κ jumps 0.008689
>> κ and s1 jumps 35.168989
4. Prepare grid and mode functions.
>> s=-2 MSTModes 0.197802
>> MMp2gridL 1.244015
>> MMp2gridR 3.487255
>> s=-1 MSTModes 0.086422
>> MMp1gridL 0.077766
>> MMp1gridR 0.210423
>> s=0 MSTModes 0.133541
A. Fill 1D grid.
>> s = 2, UP ... 21.47554
>> s = 1, UP ... 4.567554
>> s = 0, UP ... 6.739188
>> s = 2, IN ... 16.782098
>> s = 1, IN ... 1.951404
>> s = 0, IN ... 2.977849
1. Preliminaries.
Calculating B-matrices and Eigenvalues
2. Generate MSTModes
>> Generate s=-2 MSTModes 101.753826
>> Generate s=-1 MSTModes 100.771261
>> Generate hκModes 96.876587
3. Jumps
>> 0.26211
>> 0.972798
>> 3.797559
>> 1.207305
>> 18.860588
>> 5.253458
>> LinearSolve for s1 and κ jumps 0.007567
>> κ and s1 jumps 30.685821
4. Prepare grid and mode functions.
>> s=-2 MSTModes 0.191395
>> MMp2gridL 1.247669
>> MMp2gridR 3.329168
>> s=-1 MSTModes 0.080323
>> MMp1gridL 0.074859
>> MMp1gridR 0.201768
>> s=0 MSTModes 0.128192
A. Fill 1D grid.
>> s = 2, UP ... 19.817162
>> s = 1, UP ... 4.106029
>> s = 0, UP ... 6.241387
>> s = 2, IN ... 15.978967
>> s = 1, IN ... 1.795047
>> s = 0, IN ... 2.831213
1. Preliminaries.
Calculating B-matrices and Eigenvalues
2. Generate MSTModes
>> Generate s=-2 MSTModes 102.276706
>> Generate s=-1 MSTModes 102.413934
