Task 708 on node656.cluster: a=0.999 r0=8.0
Job started: a = 0.999, r0 = 8., savepath = /lustre/astro/dyson/DataFiles/KerrCircDiskData/h1_radial
Warning: rstarmin is outside the allowed range.
Now we Calculate the Radiative Solutions
1. Preliminaries.
Calculating B-matrices and Eigenvalues
2. Generate MSTModes
>> Generate s=-2 MSTModes 58.955761
>> Generate s=-1 MSTModes 55.062046
>> Generate hκModes 136.914833
3. Jumps
>> 0.394194
>> 2.239102
>> 4.027845
>> 15.626813
>> 97.36241
>> 63.076418
>> LinearSolve for s1 and κ jumps 0.005725
>> κ and s1 jumps 183.757186
4. Prepare grid and mode functions.
>> s=-2 MSTModes 0.206196
>> MMp2gridL 0.624428
>> MMp2gridR 5.356588
>> s=-1 MSTModes 0.064688
>> MMp1gridL 0.025516
>> MMp1gridR 0.170143
>> s=0 MSTModes 0.153212
A. Fill 1D grid.
>> s = 2, UP ... 38.015239
>> s = 1, UP ... 1.349509
>> s = 0, UP ... 12.264465
>> s = 2, IN ... 7.677959
>> s = 1, IN ... 0.632761
>> s = 0, IN ... 1.624882
1. Preliminaries.
Calculating B-matrices and Eigenvalues
2. Generate MSTModes
>> Generate s=-2 MSTModes 60.415444
>> Generate s=-1 MSTModes 60.584626
>> Generate hκModes 122.035471
3. Jumps
>> 0.320416
>> 2.036042
>> 3.969079
>> 11.809467
>> 80.504895
>> 52.368994
>> LinearSolve for s1 and κ jumps 0.75155
>> κ and s1 jumps 152.524006
4. Prepare grid and mode functions.
>> s=-2 MSTModes 0.171602
>> MMp2gridL 0.585797
>> MMp2gridR 4.810008
>> s=-1 MSTModes 0.094895
>> MMp1gridL 0.034738
>> MMp1gridR 0.280447
>> s=0 MSTModes 0.159248
A. Fill 1D grid.
>> s = 2, UP ... 32.621391
>> s = 1, UP ... 7.561659
>> s = 0, UP ... 15.888612
>> s = 2, IN ... 7.213386
>> s = 1, IN ... 0.924375
>> s = 0, IN ... 1.698261
1. Preliminaries.
Calculating B-matrices and Eigenvalues
2. Generate MSTModes
>> Generate s=-2 MSTModes 67.483664
>> Generate s=-1 MSTModes 65.686078
>> Generate hκModes 120.637026
3. Jumps
>> 0.302266
>> 1.915043
>> 4.130571
>> 10.365081
>> 72.029082
>> 45.059241
>> LinearSolve for s1 and κ jumps 0.68858
>> κ and s1 jumps 135.157483
4. Prepare grid and mode functions.
>> s=-2 MSTModes 0.170875
>> MMp2gridL 0.569405
>> MMp2gridR 4.68755
>> s=-1 MSTModes 0.093681
>> MMp1gridL 0.033781
>> MMp1gridR 0.273779
>> s=0 MSTModes 0.150575
A. Fill 1D grid.
>> s = 2, UP ... 31.626604
>> s = 1, UP ... 7.611821
>> s = 0, UP ... 15.196578
>> s = 2, IN ... 7.052054
>> s = 1, IN ... 0.899715
>> s = 0, IN ... 1.651385
1. Preliminaries.
Calculating B-matrices and Eigenvalues
2. Generate MSTModes
>> Generate s=-2 MSTModes 77.401024
>> Generate s=-1 MSTModes 75.781719
>> Generate hκModes 123.501519
3. Jumps
>> 0.293315
>> 1.652219
>> 4.159304
>> 9.416883
>> 63.55031
>> 39.978834
>> LinearSolve for s1 and κ jumps 0.708986
>> κ and s1 jumps 120.395983
4. Prepare grid and mode functions.
>> s=-2 MSTModes 0.167556
>> MMp2gridL 0.547085
>> MMp2gridR 4.637636
>> s=-1 MSTModes 0.089621
>> MMp1gridL 0.032366
>> MMp1gridR 0.260557
>> s=0 MSTModes 0.148505
A. Fill 1D grid.
>> s = 2, UP ... 29.497632
>> s = 1, UP ... 6.770937
>> s = 0, UP ... 13.469869
>> s = 2, IN ... 6.860679
>> s = 1, IN ... 0.867218
>> s = 0, IN ... 1.565285
1. Preliminaries.
Calculating B-matrices and Eigenvalues
2. Generate MSTModes
>> Generate s=-2 MSTModes 88.894176
>> Generate s=-1 MSTModes 85.671366
>> Generate hκModes 124.971703
3. Jumps
>> 0.278827
>> 1.434898
>> 4.131873
>> 8.1237
>> 55.900319
>> 34.471543
>> LinearSolve for s1 and κ jumps 0.680618
>> κ and s1 jumps 105.627049
4. Prepare grid and mode functions.
>> s=-2 MSTModes 0.1614
>> MMp2gridL 0.521207
>> MMp2gridR 4.377507
>> s=-1 MSTModes 0.087569
>> MMp1gridL 0.032613
>> MMp1gridR 0.253843
>> s=0 MSTModes 0.142716
A. Fill 1D grid.
>> s = 2, UP ... 28.077167
>> s = 1, UP ... 6.334666
>> s = 0, UP ... 12.471847
>> s = 2, IN ... 6.76894
>> s = 1, IN ... 0.837106
>> s = 0, IN ... 1.512203
1. Preliminaries.
Calculating B-matrices and Eigenvalues
2. Generate MSTModes
>> Generate s=-2 MSTModes 99.553462
>> Generate s=-1 MSTModes 98.840269
>> Generate hκModes 126.027989
3. Jumps
>> 0.262766
>> 1.28567
>> 4.033992
>> 7.062775
>> 49.61891
>> 30.472258
>> LinearSolve for s1 and κ jumps 1.228586
>> κ and s1 jumps 94.552592
4. Prepare grid and mode functions.
>> s=-2 MSTModes 0.157098
>> MMp2gridL 0.502125
>> MMp2gridR 4.193028
>> s=-1 MSTModes 0.084683
>> MMp1gridL 0.030839
>> MMp1gridR 0.249215
>> s=0 MSTModes 0.137206
A. Fill 1D grid.
>> s = 2, UP ... 26.572253
>> s = 1, UP ... 5.648928
>> s = 0, UP ... 11.100056
>> s = 2, IN ... 6.489961
>> s = 1, IN ... 0.783332
>> s = 0, IN ... 1.412616
1. Preliminaries.
Calculating B-matrices and Eigenvalues
2. Generate MSTModes
>> Generate s=-2 MSTModes 110.516936
>> Generate s=-1 MSTModes 111.050865
