Task 192 on node678.cluster: a=0.2 r0=14.0
Job started: a = 0.2, r0 = 14., savepath = /lustre/astro/dyson/DataFiles/KerrCircDiskData/h1_radial
Warning: rstarmin is outside the allowed range.
Now we Calculate the Radiative Solutions
1. Preliminaries.
Calculating B-matrices and Eigenvalues
2. Generate MSTModes
>> Generate s=-2 MSTModes 52.079767
>> Generate s=-1 MSTModes 52.938779
>> Generate hκModes 138.852107
3. Jumps
>> 0.420603
>> 2.318073
>> 3.863757
>> 4.392007
>> 53.684765
>> 19.894621
>> LinearSolve for s1 and κ jumps 0.004792
>> κ and s1 jumps 85.54921
4. Prepare grid and mode functions.
>> s=-2 MSTModes 0.224879
>> MMp2gridL 1.322064
>> MMp2gridR 5.071079
>> s=-1 MSTModes 0.070939
>> MMp1gridL 0.05149
>> MMp1gridR 0.170154
>> s=0 MSTModes 0.161029
A. Fill 1D grid.
>> s = 2, UP ... 36.095545
>> s = 1, UP ... 1.345717
>> s = 0, UP ... 8.024357
>> s = 2, IN ... 15.521682
>> s = 1, IN ... 1.154922
>> s = 0, IN ... 2.723509
1. Preliminaries.
Calculating B-matrices and Eigenvalues
2. Generate MSTModes
>> Generate s=-2 MSTModes 64.398272
>> Generate s=-1 MSTModes 63.761892
>> Generate hκModes 129.80565
3. Jumps
>> 0.376143
>> 2.421072
>> 4.315493
>> 3.957325
>> 52.579985
>> 17.789188
>> LinearSolve for s1 and κ jumps 0.625473
>> κ and s1 jumps 82.844772
4. Prepare grid and mode functions.
>> s=-2 MSTModes 0.241287
>> MMp2gridL 1.308142
>> MMp2gridR 5.140465
>> s=-1 MSTModes 0.111752
>> MMp1gridL 0.078583
>> MMp1gridR 0.298062
>> s=0 MSTModes 0.17802
A. Fill 1D grid.
>> s = 2, UP ... 35.018627
>> s = 1, UP ... 8.077716
>> s = 0, UP ... 11.657868
>> s = 2, IN ... 15.287607
>> s = 1, IN ... 2.017788
>> s = 0, IN ... 3.018885
1. Preliminaries.
Calculating B-matrices and Eigenvalues
2. Generate MSTModes
>> Generate s=-2 MSTModes 70.007345
>> Generate s=-1 MSTModes 69.799967
>> Generate hκModes 125.164277
3. Jumps
>> 0.371333
>> 2.220763
>> 4.430131
>> 3.461625
>> 47.349775
>> 15.415748
>> LinearSolve for s1 and κ jumps 0.917155
>> κ and s1 jumps 74.893094
4. Prepare grid and mode functions.
>> s=-2 MSTModes 0.192859
>> MMp2gridL 1.271141
>> MMp2gridR 4.901948
>> s=-1 MSTModes 0.107535
>> MMp1gridL 0.075709
>> MMp1gridR 0.2874
>> s=0 MSTModes 0.172244
A. Fill 1D grid.
>> s = 2, UP ... 33.083337
>> s = 1, UP ... 7.703252
>> s = 0, UP ... 10.923577
>> s = 2, IN ... 15.093437
>> s = 1, IN ... 1.96936
>> s = 0, IN ... 2.923651
1. Preliminaries.
Calculating B-matrices and Eigenvalues
2. Generate MSTModes
>> Generate s=-2 MSTModes 76.262765
>> Generate s=-1 MSTModes 75.571903
>> Generate hκModes 121.010114
3. Jumps
>> 0.341437
>> 1.95784
>> 4.531175
>> 3.015256
>> 41.35308
>> 13.264278
>> LinearSolve for s1 and κ jumps 1.272591
>> κ and s1 jumps 66.479928
4. Prepare grid and mode functions.
>> s=-2 MSTModes 0.192645
>> MMp2gridL 1.198639
>> MMp2gridR 4.713818
>> s=-1 MSTModes 0.103097
>> MMp1gridL 0.072281
>> MMp1gridR 0.273979
>> s=0 MSTModes 0.168413
A. Fill 1D grid.
>> s = 2, UP ... 31.094268
>> s = 1, UP ... 7.267256
>> s = 0, UP ... 10.350853
>> s = 2, IN ... 14.508811
>> s = 1, IN ... 1.898188
>> s = 0, IN ... 2.817703
1. Preliminaries.
Calculating B-matrices and Eigenvalues
2. Generate MSTModes
>> Generate s=-2 MSTModes 82.99547
>> Generate s=-1 MSTModes 82.381276
>> Generate hκModes 117.766013
3. Jumps
>> 0.338701
>> 1.754553
>> 4.476244
>> 2.593131
>> 37.020632
>> 11.546543
>> LinearSolve for s1 and κ jumps 1.084525
>> κ and s1 jumps 59.393101
4. Prepare grid and mode functions.
>> s=-2 MSTModes 0.217098
>> MMp2gridL 1.157428
>> MMp2gridR 4.497941
>> s=-1 MSTModes 0.100548
>> MMp1gridL 0.070928
>> MMp1gridR 0.265711
>> s=0 MSTModes 0.160515
A. Fill 1D grid.
>> s = 2, UP ... 29.232776
>> s = 1, UP ... 6.754585
>> s = 0, UP ... 9.548643
>> s = 2, IN ... 14.139237
>> s = 1, IN ... 1.777181
>> s = 0, IN ... 2.702892
1. Preliminaries.
Calculating B-matrices and Eigenvalues
2. Generate MSTModes
>> Generate s=-2 MSTModes 89.373128
>> Generate s=-1 MSTModes 88.278791
>> Generate hκModes 114.219677
3. Jumps
>> 0.311433
>> 1.525024
>> 4.420124
>> 2.180314
>> 31.091011
>> 9.639662
>> LinearSolve for s1 and κ jumps 1.139584
>> κ and s1 jumps 50.824517
4. Prepare grid and mode functions.
>> s=-2 MSTModes 0.206936
>> MMp2gridL 1.103948
>> MMp2gridR 4.261421
>> s=-1 MSTModes 0.093725
>> MMp1gridL 0.067589
>> MMp1gridR 0.248208
>> s=0 MSTModes 0.149162
A. Fill 1D grid.
>> s = 2, UP ... 27.425709
>> s = 1, UP ... 6.172968
>> s = 0, UP ... 9.148209
>> s = 2, IN ... 13.756917
>> s = 1, IN ... 1.711829
>> s = 0, IN ... 2.567248
1. Preliminaries.
Calculating B-matrices and Eigenvalues
2. Generate MSTModes
>> Generate s=-2 MSTModes 95.613003
>> Generate s=-1 MSTModes 94.531713
>> Generate hκModes 111.221136
3. Jumps
>> 0.298652
>> 1.357173
>> 4.33397
>> 1.903743
>> 28.156408
>> 8.431478
>> LinearSolve for s1 and κ jumps 0.687364
>> κ and s1 jumps 45.632355
4. Prepare grid and mode functions.
>> s=-2 MSTModes 0.207649
>> MMp2gridL 1.060685
>> MMp2gridR 4.118487
>> s=-1 MSTModes 0.089975
>> MMp1gridL 0.064896
>> MMp1gridR 0.239317
>> s=0 MSTModes 0.138952
A. Fill 1D grid.
>> s = 2, UP ... 25.840519
>> s = 1, UP ... 5.746848
>> s = 0, UP ... 8.345033
>> s = 2, IN ... 13.421918
>> s = 1, IN ... 1.656245
>> s = 0, IN ... 2.423238
1. Preliminaries.
Calculating B-matrices and Eigenvalues
2. Generate MSTModes
>> Generate s=-2 MSTModes 97.974795
>> Generate s=-1 MSTModes 98.505565
>> Generate hκModes 108.28859
3. Jumps
>> 0.280888
>> 1.179874
>> 4.176892
>> 1.633794
>> 24.337595
>> 7.244762
>> LinearSolve for s1 and κ jumps 0.528127
>> κ and s1 jumps 39.794562
4. Prepare grid and mode functions.
>> s=-2 MSTModes 0.192081
>> MMp2gridL 1.00925
>> MMp2gridR 3.88419
>> s=-1 MSTModes 0.089182
>> MMp1gridL 0.061886
>> MMp1gridR 0.229582
>> s=0 MSTModes 0.141667
A. Fill 1D grid.
>> s = 2, UP ... 24.09973
>> s = 1, UP ... 5.165216
>> s = 0, UP ... 7.654595
>> s = 2, IN ... 13.175539
>> s = 1, IN ... 1.60259
>> s = 0, IN ... 2.361805
1. Preliminaries.
Calculating B-matrices and Eigenvalues
2. Generate MSTModes
>> Generate s=-2 MSTModes 105.016829
>> Generate s=-1 MSTModes 105.241019
>> Generate hκModes 106.172597
3. Jumps
>> 0.270536
>> 1.058853
>> 4.200119
>> 4.788918
>> 35.936994
>> 20.805748
>> LinearSolve for s1 and κ jumps 0.009129
>> κ and s1 jumps 67.480286
4. Prepare grid and mode functions.
>> s=-2 MSTModes 0.191814
>> MMp2gridL 0.962754
>> MMp2gridR 3.739624
>> s=-1 MSTModes 0.081833
>> MMp1gridL 0.059592
>> MMp1gridR 0.219982
>> s=0 MSTModes 0.13372
A. Fill 1D grid.
>> s = 2, UP ... 22.290235
>> s = 1, UP ... 4.670657
>> s = 0, UP ... 9.389244
>> s = 2, IN ... 12.968603
>> s = 1, IN ... 1.498795
>> s = 0, IN ... 2.811181
1. Preliminaries.
Calculating B-matrices and Eigenvalues
2. Generate MSTModes
>> Generate s=-2 MSTModes 105.708064
>> Generate s=-1 MSTModes 107.460884
