Task 97 on node678.cluster: a=0.1 r0=10.5
Job started: a = 0.1, r0 = 10.5, savepath = /lustre/astro/dyson/DataFiles/KerrCircDiskData/h1_radial
Warning: rstarmin is outside the allowed range.
Now we Calculate the Radiative Solutions
1. Preliminaries.
Calculating B-matrices and Eigenvalues
2. Generate MSTModes
>> Generate s=-2 MSTModes 44.288442
>> Generate s=-1 MSTModes 44.447575
>> Generate hκModes 127.522652
3. Jumps
>> 0.395604
>> 2.178784
>> 3.793808
>> 4.06405
>> 50.540222
>> 18.819623
>> LinearSolve for s1 and κ jumps 0.00462
>> κ and s1 jumps 80.73032
4. Prepare grid and mode functions.
>> s=-2 MSTModes 0.218061
>> MMp2gridL 0.917583
>> MMp2gridR 5.319941
>> s=-1 MSTModes 0.067377
>> MMp1gridL 0.036554
>> MMp1gridR 0.175582
>> s=0 MSTModes 0.159065
A. Fill 1D grid.
>> s = 2, UP ... 37.496478
>> s = 1, UP ... 1.395105
>> s = 0, UP ... 8.406341
>> s = 2, IN ... 11.525079
>> s = 1, IN ... 0.905771
>> s = 0, IN ... 1.996958
1. Preliminaries.
Calculating B-matrices and Eigenvalues
2. Generate MSTModes
>> Generate s=-2 MSTModes 64.056297
>> Generate s=-1 MSTModes 63.838234
>> Generate hκModes 136.375969
3. Jumps
>> 0.385538
>> 2.55122
>> 4.677057
>> 3.984695
>> 53.168598
>> 17.702091
>> LinearSolve for s1 and κ jumps 0.433977
>> κ and s1 jumps 83.648868
4. Prepare grid and mode functions.
>> s=-2 MSTModes 0.199512
>> MMp2gridL 0.94077
>> MMp2gridR 5.454385
>> s=-1 MSTModes 0.111921
>> MMp1gridL 0.056388
>> MMp1gridR 0.320134
>> s=0 MSTModes 0.18459
A. Fill 1D grid.
>> s = 2, UP ... 36.959345
>> s = 1, UP ... 8.148492
>> s = 0, UP ... 11.589392
>> s = 2, IN ... 11.188877
>> s = 1, IN ... 1.502264
>> s = 0, IN ... 2.182969
1. Preliminaries.
Calculating B-matrices and Eigenvalues
2. Generate MSTModes
>> Generate s=-2 MSTModes 70.3751
>> Generate s=-1 MSTModes 70.803041
>> Generate hκModes 132.926884
3. Jumps
>> 0.370495
>> 2.23621
>> 4.806266
>> 3.458436
>> 46.639526
>> 15.239204
>> LinearSolve for s1 and κ jumps 0.786889
>> κ and s1 jumps 74.198707
4. Prepare grid and mode functions.
>> s=-2 MSTModes 0.235629
>> MMp2gridL 0.905726
>> MMp2gridR 5.266313
>> s=-1 MSTModes 0.106496
>> MMp1gridL 0.052725
>> MMp1gridR 0.302907
>> s=0 MSTModes 0.171593
A. Fill 1D grid.
>> s = 2, UP ... 35.039948
>> s = 1, UP ... 7.913617
>> s = 0, UP ... 11.214474
>> s = 2, IN ... 11.052483
>> s = 1, IN ... 1.424509
>> s = 0, IN ... 2.091636
1. Preliminaries.
Calculating B-matrices and Eigenvalues
2. Generate MSTModes
>> Generate s=-2 MSTModes 78.464245
>> Generate s=-1 MSTModes 77.735666
>> Generate hκModes 129.573085
3. Jumps
>> 0.343219
>> 1.96488
>> 5.163038
>> 3.036109
>> 41.807718
>> 13.480513
>> LinearSolve for s1 and κ jumps 0.522407
>> κ and s1 jumps 66.961434
4. Prepare grid and mode functions.
>> s=-2 MSTModes 0.196812
>> MMp2gridL 0.853764
>> MMp2gridR 5.074794
>> s=-1 MSTModes 0.103623
>> MMp1gridL 0.052719
>> MMp1gridR 0.2928
>> s=0 MSTModes 0.165426
A. Fill 1D grid.
>> s = 2, UP ... 33.442237
>> s = 1, UP ... 7.569121
>> s = 0, UP ... 10.986167
>> s = 2, IN ... 10.798362
>> s = 1, IN ... 1.383194
>> s = 0, IN ... 2.047349
1. Preliminaries.
Calculating B-matrices and Eigenvalues
2. Generate MSTModes
>> Generate s=-2 MSTModes 85.666793
>> Generate s=-1 MSTModes 84.97939
>> Generate hκModes 127.167723
3. Jumps
>> 0.32111
>> 1.717835
>> 4.813158
>> 2.620982
>> 35.941864
>> 11.425317
>> LinearSolve for s1 and κ jumps 0.882642
>> κ and s1 jumps 58.322734
4. Prepare grid and mode functions.
>> s=-2 MSTModes 0.188004
>> MMp2gridL 0.830607
>> MMp2gridR 4.890313
>> s=-1 MSTModes 0.100125
>> MMp1gridL 0.048833
>> MMp1gridR 0.282928
>> s=0 MSTModes 0.159417
A. Fill 1D grid.
>> s = 2, UP ... 31.899233
>> s = 1, UP ... 7.315375
>> s = 0, UP ... 10.598117
>> s = 2, IN ... 10.619228
>> s = 1, IN ... 1.356577
>> s = 0, IN ... 1.957047
1. Preliminaries.
Calculating B-matrices and Eigenvalues
2. Generate MSTModes
>> Generate s=-2 MSTModes 93.783647
>> Generate s=-1 MSTModes 93.111468
>> Generate hκModes 124.069582
3. Jumps
>> 0.305504
>> 1.523342
>> 4.733073
>> 2.199117
>> 31.681881
>> 9.799967
>> LinearSolve for s1 and κ jumps 1.052846
>> κ and s1 jumps 51.827863
4. Prepare grid and mode functions.
>> s=-2 MSTModes 0.186204
>> MMp2gridL 0.789821
>> MMp2gridR 4.616375
>> s=-1 MSTModes 0.092938
>> MMp1gridL 0.047013
>> MMp1gridR 0.26466
>> s=0 MSTModes 0.15131
A. Fill 1D grid.
>> s = 2, UP ... 30.246202
>> s = 1, UP ... 6.886396
>> s = 0, UP ... 9.73725
>> s = 2, IN ... 10.242811
>> s = 1, IN ... 1.255897
>> s = 0, IN ... 1.891368
1. Preliminaries.
Calculating B-matrices and Eigenvalues
2. Generate MSTModes
>> Generate s=-2 MSTModes 101.178946
>> Generate s=-1 MSTModes 100.599674
>> Generate hκModes 120.276624
3. Jumps
>> 0.301882
>> 1.337918
>> 4.770704
>> 1.91208
>> 27.923436
>> 8.486939
>> LinearSolve for s1 and κ jumps 0.828637
>> κ and s1 jumps 46.023458
4. Prepare grid and mode functions.
>> s=-2 MSTModes 0.198297
>> MMp2gridL 0.775371
>> MMp2gridR 4.574095
>> s=-1 MSTModes 0.092761
>> MMp1gridL 0.047293
>> MMp1gridR 0.262453
>> s=0 MSTModes 0.144185
A. Fill 1D grid.
>> s = 2, UP ... 28.398381
>> s = 1, UP ... 6.306521
>> s = 0, UP ... 9.186064
>> s = 2, IN ... 10.142245
>> s = 1, IN ... 1.212898
>> s = 0, IN ... 1.808736
1. Preliminaries.
Calculating B-matrices and Eigenvalues
2. Generate MSTModes
>> Generate s=-2 MSTModes 108.145875
>> Generate s=-1 MSTModes 107.644982
>> Generate hκModes 117.531873
3. Jumps
>> 0.280489
>> 1.215041
>> 4.406291
>> 1.661101
>> 25.315803
>> 7.298518
>> LinearSolve for s1 and κ jumps 0.985565
>> κ and s1 jumps 41.625775
4. Prepare grid and mode functions.
>> s=-2 MSTModes 0.172744
>> MMp2gridL 0.734647
>> MMp2gridR 4.337535
>> s=-1 MSTModes 0.090259
>> MMp1gridL 0.045813
>> MMp1gridR 0.253925
>> s=0 MSTModes 0.140759
A. Fill 1D grid.
>> s = 2, UP ... 26.925734
>> s = 1, UP ... 5.908849
>> s = 0, UP ... 8.779447
>> s = 2, IN ... 10.123153
>> s = 1, IN ... 1.194242
>> s = 0, IN ... 1.780634
1. Preliminaries.
Calculating B-matrices and Eigenvalues
2. Generate MSTModes
>> Generate s=-2 MSTModes 113.558344
>> Generate s=-1 MSTModes 115.997266
