Task 626 on node656.cluster: a=0.9 r0=11.0
Job started: a = 0.9, r0 = 11., savepath = /lustre/astro/dyson/DataFiles/KerrCircDiskData/h1_radial
Warning: rstarmin is outside the allowed range.
Now we Calculate the Radiative Solutions
1. Preliminaries.
Calculating B-matrices and Eigenvalues
2. Generate MSTModes
>> Generate s=-2 MSTModes 51.731463
>> Generate s=-1 MSTModes 51.321979
>> Generate hκModes 133.754762
3. Jumps
>> 0.411895
>> 2.342186
>> 3.91888
>> 4.133631
>> 51.028329
>> 18.018131
>> LinearSolve for s1 and κ jumps 0.004826
>> κ and s1 jumps 80.769906
4. Prepare grid and mode functions.
>> s=-2 MSTModes 0.20778
>> MMp2gridL 0.926679
>> MMp2gridR 4.997582
>> s=-1 MSTModes 0.06476
>> MMp1gridL 0.036529
>> MMp1gridR 0.164484
>> s=0 MSTModes 0.14759
A. Fill 1D grid.
>> s = 2, UP ... 35.257977
>> s = 1, UP ... 1.324208
>> s = 0, UP ... 8.001802
>> s = 2, IN ... 11.322314
>> s = 1, IN ... 0.881014
>> s = 0, IN ... 1.945179
1. Preliminaries.
Calculating B-matrices and Eigenvalues
2. Generate MSTModes
>> Generate s=-2 MSTModes 60.435315
>> Generate s=-1 MSTModes 60.173391
>> Generate hκModes 127.483268
3. Jumps
>> 0.363838
>> 2.219495
>> 4.100362
>> 14.041752
>> 90.20167
>> 57.970521
>> LinearSolve for s1 and κ jumps 0.325676
>> κ and s1 jumps 170.1122
4. Prepare grid and mode functions.
>> s=-2 MSTModes 0.176959
>> MMp2gridL 0.903141
>> MMp2gridR 4.861455
>> s=-1 MSTModes 0.102087
>> MMp1gridL 0.054241
>> MMp1gridR 0.284873
>> s=0 MSTModes 0.157695
A. Fill 1D grid.
>> s = 2, UP ... 32.435726
>> s = 1, UP ... 6.974481
>> s = 0, UP ... 14.070265
>> s = 2, IN ... 10.421365
>> s = 1, IN ... 1.369249
>> s = 0, IN ... 2.624776
1. Preliminaries.
Calculating B-matrices and Eigenvalues
2. Generate MSTModes
>> Generate s=-2 MSTModes 64.981874
>> Generate s=-1 MSTModes 62.876373
>> Generate hκModes 112.371823
3. Jumps
>> 0.311281
>> 1.856898
>> 3.979888
>> 11.198197
>> 74.605148
>> 47.877225
>> LinearSolve for s1 and κ jumps 1.194668
>> κ and s1 jumps 141.763566
4. Prepare grid and mode functions.
>> s=-2 MSTModes 0.167994
>> MMp2gridL 0.822865
>> MMp2gridR 4.439989
>> s=-1 MSTModes 0.090515
>> MMp1gridL 0.049052
>> MMp1gridR 0.256007
>> s=0 MSTModes 0.150225
A. Fill 1D grid.
>> s = 2, UP ... 29.35458
>> s = 1, UP ... 6.462015
>> s = 0, UP ... 12.979035
>> s = 2, IN ... 10.059168
>> s = 1, IN ... 1.287463
>> s = 0, IN ... 2.457234
1. Preliminaries.
Calculating B-matrices and Eigenvalues
2. Generate MSTModes
>> Generate s=-2 MSTModes 69.759004
>> Generate s=-1 MSTModes 69.218932
>> Generate hκModes 111.301872
3. Jumps
>> 0.296749
>> 1.679718
>> 4.033324
>> 9.582374
>> 64.477397
>> 40.423148
>> LinearSolve for s1 and κ jumps 1.075095
>> κ and s1 jumps 122.207047
4. Prepare grid and mode functions.
>> s=-2 MSTModes 0.170874
>> MMp2gridL 0.789285
>> MMp2gridR 4.223676
>> s=-1 MSTModes 0.087636
>> MMp1gridL 0.048349
>> MMp1gridR 0.247208
>> s=0 MSTModes 0.14502
A. Fill 1D grid.
>> s = 2, UP ... 28.383725
>> s = 1, UP ... 6.45786
>> s = 0, UP ... 12.637974
>> s = 2, IN ... 9.86217
>> s = 1, IN ... 1.234597
>> s = 0, IN ... 2.372168
1. Preliminaries.
Calculating B-matrices and Eigenvalues
2. Generate MSTModes
>> Generate s=-2 MSTModes 78.566712
>> Generate s=-1 MSTModes 76.28705
>> Generate hκModes 110.209892
3. Jumps
>> 0.28079
>> 1.453757
>> 4.007764
>> 8.084533
>> 56.337375
>> 35.070338
>> LinearSolve for s1 and κ jumps 1.099765
>> κ and s1 jumps 106.911918
4. Prepare grid and mode functions.
>> s=-2 MSTModes 0.16441
>> MMp2gridL 0.760712
>> MMp2gridR 4.21221
>> s=-1 MSTModes 0.087595
>> MMp1gridL 0.046541
>> MMp1gridR 0.243615
>> s=0 MSTModes 0.143343
A. Fill 1D grid.
>> s = 2, UP ... 27.108974
>> s = 1, UP ... 6.052669
>> s = 0, UP ... 12.630142
>> s = 2, IN ... 9.690759
>> s = 1, IN ... 1.227351
>> s = 0, IN ... 2.279069
1. Preliminaries.
Calculating B-matrices and Eigenvalues
2. Generate MSTModes
>> Generate s=-2 MSTModes 87.898465
>> Generate s=-1 MSTModes 83.841882
>> Generate hκModes 108.236422
3. Jumps
>> 0.270481
>> 1.322656
>> 4.072233
>> 7.272626
>> 50.121882
>> 31.0889
>> LinearSolve for s1 and κ jumps 0.908285
>> κ and s1 jumps 95.638779
4. Prepare grid and mode functions.
>> s=-2 MSTModes 0.158936
>> MMp2gridL 0.738633
>> MMp2gridR 4.06015
>> s=-1 MSTModes 0.08394
>> MMp1gridL 0.043777
>> MMp1gridR 0.233998
>> s=0 MSTModes 0.134351
A. Fill 1D grid.
>> s = 2, UP ... 26.659894
>> s = 1, UP ... 6.01744
>> s = 0, UP ... 12.109577
>> s = 2, IN ... 9.543903
>> s = 1, IN ... 1.165767
>> s = 0, IN ... 2.201158
1. Preliminaries.
Calculating B-matrices and Eigenvalues
2. Generate MSTModes
>> Generate s=-2 MSTModes 95.015019
>> Generate s=-1 MSTModes 90.206655
>> Generate hκModes 107.242079
3. Jumps
>> 0.262126
>> 1.2023
>> 3.939703
>> 6.453671
>> 44.720128
>> 27.002656
>> LinearSolve for s1 and κ jumps 0.842849
>> κ and s1 jumps 84.91437
4. Prepare grid and mode functions.
>> s=-2 MSTModes 0.158772
>> MMp2gridL 0.712809
>> MMp2gridR 3.975421
>> s=-1 MSTModes 0.082113
>> MMp1gridL 0.044266
>> MMp1gridR 0.227541
>> s=0 MSTModes 0.130281
A. Fill 1D grid.
>> s = 2, UP ... 25.166388
>> s = 1, UP ... 5.586571
>> s = 0, UP ... 11.10495
>> s = 2, IN ... 9.340122
>> s = 1, IN ... 1.133037
>> s = 0, IN ... 2.103675
1. Preliminaries.
Calculating B-matrices and Eigenvalues
2. Generate MSTModes
>> Generate s=-2 MSTModes 98.760868
>> Generate s=-1 MSTModes 97.174982
>> Generate hκModes 105.317805
3. Jumps
>> 0.246663
>> 1.043867
>> 3.797166
>> 5.383327
>> 38.045676
>> 22.50542
>> LinearSolve for s1 and κ jumps 1.058228
>> κ and s1 jumps 72.577754
4. Prepare grid and mode functions.
>> s=-2 MSTModes 0.146718
>> MMp2gridL 0.676517
>> MMp2gridR 3.661876
>> s=-1 MSTModes 0.077734
>> MMp1gridL 0.042085
>> MMp1gridR 0.214929
>> s=0 MSTModes 0.123176
A. Fill 1D grid.
