Task 4 on node678.cluster: a=0.001 r0=8.0
Job started: a = 0.001, r0 = 8., savepath = /lustre/astro/dyson/DataFiles/KerrCircDiskData/h1_radial
Warning: rstarmin is outside the allowed range.
Now we Calculate the Radiative Solutions
1. Preliminaries.
Calculating B-matrices and Eigenvalues
2. Generate MSTModes
>> Generate s=-2 MSTModes 42.26596
>> Generate s=-1 MSTModes 42.195711
>> Generate hκModes 124.219668
3. Jumps
>> 0.393797
>> 2.186347
>> 3.925426
>> 4.138927
>> 50.529459
>> 19.029574
>> LinearSolve for s1 and κ jumps 0.003478
>> κ and s1 jumps 81.136572
4. Prepare grid and mode functions.
>> s=-2 MSTModes 0.221445
>> MMp2gridL 0.697009
>> MMp2gridR 5.763687
>> s=-1 MSTModes 0.069182
>> MMp1gridL 0.029238
>> MMp1gridR 0.192093
>> s=0 MSTModes 0.158904
A. Fill 1D grid.
>> s = 2, UP ... 39.476686
>> s = 1, UP ... 1.450343
>> s = 0, UP ... 8.640682
>> s = 2, IN ... 8.456476
>> s = 1, IN ... 0.703426
>> s = 0, IN ... 1.421084
1. Preliminaries.
Calculating B-matrices and Eigenvalues
2. Generate MSTModes
>> Generate s=-2 MSTModes 59.208533
>> Generate s=-1 MSTModes 59.671256
>> Generate hκModes 141.40683
3. Jumps
>> 0.392013
>> 2.559373
>> 5.103441
>> 4.130688
>> 53.351258
>> 18.017102
>> LinearSolve for s1 and κ jumps 0.662792
>> κ and s1 jumps 84.986268
4. Prepare grid and mode functions.
>> s=-2 MSTModes 0.200238
>> MMp2gridL 0.69302
>> MMp2gridR 5.896334
>> s=-1 MSTModes 0.111006
>> MMp1gridL 0.041535
>> MMp1gridR 0.340644
>> s=0 MSTModes 0.175476
A. Fill 1D grid.
>> s = 2, UP ... 38.895311
>> s = 1, UP ... 8.567
>> s = 0, UP ... 12.064126
>> s = 2, IN ... 8.314366
>> s = 1, IN ... 1.074442
>> s = 0, IN ... 1.555262
1. Preliminaries.
Calculating B-matrices and Eigenvalues
2. Generate MSTModes
>> Generate s=-2 MSTModes 67.648753
>> Generate s=-1 MSTModes 66.289724
>> Generate hκModes 138.819911
3. Jumps
>> 0.375893
>> 2.303328
>> 5.241554
>> 3.678091
>> 48.486848
>> 16.206743
>> LinearSolve for s1 and κ jumps 0.847663
>> κ and s1 jumps 77.866221
4. Prepare grid and mode functions.
>> s=-2 MSTModes 0.202054
>> MMp2gridL 0.672977
>> MMp2gridR 5.770925
>> s=-1 MSTModes 0.109222
>> MMp1gridL 0.040755
>> MMp1gridR 0.331812
>> s=0 MSTModes 0.173998
A. Fill 1D grid.
>> s = 2, UP ... 37.536941
>> s = 1, UP ... 8.6896
>> s = 0, UP ... 11.919178
>> s = 2, IN ... 8.221969
>> s = 1, IN ... 1.041046
>> s = 0, IN ... 1.526703
1. Preliminaries.
Calculating B-matrices and Eigenvalues
2. Generate MSTModes
>> Generate s=-2 MSTModes 77.590094
>> Generate s=-1 MSTModes 76.068997
>> Generate hκModes 136.9315
3. Jumps
>> 0.332825
>> 1.879401
>> 5.033139
>> 2.923655
>> 40.623563
>> 13.325882
>> LinearSolve for s1 and κ jumps 0.846095
>> κ and s1 jumps 65.558082
4. Prepare grid and mode functions.
>> s=-2 MSTModes 0.209398
>> MMp2gridL 0.647287
>> MMp2gridR 5.405779
>> s=-1 MSTModes 0.102092
>> MMp1gridL 0.03864
>> MMp1gridR 0.309583
>> s=0 MSTModes 0.172419
A. Fill 1D grid.
>> s = 2, UP ... 35.352767
>> s = 1, UP ... 8.0035
>> s = 0, UP ... 11.391236
>> s = 2, IN ... 8.100856
>> s = 1, IN ... 1.007691
>> s = 0, IN ... 1.458739
1. Preliminaries.
Calculating B-matrices and Eigenvalues
2. Generate MSTModes
>> Generate s=-2 MSTModes 88.471392
>> Generate s=-1 MSTModes 86.647383
>> Generate hκModes 136.68221
3. Jumps
>> 0.314982
>> 1.699505
>> 4.930816
>> 2.518775
>> 35.183219
>> 11.049624
>> LinearSolve for s1 and κ jumps 0.943553
>> κ and s1 jumps 57.231483
4. Prepare grid and mode functions.
>> s=-2 MSTModes 0.184086
>> MMp2gridL 0.58901
>> MMp2gridR 5.119775
>> s=-1 MSTModes 0.095882
>> MMp1gridL 0.035578
>> MMp1gridR 0.287223
>> s=0 MSTModes 0.15361
A. Fill 1D grid.
>> s = 2, UP ... 32.785679
>> s = 1, UP ... 7.434001
>> s = 0, UP ... 10.364169
>> s = 2, IN ... 7.707318
>> s = 1, IN ... 0.958354
>> s = 0, IN ... 1.421588
1. Preliminaries.
Calculating B-matrices and Eigenvalues
2. Generate MSTModes
>> Generate s=-2 MSTModes 99.541418
>> Generate s=-1 MSTModes 98.120231
>> Generate hκModes 135.163425
3. Jumps
>> 0.305203
>> 1.509973
>> 4.740895
>> 2.18037
>> 31.46908
>> 9.722127
>> LinearSolve for s1 and κ jumps 0.869767
>> κ and s1 jumps 51.382787
4. Prepare grid and mode functions.
>> s=-2 MSTModes 0.177198
>> MMp2gridL 0.562134
>> MMp2gridR 4.836665
>> s=-1 MSTModes 0.095153
>> MMp1gridL 0.03564
>> MMp1gridR 0.285163
>> s=0 MSTModes 0.152947
A. Fill 1D grid.
>> s = 2, UP ... 30.957327
>> s = 1, UP ... 7.19023
>> s = 0, UP ... 10.626899
>> s = 2, IN ... 7.453183
>> s = 1, IN ... 0.918204
>> s = 0, IN ... 1.356463
1. Preliminaries.
Calculating B-matrices and Eigenvalues
2. Generate MSTModes
>> Generate s=-2 MSTModes 110.364202
>> Generate s=-1 MSTModes 108.438459
>> Generate hκModes 130.938659
3. Jumps
>> 0.283902
>> 1.31799
>> 4.499678
>> 1.864315
>> 27.220146
>> 8.22454
>> LinearSolve for s1 and κ jumps 0.832142
>> κ and s1 jumps 44.794419
4. Prepare grid and mode functions.
>> s=-2 MSTModes 0.18959
>> MMp2gridL 0.559489
>> MMp2gridR 4.7429
>> s=-1 MSTModes 0.091149
>> MMp1gridL 0.032716
>> MMp1gridR 0.263762
>> s=0 MSTModes 0.137794
A. Fill 1D grid.
>> s = 2, UP ... 28.903102
>> s = 1, UP ... 6.531005
>> s = 0, UP ... 9.503205
>> s = 2, IN ... 7.346395
>> s = 1, IN ... 0.888692
