Task 766 on node678.cluster: a=0.999 r0=37.0
Job started: a = 0.999, r0 = 37., savepath = /lustre/astro/dyson/DataFiles/KerrCircDiskData/h1_radial
Warning: rstarmin is outside the allowed range.
Now we Calculate the Radiative Solutions
1. Preliminaries.
Calculating B-matrices and Eigenvalues
2. Generate MSTModes
>> Generate s=-2 MSTModes 67.570092
>> Generate s=-1 MSTModes 63.980192

MetricReconstructRadiative`Private`hκTSolve::icaccuraccy: Warning: asymptotic expansion of order 40 at r=4000.000000000000000000000000000000000000000000000000000000000000 provides insufficiently accurate initial conditions to meet PrecsionGoal, 24.

MetricReconstructRadiative`Private`hκTSolve::icaccuraccy: Warning: asymptotic expansion of order 40 at r=4000.000000000000000000000000000000000000000000000000000000000000 provides insufficiently accurate initial conditions to meet PrecsionGoal, 24.

MetricReconstructRadiative`Private`hκTSolve::icaccuraccy: Warning: asymptotic expansion of order 40 at r=4000.000000000000000000000000000000000000000000000000000000000000 provides insufficiently accurate initial conditions to meet PrecsionGoal, 24.

General::stop: Further output of MetricReconstructRadiative`Private`hκTSolve::icaccuraccy will be suppressed during this calculation.
>> Generate hκModes 150.666302
3. Jumps
>> 0.367443
>> 2.270249
>> 3.223007
>> 4.026
>> 49.373302
>> 17.426092
>> LinearSolve for s1 and κ jumps 0.035343
>> κ and s1 jumps 77.573347
4. Prepare grid and mode functions.
>> s=-2 MSTModes 0.197846
>> MMp2gridL 3.41279
>> MMp2gridR 2.339151
>> s=-1 MSTModes 0.066328
>> MMp1gridL 0.11616
>> MMp1gridR 0.088933
>> s=0 MSTModes 0.14836
A. Fill 1D grid.
>> s = 2, UP ... 26.321536
>> s = 1, UP ... 1.946191
>> s = 0, UP ... 4.888588
>> s = 2, IN ... 23.448001
>> s = 1, IN ... 0.930699
>> s = 0, IN ... 5.042125
1. Preliminaries.
Calculating B-matrices and Eigenvalues
2. Generate MSTModes
>> Generate s=-2 MSTModes 68.140066
>> Generate s=-1 MSTModes 64.600627
>> Generate hκModes 124.701038
3. Jumps
>> 0.327605
>> 2.153383
>> 3.214699
>> 3.343228
>> 46.060852
>> 15.295183
>> LinearSolve for s1 and κ jumps 0.726353
>> κ and s1 jumps 71.877005
4. Prepare grid and mode functions.
>> s=-2 MSTModes 0.176848
>> MMp2gridL 3.417447
>> MMp2gridR 2.314807
>> s=-1 MSTModes 0.101127
>> MMp1gridL 0.202223
>> MMp1gridR 0.136887
>> s=0 MSTModes 0.160592
A. Fill 1D grid.
>> s = 2, UP ... 25.84676
>> s = 1, UP ... 3.48819
>> s = 0, UP ... 5.215338
>> s = 2, IN ... 22.692446
>> s = 1, IN ... 4.770126
>> s = 0, IN ... 6.755761
1. Preliminaries.
Calculating B-matrices and Eigenvalues
2. Generate MSTModes
>> Generate s=-2 MSTModes 76.890084
>> Generate s=-1 MSTModes 71.664218
>> Generate hκModes 117.653619
3. Jumps
>> 0.315971
>> 1.863923
>> 3.463231
>> 2.938426
>> 40.08349
>> 13.328797
>> LinearSolve for s1 and κ jumps 0.898242
>> κ and s1 jumps 63.526836
4. Prepare grid and mode functions.
>> s=-2 MSTModes 0.181372
>> MMp2gridL 3.268539
>> MMp2gridR 2.214732
>> s=-1 MSTModes 0.096878
>> MMp1gridL 0.191954
>> MMp1gridR 0.133073
>> s=0 MSTModes 0.15895
A. Fill 1D grid.
>> s = 2, UP ... 25.217925
>> s = 1, UP ... 3.375843
>> s = 0, UP ... 5.080484
>> s = 2, IN ... 21.675358
>> s = 1, IN ... 4.533208
>> s = 0, IN ... 6.429322
1. Preliminaries.
Calculating B-matrices and Eigenvalues
2. Generate MSTModes
>> Generate s=-2 MSTModes 85.719583
>> Generate s=-1 MSTModes 79.275752
>> Generate hκModes 111.137081
3. Jumps
>> 0.299611
>> 1.70976
>> 3.124814
>> 2.599595
>> 36.230436
>> 11.766173
>> LinearSolve for s1 and κ jumps 1.014057
>> κ and s1 jumps 57.32782
4. Prepare grid and mode functions.
>> s=-2 MSTModes 0.173482
>> MMp2gridL 3.10996
>> MMp2gridR 2.114236
>> s=-1 MSTModes 0.092914
>> MMp1gridL 0.18249
>> MMp1gridR 0.124487
>> s=0 MSTModes 0.149636
A. Fill 1D grid.
>> s = 2, UP ... 24.425082
>> s = 1, UP ... 3.233758
>> s = 0, UP ... 4.955551
>> s = 2, IN ... 20.63691
>> s = 1, IN ... 4.305525
>> s = 0, IN ... 6.159166
1. Preliminaries.
Calculating B-matrices and Eigenvalues
2. Generate MSTModes
>> Generate s=-2 MSTModes 93.844464
>> Generate s=-1 MSTModes 87.29004
>> Generate hκModes 106.845876
3. Jumps
>> 0.293356
>> 1.54237
>> 3.099372
>> 2.252236
>> 31.833983
>> 10.278567
>> LinearSolve for s1 and κ jumps 1.115544
>> κ and s1 jumps 50.954192
4. Prepare grid and mode functions.
>> s=-2 MSTModes 0.16957
>> MMp2gridL 2.99638
>> MMp2gridR 2.018522
>> s=-1 MSTModes 0.089716
>> MMp1gridL 0.177969
>> MMp1gridR 0.120994
>> s=0 MSTModes 0.146213
A. Fill 1D grid.
>> s = 2, UP ... 23.705429
>> s = 1, UP ... 3.037618
>> s = 0, UP ... 4.697439
>> s = 2, IN ... 19.470223
>> s = 1, IN ... 4.060857
>> s = 0, IN ... 5.863439
1. Preliminaries.
Calculating B-matrices and Eigenvalues
2. Generate MSTModes
>> Generate s=-2 MSTModes 100.002273
>> Generate s=-1 MSTModes 95.458393
>> Generate hκModes 101.728687
3. Jumps
>> 0.272493
>> 1.306901
>> 2.886301
>> 1.965773
>> 27.916003
>> 8.730979
>> LinearSolve for s1 and κ jumps 0.553747
>> κ and s1 jumps 44.130057
4. Prepare grid and mode functions.
>> s=-2 MSTModes 0.171177
>> MMp2gridL 2.828538
>> MMp2gridR 1.919604
>> s=-1 MSTModes 0.086761
>> MMp1gridL 0.16566
>> MMp1gridR 0.111912
>> s=0 MSTModes 0.139693
A. Fill 1D grid.
>> s = 2, UP ... 23.000309
>> s = 1, UP ... 2.88894
>> s = 0, UP ... 4.42764
>> s = 2, IN ... 18.126209
>> s = 1, IN ... 3.688744
>> s = 0, IN ... 5.348751
1. Preliminaries.
Calculating B-matrices and Eigenvalues
2. Generate MSTModes
>> Generate s=-2 MSTModes 105.041904
>> Generate s=-1 MSTModes 101.234491
>> Generate hκModes 99.281132
3. Jumps
>> 0.267946
>> 1.280244
>> 2.878675
>> 1.687095
>> 25.143761
>> 7.42202
>> LinearSolve for s1 and κ jumps 0.824818
>> κ and s1 jumps 39.946042
4. Prepare grid and mode functions.
>> s=-2 MSTModes 0.169389
>> MMp2gridL 2.709236
>> MMp2gridR 1.838325
>> s=-1 MSTModes 0.083764
>> MMp1gridL 0.160611
>> MMp1gridR 0.108191
>> s=0 MSTModes 0.134213
A. Fill 1D grid.
>> s = 2, UP ... 22.234042
>> s = 1, UP ... 2.723997
>> s = 0, UP ... 4.174316
>> s = 2, IN ... 16.959076
>> s = 1, IN ... 3.51407
>> s = 0, IN ... 5.019886
1. Preliminaries.
Calculating B-matrices and Eigenvalues
2. Generate MSTModes
>> Generate s=-2 MSTModes 109.007115
>> Generate s=-1 MSTModes 105.817697
