Task 13 on node729.cluster: a=0.99 r0=8.0
Job started: a = 0.99, r0 = 8., savepath = /lustre/astro/dyson/DataFiles/KerrCircSourceFiles/h1_radial
Warning: rstarmin is outside the allowed range.
Now we Calculate the Radiative Solutions
1. Preliminaries.
Calculating B-matrices and Eigenvalues
2. Generate MSTModes
>> Generate s=-2 MSTModes 225.448861
>> Generate s=-1 MSTModes 219.018057
>> Generate hκModes 574.797249
3. Jumps
>> 2.536561
>> 27.794702
>> 11.143765
>> 289.059279
>> 1587.257481
>> 1221.59675
>> LinearSolve for s1 and κ jumps 0.068065
>> κ and s1 jumps 3148.495785
4. Prepare grid and mode functions.
>> s=-2 MSTModes 0.426816
>> MMp2gridL 2.287348
>> MMp2gridR 15.028844
>> s=-1 MSTModes 0.165617
>> MMp1gridL 0.09398
>> MMp1gridR 0.550956
>> s=0 MSTModes 0.384876
A. Fill 1D grid.
>> s = 2, UP ... 183.931242
>> s = 1, UP ... 5.126145
>> s = 0, UP ... 57.538235
>> s = 2, IN ... 60.30773
>> s = 1, IN ... 3.418623
>> s = 0, IN ... 9.58205
1. Preliminaries.
Calculating B-matrices and Eigenvalues
2. Generate MSTModes
>> Generate s=-2 MSTModes 260.201607
>> Generate s=-1 MSTModes 255.079161
>> Generate hκModes 548.688215
3. Jumps
>> 2.458183
>> 27.928402
>> 12.408487
>> 276.062009
>> 1526.089407
>> 1164.510298
>> LinearSolve for s1 and κ jumps 0.79548
>> κ and s1 jumps 3016.602057
4. Prepare grid and mode functions.
>> s=-2 MSTModes 0.439544
>> MMp2gridL 2.296708
>> MMp2gridR 15.047708
>> s=-1 MSTModes 0.254123
>> MMp1gridL 0.134121
>> MMp1gridR 0.880735
>> s=0 MSTModes 0.423265
A. Fill 1D grid.
>> s = 2, UP ... 179.876468
>> s = 1, UP ... 37.063054
>> s = 0, UP ... 79.101487
>> s = 2, IN ... 59.63267
>> s = 1, IN ... 5.486898
>> s = 0, IN ... 10.666336
1. Preliminaries.
Calculating B-matrices and Eigenvalues
2. Generate MSTModes
>> Generate s=-2 MSTModes 290.168896
>> Generate s=-1 MSTModes 284.911318
>> Generate hκModes 543.856303
3. Jumps
>> 2.35916
>> 26.092436
>> 12.836146
>> 253.866358
>> 1424.751312
>> 1084.140713
>> LinearSolve for s1 and κ jumps 0.846803
>> κ and s1 jumps 2811.034016
4. Prepare grid and mode functions.
>> s=-2 MSTModes 0.445398
>> MMp2gridL 2.256967
>> MMp2gridR 14.775989
>> s=-1 MSTModes 0.2535
>> MMp1gridL 0.131294
>> MMp1gridR 0.836756
>> s=0 MSTModes 0.415654
A. Fill 1D grid.
>> s = 2, UP ... 174.695494
>> s = 1, UP ... 35.885381
>> s = 0, UP ... 75.053754
>> s = 2, IN ... 58.928264
>> s = 1, IN ... 5.371381
>> s = 0, IN ... 10.416577
1. Preliminaries.
Calculating B-matrices and Eigenvalues
2. Generate MSTModes
>> Generate s=-2 MSTModes 318.054458
>> Generate s=-1 MSTModes 312.369863
>> Generate hκModes 549.940255
3. Jumps
>> 2.240019
>> 24.730122
>> 13.564245
>> 235.103383
>> 1307.878922
>> 985.626608
>> LinearSolve for s1 and κ jumps 0.524697
>> κ and s1 jumps 2575.35037
4. Prepare grid and mode functions.
>> s=-2 MSTModes 0.438377
>> MMp2gridL 2.236691
>> MMp2gridR 14.446307
>> s=-1 MSTModes 0.247099
>> MMp1gridL 0.130422
>> MMp1gridR 0.822616
>> s=0 MSTModes 0.407893
A. Fill 1D grid.
>> s = 2, UP ... 168.113603
>> s = 1, UP ... 34.32554
>> s = 0, UP ... 70.342032
>> s = 2, IN ... 59.200346
>> s = 1, IN ... 5.258341
>> s = 0, IN ... 10.15753
1. Preliminaries.
Calculating B-matrices and Eigenvalues
2. Generate MSTModes
>> Generate s=-2 MSTModes 352.234902
>> Generate s=-1 MSTModes 344.811923
>> Generate hκModes 557.514336
3. Jumps
>> 2.114094
>> 23.301025
>> 13.660821
>> 216.539462
>> 1217.234298
>> 910.212906
>> LinearSolve for s1 and κ jumps 0.675743
>> κ and s1 jumps 2389.011225
4. Prepare grid and mode functions.
>> s=-2 MSTModes 0.430968
>> MMp2gridL 2.167651
>> MMp2gridR 14.033313
>> s=-1 MSTModes 0.242945
>> MMp1gridL 0.127631
>> MMp1gridR 0.800626
>> s=0 MSTModes 0.401979
A. Fill 1D grid.
>> s = 2, UP ... 163.879774
>> s = 1, UP ... 32.306161
>> s = 0, UP ... 66.498026
>> s = 2, IN ... 58.043503
>> s = 1, IN ... 5.116394
>> s = 0, IN ... 9.844004
1. Preliminaries.
Calculating B-matrices and Eigenvalues
2. Generate MSTModes
>> Generate s=-2 MSTModes 382.558812
>> Generate s=-1 MSTModes 374.63899
>> Generate hκModes 563.252801
3. Jumps
>> 2.13695
>> 22.060016
>> 14.126239
>> 204.170477
>> 1143.343335
>> 859.139441
>> LinearSolve for s1 and κ jumps 0.659116
>> κ and s1 jumps 2250.730345
4. Prepare grid and mode functions.
>> s=-2 MSTModes 0.429361
>> MMp2gridL 2.238533
>> MMp2gridR 14.038677
>> s=-1 MSTModes 0.240629
>> MMp1gridL 0.125843
>> MMp1gridR 0.794222
>> s=0 MSTModes 0.394033
A. Fill 1D grid.
>> s = 2, UP ... 160.84455
>> s = 1, UP ... 31.444646
>> s = 0, UP ... 65.520137
>> s = 2, IN ... 57.663469
>> s = 1, IN ... 5.005931
>> s = 0, IN ... 9.651798
1. Preliminaries.
Calculating B-matrices and Eigenvalues
2. Generate MSTModes
>> Generate s=-2 MSTModes 419.615919
>> Generate s=-1 MSTModes 413.821238
>> Generate hκModes 570.737548
3. Jumps
>> 1.972584
>> 20.784583
>> 14.347677
>> 185.352885
>> 1040.889101
>> 740.837241
>> LinearSolve for s1 and κ jumps 0.63229
>> κ and s1 jumps 2009.510707
4. Prepare grid and mode functions.
>> s=-2 MSTModes 0.409891
>> MMp2gridL 2.135357
>> MMp2gridR 13.756667
>> s=-1 MSTModes 0.233796
>> MMp1gridL 0.123839
>> MMp1gridR 0.769609
>> s=0 MSTModes 0.384255
A. Fill 1D grid.
>> s = 2, UP ... 153.875283
>> s = 1, UP ... 29.196171
>> s = 0, UP ... 62.034076
>> s = 2, IN ... 57.134407
>> s = 1, IN ... 4.878121
>> s = 0, IN ... 9.378872
1. Preliminaries.
Calculating B-matrices and Eigenvalues
2. Generate MSTModes
>> Generate s=-2 MSTModes 456.937859
>> Generate s=-1 MSTModes 453.774243
>> Generate hκModes 576.891884
3. Jumps
>> 1.914222
>> 19.366869
>> 14.186406
>> 168.009452
>> 952.249341
>> 705.032682
>> LinearSolve for s1 and κ jumps 0.7319
>> κ and s1 jumps 1865.945435
4. Prepare grid and mode functions.
>> s=-2 MSTModes 0.411352
>> MMp2gridL 2.096486
>> MMp2gridR 13.719648
>> s=-1 MSTModes 0.233046
>> MMp1gridL 0.121664
>> MMp1gridR 0.764812
>> s=0 MSTModes 0.381068
A. Fill 1D grid.
>> s = 2, UP ... 148.67158
>> s = 1, UP ... 27.708682
>> s = 0, UP ... 58.823345
>> s = 2, IN ... 56.774626
>> s = 1, IN ... 4.886504
>> s = 0, IN ... 9.162373
1. Preliminaries.
Calculating B-matrices and Eigenvalues
2. Generate MSTModes
>> Generate s=-2 MSTModes 504.618382
>> Generate s=-1 MSTModes 495.9617
>> Generate hκModes 575.302669
3. Jumps
>> 1.813997
>> 18.058713
>> 14.139554
>> 153.595567
>> 872.93627
>> 640.416303
>> LinearSolve for s1 and κ jumps 0.456578
>> κ and s1 jumps 1705.668178
4. Prepare grid and mode functions.
>> s=-2 MSTModes 0.401455
>> MMp2gridL 2.067504
>> MMp2gridR 13.218242
>> s=-1 MSTModes 0.228182
>> MMp1gridL 0.119481
>> MMp1gridR 0.747235
>> s=0 MSTModes 0.37044
A. Fill 1D grid.
>> s = 2, UP ... 142.846573
>> s = 1, UP ... 26.738182
>> s = 0, UP ... 55.063976
>> s = 2, IN ... 56.233055
>> s = 1, IN ... 4.707584
>> s = 0, IN ... 8.945831
1. Preliminaries.
Calculating B-matrices and Eigenvalues
2. Generate MSTModes
>> Generate s=-2 MSTModes 538.581571
>> Generate s=-1 MSTModes 527.888159
>> Generate hκModes 584.485027
3. Jumps
>> 1.75079
>> 16.895984
>> 14.258024
>> 142.402807
>> 816.339697
>> 597.196833
>> LinearSolve for s1 and κ jumps 0.717835
>> κ and s1 jumps 1593.573904
4. Prepare grid and mode functions.
>> s=-2 MSTModes 0.415056
>> MMp2gridL 2.068814
>> MMp2gridR 13.434908
>> s=-1 MSTModes 0.23227
>> MMp1gridL 0.120401
>> MMp1gridR 0.754502
>> s=0 MSTModes 0.381754
A. Fill 1D grid.
>> s = 2, UP ... 145.138172
>> s = 1, UP ... 28.175532
>> s = 0, UP ... 61.06111
>> s = 2, IN ... 57.009874
>> s = 1, IN ... 4.766252
>> s = 0, IN ... 8.94755
1. Preliminaries.
Calculating B-matrices and Eigenvalues
2. Generate MSTModes
>> Generate s=-2 MSTModes 612.034225
>> Generate s=-1 MSTModes 601.544033
>> Generate hκModes 592.013973
3. Jumps
>> 1.673261
>> 15.488847
>> 13.916705
>> 130.02169
>> 748.752151
>> 544.797098
>> LinearSolve for s1 and κ jumps 0.671785
>> κ and s1 jumps 1459.110016
4. Prepare grid and mode functions.
>> s=-2 MSTModes 0.398098
>> MMp2gridL 2.000398
>> MMp2gridR 13.101312
>> s=-1 MSTModes 0.224198
>> MMp1gridL 0.116275
>> MMp1gridR 0.725048
>> s=0 MSTModes 0.389216
A. Fill 1D grid.
>> s = 2, UP ... 138.130329
>> s = 1, UP ... 26.269474
>> s = 0, UP ... 53.940536
>> s = 2, IN ... 56.302803
>> s = 1, IN ... 4.618819
>> s = 0, IN ... 8.584846
1. Preliminaries.
Calculating B-matrices and Eigenvalues
2. Generate MSTModes
>> Generate s=-2 MSTModes 682.636978
>> Generate s=-1 MSTModes 673.592451
>> Generate hκModes 2463.669431
3. Jumps
>> 105.30774
>> 74.377935
>> 744.248185
>> 251.906309
>> 1510.592424
>> 914.736648
>> LinearSolve for s1 and κ jumps 0.892087
>> κ and s1 jumps 3611.557098
4. Prepare grid and mode functions.
>> s=-2 MSTModes 1.770197
>> MMp2gridL 11.182497
>> MMp2gridR 75.965783
>> s=-1 MSTModes 1.882008
>> MMp1gridL 1.920801
>> MMp1gridR 6.022479
>> s=0 MSTModes 2.533128
A. Fill 1D grid.
>> s = 2, UP ... 972.484182
>> s = 1, UP ... 118.108364
>> s = 0, UP ... 285.892932
>> s = 2, IN ... 219.513291
>> s = 1, IN ... 23.854443
>> s = 0, IN ... 33.168072
1. Preliminaries.
Calculating B-matrices and Eigenvalues
2. Generate MSTModes
>> Generate s=-2 MSTModes 3277.993487
