Task 285 on node656.cluster: a=0.3 r0=16.5
Job started: a = 0.3, r0 = 16.5, savepath = /lustre/astro/dyson/DataFiles/KerrCircDiskData/h1_radial
Warning: rstarmin is outside the allowed range.
Now we Calculate the Radiative Solutions
1. Preliminaries.
Calculating B-matrices and Eigenvalues
2. Generate MSTModes
>> Generate s=-2 MSTModes 53.148945
>> Generate s=-1 MSTModes 55.841314
>> Generate hκModes 142.635598
3. Jumps
>> 0.436678
>> 2.417341
>> 3.874797
>> 4.427333
>> 54.235747
>> 20.071717
>> LinearSolve for s1 and κ jumps 0.0045
>> κ and s1 jumps 86.43912
4. Prepare grid and mode functions.
>> s=-2 MSTModes 0.221951
>> MMp2gridL 1.627543
>> MMp2gridR 4.942902
>> s=-1 MSTModes 0.070877
>> MMp1gridL 0.062653
>> MMp1gridR 0.165015
>> s=0 MSTModes 0.161408
A. Fill 1D grid.
>> s = 2, UP ... 34.465457
>> s = 1, UP ... 1.299447
>> s = 0, UP ... 7.818974
>> s = 2, IN ... 18.95528
>> s = 1, IN ... 1.411444
>> s = 0, IN ... 3.350518
1. Preliminaries.
Calculating B-matrices and Eigenvalues
2. Generate MSTModes
>> Generate s=-2 MSTModes 66.127924
>> Generate s=-1 MSTModes 64.220728
>> Generate hκModes 132.860045
3. Jumps
>> 0.388102
>> 2.545865
>> 4.235981
>> 4.193803
>> 54.289223
>> 18.433351
>> LinearSolve for s1 and κ jumps 0.772932
>> κ and s1 jumps 85.663588
4. Prepare grid and mode functions.
>> s=-2 MSTModes 0.197257
>> MMp2gridL 1.595785
>> MMp2gridR 4.897763
>> s=-1 MSTModes 0.111373
>> MMp1gridL 0.095506
>> MMp1gridR 0.287247
>> s=0 MSTModes 0.182003
A. Fill 1D grid.
>> s = 2, UP ... 33.26681
>> s = 1, UP ... 7.275124
>> s = 0, UP ... 10.462125
>> s = 2, IN ... 18.880185
>> s = 1, IN ... 2.537054
>> s = 0, IN ... 3.757
1. Preliminaries.
Calculating B-matrices and Eigenvalues
2. Generate MSTModes
>> Generate s=-2 MSTModes 72.092836
>> Generate s=-1 MSTModes 70.705452
>> Generate hκModes 126.517807
3. Jumps
>> 0.381125
>> 2.244336
>> 4.360151
>> 3.549528
>> 46.825734
>> 15.549358
>> LinearSolve for s1 and κ jumps 0.825217
>> κ and s1 jumps 74.476686
4. Prepare grid and mode functions.
>> s=-2 MSTModes 0.19956
>> MMp2gridL 1.552723
>> MMp2gridR 4.850853
>> s=-1 MSTModes 0.107882
>> MMp1gridL 0.093021
>> MMp1gridR 0.27923
>> s=0 MSTModes 0.17785
A. Fill 1D grid.
>> s = 2, UP ... 31.52754
>> s = 1, UP ... 6.812561
>> s = 0, UP ... 9.849638
>> s = 2, IN ... 18.347784
>> s = 1, IN ... 2.381625
>> s = 0, IN ... 3.547507
1. Preliminaries.
Calculating B-matrices and Eigenvalues
2. Generate MSTModes
>> Generate s=-2 MSTModes 77.414449
>> Generate s=-1 MSTModes 75.215219
>> Generate hκModes 121.780769
3. Jumps
>> 0.353998
>> 1.995481
>> 4.470571
>> 3.012808
>> 41.375278
>> 13.502578
>> LinearSolve for s1 and κ jumps 0.676044
>> κ and s1 jumps 66.065067
4. Prepare grid and mode functions.
>> s=-2 MSTModes 0.194648
>> MMp2gridL 1.505893
>> MMp2gridR 4.603108
>> s=-1 MSTModes 0.103654
>> MMp1gridL 0.088012
>> MMp1gridR 0.268108
>> s=0 MSTModes 0.163606
A. Fill 1D grid.
>> s = 2, UP ... 30.087142
>> s = 1, UP ... 6.539695
>> s = 0, UP ... 9.476187
>> s = 2, IN ... 17.755541
>> s = 1, IN ... 2.321261
>> s = 0, IN ... 3.453224
1. Preliminaries.
Calculating B-matrices and Eigenvalues
2. Generate MSTModes
>> Generate s=-2 MSTModes 82.620019
>> Generate s=-1 MSTModes 81.337683
>> Generate hκModes 116.890958
3. Jumps
>> 0.345252
>> 1.78822
>> 4.372226
>> 2.691703
>> 37.347233
>> 12.00287
>> LinearSolve for s1 and κ jumps 0.656333
>> κ and s1 jumps 59.83187
4. Prepare grid and mode functions.
>> s=-2 MSTModes 0.185308
>> MMp2gridL 1.449969
>> MMp2gridR 4.387358
>> s=-1 MSTModes 0.098082
>> MMp1gridL 0.08381
>> MMp1gridR 0.253844
>> s=0 MSTModes 0.158891
A. Fill 1D grid.
>> s = 2, UP ... 28.117849
>> s = 1, UP ... 6.07108
>> s = 0, UP ... 8.956444
>> s = 2, IN ... 17.425203
>> s = 1, IN ... 2.17484
>> s = 0, IN ... 3.335784
1. Preliminaries.
Calculating B-matrices and Eigenvalues
2. Generate MSTModes
>> Generate s=-2 MSTModes 87.857268
>> Generate s=-1 MSTModes 86.836729
>> Generate hκModes 113.299273
3. Jumps
>> 0.322909
>> 1.630615
>> 4.376273
>> 2.380604
>> 33.376895
>> 10.502717
>> LinearSolve for s1 and κ jumps 0.652914
>> κ and s1 jumps 53.838254
4. Prepare grid and mode functions.
>> s=-2 MSTModes 0.180111
>> MMp2gridL 1.378177
>> MMp2gridR 4.233532
>> s=-1 MSTModes 0.097001
>> MMp1gridL 0.083934
>> MMp1gridR 0.247067
>> s=0 MSTModes 0.149992
A. Fill 1D grid.
>> s = 2, UP ... 26.808704
>> s = 1, UP ... 5.819987
>> s = 0, UP ... 8.46533
>> s = 2, IN ... 17.273565
>> s = 1, IN ... 2.171625
>> s = 0, IN ... 3.198178
1. Preliminaries.
Calculating B-matrices and Eigenvalues
2. Generate MSTModes
>> Generate s=-2 MSTModes 92.817608
>> Generate s=-1 MSTModes 91.808348
>> Generate hκModes 109.209175
3. Jumps
>> 0.301474
>> 1.392395
>> 4.276249
>> 1.969781
>> 28.41231
>> 8.715425
>> LinearSolve for s1 and κ jumps 0.864113
>> κ and s1 jumps 46.40294
4. Prepare grid and mode functions.
>> s=-2 MSTModes 0.187709
>> MMp2gridL 1.313748
>> MMp2gridR 4.071866
>> s=-1 MSTModes 0.093707
>> MMp1gridL 0.08219
>> MMp1gridR 0.236516
>> s=0 MSTModes 0.14812
A. Fill 1D grid.
>> s = 2, UP ... 25.389624
>> s = 1, UP ... 5.501155
>> s = 0, UP ... 8.012777
>> s = 2, IN ... 16.774274
>> s = 1, IN ... 2.069966
>> s = 0, IN ... 3.109798
1. Preliminaries.
Calculating B-matrices and Eigenvalues
2. Generate MSTModes
>> Generate s=-2 MSTModes 98.491513
>> Generate s=-1 MSTModes 96.057867
>> Generate hκModes 104.734196
3. Jumps
>> 0.283297
>> 1.262408
>> 4.061253
>> 6.069856
>> 44.191189
>> 26.160591
>> LinearSolve for s1 and κ jumps 0.886347
>> κ and s1 jumps 83.464099
4. Prepare grid and mode functions.
>> s=-2 MSTModes 0.169567
>> MMp2gridL 1.280365
>> MMp2gridR 3.829768
>> s=-1 MSTModes 0.09016
>> MMp1gridL 0.077286
>> MMp1gridR 0.224317
>> s=0 MSTModes 0.141483
A. Fill 1D grid.
>> s = 2, UP ... 24.304115
>> s = 1, UP ... 5.364891
>> s = 0, UP ... 10.700593
>> s = 2, IN ... 16.51819
>> s = 1, IN ... 1.973038
>> s = 0, IN ... 3.788748
1. Preliminaries.
Calculating B-matrices and Eigenvalues
2. Generate MSTModes
>> Generate s=-2 MSTModes 102.072802
>> Generate s=-1 MSTModes 98.976165
>> Generate hκModes 103.032251
3. Jumps
>> 0.283676
>> 1.169789
>> 4.357623
>> 5.250633
>> 38.227565
>> 22.04696
>> LinearSolve for s1 and κ jumps 0.009612
>> κ and s1 jumps 71.766269
4. Prepare grid and mode functions.
>> s=-2 MSTModes 0.196614
>> MMp2gridL 1.220906
>> MMp2gridR 3.780826
>> s=-1 MSTModes 0.08495
>> MMp1gridL 0.074311
>> MMp1gridR 0.216903
>> s=0 MSTModes 0.132448
A. Fill 1D grid.
>> s = 2, UP ... 22.856954
>> s = 1, UP ... 4.93974
>> s = 0, UP ... 9.936272
>> s = 2, IN ... 16.003962
>> s = 1, IN ... 1.907928
>> s = 0, IN ... 3.553173
1. Preliminaries.
Calculating B-matrices and Eigenvalues
2. Generate MSTModes
>> Generate s=-2 MSTModes 103.886777
>> Generate s=-1 MSTModes 101.696622
>> Generate hκModes 100.610465
3. Jumps
>> 0.258519
>> 0.960611
>> 3.747333
>> 4.313858
