Task 99 on node678.cluster: a=0.1 r0=11.5
Job started: a = 0.1, r0 = 11.5, savepath = /lustre/astro/dyson/DataFiles/KerrCircDiskData/h1_radial
Warning: rstarmin is outside the allowed range.
Now we Calculate the Radiative Solutions
1. Preliminaries.
Calculating B-matrices and Eigenvalues
2. Generate MSTModes
>> Generate s=-2 MSTModes 42.699028
>> Generate s=-1 MSTModes 42.497449
>> Generate hκModes 115.575416
3. Jumps
>> 0.361574
>> 1.97263
>> 3.324495
>> 3.697733
>> 47.035308
>> 17.831923
>> LinearSolve for s1 and κ jumps 0.004341
>> κ and s1 jumps 75.130123
4. Prepare grid and mode functions.
>> s=-2 MSTModes 0.214835
>> MMp2gridL 0.988783
>> MMp2gridR 4.965311
>> s=-1 MSTModes 0.066284
>> MMp1gridL 0.038713
>> MMp1gridR 0.166612
>> s=0 MSTModes 0.14874
A. Fill 1D grid.
>> s = 2, UP ... 34.379921
>> s = 1, UP ... 1.322158
>> s = 0, UP ... 7.929025
>> s = 2, IN ... 12.029173
>> s = 1, IN ... 0.927472
>> s = 0, IN ... 2.087077
1. Preliminaries.
Calculating B-matrices and Eigenvalues
2. Generate MSTModes
>> Generate s=-2 MSTModes 60.398339
>> Generate s=-1 MSTModes 62.362594
>> Generate hκModes 132.101004
3. Jumps
>> 0.389665
>> 2.54946
>> 4.622595
>> 4.054313
>> 53.888254
>> 18.14379
>> LinearSolve for s1 and κ jumps 1.109642
>> κ and s1 jumps 85.592776
4. Prepare grid and mode functions.
>> s=-2 MSTModes 0.203426
>> MMp2gridL 1.073902
>> MMp2gridR 5.461849
>> s=-1 MSTModes 0.113788
>> MMp1gridL 0.063606
>> MMp1gridR 0.321933
>> s=0 MSTModes 0.184192
A. Fill 1D grid.
>> s = 2, UP ... 36.627011
>> s = 1, UP ... 8.170636
>> s = 0, UP ... 11.354787
>> s = 2, IN ... 12.671664
>> s = 1, IN ... 1.673442
>> s = 0, IN ... 2.476358
1. Preliminaries.
Calculating B-matrices and Eigenvalues
2. Generate MSTModes
>> Generate s=-2 MSTModes 70.772918
>> Generate s=-1 MSTModes 70.276008
>> Generate hκModes 128.989407
3. Jumps
>> 0.381109
>> 2.212671
>> 4.800773
>> 3.531484
>> 47.40376
>> 15.944532
>> LinearSolve for s1 and κ jumps 0.881161
>> κ and s1 jumps 75.88227
4. Prepare grid and mode functions.
>> s=-2 MSTModes 0.210666
>> MMp2gridL 1.046981
>> MMp2gridR 5.333355
>> s=-1 MSTModes 0.11085
>> MMp1gridL 0.062701
>> MMp1gridR 0.313215
>> s=0 MSTModes 0.179454
A. Fill 1D grid.
>> s = 2, UP ... 34.803059
>> s = 1, UP ... 7.601188
>> s = 0, UP ... 11.025423
>> s = 2, IN ... 12.523063
>> s = 1, IN ... 1.605698
>> s = 0, IN ... 2.390068
1. Preliminaries.
Calculating B-matrices and Eigenvalues
2. Generate MSTModes
>> Generate s=-2 MSTModes 77.324151
>> Generate s=-1 MSTModes 76.144561
>> Generate hκModes 125.418487
3. Jumps
>> 0.353377
>> 1.963072
>> 4.86151
>> 3.035078
>> 42.028907
>> 13.759985
>> LinearSolve for s1 and κ jumps 0.780501
>> κ and s1 jumps 67.473513
4. Prepare grid and mode functions.
>> s=-2 MSTModes 0.197292
>> MMp2gridL 1.012774
>> MMp2gridR 5.129593
>> s=-1 MSTModes 0.104682
>> MMp1gridL 0.061286
>> MMp1gridR 0.294854
>> s=0 MSTModes 0.168657
A. Fill 1D grid.
>> s = 2, UP ... 32.945664
>> s = 1, UP ... 7.200735
>> s = 0, UP ... 10.42798
>> s = 2, IN ... 12.24406
>> s = 1, IN ... 1.552946
>> s = 0, IN ... 2.310903
1. Preliminaries.
Calculating B-matrices and Eigenvalues
2. Generate MSTModes
>> Generate s=-2 MSTModes 83.243278
>> Generate s=-1 MSTModes 82.592805
>> Generate hκModes 123.1498
3. Jumps
>> 0.339172
>> 1.865373
>> 4.93456
>> 2.617551
>> 37.913438
>> 11.849751
>> LinearSolve for s1 and κ jumps 1.362107
>> κ and s1 jumps 61.505418
4. Prepare grid and mode functions.
>> s=-2 MSTModes 0.189936
>> MMp2gridL 0.950053
>> MMp2gridR 4.872165
>> s=-1 MSTModes 0.100255
>> MMp1gridL 0.059081
>> MMp1gridR 0.285294
>> s=0 MSTModes 0.157824
A. Fill 1D grid.
>> s = 2, UP ... 31.365354
>> s = 1, UP ... 6.684099
>> s = 0, UP ... 9.884372
>> s = 2, IN ... 11.826602
>> s = 1, IN ... 1.483427
>> s = 0, IN ... 2.197786
1. Preliminaries.
Calculating B-matrices and Eigenvalues
2. Generate MSTModes
>> Generate s=-2 MSTModes 91.312153
>> Generate s=-1 MSTModes 90.602209
>> Generate hκModes 120.708102
3. Jumps
>> 0.311981
>> 1.555551
>> 4.774311
>> 2.292962
>> 32.660519
>> 10.299863
>> LinearSolve for s1 and κ jumps 0.884902
>> κ and s1 jumps 53.326037
4. Prepare grid and mode functions.
>> s=-2 MSTModes 0.184281
>> MMp2gridL 0.921915
>> MMp2gridR 4.696189
>> s=-1 MSTModes 0.098607
>> MMp1gridL 0.056818
>> MMp1gridR 0.272015
>> s=0 MSTModes 0.153855
A. Fill 1D grid.
>> s = 2, UP ... 29.319366
>> s = 1, UP ... 6.335095
>> s = 0, UP ... 9.420101
>> s = 2, IN ... 11.353428
>> s = 1, IN ... 1.396574
>> s = 0, IN ... 2.129652
1. Preliminaries.
Calculating B-matrices and Eigenvalues
2. Generate MSTModes
>> Generate s=-2 MSTModes 97.983762
>> Generate s=-1 MSTModes 97.571281
>> Generate hκModes 119.255668
3. Jumps
>> 0.302678
>> 1.389003
>> 4.627766
>> 1.987036
>> 29.041943
>> 8.902469
>> LinearSolve for s1 and κ jumps 0.758499
>> κ and s1 jumps 47.530478
4. Prepare grid and mode functions.
>> s=-2 MSTModes 0.172816
>> MMp2gridL 0.864371
>> MMp2gridR 4.471748
>> s=-1 MSTModes 0.093939
>> MMp1gridL 0.054202
>> MMp1gridR 0.261862
>> s=0 MSTModes 0.150293
A. Fill 1D grid.
>> s = 2, UP ... 27.845097
>> s = 1, UP ... 6.070804
>> s = 0, UP ... 8.895129
>> s = 2, IN ... 11.285794
>> s = 1, IN ... 1.353604
>> s = 0, IN ... 2.039277
1. Preliminaries.
Calculating B-matrices and Eigenvalues
2. Generate MSTModes
>> Generate s=-2 MSTModes 105.26015
>> Generate s=-1 MSTModes 103.91727
>> Generate hκModes 116.461778
3. Jumps
>> 0.283603
>> 1.284735
>> 4.417975
>> 1.674334
>> 25.723749
>> 7.525838
>> LinearSolve for s1 and κ jumps 0.814831
>> κ and s1 jumps 42.222801
4. Prepare grid and mode functions.
>> s=-2 MSTModes 0.170296
>> MMp2gridL 0.875321
>> MMp2gridR 4.417256
>> s=-1 MSTModes 0.089771
>> MMp1gridL 0.051172
>> MMp1gridR 0.254277
>> s=0 MSTModes 0.14099
A. Fill 1D grid.
>> s = 2, UP ... 26.357559
>> s = 1, UP ... 5.59855
>> s = 0, UP ... 8.362169
>> s = 2, IN ... 10.874623
>> s = 1, IN ... 1.309308
>> s = 0, IN ... 1.966127
1. Preliminaries.
Calculating B-matrices and Eigenvalues
2. Generate MSTModes
>> Generate s=-2 MSTModes 109.139791
>> Generate s=-1 MSTModes 108.81425
>> Generate hκModes 113.410929
3. Jumps
