Task 722 on node656.cluster: a=0.999 r0=15.0
Job started: a = 0.999, r0 = 15., savepath = /lustre/astro/dyson/DataFiles/KerrCircDiskData/h1_radial
Warning: rstarmin is outside the allowed range.
Now we Calculate the Radiative Solutions
1. Preliminaries.
Calculating B-matrices and Eigenvalues
2. Generate MSTModes
>> Generate s=-2 MSTModes 62.312842
>> Generate s=-1 MSTModes 58.773339
>> Generate hκModes 141.917635
3. Jumps
>> 0.400635
>> 2.341592
>> 3.568486
>> 4.051778
>> 49.731012
>> 18.040477
>> LinearSolve for s1 and κ jumps 0.004741
>> κ and s1 jumps 79.023926
4. Prepare grid and mode functions.
>> s=-2 MSTModes 0.207575
>> MMp2gridL 1.292555
>> MMp2gridR 4.484745
>> s=-1 MSTModes 0.06542
>> MMp1gridL 0.04957
>> MMp1gridR 0.147939
>> s=0 MSTModes 0.150608
A. Fill 1D grid.
>> s = 2, UP ... 31.865012
>> s = 1, UP ... 1.228774
>> s = 0, UP ... 7.060945
>> s = 2, IN ... 15.314953
>> s = 1, IN ... 1.139393
>> s = 0, IN ... 2.686059
1. Preliminaries.
Calculating B-matrices and Eigenvalues
2. Generate MSTModes
>> Generate s=-2 MSTModes 66.957123
>> Generate s=-1 MSTModes 63.288367
>> Generate hκModes 117.153594
3. Jumps
>> 0.308237
>> 1.93946
>> 3.401234
>> 12.080389
>> 83.306194
>> 54.153089
>> LinearSolve for s1 and κ jumps 0.472548
>> κ and s1 jumps 156.471101
4. Prepare grid and mode functions.
>> s=-2 MSTModes 0.170788
>> MMp2gridL 1.20701
>> MMp2gridR 4.156757
>> s=-1 MSTModes 0.096444
>> MMp1gridL 0.0704
>> MMp1gridR 0.245002
>> s=0 MSTModes 0.152911
A. Fill 1D grid.
>> s = 2, UP ... 28.139931
>> s = 1, UP ... 6.00711
>> s = 0, UP ... 11.949904
>> s = 2, IN ... 13.9708
>> s = 1, IN ... 1.850972
>> s = 0, IN ... 3.613929
1. Preliminaries.
Calculating B-matrices and Eigenvalues
2. Generate MSTModes
>> Generate s=-2 MSTModes 67.717314
>> Generate s=-1 MSTModes 66.183419
>> Generate hκModes 112.074287
3. Jumps
>> 0.308848
>> 1.821188
>> 3.592133
>> 10.544626
>> 72.173308
>> 46.469768
>> LinearSolve for s1 and κ jumps 0.47341
>> κ and s1 jumps 136.077558
4. Prepare grid and mode functions.
>> s=-2 MSTModes 0.166064
>> MMp2gridL 1.174094
>> MMp2gridR 4.054632
>> s=-1 MSTModes 0.095775
>> MMp1gridL 0.071426
>> MMp1gridR 0.242441
>> s=0 MSTModes 0.150524
A. Fill 1D grid.
>> s = 2, UP ... 26.851494
>> s = 1, UP ... 5.759651
>> s = 0, UP ... 11.369597
>> s = 2, IN ... 13.734405
>> s = 1, IN ... 1.819257
>> s = 0, IN ... 3.469758
1. Preliminaries.
Calculating B-matrices and Eigenvalues
2. Generate MSTModes
>> Generate s=-2 MSTModes 75.524303
>> Generate s=-1 MSTModes 72.468228
>> Generate hκModes 110.568385
3. Jumps
>> 0.287883
>> 1.625187
>> 3.596777
>> 9.433807
>> 64.742439
>> 41.162426
>> LinearSolve for s1 and κ jumps 0.505064
>> κ and s1 jumps 122.016919
4. Prepare grid and mode functions.
>> s=-2 MSTModes 0.160324
>> MMp2gridL 1.114078
>> MMp2gridR 3.871442
>> s=-1 MSTModes 0.087863
>> MMp1gridL 0.066718
>> MMp1gridR 0.227397
>> s=0 MSTModes 0.147455
A. Fill 1D grid.
>> s = 2, UP ... 25.549824
>> s = 1, UP ... 5.505621
>> s = 0, UP ... 10.860231
>> s = 2, IN ... 13.391828
>> s = 1, IN ... 1.757107
>> s = 0, IN ... 3.343736
1. Preliminaries.
Calculating B-matrices and Eigenvalues
2. Generate MSTModes
>> Generate s=-2 MSTModes 82.206618
>> Generate s=-1 MSTModes 79.015756
>> Generate hκModes 109.222084
3. Jumps
>> 0.2793
>> 1.494116
>> 3.651015
>> 8.218828
>> 57.354742
>> 35.725951
>> LinearSolve for s1 and κ jumps 0.491641
>> κ and s1 jumps 107.815709
4. Prepare grid and mode functions.
>> s=-2 MSTModes 0.156231
>> MMp2gridL 1.069368
>> MMp2gridR 3.716878
>> s=-1 MSTModes 0.086969
>> MMp1gridL 0.066326
>> MMp1gridR 0.220285
>> s=0 MSTModes 0.138671
A. Fill 1D grid.
>> s = 2, UP ... 24.116145
>> s = 1, UP ... 5.224981
>> s = 0, UP ... 10.146468
>> s = 2, IN ... 13.166409
>> s = 1, IN ... 1.68744
>> s = 0, IN ... 3.163187
1. Preliminaries.
Calculating B-matrices and Eigenvalues
2. Generate MSTModes
>> Generate s=-2 MSTModes 89.630567
>> Generate s=-1 MSTModes 85.796285
>> Generate hκModes 108.088297
3. Jumps
>> 0.268486
>> 1.311229
>> 3.666864
>> 6.844819
>> 48.869414
>> 29.806043
>> LinearSolve for s1 and κ jumps 1.068486
>> κ and s1 jumps 92.389587
4. Prepare grid and mode functions.
>> s=-2 MSTModes 0.150509
>> MMp2gridL 1.02866
>> MMp2gridR 3.564751
>> s=-1 MSTModes 0.082294
>> MMp1gridL 0.061653
>> MMp1gridR 0.209411
>> s=0 MSTModes 0.136137
A. Fill 1D grid.
>> s = 2, UP ... 22.822662
>> s = 1, UP ... 4.939392
>> s = 0, UP ... 9.584081
>> s = 2, IN ... 13.00074
>> s = 1, IN ... 1.604728
>> s = 0, IN ... 3.017599
1. Preliminaries.
Calculating B-matrices and Eigenvalues
2. Generate MSTModes
>> Generate s=-2 MSTModes 95.526143
>> Generate s=-1 MSTModes 93.29674
>> Generate hκModes 106.108298
3. Jumps
>> 0.252085
>> 1.156046
>> 3.551903
>> 5.977275
>> 43.183535
>> 26.314728
>> LinearSolve for s1 and κ jumps 1.085619
>> κ and s1 jumps 82.022154
4. Prepare grid and mode functions.
>> s=-2 MSTModes 0.1483
>> MMp2gridL 0.983236
>> MMp2gridR 3.405315
>> s=-1 MSTModes 0.079138
>> MMp1gridL 0.060974
>> MMp1gridR 0.202528
>> s=0 MSTModes 0.128038
A. Fill 1D grid.
>> s = 2, UP ... 21.312143
>> s = 1, UP ... 4.523998
>> s = 0, UP ... 8.886542
>> s = 2, IN ... 12.666311
>> s = 1, IN ... 1.53283
>> s = 0, IN ... 2.903738
1. Preliminaries.
Calculating B-matrices and Eigenvalues
2. Generate MSTModes
>> Generate s=-2 MSTModes 102.40415
>> Generate s=-1 MSTModes 100.358625
