Task 14 on node729.cluster: a=0.99 r0=8.1
Job started: a = 0.99, r0 = 8.1, savepath = /lustre/astro/dyson/DataFiles/KerrCircSourceFiles/h1_radial
Warning: rstarmin is outside the allowed range.
Now we Calculate the Radiative Solutions
1. Preliminaries.
Calculating B-matrices and Eigenvalues
2. Generate MSTModes
>> Generate s=-2 MSTModes 227.377738
>> Generate s=-1 MSTModes 222.478201
>> Generate hκModes 579.173286
3. Jumps
>> 2.567565
>> 27.247596
>> 11.445767
>> 285.897436
>> 1628.214751
>> 1260.321617
>> LinearSolve for s1 and κ jumps 0.014194
>> κ and s1 jumps 3224.956511
4. Prepare grid and mode functions.
>> s=-2 MSTModes 0.437758
>> MMp2gridL 2.328854
>> MMp2gridR 15.065046
>> s=-1 MSTModes 0.1677
>> MMp1gridL 0.095723
>> MMp1gridR 0.547514
>> s=0 MSTModes 0.390515
A. Fill 1D grid.
>> s = 2, UP ... 186.411584
>> s = 1, UP ... 5.143664
>> s = 0, UP ... 57.503793
>> s = 2, IN ... 60.861056
>> s = 1, IN ... 3.466573
>> s = 0, IN ... 9.664633
1. Preliminaries.
Calculating B-matrices and Eigenvalues
2. Generate MSTModes
>> Generate s=-2 MSTModes 265.682398
>> Generate s=-1 MSTModes 259.795791
>> Generate hκModes 550.39946
3. Jumps
>> 2.424439
>> 27.646187
>> 12.458124
>> 270.879027
>> 1521.215788
>> 1144.645408
>> LinearSolve for s1 and κ jumps 0.740218
>> κ and s1 jumps 2986.418119
4. Prepare grid and mode functions.
>> s=-2 MSTModes 0.441428
>> MMp2gridL 2.310673
>> MMp2gridR 14.9758
>> s=-1 MSTModes 0.254209
>> MMp1gridL 0.13584
>> MMp1gridR 0.855735
>> s=0 MSTModes 0.42325
A. Fill 1D grid.
>> s = 2, UP ... 182.473498
>> s = 1, UP ... 37.99796
>> s = 0, UP ... 75.802162
>> s = 2, IN ... 59.976398
>> s = 1, IN ... 5.471554
>> s = 0, IN ... 10.647115
1. Preliminaries.
Calculating B-matrices and Eigenvalues
2. Generate MSTModes
>> Generate s=-2 MSTModes 296.184918
>> Generate s=-1 MSTModes 289.5802
>> Generate hκModes 543.268794
3. Jumps
>> 2.320335
>> 26.530698
>> 13.08227
>> 245.307658
>> 1431.343343
>> 1081.813042
>> LinearSolve for s1 and κ jumps 0.628352
>> κ and s1 jumps 2807.033397
4. Prepare grid and mode functions.
>> s=-2 MSTModes 0.447079
>> MMp2gridL 2.280872
>> MMp2gridR 14.771138
>> s=-1 MSTModes 0.252473
>> MMp1gridL 0.133876
>> MMp1gridR 0.835071
>> s=0 MSTModes 0.416047
A. Fill 1D grid.
>> s = 2, UP ... 177.068544
>> s = 1, UP ... 36.014265
>> s = 0, UP ... 72.916596
>> s = 2, IN ... 59.761088
>> s = 1, IN ... 5.378566
>> s = 0, IN ... 10.503132
1. Preliminaries.
Calculating B-matrices and Eigenvalues
2. Generate MSTModes
>> Generate s=-2 MSTModes 322.224129
>> Generate s=-1 MSTModes 311.714845
>> Generate hκModes 545.432896
3. Jumps
>> 2.237284
>> 24.994073
>> 13.383025
>> 233.756098
>> 1333.159725
>> 1008.094549
>> LinearSolve for s1 and κ jumps 0.609399
>> κ and s1 jumps 2621.862979
4. Prepare grid and mode functions.
>> s=-2 MSTModes 0.440189
>> MMp2gridL 2.263314
>> MMp2gridR 14.399356
>> s=-1 MSTModes 0.247818
>> MMp1gridL 0.13189
>> MMp1gridR 0.820463
>> s=0 MSTModes 0.409041
A. Fill 1D grid.
>> s = 2, UP ... 170.496098
>> s = 1, UP ... 33.144332
>> s = 0, UP ... 70.471628
>> s = 2, IN ... 59.451807
>> s = 1, IN ... 5.286026
>> s = 0, IN ... 10.208843
1. Preliminaries.
Calculating B-matrices and Eigenvalues
2. Generate MSTModes
>> Generate s=-2 MSTModes 348.703483
>> Generate s=-1 MSTModes 342.152168
>> Generate hκModes 552.895246
3. Jumps
>> 2.172787
>> 23.621515
>> 13.801959
>> 213.502988
>> 1233.966669
>> 922.048209
>> LinearSolve for s1 and κ jumps 0.503614
>> κ and s1 jumps 2414.999707
4. Prepare grid and mode functions.
>> s=-2 MSTModes 0.429784
>> MMp2gridL 2.196584
>> MMp2gridR 14.219553
>> s=-1 MSTModes 0.244756
>> MMp1gridL 0.129727
>> MMp1gridR 0.804722
>> s=0 MSTModes 0.435317
A. Fill 1D grid.
>> s = 2, UP ... 165.786977
>> s = 1, UP ... 31.047249
>> s = 0, UP ... 64.401333
>> s = 2, IN ... 59.108853
>> s = 1, IN ... 5.182785
>> s = 0, IN ... 9.992305
1. Preliminaries.
Calculating B-matrices and Eigenvalues
2. Generate MSTModes
>> Generate s=-2 MSTModes 382.001606
>> Generate s=-1 MSTModes 374.739169
>> Generate hκModes 560.115455
3. Jumps
>> 2.094274
>> 21.62291
>> 14.279592
>> 191.647269
>> 1118.283586
>> 834.086391
>> LinearSolve for s1 and κ jumps 0.423911
>> κ and s1 jumps 2187.49863
4. Prepare grid and mode functions.
>> s=-2 MSTModes 0.43078
>> MMp2gridL 2.23876
>> MMp2gridR 14.057848
>> s=-1 MSTModes 0.239285
>> MMp1gridL 0.127287
>> MMp1gridR 0.792374
>> s=0 MSTModes 0.39795
A. Fill 1D grid.
>> s = 2, UP ... 161.367057
>> s = 1, UP ... 30.809652
>> s = 0, UP ... 61.292766
>> s = 2, IN ... 58.925189
>> s = 1, IN ... 5.086684
>> s = 0, IN ... 9.750397
1. Preliminaries.
Calculating B-matrices and Eigenvalues
2. Generate MSTModes
>> Generate s=-2 MSTModes 419.973843
>> Generate s=-1 MSTModes 415.211691
>> Generate hκModes 566.423326
3. Jumps
>> 2.069025
>> 20.784184
>> 14.340254
>> 179.916272
>> 1048.158772
>> 777.612097
>> LinearSolve for s1 and κ jumps 0.665312
>> κ and s1 jumps 2048.32528
4. Prepare grid and mode functions.
>> s=-2 MSTModes 0.420212
>> MMp2gridL 2.173379
>> MMp2gridR 14.002297
>> s=-1 MSTModes 0.235814
>> MMp1gridL 0.125056
>> MMp1gridR 0.774184
>> s=0 MSTModes 0.389815
A. Fill 1D grid.
>> s = 2, UP ... 154.896836
>> s = 1, UP ... 28.424882
>> s = 0, UP ... 59.094192
>> s = 2, IN ... 58.122617
>> s = 1, IN ... 4.973568
>> s = 0, IN ... 9.49455
1. Preliminaries.
Calculating B-matrices and Eigenvalues
2. Generate MSTModes
>> Generate s=-2 MSTModes 461.942526
>> Generate s=-1 MSTModes 456.81316
>> Generate hκModes 574.416688
3. Jumps
>> 1.880412
>> 19.167666
>> 14.035886
>> 162.785981
>> 949.775692
>> 701.448719
>> LinearSolve for s1 and κ jumps 0.676745
>> κ and s1 jumps 1854.28625
4. Prepare grid and mode functions.
>> s=-2 MSTModes 0.411793
>> MMp2gridL 2.142078
>> MMp2gridR 13.721651
>> s=-1 MSTModes 0.232345
>> MMp1gridL 0.124098
>> MMp1gridR 0.761568
>> s=0 MSTModes 0.381182
A. Fill 1D grid.
>> s = 2, UP ... 149.015047
>> s = 1, UP ... 27.973734
>> s = 0, UP ... 56.618702
>> s = 2, IN ... 57.361878
>> s = 1, IN ... 4.854416
>> s = 0, IN ... 9.278807
1. Preliminaries.
Calculating B-matrices and Eigenvalues
2. Generate MSTModes
>> Generate s=-2 MSTModes 511.891857
>> Generate s=-1 MSTModes 499.549056
>> Generate hκModes 572.686156
3. Jumps
>> 1.812405
>> 17.914132
>> 14.059528
>> 151.932495
>> 886.57834
>> 653.102478
>> LinearSolve for s1 and κ jumps 0.80642
>> κ and s1 jumps 1730.373502
4. Prepare grid and mode functions.
>> s=-2 MSTModes 0.402966
>> MMp2gridL 2.121517
>> MMp2gridR 13.227235
>> s=-1 MSTModes 0.228119
>> MMp1gridL 0.121596
>> MMp1gridR 0.744277
>> s=0 MSTModes 0.374948
A. Fill 1D grid.
>> s = 2, UP ... 144.546764
>> s = 1, UP ... 26.563558
>> s = 0, UP ... 54.149856
>> s = 2, IN ... 57.06222
>> s = 1, IN ... 4.808677
>> s = 0, IN ... 9.036267
1. Preliminaries.
Calculating B-matrices and Eigenvalues
2. Generate MSTModes
>> Generate s=-2 MSTModes 556.681728
>> Generate s=-1 MSTModes 542.547061
>> Generate hκModes 580.938063
3. Jumps
>> 1.763573
>> 16.767134
>> 14.013935
>> 138.805571
>> 825.648958
>> 604.472323
>> LinearSolve for s1 and κ jumps 0.606142
>> κ and s1 jumps 1606.09972
4. Prepare grid and mode functions.
>> s=-2 MSTModes 0.413833
>> MMp2gridL 2.047416
>> MMp2gridR 13.372948
>> s=-1 MSTModes 0.230611
>> MMp1gridL 0.120707
>> MMp1gridR 0.747954
>> s=0 MSTModes 0.394013
A. Fill 1D grid.
>> s = 2, UP ... 148.900667
>> s = 1, UP ... 30.488723
>> s = 0, UP ... 61.592348
>> s = 2, IN ... 57.711414
>> s = 1, IN ... 4.781064
>> s = 0, IN ... 9.081554
1. Preliminaries.
Calculating B-matrices and Eigenvalues
2. Generate MSTModes
>> Generate s=-2 MSTModes 637.020152
>> Generate s=-1 MSTModes 623.903686
>> Generate hκModes 585.784045
3. Jumps
>> 1.662821
>> 15.819291
>> 13.883658
>> 125.520156
>> 751.216752
>> 544.005128
>> LinearSolve for s1 and κ jumps 0.734362
>> κ and s1 jumps 1456.586578
4. Prepare grid and mode functions.
>> s=-2 MSTModes 0.404784
>> MMp2gridL 2.012603
>> MMp2gridR 13.130171
>> s=-1 MSTModes 0.226413
>> MMp1gridL 0.116774
>> MMp1gridR 0.718872
>> s=0 MSTModes 0.38407
A. Fill 1D grid.
>> s = 2, UP ... 137.753513
>> s = 1, UP ... 26.017128
>> s = 0, UP ... 53.392507
>> s = 2, IN ... 56.49008
>> s = 1, IN ... 4.640806
>> s = 0, IN ... 8.659729
1. Preliminaries.
Calculating B-matrices and Eigenvalues
2. Generate MSTModes
>> Generate s=-2 MSTModes 697.50979
>> Generate s=-1 MSTModes 681.34622
>> Generate hκModes 5598.24119
3. Jumps
>> 85.222916
>> 89.478949
>> 1021.404451
>> 218.845103
>> 1260.327545
>> 860.639668
>> LinearSolve for s1 and κ jumps 0.746214
>> κ and s1 jumps 3546.719683
4. Prepare grid and mode functions.
>> s=-2 MSTModes 2.110995
>> MMp2gridL 12.498889
>> MMp2gridR 67.721206
>> s=-1 MSTModes 1.393431
>> MMp1gridL 1.233319
>> MMp1gridR 4.205343
>> s=0 MSTModes 1.95496
A. Fill 1D grid.
>> s = 2, UP ... 1461.017097
>> s = 1, UP ... 130.474482
>> s = 0, UP ... 367.988521
>> s = 2, IN ... 296.978328
>> s = 1, IN ... 22.870431
>> s = 0, IN ... 39.366864
1. Preliminaries.
Calculating B-matrices and Eigenvalues
