Task 23 on node678.cluster: a=0.001 r0=17.5
Job started: a = 0.001, r0 = 17.5, savepath = /lustre/astro/dyson/DataFiles/KerrCircDiskData/h1_radial
Warning: rstarmin is outside the allowed range.
Now we Calculate the Radiative Solutions
1. Preliminaries.
Calculating B-matrices and Eigenvalues
2. Generate MSTModes
>> Generate s=-2 MSTModes 44.569062
>> Generate s=-1 MSTModes 44.256071
>> Generate hκModes 121.87287
3. Jumps
>> 0.372842
>> 2.207709
>> 3.390058
>> 14.978359
>> 102.833378
>> 69.521192
>> LinearSolve for s1 and κ jumps 0.00356
>> κ and s1 jumps 194.355438
4. Prepare grid and mode functions.
>> s=-2 MSTModes 0.212949
>> MMp2gridL 1.694896
>> MMp2gridR 4.729273
>> s=-1 MSTModes 0.070723
>> MMp1gridL 0.066044
>> MMp1gridR 0.156409
>> s=0 MSTModes 0.165221
A. Fill 1D grid.
>> s = 2, UP ... 32.8315
>> s = 1, UP ... 1.23461
>> s = 0, UP ... 10.199373
>> s = 2, IN ... 19.992453
>> s = 1, IN ... 1.493768
>> s = 0, IN ... 4.445142
1. Preliminaries.
Calculating B-matrices and Eigenvalues
2. Generate MSTModes
>> Generate s=-2 MSTModes 64.664683
>> Generate s=-1 MSTModes 65.072144
>> Generate hκModes 134.081599
3. Jumps
>> 0.378477
>> 2.380034
>> 4.170248
>> 14.638582
>> 96.811531
>> 61.940003
>> LinearSolve for s1 and κ jumps 1.008911
>> κ and s1 jumps 182.20192
4. Prepare grid and mode functions.
>> s=-2 MSTModes 0.19305
>> MMp2gridL 1.689115
>> MMp2gridR 4.665935
>> s=-1 MSTModes 0.107267
>> MMp1gridL 0.09771
>> MMp1gridR 0.271734
>> s=0 MSTModes 0.173934
A. Fill 1D grid.
>> s = 2, UP ... 31.165913
>> s = 1, UP ... 6.668906
>> s = 0, UP ... 13.114653
>> s = 2, IN ... 19.676281
>> s = 1, IN ... 2.601058
>> s = 0, IN ... 5.013493
1. Preliminaries.
Calculating B-matrices and Eigenvalues
2. Generate MSTModes
>> Generate s=-2 MSTModes 70.213451
>> Generate s=-1 MSTModes 70.221734
>> Generate hκModes 125.017527
3. Jumps
>> 0.363771
>> 2.133129
>> 4.228981
>> 3.475682
>> 46.46162
>> 15.380619
>> LinearSolve for s1 and κ jumps 0.822309
>> κ and s1 jumps 73.535719
4. Prepare grid and mode functions.
>> s=-2 MSTModes 0.19426
>> MMp2gridL 1.623948
>> MMp2gridR 4.529516
>> s=-1 MSTModes 0.106725
>> MMp1gridL 0.096832
>> MMp1gridR 0.265213
>> s=0 MSTModes 0.171546
A. Fill 1D grid.
>> s = 2, UP ... 29.594284
>> s = 1, UP ... 6.209079
>> s = 0, UP ... 9.119232
>> s = 2, IN ... 19.010987
>> s = 1, IN ... 2.498239
>> s = 0, IN ... 3.705594
1. Preliminaries.
Calculating B-matrices and Eigenvalues
2. Generate MSTModes
>> Generate s=-2 MSTModes 75.488743
>> Generate s=-1 MSTModes 74.3824
>> Generate hκModes 118.032331
3. Jumps
>> 0.345389
>> 1.947734
>> 4.348766
>> 2.982297
>> 41.495171
>> 13.304438
>> LinearSolve for s1 and κ jumps 1.024855
>> κ and s1 jumps 66.052366
4. Prepare grid and mode functions.
>> s=-2 MSTModes 0.216578
>> MMp2gridL 1.589293
>> MMp2gridR 4.409805
>> s=-1 MSTModes 0.103809
>> MMp1gridL 0.093334
>> MMp1gridR 0.254391
>> s=0 MSTModes 0.166566
A. Fill 1D grid.
>> s = 2, UP ... 28.598351
>> s = 1, UP ... 6.061506
>> s = 0, UP ... 8.763206
>> s = 2, IN ... 18.737593
>> s = 1, IN ... 2.424387
>> s = 0, IN ... 3.618782
1. Preliminaries.
Calculating B-matrices and Eigenvalues
2. Generate MSTModes
>> Generate s=-2 MSTModes 81.427098
>> Generate s=-1 MSTModes 80.278204
>> Generate hκModes 111.645367
3. Jumps
>> 0.323746
>> 1.698057
>> 4.182684
>> 2.565927
>> 36.291601
>> 11.555033
>> LinearSolve for s1 and κ jumps 1.038156
>> κ and s1 jumps 58.206927
4. Prepare grid and mode functions.
>> s=-2 MSTModes 0.188352
>> MMp2gridL 1.530756
>> MMp2gridR 4.21722
>> s=-1 MSTModes 0.100275
>> MMp1gridL 0.087948
>> MMp1gridR 0.242053
>> s=0 MSTModes 0.15697
A. Fill 1D grid.
>> s = 2, UP ... 27.128522
>> s = 1, UP ... 5.824772
>> s = 0, UP ... 8.395612
>> s = 2, IN ... 18.479188
>> s = 1, IN ... 2.343836
>> s = 0, IN ... 3.506716
1. Preliminaries.
Calculating B-matrices and Eigenvalues
2. Generate MSTModes
>> Generate s=-2 MSTModes 87.026991
>> Generate s=-1 MSTModes 85.338444
>> Generate hκModes 106.266826
3. Jumps
>> 0.310996
>> 1.468025
>> 4.000398
>> 2.1692
>> 31.42145
>> 9.832746
>> LinearSolve for s1 and κ jumps 1.198803
>> κ and s1 jumps 50.975014
4. Prepare grid and mode functions.
>> s=-2 MSTModes 0.176458
>> MMp2gridL 1.40346
>> MMp2gridR 4.015217
>> s=-1 MSTModes 0.093876
>> MMp1gridL 0.085933
>> MMp1gridR 0.233273
>> s=0 MSTModes 0.149615
A. Fill 1D grid.
>> s = 2, UP ... 25.623564
>> s = 1, UP ... 5.519547
>> s = 0, UP ... 8.179309
>> s = 2, IN ... 17.956536
>> s = 1, IN ... 2.263747
>> s = 0, IN ... 3.363559
1. Preliminaries.
Calculating B-matrices and Eigenvalues
2. Generate MSTModes
>> Generate s=-2 MSTModes 91.501666
>> Generate s=-1 MSTModes 90.029684
>> Generate hκModes 102.478234
3. Jumps
>> 0.285692
>> 1.313392
>> 4.004888
>> 1.867448
>> 27.815606
>> 8.244991
>> LinearSolve for s1 and κ jumps 0.682397
>> κ and s1 jumps 44.690539
4. Prepare grid and mode functions.
>> s=-2 MSTModes 0.173177
>> MMp2gridL 1.30557
>> MMp2gridR 3.708758
>> s=-1 MSTModes 0.088723
>> MMp1gridL 0.081272
>> MMp1gridR 0.220834
>> s=0 MSTModes 0.141476
A. Fill 1D grid.
>> s = 2, UP ... 23.773484
>> s = 1, UP ... 5.115153
>> s = 0, UP ... 7.691153
>> s = 2, IN ... 17.355456
>> s = 1, IN ... 2.117021
>> s = 0, IN ... 3.200677
1. Preliminaries.
Calculating B-matrices and Eigenvalues
2. Generate MSTModes
>> Generate s=-2 MSTModes 95.48717
>> Generate s=-1 MSTModes 94.215105
>> Generate hκModes 100.320551
3. Jumps
>> 0.270529
>> 1.140948
>> 3.805062
>> 1.618157
>> 24.258949
>> 7.248432
>> LinearSolve for s1 and κ jumps 1.296206
>> κ and s1 jumps 40.090912
4. Prepare grid and mode functions.
>> s=-2 MSTModes 0.163701
>> MMp2gridL 1.256321
>> MMp2gridR 3.565429
>> s=-1 MSTModes 0.086451
>> MMp1gridL 0.077238
>> MMp1gridR 0.215336
>> s=0 MSTModes 0.137261
A. Fill 1D grid.
>> s = 2, UP ... 22.386776
>> s = 1, UP ... 4.730006
>> s = 0, UP ... 7.175692
>> s = 2, IN ... 16.701163
>> s = 1, IN ... 2.032612
>> s = 0, IN ... 3.060187
1. Preliminaries.
Calculating B-matrices and Eigenvalues
2. Generate MSTModes
>> Generate s=-2 MSTModes 98.432408
>> Generate s=-1 MSTModes 97.559404
>> Generate hκModes 97.967883
3. Jumps
>> 0.267732
>> 1.059324
>> 3.808525
>> 1.38578
>> 21.544106
>> 6.11107
>> LinearSolve for s1 and κ jumps 0.006908
>> κ and s1 jumps 34.534449
4. Prepare grid and mode functions.
>> s=-2 MSTModes 0.186934
>> MMp2gridL 1.214636
>> MMp2gridR 3.396664
>> s=-1 MSTModes 0.082908
>> MMp1gridL 0.076184
>> MMp1gridR 0.202034
>> s=0 MSTModes 0.130645
A. Fill 1D grid.
>> s = 2, UP ... 21.061649
>> s = 1, UP ... 4.494867
>> s = 0, UP ... 6.599059
>> s = 2, IN ... 16.510397
>> s = 1, IN ... 1.920221
>> s = 0, IN ... 2.908001
1. Preliminaries.
Calculating B-matrices and Eigenvalues
2. Generate MSTModes
>> Generate s=-2 MSTModes 101.168623
>> Generate s=-1 MSTModes 99.709924
>> Generate hκModes 94.371309
3. Jumps
>> 0.249541
>> 0.891243
>> 3.610884
>> 1.160811
>> 18.649023
>> 5.203726
>> LinearSolve for s1 and κ jumps 0.00654
>> κ and s1 jumps 30.085929
4. Prepare grid and mode functions.
>> s=-2 MSTModes 0.187782
>> MMp2gridL 1.165621
>> MMp2gridR 3.254118
>> s=-1 MSTModes 0.080314
>> MMp1gridL 0.073268
>> MMp1gridR 0.19603
>> s=0 MSTModes 0.125444
A. Fill 1D grid.
>> s = 2, UP ... 19.586755
>> s = 1, UP ... 4.085316
>> s = 0, UP ... 6.186821
