Task 283 on node656.cluster: a=0.3 r0=15.5
Job started: a = 0.3, r0 = 15.5, savepath = /lustre/astro/dyson/DataFiles/KerrCircDiskData/h1_radial
Warning: rstarmin is outside the allowed range.
Now we Calculate the Radiative Solutions
1. Preliminaries.
Calculating B-matrices and Eigenvalues
2. Generate MSTModes
>> Generate s=-2 MSTModes 55.217338
>> Generate s=-1 MSTModes 56.583835
>> Generate hκModes 142.712579
3. Jumps
>> 0.425413
>> 2.415218
>> 3.936802
>> 4.39075
>> 54.55707
>> 19.731817
>> LinearSolve for s1 and κ jumps 0.004936
>> κ and s1 jumps 86.441233
4. Prepare grid and mode functions.
>> s=-2 MSTModes 0.221296
>> MMp2gridL 1.491302
>> MMp2gridR 4.924329
>> s=-1 MSTModes 0.070454
>> MMp1gridL 0.055557
>> MMp1gridR 0.162931
>> s=0 MSTModes 0.16578
A. Fill 1D grid.
>> s = 2, UP ... 34.703845
>> s = 1, UP ... 1.267104
>> s = 0, UP ... 7.461052
>> s = 2, IN ... 17.071746
>> s = 1, IN ... 1.284966
>> s = 0, IN ... 3.054266
1. Preliminaries.
Calculating B-matrices and Eigenvalues
2. Generate MSTModes
>> Generate s=-2 MSTModes 62.866717
>> Generate s=-1 MSTModes 64.140948
>> Generate hκModes 134.106816
3. Jumps
>> 0.384385
>> 2.501191
>> 4.369052
>> 4.037416
>> 53.313385
>> 18.009481
>> LinearSolve for s1 and κ jumps 1.251495
>> κ and s1 jumps 84.628796
4. Prepare grid and mode functions.
>> s=-2 MSTModes 0.219009
>> MMp2gridL 1.48944
>> MMp2gridR 5.078784
>> s=-1 MSTModes 0.111972
>> MMp1gridL 0.08758
>> MMp1gridR 0.285704
>> s=0 MSTModes 0.178372
A. Fill 1D grid.
>> s = 2, UP ... 34.497449
>> s = 1, UP ... 7.138603
>> s = 0, UP ... 10.201837
>> s = 2, IN ... 16.866889
>> s = 1, IN ... 2.246192
>> s = 0, IN ... 3.33346
1. Preliminaries.
Calculating B-matrices and Eigenvalues
2. Generate MSTModes
>> Generate s=-2 MSTModes 69.503965
>> Generate s=-1 MSTModes 69.507048
>> Generate hκModes 128.318687
3. Jumps
>> 0.377575
>> 2.144656
>> 4.586659
>> 3.502029
>> 47.44926
>> 15.571182
>> LinearSolve for s1 and κ jumps 1.1127
>> κ and s1 jumps 75.45026
4. Prepare grid and mode functions.
>> s=-2 MSTModes 0.202503
>> MMp2gridL 1.454883
>> MMp2gridR 4.888773
>> s=-1 MSTModes 0.109335
>> MMp1gridL 0.086253
>> MMp1gridR 0.283061
>> s=0 MSTModes 0.17498
A. Fill 1D grid.
>> s = 2, UP ... 32.761581
>> s = 1, UP ... 7.072289
>> s = 0, UP ... 9.94517
>> s = 2, IN ... 16.536277
>> s = 1, IN ... 2.161736
>> s = 0, IN ... 3.197193
1. Preliminaries.
Calculating B-matrices and Eigenvalues
2. Generate MSTModes
>> Generate s=-2 MSTModes 75.20515
>> Generate s=-1 MSTModes 74.823915
>> Generate hκModes 123.437434
3. Jumps
>> 0.357572
>> 1.957284
>> 4.521219
>> 3.104641
>> 42.264351
>> 13.896989
>> LinearSolve for s1 and κ jumps 0.835215
>> κ and s1 jumps 67.581853
4. Prepare grid and mode functions.
>> s=-2 MSTModes 0.223952
>> MMp2gridL 1.383174
>> MMp2gridR 4.669725
>> s=-1 MSTModes 0.105251
>> MMp1gridL 0.082127
>> MMp1gridR 0.270758
>> s=0 MSTModes 0.167554
A. Fill 1D grid.
>> s = 2, UP ... 31.024625
>> s = 1, UP ... 6.767758
>> s = 0, UP ... 9.717701
>> s = 2, IN ... 16.184311
>> s = 1, IN ... 2.076538
>> s = 0, IN ... 3.133578
1. Preliminaries.
Calculating B-matrices and Eigenvalues
2. Generate MSTModes
>> Generate s=-2 MSTModes 82.311316
>> Generate s=-1 MSTModes 81.039144
>> Generate hκModes 118.568252
3. Jumps
>> 0.341029
>> 1.753677
>> 4.463453
>> 2.770285
>> 37.47205
>> 12.194082
>> LinearSolve for s1 and κ jumps 0.678052
>> κ and s1 jumps 60.295889
4. Prepare grid and mode functions.
>> s=-2 MSTModes 0.198731
>> MMp2gridL 1.32263
>> MMp2gridR 4.504866
>> s=-1 MSTModes 0.101649
>> MMp1gridL 0.080286
>> MMp1gridR 0.258797
>> s=0 MSTModes 0.163005
A. Fill 1D grid.
>> s = 2, UP ... 29.159227
>> s = 1, UP ... 6.488603
>> s = 0, UP ... 9.209273
>> s = 2, IN ... 15.894713
>> s = 1, IN ... 2.011464
>> s = 0, IN ... 3.061696
1. Preliminaries.
Calculating B-matrices and Eigenvalues
2. Generate MSTModes
>> Generate s=-2 MSTModes 88.99582
>> Generate s=-1 MSTModes 87.354997
>> Generate hκModes 115.286153
3. Jumps
>> 0.320034
>> 1.574333
>> 4.455094
>> 2.350903
>> 33.014446
>> 10.390879
>> LinearSolve for s1 and κ jumps 1.050107
>> κ and s1 jumps 53.738056
4. Prepare grid and mode functions.
>> s=-2 MSTModes 0.223918
>> MMp2gridL 1.266552
>> MMp2gridR 4.277641
>> s=-1 MSTModes 0.097652
>> MMp1gridL 0.077761
>> MMp1gridR 0.24876
>> s=0 MSTModes 0.152582
A. Fill 1D grid.
>> s = 2, UP ... 26.923456
>> s = 1, UP ... 6.232454
>> s = 0, UP ... 8.814933
>> s = 2, IN ... 15.588884
>> s = 1, IN ... 1.940395
>> s = 0, IN ... 2.920916
1. Preliminaries.
Calculating B-matrices and Eigenvalues
2. Generate MSTModes
>> Generate s=-2 MSTModes 95.028984
>> Generate s=-1 MSTModes 93.616077
>> Generate hκModes 111.651609
3. Jumps
>> 0.302369
>> 1.582169
>> 4.323907
>> 7.314144
>> 52.944716
>> 30.749485
>> LinearSolve for s1 and κ jumps 1.188478
>> κ and s1 jumps 99.029502
4. Prepare grid and mode functions.
>> s=-2 MSTModes 0.168541
>> MMp2gridL 1.166181
>> MMp2gridR 3.969211
>> s=-1 MSTModes 0.089954
>> MMp1gridL 0.068994
>> MMp1gridR 0.227889
>> s=0 MSTModes 0.145125
A. Fill 1D grid.
>> s = 2, UP ... 25.392013
>> s = 1, UP ... 5.670363
>> s = 0, UP ... 11.834915
>> s = 2, IN ... 15.220418
>> s = 1, IN ... 1.846046
>> s = 0, IN ... 3.558276
1. Preliminaries.
Calculating B-matrices and Eigenvalues
2. Generate MSTModes
>> Generate s=-2 MSTModes 99.610407
>> Generate s=-1 MSTModes 98.431892
>> Generate hκModes 109.041321
3. Jumps
>> 0.279049
>> 1.205554
>> 4.124277
>> 6.050133
>> 43.104679
>> 25.393818
>> LinearSolve for s1 and κ jumps 0.95148
>> κ and s1 jumps 81.611927
4. Prepare grid and mode functions.
>> s=-2 MSTModes 0.164617
>> MMp2gridL 1.101422
>> MMp2gridR 3.790528
>> s=-1 MSTModes 0.087175
>> MMp1gridL 0.068912
>> MMp1gridR 0.221829
>> s=0 MSTModes 0.139147
A. Fill 1D grid.
>> s = 2, UP ... 23.420527
>> s = 1, UP ... 5.117215
>> s = 0, UP ... 10.406984
>> s = 2, IN ... 14.818514
>> s = 1, IN ... 1.811446
>> s = 0, IN ... 3.456804
1. Preliminaries.
Calculating B-matrices and Eigenvalues
2. Generate MSTModes
>> Generate s=-2 MSTModes 102.679152
>> Generate s=-1 MSTModes 100.739225
>> Generate hκModes 104.328348
3. Jumps
>> 0.266282
>> 1.052155
>> 3.834018
>> 4.911718
>> 36.790227
>> 21.445371
>> LinearSolve for s1 and κ jumps 0.009952
>> κ and s1 jumps 68.719864
4. Prepare grid and mode functions.
>> s=-2 MSTModes 0.193443
>> MMp2gridL 1.104856
>> MMp2gridR 3.598627
>> s=-1 MSTModes 0.083483
>> MMp1gridL 0.066937
>> MMp1gridR 0.21169
>> s=0 MSTModes 0.137051
A. Fill 1D grid.
>> s = 2, UP ... 21.937691
>> s = 1, UP ... 4.635342
>> s = 0, UP ... 9.237845
>> s = 2, IN ... 14.491109
>> s = 1, IN ... 1.699903
>> s = 0, IN ... 3.226342
1. Preliminaries.
Calculating B-matrices and Eigenvalues
2. Generate MSTModes
>> Generate s=-2 MSTModes 104.514889
>> Generate s=-1 MSTModes 106.930282
>> Generate hκModes 97.215251
3. Jumps
>> 0.250449
>> 0.916507
>> 4.001784
>> 4.238628
>> 31.516163
>> 18.429176
>> LinearSolve for s1 and κ jumps 0.00882
>> κ and s1 jumps 59.721994
4. Prepare grid and mode functions.
>> s=-2 MSTModes 0.183883
>> MMp2gridL 1.074921
>> MMp2gridR 3.450892
>> s=-1 MSTModes 0.081392
>> MMp1gridL 0.063748
>> MMp1gridR 0.206621
>> s=0 MSTModes 0.132018
A. Fill 1D grid.
>> s = 2, UP ... 21.058151
>> s = 1, UP ... 4.297237
