Task 543 on node678.cluster: a=0.8 r0=13.5
Job started: a = 0.8, r0 = 13.5, savepath = /lustre/astro/dyson/DataFiles/KerrCircDiskData/h1_radial
Warning: rstarmin is outside the allowed range.
Now we Calculate the Radiative Solutions
1. Preliminaries.
Calculating B-matrices and Eigenvalues
2. Generate MSTModes
>> Generate s=-2 MSTModes 52.221682
>> Generate s=-1 MSTModes 52.12923
>> Generate hκModes 131.412045
3. Jumps
>> 0.411516
>> 2.236053
>> 3.676866
>> 3.979392
>> 49.752634
>> 18.085394
>> LinearSolve for s1 and κ jumps 0.004448
>> κ and s1 jumps 79.069832
4. Prepare grid and mode functions.
>> s=-2 MSTModes 0.211754
>> MMp2gridL 1.199342
>> MMp2gridR 4.91288
>> s=-1 MSTModes 0.065767
>> MMp1gridL 0.046739
>> MMp1gridR 0.159181
>> s=0 MSTModes 0.15201
A. Fill 1D grid.
>> s = 2, UP ... 33.738743
>> s = 1, UP ... 1.251275
>> s = 0, UP ... 7.673927
>> s = 2, IN ... 14.133691
>> s = 1, IN ... 1.049386
>> s = 0, IN ... 2.470317
1. Preliminaries.
Calculating B-matrices and Eigenvalues
2. Generate MSTModes
>> Generate s=-2 MSTModes 61.54766
>> Generate s=-1 MSTModes 60.315935
>> Generate hκModes 125.977607
3. Jumps
>> 0.360344
>> 2.323915
>> 4.043289
>> 14.34495
>> 94.746777
>> 61.014589
>> LinearSolve for s1 and κ jumps 1.041609
>> κ and s1 jumps 178.699833
4. Prepare grid and mode functions.
>> s=-2 MSTModes 0.193052
>> MMp2gridL 1.220098
>> MMp2gridR 4.955469
>> s=-1 MSTModes 0.106803
>> MMp1gridL 0.07078
>> MMp1gridR 0.289232
>> s=0 MSTModes 0.17134
A. Fill 1D grid.
>> s = 2, UP ... 34.144036
>> s = 1, UP ... 7.624293
>> s = 0, UP ... 15.187487
>> s = 2, IN ... 14.114545
>> s = 1, IN ... 1.891736
>> s = 0, IN ... 3.65502
1. Preliminaries.
Calculating B-matrices and Eigenvalues
2. Generate MSTModes
>> Generate s=-2 MSTModes 68.562702
>> Generate s=-1 MSTModes 67.126724
>> Generate hκModes 119.574877
3. Jumps
>> 0.341619
>> 1.960128
>> 4.104397
>> 11.831211
>> 80.347275
>> 50.291118
>> LinearSolve for s1 and κ jumps 0.922583
>> κ and s1 jumps 150.571228
4. Prepare grid and mode functions.
>> s=-2 MSTModes 0.17758
>> MMp2gridL 1.103617
>> MMp2gridR 4.47986
>> s=-1 MSTModes 0.094928
>> MMp1gridL 0.064391
>> MMp1gridR 0.258234
>> s=0 MSTModes 0.155037
A. Fill 1D grid.
>> s = 2, UP ... 29.658625
>> s = 1, UP ... 6.547042
>> s = 0, UP ... 13.163002
>> s = 2, IN ... 13.183565
>> s = 1, IN ... 1.741231
>> s = 0, IN ... 3.296166
1. Preliminaries.
Calculating B-matrices and Eigenvalues
2. Generate MSTModes
>> Generate s=-2 MSTModes 71.552087
>> Generate s=-1 MSTModes 70.991994
>> Generate hκModes 108.89296
3. Jumps
>> 0.295851
>> 1.72118
>> 3.916904
>> 9.630026
>> 66.33905
>> 41.57664
>> LinearSolve for s1 and κ jumps 1.153288
>> κ and s1 jumps 125.260741
4. Prepare grid and mode functions.
>> s=-2 MSTModes 0.167531
>> MMp2gridL 1.007118
>> MMp2gridR 4.120505
>> s=-1 MSTModes 0.090423
>> MMp1gridL 0.0609
>> MMp1gridR 0.241009
>> s=0 MSTModes 0.144478
A. Fill 1D grid.
>> s = 2, UP ... 27.231126
>> s = 1, UP ... 5.822426
>> s = 0, UP ... 11.55161
>> s = 2, IN ... 12.340463
>> s = 1, IN ... 1.576366
>> s = 0, IN ... 3.038508
1. Preliminaries.
Calculating B-matrices and Eigenvalues
2. Generate MSTModes
>> Generate s=-2 MSTModes 77.475522
>> Generate s=-1 MSTModes 76.439853
>> Generate hκModes 104.540748
3. Jumps
>> 0.28429
>> 1.474621
>> 3.882059
>> 8.148479
>> 56.530735
>> 34.73542
>> LinearSolve for s1 and κ jumps 1.159407
>> κ and s1 jumps 106.823042
4. Prepare grid and mode functions.
>> s=-2 MSTModes 0.163758
>> MMp2gridL 0.96488
>> MMp2gridR 3.911871
>> s=-1 MSTModes 0.085988
>> MMp1gridL 0.058201
>> MMp1gridR 0.229539
>> s=0 MSTModes 0.1397
A. Fill 1D grid.
>> s = 2, UP ... 25.584648
>> s = 1, UP ... 5.684428
>> s = 0, UP ... 11.867298
>> s = 2, IN ... 12.151421
>> s = 1, IN ... 1.563408
>> s = 0, IN ... 2.908957
1. Preliminaries.
Calculating B-matrices and Eigenvalues
2. Generate MSTModes
>> Generate s=-2 MSTModes 84.418674
>> Generate s=-1 MSTModes 83.570583
>> Generate hκModes 102.558825
3. Jumps
>> 0.26932
>> 1.357986
>> 3.764764
>> 7.153487
>> 50.070762
>> 31.02881
>> LinearSolve for s1 and κ jumps 0.572562
>> κ and s1 jumps 94.800272
4. Prepare grid and mode functions.
>> s=-2 MSTModes 0.156872
>> MMp2gridL 0.930817
>> MMp2gridR 3.86016
>> s=-1 MSTModes 0.083454
>> MMp1gridL 0.055777
>> MMp1gridR 0.220292
>> s=0 MSTModes 0.137791
A. Fill 1D grid.
>> s = 2, UP ... 24.752852
>> s = 1, UP ... 5.498482
>> s = 0, UP ... 10.666297
>> s = 2, IN ... 11.875699
>> s = 1, IN ... 1.487411
>> s = 0, IN ... 2.790391
1. Preliminaries.
Calculating B-matrices and Eigenvalues
2. Generate MSTModes
>> Generate s=-2 MSTModes 91.416876
>> Generate s=-1 MSTModes 89.452416
>> Generate hκModes 100.711549
3. Jumps
>> 0.261673
>> 1.184733
>> 3.800103
>> 6.422803
>> 44.088115
>> 26.834561
>> LinearSolve for s1 and κ jumps 1.010625
>> κ and s1 jumps 84.103095
4. Prepare grid and mode functions.
>> s=-2 MSTModes 0.169343
>> MMp2gridL 0.898727
>> MMp2gridR 3.693958
>> s=-1 MSTModes 0.081338
>> MMp1gridL 0.055728
>> MMp1gridR 0.217275
>> s=0 MSTModes 0.13548
A. Fill 1D grid.
>> s = 2, UP ... 23.627013
>> s = 1, UP ... 5.155971
>> s = 0, UP ... 10.450562
>> s = 2, IN ... 11.777713
>> s = 1, IN ... 1.459474
>> s = 0, IN ... 2.740613
1. Preliminaries.
Calculating B-matrices and Eigenvalues
2. Generate MSTModes
>> Generate s=-2 MSTModes 96.703537
>> Generate s=-1 MSTModes 94.982372
>> Generate hκModes 98.52172
3. Jumps
>> 0.248537
>> 1.055977
>> 3.756009
>> 5.422452
>> 38.583373
>> 22.803288
>> LinearSolve for s1 and κ jumps 0.975927
>> κ and s1 jumps 73.353273
4. Prepare grid and mode functions.
>> s=-2 MSTModes 0.156092
>> MMp2gridL 0.861557
>> MMp2gridR 3.536337
>> s=-1 MSTModes 0.078795
>> MMp1gridL 0.05276
>> MMp1gridR 0.209662
>> s=0 MSTModes 0.129445
A. Fill 1D grid.
>> s = 2, UP ... 22.060964
>> s = 1, UP ... 4.678442
>> s = 0, UP ... 9.303613
>> s = 2, IN ... 11.271689
>> s = 1, IN ... 1.34115
>> s = 0, IN ... 2.551735
1. Preliminaries.
Calculating B-matrices and Eigenvalues
2. Generate MSTModes
>> Generate s=-2 MSTModes 98.253048
>> Generate s=-1 MSTModes 96.66137
>> Generate hκModes 95.264839
3. Jumps
