Task 532 on node678.cluster: a=0.8 r0=8.0
Job started: a = 0.8, r0 = 8., savepath = /lustre/astro/dyson/DataFiles/KerrCircDiskData/h1_radial
Warning: rstarmin is outside the allowed range.
Now we Calculate the Radiative Solutions
1. Preliminaries.
Calculating B-matrices and Eigenvalues
2. Generate MSTModes
>> Generate s=-2 MSTModes 50.532606
>> Generate s=-1 MSTModes 48.626861
>> Generate hκModes 128.929444
3. Jumps
>> 0.399125
>> 2.191418
>> 3.962111
>> 15.65126
>> 99.03343
>> 66.40896
>> LinearSolve for s1 and κ jumps 0.005463
>> κ and s1 jumps 188.705101
4. Prepare grid and mode functions.
>> s=-2 MSTModes 0.205348
>> MMp2gridL 0.657799
>> MMp2gridR 5.427642
>> s=-1 MSTModes 0.064216
>> MMp1gridL 0.026296
>> MMp1gridR 0.176445
>> s=0 MSTModes 0.155494
A. Fill 1D grid.
>> s = 2, UP ... 37.904729
>> s = 1, UP ... 1.351741
>> s = 0, UP ... 11.770361
>> s = 2, IN ... 7.825608
>> s = 1, IN ... 0.649653
>> s = 0, IN ... 1.681414
1. Preliminaries.
Calculating B-matrices and Eigenvalues
2. Generate MSTModes
>> Generate s=-2 MSTModes 58.944494
>> Generate s=-1 MSTModes 57.982692
>> Generate hκModes 129.960172
3. Jumps
>> 0.369988
>> 2.277081
>> 4.512732
>> 14.069617
>> 92.141329
>> 59.794278
>> LinearSolve for s1 and κ jumps 0.985975
>> κ and s1 jumps 174.966455
4. Prepare grid and mode functions.
>> s=-2 MSTModes 0.184724
>> MMp2gridL 0.636237
>> MMp2gridR 5.455751
>> s=-1 MSTModes 0.106067
>> MMp1gridL 0.039402
>> MMp1gridR 0.317642
>> s=0 MSTModes 0.16536
A. Fill 1D grid.
>> s = 2, UP ... 38.349298
>> s = 1, UP ... 8.820139
>> s = 0, UP ... 17.238361
>> s = 2, IN ... 7.831678
>> s = 1, IN ... 1.026615
>> s = 0, IN ... 1.896908
1. Preliminaries.
Calculating B-matrices and Eigenvalues
2. Generate MSTModes
>> Generate s=-2 MSTModes 68.456273
>> Generate s=-1 MSTModes 66.985695
>> Generate hκModes 128.342896
3. Jumps
>> 0.338796
>> 1.909127
>> 4.499408
>> 11.690428
>> 79.008336
>> 50.789944
>> LinearSolve for s1 and κ jumps 0.969724
>> κ and s1 jumps 149.968662
4. Prepare grid and mode functions.
>> s=-2 MSTModes 0.18267
>> MMp2gridL 0.614953
>> MMp2gridR 5.108992
>> s=-1 MSTModes 0.100528
>> MMp1gridL 0.036712
>> MMp1gridR 0.300828
>> s=0 MSTModes 0.163177
A. Fill 1D grid.
>> s = 2, UP ... 34.552434
>> s = 1, UP ... 8.170762
>> s = 0, UP ... 16.19624
>> s = 2, IN ... 7.379343
>> s = 1, IN ... 0.941063
>> s = 0, IN ... 1.723778
1. Preliminaries.
Calculating B-matrices and Eigenvalues
2. Generate MSTModes
>> Generate s=-2 MSTModes 75.172007
>> Generate s=-1 MSTModes 73.729992
>> Generate hκModes 120.258522
3. Jumps
>> 0.301416
>> 1.635137
>> 4.297754
>> 9.515475
>> 64.328515
>> 40.690786
>> LinearSolve for s1 and κ jumps 0.792862
>> κ and s1 jumps 122.229627
4. Prepare grid and mode functions.
>> s=-2 MSTModes 0.171401
>> MMp2gridL 0.551516
>> MMp2gridR 4.660654
>> s=-1 MSTModes 0.088975
>> MMp1gridL 0.033255
>> MMp1gridR 0.265213
>> s=0 MSTModes 0.145759
A. Fill 1D grid.
>> s = 2, UP ... 30.936166
>> s = 1, UP ... 7.198903
>> s = 0, UP ... 14.713714
>> s = 2, IN ... 6.91389
>> s = 1, IN ... 0.869562
>> s = 0, IN ... 1.591641
1. Preliminaries.
Calculating B-matrices and Eigenvalues
2. Generate MSTModes
>> Generate s=-2 MSTModes 83.998867
>> Generate s=-1 MSTModes 82.693892
>> Generate hκModes 118.763685
3. Jumps
>> 0.279865
>> 1.462742
>> 4.2972
>> 8.253559
>> 56.25545
>> 35.0484
>> LinearSolve for s1 and κ jumps 1.153997
>> κ and s1 jumps 107.397478
4. Prepare grid and mode functions.
>> s=-2 MSTModes 0.162127
>> MMp2gridL 0.537967
>> MMp2gridR 4.423376
>> s=-1 MSTModes 0.086241
>> MMp1gridL 0.032456
>> MMp1gridR 0.25625
>> s=0 MSTModes 0.138212
A. Fill 1D grid.
>> s = 2, UP ... 28.708383
>> s = 1, UP ... 7.057595
>> s = 0, UP ... 13.823414
>> s = 2, IN ... 6.932187
>> s = 1, IN ... 0.850912
>> s = 0, IN ... 1.545863
1. Preliminaries.
Calculating B-matrices and Eigenvalues
2. Generate MSTModes
>> Generate s=-2 MSTModes 95.419124
>> Generate s=-1 MSTModes 94.205379
>> Generate hκModes 118.797708
3. Jumps
>> 0.266333
>> 1.362786
>> 4.14362
>> 6.793509
>> 49.430531
>> 29.63275
>> LinearSolve for s1 and κ jumps 0.825846
>> κ and s1 jumps 92.973973
4. Prepare grid and mode functions.
>> s=-2 MSTModes 0.210157
>> MMp2gridL 0.506414
>> MMp2gridR 4.27974
>> s=-1 MSTModes 0.085495
>> MMp1gridL 0.032118
>> MMp1gridR 0.247831
>> s=0 MSTModes 0.133163
A. Fill 1D grid.
>> s = 2, UP ... 27.204705
>> s = 1, UP ... 6.299091
>> s = 0, UP ... 12.440597
>> s = 2, IN ... 6.701154
>> s = 1, IN ... 0.809725
>> s = 0, IN ... 1.48425
1. Preliminaries.
Calculating B-matrices and Eigenvalues
2. Generate MSTModes
>> Generate s=-2 MSTModes 104.964039
>> Generate s=-1 MSTModes 104.025155
>> Generate hκModes 119.048755
3. Jumps
