Task 22 on node678.cluster: a=0.001 r0=17.0
Job started: a = 0.001, r0 = 17., savepath = /lustre/astro/dyson/DataFiles/KerrCircDiskData/h1_radial
Warning: rstarmin is outside the allowed range.
Now we Calculate the Radiative Solutions
1. Preliminaries.
Calculating B-matrices and Eigenvalues
2. Generate MSTModes
>> Generate s=-2 MSTModes 53.035994
>> Generate s=-1 MSTModes 53.162512
>> Generate hκModes 141.844257
3. Jumps
>> 0.433744
>> 2.572272
>> 3.812436
>> 16.485082
>> 107.952376
>> 70.936953
>> LinearSolve for s1 and κ jumps 0.003535
>> κ and s1 jumps 203.308373
4. Prepare grid and mode functions.
>> s=-2 MSTModes 0.213416
>> MMp2gridL 1.658307
>> MMp2gridR 4.83475
>> s=-1 MSTModes 0.069716
>> MMp1gridL 0.063358
>> MMp1gridR 0.159194
>> s=0 MSTModes 0.171926
A. Fill 1D grid.
>> s = 2, UP ... 33.809731
>> s = 1, UP ... 1.261456
>> s = 0, UP ... 10.027129
>> s = 2, IN ... 19.134917
>> s = 1, IN ... 1.431797
>> s = 0, IN ... 4.267565
1. Preliminaries.
Calculating B-matrices and Eigenvalues
2. Generate MSTModes
>> Generate s=-2 MSTModes 62.152773
>> Generate s=-1 MSTModes 61.790876
>> Generate hκModes 130.541995
3. Jumps
>> 0.388827
>> 2.520173
>> 4.187672
>> 14.947444
>> 98.737112
>> 63.837521
>> LinearSolve for s1 and κ jumps 0.669625
>> κ and s1 jumps 186.196727
4. Prepare grid and mode functions.
>> s=-2 MSTModes 0.192626
>> MMp2gridL 1.631194
>> MMp2gridR 4.735502
>> s=-1 MSTModes 0.107901
>> MMp1gridL 0.095065
>> MMp1gridR 0.272784
>> s=0 MSTModes 0.17291
A. Fill 1D grid.
>> s = 2, UP ... 32.344312
>> s = 1, UP ... 7.007058
>> s = 0, UP ... 13.650098
>> s = 2, IN ... 18.743857
>> s = 1, IN ... 2.48983
>> s = 0, IN ... 4.806007
1. Preliminaries.
Calculating B-matrices and Eigenvalues
2. Generate MSTModes
>> Generate s=-2 MSTModes 68.162186
>> Generate s=-1 MSTModes 67.347569
>> Generate hκModes 121.939678
3. Jumps
>> 0.361127
>> 2.281623
>> 4.250583
>> 3.387914
>> 45.960664
>> 14.928733
>> LinearSolve for s1 and κ jumps 0.758666
>> κ and s1 jumps 72.67868
4. Prepare grid and mode functions.
>> s=-2 MSTModes 0.195712
>> MMp2gridL 1.538606
>> MMp2gridR 4.534852
>> s=-1 MSTModes 0.105311
>> MMp1gridL 0.092743
>> MMp1gridR 0.265453
>> s=0 MSTModes 0.170545
A. Fill 1D grid.
>> s = 2, UP ... 30.151438
>> s = 1, UP ... 6.722197
>> s = 0, UP ... 9.494384
>> s = 2, IN ... 18.205842
>> s = 1, IN ... 2.396501
>> s = 0, IN ... 3.56052
1. Preliminaries.
Calculating B-matrices and Eigenvalues
2. Generate MSTModes
>> Generate s=-2 MSTModes 73.762077
>> Generate s=-1 MSTModes 72.674734
>> Generate hκModes 117.064641
3. Jumps
>> 0.335571
>> 1.907975
>> 4.23205
>> 2.981874
>> 39.76521
>> 13.147309
>> LinearSolve for s1 and κ jumps 0.735783
>> κ and s1 jumps 63.771549
4. Prepare grid and mode functions.
>> s=-2 MSTModes 0.188027
>> MMp2gridL 1.46418
>> MMp2gridR 4.263746
>> s=-1 MSTModes 0.100179
>> MMp1gridL 0.087202
>> MMp1gridR 0.245066
>> s=0 MSTModes 0.164491
A. Fill 1D grid.
>> s = 2, UP ... 28.116971
>> s = 1, UP ... 6.162185
>> s = 0, UP ... 9.111876
>> s = 2, IN ... 17.883867
>> s = 1, IN ... 2.313158
>> s = 0, IN ... 3.39894
1. Preliminaries.
Calculating B-matrices and Eigenvalues
2. Generate MSTModes
>> Generate s=-2 MSTModes 79.081534
>> Generate s=-1 MSTModes 78.365607
>> Generate hκModes 113.847966
3. Jumps
>> 0.324267
>> 1.648749
>> 4.187417
>> 2.438448
>> 34.27346
>> 10.856392
>> LinearSolve for s1 and κ jumps 0.955692
>> κ and s1 jumps 55.338393
4. Prepare grid and mode functions.
>> s=-2 MSTModes 0.184514
>> MMp2gridL 1.385955
>> MMp2gridR 4.054572
>> s=-1 MSTModes 0.09541
>> MMp1gridL 0.083411
>> MMp1gridR 0.235721
>> s=0 MSTModes 0.147334
A. Fill 1D grid.
>> s = 2, UP ... 26.377418
>> s = 1, UP ... 5.748722
>> s = 0, UP ... 8.327593
>> s = 2, IN ... 17.037805
>> s = 1, IN ... 2.211114
>> s = 0, IN ... 3.260144
1. Preliminaries.
Calculating B-matrices and Eigenvalues
2. Generate MSTModes
>> Generate s=-2 MSTModes 84.325896
>> Generate s=-1 MSTModes 83.795573
>> Generate hκModes 110.594859
3. Jumps
>> 0.312472
>> 1.517069
>> 4.191673
>> 2.233791
>> 31.450181
>> 9.724441
>> LinearSolve for s1 and κ jumps 0.515212
>> κ and s1 jumps 50.543664
4. Prepare grid and mode functions.
>> s=-2 MSTModes 0.17969
>> MMp2gridL 1.336089
>> MMp2gridR 3.865916
>> s=-1 MSTModes 0.091047
>> MMp1gridL 0.078171
>> MMp1gridR 0.223198
>> s=0 MSTModes 0.143399
A. Fill 1D grid.
>> s = 2, UP ... 24.901822
>> s = 1, UP ... 5.458503
>> s = 0, UP ... 7.944497
>> s = 2, IN ... 16.614223
>> s = 1, IN ... 2.106532
>> s = 0, IN ... 3.132936
1. Preliminaries.
Calculating B-matrices and Eigenvalues
2. Generate MSTModes
>> Generate s=-2 MSTModes 88.269726
>> Generate s=-1 MSTModes 88.690691
>> Generate hκModes 107.013496
3. Jumps
>> 0.297405
>> 1.376028
>> 4.219091
>> 1.973363
>> 27.95641
>> 8.604417
>> LinearSolve for s1 and κ jumps 1.260836
>> κ and s1 jumps 46.260813
4. Prepare grid and mode functions.
>> s=-2 MSTModes 0.168712
>> MMp2gridL 1.267195
>> MMp2gridR 3.749744
>> s=-1 MSTModes 0.088337
>> MMp1gridL 0.07768
>> MMp1gridR 0.220261
>> s=0 MSTModes 0.138201
A. Fill 1D grid.
>> s = 2, UP ... 23.535471
>> s = 1, UP ... 5.080794
>> s = 0, UP ... 7.378382
>> s = 2, IN ... 16.268932
>> s = 1, IN ... 1.966503
>> s = 0, IN ... 2.974863
1. Preliminaries.
Calculating B-matrices and Eigenvalues
2. Generate MSTModes
>> Generate s=-2 MSTModes 91.928495
>> Generate s=-1 MSTModes 91.748207
>> Generate hκModes 103.390909
3. Jumps
>> 0.282522
>> 1.263699
>> 4.017027
>> 1.63221
>> 25.060435
>> 7.359961
>> LinearSolve for s1 and κ jumps 0.955937
>> κ and s1 jumps 41.071867
4. Prepare grid and mode functions.
>> s=-2 MSTModes 0.162909
>> MMp2gridL 1.250972
>> MMp2gridR 3.660155
>> s=-1 MSTModes 0.087049
>> MMp1gridL 0.075679
>> MMp1gridR 0.215187
>> s=0 MSTModes 0.137996
A. Fill 1D grid.
>> s = 2, UP ... 22.458303
>> s = 1, UP ... 4.71199
>> s = 0, UP ... 7.011166
>> s = 2, IN ... 16.113376
>> s = 1, IN ... 1.888338
>> s = 0, IN ... 2.866941
1. Preliminaries.
Calculating B-matrices and Eigenvalues
2. Generate MSTModes
>> Generate s=-2 MSTModes 95.395253
>> Generate s=-1 MSTModes 95.527574
>> Generate hκModes 100.436376
3. Jumps
>> 0.272889
>> 1.049004
>> 3.88547
>> 1.402965
>> 21.393549
>> 6.244315
>> LinearSolve for s1 and κ jumps 0.006994
>> κ and s1 jumps 34.625294
4. Prepare grid and mode functions.
>> s=-2 MSTModes 0.189099
>> MMp2gridL 1.195998
>> MMp2gridR 3.477125
>> s=-1 MSTModes 0.08393
>> MMp1gridL 0.074968
>> MMp1gridR 0.205203
>> s=0 MSTModes 0.134126
A. Fill 1D grid.
>> s = 2, UP ... 20.98615
>> s = 1, UP ... 4.504003
>> s = 0, UP ... 6.590878
>> s = 2, IN ... 15.775231
>> s = 1, IN ... 1.812241
>> s = 0, IN ... 2.753561
1. Preliminaries.
Calculating B-matrices and Eigenvalues
2. Generate MSTModes
>> Generate s=-2 MSTModes 97.487763
>> Generate s=-1 MSTModes 95.576899
>> Generate hκModes 97.010442
3. Jumps
>> 0.258931
>> 0.931066
>> 3.665063
>> 1.17303
>> 18.304681
>> 5.147068
>> LinearSolve for s1 and κ jumps 0.006485
>> κ and s1 jumps 29.811715
4. Prepare grid and mode functions.
>> s=-2 MSTModes 0.183454
>> MMp2gridL 1.143259
>> MMp2gridR 3.289659
>> s=-1 MSTModes 0.077338
>> MMp1gridL 0.069502
>> MMp1gridR 0.193328
>> s=0 MSTModes 0.123048
A. Fill 1D grid.
>> s = 2, UP ... 19.697178
>> s = 1, UP ... 4.025753
>> s = 0, UP ... 6.159063
>> s = 2, IN ... 15.476095
>> s = 1, IN ... 1.723032
>> s = 0, IN ... 2.651612
1. Preliminaries.
Calculating B-matrices and Eigenvalues
2. Generate MSTModes
>> Generate s=-2 MSTModes 100.512246
>> Generate s=-1 MSTModes 99.771376
