Task 243 on node656.cluster: a=0.2 r0=39.5
Job started: a = 0.2, r0 = 39.5, savepath = /lustre/astro/dyson/DataFiles/KerrCircDiskData/h1_radial
Warning: rstarmin is outside the allowed range.
Now we Calculate the Radiative Solutions
1. Preliminaries.
Calculating B-matrices and Eigenvalues
2. Generate MSTModes
>> Generate s=-2 MSTModes 45.578679
>> Generate s=-1 MSTModes 45.768996

MetricReconstructRadiative`Private`hκTSolve::icaccuraccy: Warning: asymptotic expansion of order 40 at r=4000.000000000000000000000000000000000000000000000000000000000000 provides insufficiently accurate initial conditions to meet PrecsionGoal, 24.

MetricReconstructRadiative`Private`hκTSolve::icaccuraccy: Warning: asymptotic expansion of order 40 at r=4000.000000000000000000000000000000000000000000000000000000000000 provides insufficiently accurate initial conditions to meet PrecsionGoal, 24.

MetricReconstructRadiative`Private`hκTSolve::icaccuraccy: Warning: asymptotic expansion of order 40 at r=4000.000000000000000000000000000000000000000000000000000000000000 provides insufficiently accurate initial conditions to meet PrecsionGoal, 24.

General::stop: Further output of MetricReconstructRadiative`Private`hκTSolve::icaccuraccy will be suppressed during this calculation.
>> Generate hκModes 123.320527
3. Jumps
>> 0.339017
>> 1.989345
>> 2.990118
>> 3.78368
>> 46.142297
>> 17.038292
>> LinearSolve for s1 and κ jumps 0.034701
>> κ and s1 jumps 73.142009
4. Prepare grid and mode functions.
>> s=-2 MSTModes 0.194834
>> MMp2gridL 3.525579
>> MMp2gridR 2.00284
>> s=-1 MSTModes 0.0638
>> MMp1gridL 0.119372
>> MMp1gridR 0.077146
>> s=0 MSTModes 0.144503
A. Fill 1D grid.
>> s = 2, UP ... 23.193962
>> s = 1, UP ... 1.716849
>> s = 0, UP ... 4.335479
>> s = 2, IN ... 25.727364
>> s = 1, IN ... 0.956928
>> s = 0, IN ... 5.461549
1. Preliminaries.
Calculating B-matrices and Eigenvalues
2. Generate MSTModes
>> Generate s=-2 MSTModes 62.214219
>> Generate s=-1 MSTModes 62.035604
>> Generate hκModes 132.632575
3. Jumps
>> 0.37974
>> 2.515514
>> 3.795731
>> 3.866348
>> 52.360878
>> 17.184963
>> LinearSolve for s1 and κ jumps 1.034822
>> κ and s1 jumps 81.89037
4. Prepare grid and mode functions.
>> s=-2 MSTModes 0.216326
>> MMp2gridL 4.16341
>> MMp2gridR 2.359029
>> s=-1 MSTModes 0.113936
>> MMp1gridL 0.245414
>> MMp1gridR 0.139557
>> s=0 MSTModes 0.184701
A. Fill 1D grid.
>> s = 2, UP ... 27.133794
>> s = 1, UP ... 3.716029
>> s = 0, UP ... 5.620668
>> s = 2, IN ... 29.486426
>> s = 1, IN ... 6.393874
>> s = 0, IN ... 8.623754
1. Preliminaries.
Calculating B-matrices and Eigenvalues
2. Generate MSTModes
>> Generate s=-2 MSTModes 75.973584
>> Generate s=-1 MSTModes 75.137149
>> Generate hκModes 123.985041
3. Jumps
>> 0.372408
>> 2.277116
>> 3.747883
>> 3.543053
>> 47.452744
>> 15.829666
>> LinearSolve for s1 and κ jumps 0.998602
>> κ and s1 jumps 74.943405
4. Prepare grid and mode functions.
>> s=-2 MSTModes 0.201398
>> MMp2gridL 4.045804
>> MMp2gridR 2.301793
>> s=-1 MSTModes 0.108604
>> MMp1gridL 0.237281
>> MMp1gridR 0.134604
>> s=0 MSTModes 0.175428
A. Fill 1D grid.
>> s = 2, UP ... 26.388168
>> s = 1, UP ... 3.583163
>> s = 0, UP ... 5.423274
>> s = 2, IN ... 27.643319
>> s = 1, IN ... 6.094477
>> s = 0, IN ... 8.215506
1. Preliminaries.
Calculating B-matrices and Eigenvalues
2. Generate MSTModes
>> Generate s=-2 MSTModes 82.400514
>> Generate s=-1 MSTModes 81.543701
>> Generate hκModes 116.528298
3. Jumps
>> 0.360132
>> 2.075959
>> 3.719052
>> 3.082408
>> 43.053621
>> 13.764987
>> LinearSolve for s1 and κ jumps 1.355403
>> κ and s1 jumps 68.091034
4. Prepare grid and mode functions.
>> s=-2 MSTModes 0.19673
>> MMp2gridL 3.820089
>> MMp2gridR 2.184317
>> s=-1 MSTModes 0.105482
>> MMp1gridL 0.227953
>> MMp1gridR 0.1287
>> s=0 MSTModes 0.17195
A. Fill 1D grid.
>> s = 2, UP ... 25.438735
>> s = 1, UP ... 3.355173
>> s = 0, UP ... 5.177725
>> s = 2, IN ... 26.316237
>> s = 1, IN ... 5.657171
>> s = 0, IN ... 7.898858
1. Preliminaries.
Calculating B-matrices and Eigenvalues
2. Generate MSTModes
>> Generate s=-2 MSTModes 87.727353
>> Generate s=-1 MSTModes 86.342565
>> Generate hκModes 110.978951
3. Jumps
>> 0.335005
>> 1.800575
>> 3.557918
>> 2.64959
>> 37.771702
>> 12.078844
>> LinearSolve for s1 and κ jumps 0.867733
>> κ and s1 jumps 59.708625
4. Prepare grid and mode functions.
>> s=-2 MSTModes 0.189035
>> MMp2gridL 3.656961
>> MMp2gridR 2.085099
>> s=-1 MSTModes 0.102589
>> MMp1gridL 0.216697
>> MMp1gridR 0.122045
>> s=0 MSTModes 0.158861
A. Fill 1D grid.
>> s = 2, UP ... 24.75455
>> s = 1, UP ... 3.260169
>> s = 0, UP ... 5.007241
>> s = 2, IN ... 24.934133
>> s = 1, IN ... 5.253158
>> s = 0, IN ... 7.473255
1. Preliminaries.
Calculating B-matrices and Eigenvalues
2. Generate MSTModes
>> Generate s=-2 MSTModes 92.163948
>> Generate s=-1 MSTModes 90.155088
>> Generate hκModes 105.447298
3. Jumps
>> 0.320588
>> 1.589413
>> 3.450694
>> 2.411799
>> 33.049145
>> 10.56502
>> LinearSolve for s1 and κ jumps 0.506119
>> κ and s1 jumps 52.470463
4. Prepare grid and mode functions.
>> s=-2 MSTModes 0.184552
>> MMp2gridL 3.55176
>> MMp2gridR 2.008958
>> s=-1 MSTModes 0.098386
>> MMp1gridL 0.209507
>> MMp1gridR 0.117832
>> s=0 MSTModes 0.157433
A. Fill 1D grid.
>> s = 2, UP ... 24.133203
>> s = 1, UP ... 3.107441
>> s = 0, UP ... 4.752449
>> s = 2, IN ... 23.52104
>> s = 1, IN ... 5.09569
>> s = 0, IN ... 6.936729
1. Preliminaries.
Calculating B-matrices and Eigenvalues
2. Generate MSTModes
>> Generate s=-2 MSTModes 96.655019
>> Generate s=-1 MSTModes 94.111178
>> Generate hκModes 100.413196
3. Jumps
>> 0.303926
>> 1.455826
>> 3.405931
>> 1.999286
>> 28.836593
>> 8.626023
>> LinearSolve for s1 and κ jumps 0.58323
>> κ and s1 jumps 45.688418
4. Prepare grid and mode functions.
>> s=-2 MSTModes 0.173762
>> MMp2gridL 3.382316
>> MMp2gridR 1.910428
>> s=-1 MSTModes 0.092279
>> MMp1gridL 0.199572
>> MMp1gridR 0.113093
>> s=0 MSTModes 0.149162
A. Fill 1D grid.
>> s = 2, UP ... 23.833078
>> s = 1, UP ... 3.005516
>> s = 0, UP ... 4.620441
>> s = 2, IN ... 22.08958
>> s = 1, IN ... 4.771172
>> s = 0, IN ... 6.703698
1. Preliminaries.
Calculating B-matrices and Eigenvalues
2. Generate MSTModes
>> Generate s=-2 MSTModes 98.967445
>> Generate s=-1 MSTModes 96.552202
>> Generate hκModes 94.235036
3. Jumps
>> 0.288775
>> 1.249273
>> 3.22391
>> 1.677403
>> 24.948831
>> 7.502705
>> LinearSolve for s1 and κ jumps 1.03395
>> κ and s1 jumps 40.378314
4. Prepare grid and mode functions.
>> s=-2 MSTModes 0.175576
>> MMp2gridL 3.259224
>> MMp2gridR 1.847886
>> s=-1 MSTModes 0.086998
>> MMp1gridL 0.190814
>> MMp1gridR 0.106575
>> s=0 MSTModes 0.14294
A. Fill 1D grid.
>> s = 2, UP ... 23.137476
>> s = 1, UP ... 2.897066
>> s = 0, UP ... 4.466641
>> s = 2, IN ... 21.068097
>> s = 1, IN ... 4.452209
>> s = 0, IN ... 6.271492
1. Preliminaries.
Calculating B-matrices and Eigenvalues
2. Generate MSTModes
>> Generate s=-2 MSTModes 101.36165
>> Generate s=-1 MSTModes 99.266463
>> Generate hκModes 89.354193
3. Jumps
>> 0.279407
>> 1.101865
>> 3.055945
>> 1.452918
>> 22.107217
>> 6.344187
>> LinearSolve for s1 and κ jumps 0.009825
>> κ and s1 jumps 34.714944
4. Prepare grid and mode functions.
>> s=-2 MSTModes 0.206358
>> MMp2gridL 3.08721
>> MMp2gridR 1.737031
>> s=-1 MSTModes 0.085521
>> MMp1gridL 0.187553
>> MMp1gridR 0.105125
>> s=0 MSTModes 0.134172
A. Fill 1D grid.
>> s = 2, UP ... 22.618687
>> s = 1, UP ... 2.704733
>> s = 0, UP ... 4.260515
>> s = 2, IN ... 19.821888
>> s = 1, IN ... 4.142166
>> s = 0, IN ... 5.834294
1. Preliminaries.
Calculating B-matrices and Eigenvalues
2. Generate MSTModes
>> Generate s=-2 MSTModes 102.544586
>> Generate s=-1 MSTModes 99.714088
>> Generate hκModes 85.049034
3. Jumps
>> 0.258236
>> 0.945165
>> 2.851006
>> 1.224068
>> 18.749391
>> 5.378967
>> LinearSolve for s1 and κ jumps 0.007632
>> κ and s1 jumps 29.73812
4. Prepare grid and mode functions.
>> s=-2 MSTModes 0.192199
>> MMp2gridL 2.917346
>> MMp2gridR 1.630943
>> s=-1 MSTModes 0.079675
>> MMp1gridL 0.192353
>> MMp1gridR 0.098359
>> s=0 MSTModes 0.124856
A. Fill 1D grid.
>> s = 2, UP ... 21.974264
>> s = 1, UP ... 2.614494
>> s = 0, UP ... 4.082478
>> s = 2, IN ... 18.446379
>> s = 1, IN ... 3.881505
>> s = 0, IN ... 5.532898
1. Preliminaries.
Calculating B-matrices and Eigenvalues
2. Generate MSTModes
>> Generate s=-2 MSTModes 102.345535
>> Generate s=-1 MSTModes 100.822716
>> Generate hκModes 82.243632
3. Jumps
>> 0.257657
>> 0.83947
>> 2.822968
>> 1.013719
>> 16.300335
>> 4.502411
>> LinearSolve for s1 and κ jumps 0.008625
>> κ and s1 jumps 26.032049
4. Prepare grid and mode functions.
>> s=-2 MSTModes 0.190894
>> MMp2gridL 2.805132
>> MMp2gridR 1.57436
>> s=-1 MSTModes 0.077441
>> MMp1gridL 0.165696
>> MMp1gridR 0.092187
>> s=0 MSTModes 0.125866
A. Fill 1D grid.
>> s = 2, UP ... 21.371838
>> s = 1, UP ... 2.446899
>> s = 0, UP ... 3.850678
>> s = 2, IN ... 17.244968
>> s = 1, IN ... 3.537427
>> s = 0, IN ... 5.036256
1. Preliminaries.
Calculating B-matrices and Eigenvalues
2. Generate MSTModes
>> Generate s=-2 MSTModes 103.972035
>> Generate s=-1 MSTModes 102.170241
>> Generate hκModes 76.498525
3. Jumps
>> 0.229865
>> 0.72484
>> 2.636444
>> 0.849343
>> 14.11299
>> 3.734465
>> LinearSolve for s1 and κ jumps 0.006929
>> κ and s1 jumps 22.552268
4. Prepare grid and mode functions.
>> s=-2 MSTModes 0.175519
>> MMp2gridL 2.679821
>> MMp2gridR 1.504971
>> s=-1 MSTModes 0.071956
>> MMp1gridL 0.160017
>> MMp1gridR 0.089608
>> s=0 MSTModes 0.115873
A. Fill 1D grid.
