Task 711 on node657.cluster: a=0.999 r0=9.5
Job started: a = 0.999, r0 = 9.5, savepath = /lustre/astro/dyson/DataFiles/KerrCircDiskData/h1_radial
Warning: rstarmin is outside the allowed range.
Now we Calculate the Radiative Solutions
1. Preliminaries.
Calculating B-matrices and Eigenvalues
2. Generate MSTModes
>> Generate s=-2 MSTModes 50.845295
>> Generate s=-1 MSTModes 48.661674
>> Generate hκModes 122.759347
3. Jumps
>> 0.34476
>> 1.964002
>> 3.2345
>> 13.083753
>> 86.321255
>> 58.620021
>> LinearSolve for s1 and κ jumps 0.004633
>> κ and s1 jumps 164.554692
4. Prepare grid and mode functions.
>> s=-2 MSTModes 0.190675
>> MMp2gridL 0.714679
>> MMp2gridR 4.772668
>> s=-1 MSTModes 0.060802
>> MMp1gridL 0.028685
>> MMp1gridR 0.154759
>> s=0 MSTModes 0.140859
A. Fill 1D grid.
>> s = 2, UP ... 35.48528
>> s = 1, UP ... 1.220364
>> s = 0, UP ... 11.264482
>> s = 2, IN ... 8.74725
>> s = 1, IN ... 0.696712
>> s = 0, IN ... 1.879641
1. Preliminaries.
Calculating B-matrices and Eigenvalues
2. Generate MSTModes
>> Generate s=-2 MSTModes 60.814898
>> Generate s=-1 MSTModes 57.818676
>> Generate hκModes 119.972603
3. Jumps
>> 0.316792
>> 1.948359
>> 3.837093
>> 11.90838
>> 80.458961
>> 52.129581
>> LinearSolve for s1 and κ jumps 1.139026
>> κ and s1 jumps 152.506029
4. Prepare grid and mode functions.
>> s=-2 MSTModes 0.17662
>> MMp2gridL 0.722209
>> MMp2gridR 4.792457
>> s=-1 MSTModes 0.094692
>> MMp1gridL 0.043057
>> MMp1gridR 0.276181
>> s=0 MSTModes 0.155477
A. Fill 1D grid.
>> s = 2, UP ... 33.361855
>> s = 1, UP ... 7.944449
>> s = 0, UP ... 15.93895
>> s = 2, IN ... 8.599383
>> s = 1, IN ... 1.14736
>> s = 0, IN ... 2.153445
1. Preliminaries.
Calculating B-matrices and Eigenvalues
2. Generate MSTModes
>> Generate s=-2 MSTModes 69.098939
>> Generate s=-1 MSTModes 66.923699
>> Generate hκModes 119.341328
3. Jumps
>> 0.315192
>> 1.821209
>> 4.048999
>> 10.869143
>> 73.617313
>> 46.483907
>> LinearSolve for s1 and κ jumps 0.93617
>> κ and s1 jumps 138.82823
4. Prepare grid and mode functions.
>> s=-2 MSTModes 0.175493
>> MMp2gridL 0.689076
>> MMp2gridR 4.6322
>> s=-1 MSTModes 0.09243
>> MMp1gridL 0.041366
>> MMp1gridR 0.263759
>> s=0 MSTModes 0.151484
A. Fill 1D grid.
>> s = 2, UP ... 32.293786
>> s = 1, UP ... 7.717848
>> s = 0, UP ... 16.124189
>> s = 2, IN ... 8.616869
>> s = 1, IN ... 1.138456
>> s = 0, IN ... 2.132695
1. Preliminaries.
Calculating B-matrices and Eigenvalues
2. Generate MSTModes
>> Generate s=-2 MSTModes 79.49668
>> Generate s=-1 MSTModes 76.719649
>> Generate hκModes 120.130717
3. Jumps
>> 0.289147
>> 1.743225
>> 4.098947
>> 9.167941
>> 63.856643
>> 39.817701
>> LinearSolve for s1 and κ jumps 0.721035
>> κ and s1 jumps 120.35525
4. Prepare grid and mode functions.
>> s=-2 MSTModes 0.179898
>> MMp2gridL 0.677361
>> MMp2gridR 4.741671
>> s=-1 MSTModes 0.091192
>> MMp1gridL 0.039987
>> MMp1gridR 0.261117
>> s=0 MSTModes 0.146469
A. Fill 1D grid.
>> s = 2, UP ... 31.742208
>> s = 1, UP ... 7.841877
>> s = 0, UP ... 15.947781
>> s = 2, IN ... 8.428505
>> s = 1, IN ... 1.103846
>> s = 0, IN ... 2.026052
1. Preliminaries.
Calculating B-matrices and Eigenvalues
2. Generate MSTModes
>> Generate s=-2 MSTModes 89.936262
>> Generate s=-1 MSTModes 87.222008
>> Generate hκModes 120.601001
3. Jumps
>> 0.27847
>> 1.471065
>> 4.112638
>> 8.036293
>> 56.060672
>> 34.851927
>> LinearSolve for s1 and κ jumps 0.681856
>> κ and s1 jumps 106.134219
4. Prepare grid and mode functions.
>> s=-2 MSTModes 0.167206
>> MMp2gridL 0.650498
>> MMp2gridR 4.429092
>> s=-1 MSTModes 0.087752
>> MMp1gridL 0.040055
>> MMp1gridR 0.251918
>> s=0 MSTModes 0.141122
A. Fill 1D grid.
>> s = 2, UP ... 29.073415
>> s = 1, UP ... 6.96165
>> s = 0, UP ... 13.922042
>> s = 2, IN ... 8.184323
>> s = 1, IN ... 1.043513
>> s = 0, IN ... 1.941267
1. Preliminaries.
Calculating B-matrices and Eigenvalues
2. Generate MSTModes
>> Generate s=-2 MSTModes 100.912666
>> Generate s=-1 MSTModes 98.093931
>> Generate hκModes 120.675058
3. Jumps
>> 0.267569
>> 1.286584
>> 4.097581
>> 7.156048
>> 49.762893
>> 30.212799
>> LinearSolve for s1 and κ jumps 0.810232
>> κ and s1 jumps 94.161568
4. Prepare grid and mode functions.
>> s=-2 MSTModes 0.164084
>> MMp2gridL 0.619465
>> MMp2gridR 4.268704
>> s=-1 MSTModes 0.084403
>> MMp1gridL 0.038897
>> MMp1gridR 0.239867
>> s=0 MSTModes 0.135268
A. Fill 1D grid.
>> s = 2, UP ... 26.742932
>> s = 1, UP ... 5.765053
>> s = 0, UP ... 11.284725
>> s = 2, IN ... 7.966403
>> s = 1, IN ... 0.973482
>> s = 0, IN ... 1.80318
1. Preliminaries.
Calculating B-matrices and Eigenvalues
2. Generate MSTModes
>> Generate s=-2 MSTModes 108.868293
>> Generate s=-1 MSTModes 108.379802
>> Generate hκModes 120.307923
3. Jumps
