Task 632 on node678.cluster: a=0.9 r0=14.0
Job started: a = 0.9, r0 = 14., savepath = /lustre/astro/dyson/DataFiles/KerrCircDiskData/h1_radial
Warning: rstarmin is outside the allowed range.
Now we Calculate the Radiative Solutions
1. Preliminaries.
Calculating B-matrices and Eigenvalues
2. Generate MSTModes
>> Generate s=-2 MSTModes 54.264859
>> Generate s=-1 MSTModes 53.655146
>> Generate hκModes 132.705249
3. Jumps
>> 0.388592
>> 2.352998
>> 3.551617
>> 4.087839
>> 50.426709
>> 18.645532
>> LinearSolve for s1 and κ jumps 0.004709
>> κ and s1 jumps 80.388652
4. Prepare grid and mode functions.
>> s=-2 MSTModes 0.21372
>> MMp2gridL 1.247316
>> MMp2gridR 4.852458
>> s=-1 MSTModes 0.065889
>> MMp1gridL 0.048533
>> MMp1gridR 0.162494
>> s=0 MSTModes 0.154918
A. Fill 1D grid.
>> s = 2, UP ... 35.215994
>> s = 1, UP ... 1.277185
>> s = 0, UP ... 7.928358
>> s = 2, IN ... 15.036573
>> s = 1, IN ... 1.111405
>> s = 0, IN ... 2.593258
1. Preliminaries.
Calculating B-matrices and Eigenvalues
2. Generate MSTModes
>> Generate s=-2 MSTModes 64.209467
>> Generate s=-1 MSTModes 62.295556
>> Generate hκModes 123.476644
3. Jumps
>> 0.343799
>> 2.327271
>> 3.92443
>> 13.552272
>> 91.076333
>> 57.936932
>> LinearSolve for s1 and κ jumps 0.539731
>> κ and s1 jumps 170.48438
4. Prepare grid and mode functions.
>> s=-2 MSTModes 0.210615
>> MMp2gridL 1.206324
>> MMp2gridR 4.62153
>> s=-1 MSTModes 0.101076
>> MMp1gridL 0.071264
>> MMp1gridR 0.269317
>> s=0 MSTModes 0.164329
A. Fill 1D grid.
>> s = 2, UP ... 31.830471
>> s = 1, UP ... 7.387306
>> s = 0, UP ... 13.831054
>> s = 2, IN ... 13.887147
>> s = 1, IN ... 1.878315
>> s = 0, IN ... 3.544287
1. Preliminaries.
Calculating B-matrices and Eigenvalues
2. Generate MSTModes
>> Generate s=-2 MSTModes 67.037566
>> Generate s=-1 MSTModes 65.476335
>> Generate hκModes 111.679895
3. Jumps
>> 0.312969
>> 1.797922
>> 3.712962
>> 10.909828
>> 73.33232
>> 47.394554
>> LinearSolve for s1 and κ jumps 0.520926
>> κ and s1 jumps 138.713763
4. Prepare grid and mode functions.
>> s=-2 MSTModes 0.184854
>> MMp2gridL 1.099437
>> MMp2gridR 4.251156
>> s=-1 MSTModes 0.093714
>> MMp1gridL 0.064529
>> MMp1gridR 0.248235
>> s=0 MSTModes 0.153256
A. Fill 1D grid.
>> s = 2, UP ... 29.320887
>> s = 1, UP ... 6.999162
>> s = 0, UP ... 12.899856
>> s = 2, IN ... 13.155163
>> s = 1, IN ... 1.719608
>> s = 0, IN ... 3.3012
1. Preliminaries.
Calculating B-matrices and Eigenvalues
2. Generate MSTModes
>> Generate s=-2 MSTModes 72.568703
>> Generate s=-1 MSTModes 70.767839
>> Generate hκModes 107.281855
3. Jumps
>> 0.296357
>> 1.682289
>> 3.83418
>> 9.668433
>> 65.568625
>> 41.452909
>> LinearSolve for s1 and κ jumps 0.502793
>> κ and s1 jumps 123.723306
4. Prepare grid and mode functions.
>> s=-2 MSTModes 0.173056
>> MMp2gridL 1.053586
>> MMp2gridR 4.160761
>> s=-1 MSTModes 0.092718
>> MMp1gridL 0.063802
>> MMp1gridR 0.238851
>> s=0 MSTModes 0.151294
A. Fill 1D grid.
>> s = 2, UP ... 27.889999
>> s = 1, UP ... 6.151582
>> s = 0, UP ... 12.15219
>> s = 2, IN ... 12.883107
>> s = 1, IN ... 1.703625
>> s = 0, IN ... 3.235075
1. Preliminaries.
Calculating B-matrices and Eigenvalues
2. Generate MSTModes
>> Generate s=-2 MSTModes 79.300467
>> Generate s=-1 MSTModes 77.205157
>> Generate hκModes 105.131594
3. Jumps
>> 0.284633
>> 1.50336
>> 3.819723
>> 8.031409
>> 56.309413
>> 34.807012
>> LinearSolve for s1 and κ jumps 0.51273
>> κ and s1 jumps 105.849593
4. Prepare grid and mode functions.
>> s=-2 MSTModes 0.164043
>> MMp2gridL 1.012786
>> MMp2gridR 3.956296
>> s=-1 MSTModes 0.088878
>> MMp1gridL 0.061355
>> MMp1gridR 0.229539
>> s=0 MSTModes 0.141279
A. Fill 1D grid.
>> s = 2, UP ... 26.141502
>> s = 1, UP ... 5.647094
>> s = 0, UP ... 11.584385
>> s = 2, IN ... 12.656706
>> s = 1, IN ... 1.611364
>> s = 0, IN ... 3.061573
1. Preliminaries.
Calculating B-matrices and Eigenvalues
2. Generate MSTModes
>> Generate s=-2 MSTModes 86.192596
>> Generate s=-1 MSTModes 84.361845
>> Generate hκModes 103.368393
3. Jumps
>> 0.270223
>> 1.295642
>> 3.803266
>> 7.095493
>> 49.477834
>> 30.54709
>> LinearSolve for s1 and κ jumps 1.065705
>> κ and s1 jumps 94.134402
4. Prepare grid and mode functions.
>> s=-2 MSTModes 0.162164
>> MMp2gridL 0.970989
>> MMp2gridR 3.810393
>> s=-1 MSTModes 0.085183
>> MMp1gridL 0.060248
>> MMp1gridR 0.22387
>> s=0 MSTModes 0.138241
A. Fill 1D grid.
>> s = 2, UP ... 24.814698
>> s = 1, UP ... 5.504413
>> s = 0, UP ... 10.971117
>> s = 2, IN ... 12.509168
>> s = 1, IN ... 1.573353
>> s = 0, IN ... 2.936752
1. Preliminaries.
Calculating B-matrices and Eigenvalues
2. Generate MSTModes
>> Generate s=-2 MSTModes 92.46955
>> Generate s=-1 MSTModes 90.388389
>> Generate hκModes 100.73809
3. Jumps
>> 0.263505
>> 1.179164
>> 3.731042
>> 6.090086
>> 43.905133
>> 26.488118
>> LinearSolve for s1 and κ jumps 1.196717
>> κ and s1 jumps 83.374271
4. Prepare grid and mode functions.
>> s=-2 MSTModes 0.157346
>> MMp2gridL 0.936363
>> MMp2gridR 3.6316
>> s=-1 MSTModes 0.082264
>> MMp1gridL 0.057721
>> MMp1gridR 0.214372
>> s=0 MSTModes 0.132188
A. Fill 1D grid.
>> s = 2, UP ... 23.34091
>> s = 1, UP ... 4.888168
>> s = 0, UP ... 10.093571
>> s = 2, IN ... 12.142751
>> s = 1, IN ... 1.483205
>> s = 0, IN ... 2.749034
1. Preliminaries.
Calculating B-matrices and Eigenvalues
2. Generate MSTModes
>> Generate s=-2 MSTModes 97.560972
>> Generate s=-1 MSTModes 95.415104
>> Generate hκModes 98.138396
3. Jumps
>> 0.243122
>> 1.104454
>> 3.648378
>> 5.55543
>> 39.282925
>> 23.501383
>> LinearSolve for s1 and κ jumps 0.924144
>> κ and s1 jumps 74.74284
4. Prepare grid and mode functions.
>> s=-2 MSTModes 0.147643
>> MMp2gridL 0.891871
>> MMp2gridR 3.476475
>> s=-1 MSTModes 0.078455
>> MMp1gridL 0.056189
>> MMp1gridR 0.208396
>> s=0 MSTModes 0.130056
A. Fill 1D grid.
>> s = 2, UP ... 21.239798
>> s = 1, UP ... 4.54169
>> s = 0, UP ... 9.228829
>> s = 2, IN ... 11.805691
>> s = 1, IN ... 1.428019
>> s = 0, IN ... 2.638323
1. Preliminaries.
Calculating B-matrices and Eigenvalues
2. Generate MSTModes
>> Generate s=-2 MSTModes 101.403461
>> Generate s=-1 MSTModes 100.168314
>> Generate hκModes 95.282147
3. Jumps
>> 0.235669
>> 0.91517
