Task 617 on node678.cluster: a=0.9 r0=6.5
Job started: a = 0.9, r0 = 6.5, savepath = /lustre/astro/dyson/DataFiles/KerrCircDiskData/h1_radial
Warning: rstarmin is outside the allowed range.
Now we Calculate the Radiative Solutions
1. Preliminaries.
Calculating B-matrices and Eigenvalues
2. Generate MSTModes
>> Generate s=-2 MSTModes 50.770593
>> Generate s=-1 MSTModes 50.197329
>> Generate hκModes 136.195375
3. Jumps
>> 0.397914
>> 2.189848
>> 4.160193
>> 15.33972
>> 98.977703
>> 66.159458
>> LinearSolve for s1 and κ jumps 0.005373
>> κ and s1 jumps 188.294586
4. Prepare grid and mode functions.
>> s=-2 MSTModes 0.212654
>> MMp2gridL 0.532306
>> MMp2gridR 5.904198
>> s=-1 MSTModes 0.068651
>> MMp1gridL 0.022237
>> MMp1gridR 0.190749
>> s=0 MSTModes 0.163838
A. Fill 1D grid.
>> s = 2, UP ... 40.886597
>> s = 1, UP ... 1.454342
>> s = 0, UP ... 12.99295
>> s = 2, IN ... 6.559671
>> s = 1, IN ... 0.567627
>> s = 0, IN ... 1.351454
1. Preliminaries.
Calculating B-matrices and Eigenvalues
2. Generate MSTModes
>> Generate s=-2 MSTModes 61.994001
>> Generate s=-1 MSTModes 60.496407
>> Generate hκModes 136.829978
3. Jumps
>> 0.362438
>> 2.306816
>> 4.68113
>> 13.477469
>> 91.141923
>> 57.175759
>> LinearSolve for s1 and κ jumps 0.467976
>> κ and s1 jumps 170.491969
4. Prepare grid and mode functions.
>> s=-2 MSTModes 0.180891
>> MMp2gridL 0.484494
>> MMp2gridR 5.387191
>> s=-1 MSTModes 0.101881
>> MMp1gridL 0.029228
>> MMp1gridR 0.310935
>> s=0 MSTModes 0.159157
A. Fill 1D grid.
>> s = 2, UP ... 35.603269
>> s = 1, UP ... 7.712006
>> s = 0, UP ... 16.033218
>> s = 2, IN ... 5.816143
>> s = 1, IN ... 0.73689
>> s = 0, IN ... 1.34579
1. Preliminaries.
Calculating B-matrices and Eigenvalues
2. Generate MSTModes
>> Generate s=-2 MSTModes 66.325995
>> Generate s=-1 MSTModes 66.403963
>> Generate hκModes 132.689066
3. Jumps
>> 0.34451
>> 1.984307
>> 4.730362
>> 11.659794
>> 77.781534
>> 48.723786
>> LinearSolve for s1 and κ jumps 0.652107
>> κ and s1 jumps 146.653618
4. Prepare grid and mode functions.
>> s=-2 MSTModes 0.177883
>> MMp2gridL 0.458951
>> MMp2gridR 5.144207
>> s=-1 MSTModes 0.096071
>> MMp1gridL 0.027252
>> MMp1gridR 0.296407
>> s=0 MSTModes 0.153988
A. Fill 1D grid.
>> s = 2, UP ... 33.650054
>> s = 1, UP ... 7.624839
>> s = 0, UP ... 15.191403
>> s = 2, IN ... 5.766056
>> s = 1, IN ... 0.742474
>> s = 0, IN ... 1.322884
1. Preliminaries.
Calculating B-matrices and Eigenvalues
2. Generate MSTModes
>> Generate s=-2 MSTModes 79.832935
>> Generate s=-1 MSTModes 80.180688
>> Generate hκModes 135.857525
3. Jumps
>> 0.306921
>> 1.71538
>> 4.531938
>> 9.831226
>> 66.863621
>> 41.987825
>> LinearSolve for s1 and κ jumps 0.683898
>> κ and s1 jumps 126.622338
4. Prepare grid and mode functions.
>> s=-2 MSTModes 0.171999
>> MMp2gridL 0.435986
>> MMp2gridR 4.958032
>> s=-1 MSTModes 0.096453
>> MMp1gridL 0.027136
>> MMp1gridR 0.292173
>> s=0 MSTModes 0.150585
A. Fill 1D grid.
>> s = 2, UP ... 32.287816
>> s = 1, UP ... 7.191932
>> s = 0, UP ... 14.269578
>> s = 2, IN ... 5.575418
>> s = 1, IN ... 0.700223
>> s = 0, IN ... 1.236197
1. Preliminaries.
Calculating B-matrices and Eigenvalues
2. Generate MSTModes
>> Generate s=-2 MSTModes 93.334306
>> Generate s=-1 MSTModes 93.594286
>> Generate hκModes 133.904834
3. Jumps
>> 0.292192
>> 1.496443
>> 4.333029
>> 8.394785
>> 58.612216
>> 36.630925
>> LinearSolve for s1 and κ jumps 0.536897
>> κ and s1 jumps 110.954322
4. Prepare grid and mode functions.
>> s=-2 MSTModes 0.170933
>> MMp2gridL 0.423574
>> MMp2gridR 4.70993
>> s=-1 MSTModes 0.090928
>> MMp1gridL 0.026358
>> MMp1gridR 0.280843
>> s=0 MSTModes 0.147435
A. Fill 1D grid.
>> s = 2, UP ... 30.095061
>> s = 1, UP ... 6.583635
>> s = 0, UP ... 13.187561
>> s = 2, IN ... 5.634846
>> s = 1, IN ... 0.676828
>> s = 0, IN ... 1.222008
1. Preliminaries.
Calculating B-matrices and Eigenvalues
2. Generate MSTModes
>> Generate s=-2 MSTModes 110.070161
>> Generate s=-1 MSTModes 105.837005
>> Generate hκModes 131.351004
3. Jumps
>> 0.276578
>> 1.392606
>> 4.232953
>> 7.363665
>> 52.675755
>> 32.289876
>> LinearSolve for s1 and κ jumps 1.053411
>> κ and s1 jumps 99.891851
4. Prepare grid and mode functions.
>> s=-2 MSTModes 0.171504
>> MMp2gridL 0.409111
>> MMp2gridR 4.602696
>> s=-1 MSTModes 0.091412
>> MMp1gridL 0.025744
>> MMp1gridR 0.269551
>> s=0 MSTModes 0.144267
A. Fill 1D grid.
