Task 630 on node678.cluster: a=0.9 r0=13.0
Job started: a = 0.9, r0 = 13., savepath = /lustre/astro/dyson/DataFiles/KerrCircDiskData/h1_radial
Warning: rstarmin is outside the allowed range.
Now we Calculate the Radiative Solutions
1. Preliminaries.
Calculating B-matrices and Eigenvalues
2. Generate MSTModes
>> Generate s=-2 MSTModes 53.327916
>> Generate s=-1 MSTModes 52.827406
>> Generate hκModes 132.412135
3. Jumps
>> 0.407115
>> 2.226446
>> 3.664768
>> 3.994365
>> 49.604843
>> 18.198237
>> LinearSolve for s1 and κ jumps 0.004708
>> κ and s1 jumps 79.019934
4. Prepare grid and mode functions.
>> s=-2 MSTModes 0.212801
>> MMp2gridL 1.144629
>> MMp2gridR 4.983285
>> s=-1 MSTModes 0.064763
>> MMp1gridL 0.044271
>> MMp1gridR 0.159775
>> s=0 MSTModes 0.149779
A. Fill 1D grid.
>> s = 2, UP ... 35.432355
>> s = 1, UP ... 1.308476
>> s = 0, UP ... 8.224421
>> s = 2, IN ... 13.850917
>> s = 1, IN ... 1.052943
>> s = 0, IN ... 2.411614
1. Preliminaries.
Calculating B-matrices and Eigenvalues
2. Generate MSTModes
>> Generate s=-2 MSTModes 62.946866
>> Generate s=-1 MSTModes 60.845264
>> Generate hκModes 123.194091
3. Jumps
>> 0.351425
>> 2.172226
>> 3.946323
>> 13.714837
>> 90.764709
>> 58.496314
>> LinearSolve for s1 and κ jumps 0.612744
>> κ and s1 jumps 170.836717
4. Prepare grid and mode functions.
>> s=-2 MSTModes 0.179404
>> MMp2gridL 1.104422
>> MMp2gridR 4.727067
>> s=-1 MSTModes 0.1044
>> MMp1gridL 0.065798
>> MMp1gridR 0.280429
>> s=0 MSTModes 0.16065
A. Fill 1D grid.
>> s = 2, UP ... 32.091288
>> s = 1, UP ... 7.468272
>> s = 0, UP ... 14.876517
>> s = 2, IN ... 12.767214
>> s = 1, IN ... 1.671824
>> s = 0, IN ... 3.270599
1. Preliminaries.
Calculating B-matrices and Eigenvalues
2. Generate MSTModes
>> Generate s=-2 MSTModes 65.787511
>> Generate s=-1 MSTModes 64.123673
>> Generate hκModes 112.517749
3. Jumps
>> 0.318089
>> 1.789097
>> 3.837177
>> 10.749033
>> 72.326528
>> 46.072906
>> LinearSolve for s1 and κ jumps 1.265123
>> κ and s1 jumps 137.013578
4. Prepare grid and mode functions.
>> s=-2 MSTModes 0.205065
>> MMp2gridL 0.995897
>> MMp2gridR 4.272137
>> s=-1 MSTModes 0.094257
>> MMp1gridL 0.059475
>> MMp1gridR 0.251811
>> s=0 MSTModes 0.150392
A. Fill 1D grid.
>> s = 2, UP ... 29.570976
>> s = 1, UP ... 6.9145
>> s = 0, UP ... 14.493743
>> s = 2, IN ... 12.19101
>> s = 1, IN ... 1.588884
>> s = 0, IN ... 3.034917
1. Preliminaries.
Calculating B-matrices and Eigenvalues
2. Generate MSTModes
>> Generate s=-2 MSTModes 70.64305
>> Generate s=-1 MSTModes 69.241402
>> Generate hκModes 108.122546
3. Jumps
>> 0.294731
>> 1.647501
>> 3.851101
>> 9.454205
>> 63.979698
>> 40.347051
>> LinearSolve for s1 and κ jumps 0.83357
>> κ and s1 jumps 121.028424
4. Prepare grid and mode functions.
>> s=-2 MSTModes 0.195608
>> MMp2gridL 0.972346
>> MMp2gridR 4.135243
>> s=-1 MSTModes 0.08919
>> MMp1gridL 0.058707
>> MMp1gridR 0.241327
>> s=0 MSTModes 0.147182
A. Fill 1D grid.
>> s = 2, UP ... 28.167729
>> s = 1, UP ... 6.624217
>> s = 0, UP ... 13.117993
>> s = 2, IN ... 11.920292
>> s = 1, IN ... 1.54663
>> s = 0, IN ... 2.94432
1. Preliminaries.
Calculating B-matrices and Eigenvalues
2. Generate MSTModes
>> Generate s=-2 MSTModes 77.873559
>> Generate s=-1 MSTModes 76.090683
>> Generate hκModes 106.231278
3. Jumps
>> 0.289465
>> 1.440379
>> 3.817744
>> 7.8463
>> 55.77587
>> 34.683943
>> LinearSolve for s1 and κ jumps 1.077404
>> κ and s1 jumps 105.5283
4. Prepare grid and mode functions.
>> s=-2 MSTModes 0.160869
>> MMp2gridL 0.92877
>> MMp2gridR 4.073796
>> s=-1 MSTModes 0.086362
>> MMp1gridL 0.056493
>> MMp1gridR 0.233873
>> s=0 MSTModes 0.139069
A. Fill 1D grid.
>> s = 2, UP ... 26.523328
>> s = 1, UP ... 6.155098
>> s = 0, UP ... 12.19364
>> s = 2, IN ... 11.744068
>> s = 1, IN ... 1.492794
>> s = 0, IN ... 2.815738
1. Preliminaries.
Calculating B-matrices and Eigenvalues
2. Generate MSTModes
>> Generate s=-2 MSTModes 84.980177
>> Generate s=-1 MSTModes 83.50006
>> Generate hκModes 104.779142
3. Jumps
>> 0.26957
>> 1.354742
>> 4.110112
>> 7.057672
>> 49.699475
>> 29.736426
>> LinearSolve for s1 and κ jumps 1.187985
>> κ and s1 jumps 93.960397
4. Prepare grid and mode functions.
>> s=-2 MSTModes 0.162287
>> MMp2gridL 0.891011
>> MMp2gridR 3.838563
>> s=-1 MSTModes 0.083295
>> MMp1gridL 0.053759
>> MMp1gridR 0.225524
>> s=0 MSTModes 0.13851
A. Fill 1D grid.
>> s = 2, UP ... 25.116668
>> s = 1, UP ... 5.744617
>> s = 0, UP ... 11.459987
>> s = 2, IN ... 11.507217
>> s = 1, IN ... 1.433823
>> s = 0, IN ... 2.703777
1. Preliminaries.
Calculating B-matrices and Eigenvalues
2. Generate MSTModes
>> Generate s=-2 MSTModes 91.608308
>> Generate s=-1 MSTModes 89.148142
>> Generate hκModes 102.301951
3. Jumps
>> 0.264453
>> 1.187695
>> 3.755465
>> 6.154519
>> 44.300892
>> 26.669201
>> LinearSolve for s1 and κ jumps 0.805251
>> κ and s1 jumps 83.681703
4. Prepare grid and mode functions.
>> s=-2 MSTModes 0.170966
>> MMp2gridL 0.851355
>> MMp2gridR 3.72476
>> s=-1 MSTModes 0.080772
>> MMp1gridL 0.053603
>> MMp1gridR 0.216448
>> s=0 MSTModes 0.132554
A. Fill 1D grid.
>> s = 2, UP ... 23.572164
>> s = 1, UP ... 5.261427
>> s = 0, UP ... 10.573843
>> s = 2, IN ... 11.280676
>> s = 1, IN ... 1.350875
>> s = 0, IN ... 2.583768
1. Preliminaries.
Calculating B-matrices and Eigenvalues
2. Generate MSTModes
>> Generate s=-2 MSTModes 96.876707
>> Generate s=-1 MSTModes 94.331953
>> Generate hκModes 99.828105
3. Jumps
>> 0.247525
>> 1.033424
>> 3.82785
>> 5.097755
>> 37.412877
>> 21.948489
>> LinearSolve for s1 and κ jumps 0.823534
>> κ and s1 jumps 70.805737
4. Prepare grid and mode functions.
>> s=-2 MSTModes 0.147084
>> MMp2gridL 0.815314
>> MMp2gridR 3.515041
>> s=-1 MSTModes 0.076947
>> MMp1gridL 0.04936
>> MMp1gridR 0.207856
>> s=0 MSTModes 0.125179
A. Fill 1D grid.
>> s = 2, UP ... 21.85666
>> s = 1, UP ... 4.796346
>> s = 0, UP ... 9.24516
>> s = 2, IN ... 10.971246
>> s = 1, IN ... 1.295939
>> s = 0, IN ... 2.41446
1. Preliminaries.
Calculating B-matrices and Eigenvalues
2. Generate MSTModes
>> Generate s=-2 MSTModes 100.106275
>> Generate s=-1 MSTModes 98.562479
