Task 458 on node656.cluster: a=0.7 r0=15.0
Job started: a = 0.7, r0 = 15., savepath = /lustre/astro/dyson/DataFiles/KerrCircDiskData/h1_radial
Warning: rstarmin is outside the allowed range.
Now we Calculate the Radiative Solutions
1. Preliminaries.
Calculating B-matrices and Eigenvalues
2. Generate MSTModes
>> Generate s=-2 MSTModes 48.99219
>> Generate s=-1 MSTModes 50.776003
>> Generate hκModes 140.408366
3. Jumps
>> 0.445057
>> 2.394625
>> 3.896619
>> 4.380172
>> 53.467078
>> 19.325619
>> LinearSolve for s1 and κ jumps 0.005019
>> κ and s1 jumps 84.88096
4. Prepare grid and mode functions.
>> s=-2 MSTModes 0.224267
>> MMp2gridL 1.44873
>> MMp2gridR 5.005948
>> s=-1 MSTModes 0.069967
>> MMp1gridL 0.055542
>> MMp1gridR 0.168521
>> s=0 MSTModes 0.160747
A. Fill 1D grid.
>> s = 2, UP ... 34.630891
>> s = 1, UP ... 1.320035
>> s = 0, UP ... 7.891581
>> s = 2, IN ... 16.997636
>> s = 1, IN ... 1.296118
>> s = 0, IN ... 3.048109
1. Preliminaries.
Calculating B-matrices and Eigenvalues
2. Generate MSTModes
>> Generate s=-2 MSTModes 66.859092
>> Generate s=-1 MSTModes 67.793124
>> Generate hκModes 131.187478
3. Jumps
>> 0.379571
>> 2.534574
>> 4.32346
>> 3.99587
>> 53.092018
>> 17.771765
>> LinearSolve for s1 and κ jumps 0.864764
>> κ and s1 jumps 83.702314
4. Prepare grid and mode functions.
>> s=-2 MSTModes 0.196828
>> MMp2gridL 1.428606
>> MMp2gridR 4.974728
>> s=-1 MSTModes 0.111112
>> MMp1gridL 0.08546
>> MMp1gridR 0.293563
>> s=0 MSTModes 0.176256
A. Fill 1D grid.
>> s = 2, UP ... 33.060392
>> s = 1, UP ... 7.388877
>> s = 0, UP ... 10.53907
>> s = 2, IN ... 16.823774
>> s = 1, IN ... 2.24071
>> s = 0, IN ... 3.33118
1. Preliminaries.
Calculating B-matrices and Eigenvalues
2. Generate MSTModes
>> Generate s=-2 MSTModes 73.319994
>> Generate s=-1 MSTModes 71.98856
>> Generate hκModes 126.136361
3. Jumps
>> 0.369419
>> 2.112458
>> 4.320611
>> 12.750384
>> 86.567733
>> 55.300453
>> LinearSolve for s1 and κ jumps 0.708315
>> κ and s1 jumps 162.924803
4. Prepare grid and mode functions.
>> s=-2 MSTModes 0.196021
>> MMp2gridL 1.406734
>> MMp2gridR 4.853132
>> s=-1 MSTModes 0.108744
>> MMp1gridL 0.083393
>> MMp1gridR 0.285347
>> s=0 MSTModes 0.175224
A. Fill 1D grid.
>> s = 2, UP ... 31.66346
>> s = 1, UP ... 6.854225
>> s = 0, UP ... 13.608726
>> s = 2, IN ... 16.567673
>> s = 1, IN ... 2.176426
>> s = 0, IN ... 4.160203
1. Preliminaries.
Calculating B-matrices and Eigenvalues
2. Generate MSTModes
>> Generate s=-2 MSTModes 78.353632
>> Generate s=-1 MSTModes 77.393654
>> Generate hκModes 125.224346
3. Jumps
>> 0.362526
>> 1.898251
>> 4.407281
>> 11.214276
>> 75.253109
>> 47.198646
>> LinearSolve for s1 and κ jumps 1.140261
>> κ and s1 jumps 142.233316
4. Prepare grid and mode functions.
>> s=-2 MSTModes 0.189954
>> MMp2gridL 1.331409
>> MMp2gridR 4.537455
>> s=-1 MSTModes 0.10162
>> MMp1gridL 0.078283
>> MMp1gridR 0.268161
>> s=0 MSTModes 0.165961
A. Fill 1D grid.
>> s = 2, UP ... 29.226107
>> s = 1, UP ... 6.269582
>> s = 0, UP ... 12.601177
>> s = 2, IN ... 15.529418
>> s = 1, IN ... 2.016516
>> s = 0, IN ... 3.880877
1. Preliminaries.
Calculating B-matrices and Eigenvalues
2. Generate MSTModes
>> Generate s=-2 MSTModes 83.497084
>> Generate s=-1 MSTModes 84.240801
>> Generate hκModes 122.822896
3. Jumps
>> 0.346841
>> 1.78177
>> 4.470544
>> 9.770482
>> 66.653277
>> 40.20162
>> LinearSolve for s1 and κ jumps 0.830253
>> κ and s1 jumps 124.727276
4. Prepare grid and mode functions.
>> s=-2 MSTModes 0.182299
>> MMp2gridL 1.233748
>> MMp2gridR 4.261282
>> s=-1 MSTModes 0.097117
>> MMp1gridL 0.074413
>> MMp1gridR 0.250874
>> s=0 MSTModes 0.155615
A. Fill 1D grid.
>> s = 2, UP ... 27.030338
>> s = 1, UP ... 5.761364
>> s = 0, UP ... 11.621627
>> s = 2, IN ... 14.957397
>> s = 1, IN ... 1.870517
>> s = 0, IN ... 3.587329
1. Preliminaries.
Calculating B-matrices and Eigenvalues
2. Generate MSTModes
>> Generate s=-2 MSTModes 90.415925
>> Generate s=-1 MSTModes 91.441468
>> Generate hκModes 119.219776
3. Jumps
>> 0.314603
>> 1.545787
>> 4.371902
>> 8.178033
>> 55.43367
>> 33.488139
>> LinearSolve for s1 and κ jumps 0.631021
>> κ and s1 jumps 104.56678
4. Prepare grid and mode functions.
>> s=-2 MSTModes 0.177959
>> MMp2gridL 1.169353
>> MMp2gridR 4.125735
>> s=-1 MSTModes 0.092716
>> MMp1gridL 0.071338
>> MMp1gridR 0.236965
>> s=0 MSTModes 0.148962
A. Fill 1D grid.
>> s = 2, UP ... 26.034918
>> s = 1, UP ... 5.408879
>> s = 0, UP ... 11.126486
>> s = 2, IN ... 14.77633
>> s = 1, IN ... 1.853647
>> s = 0, IN ... 3.48635
1. Preliminaries.
Calculating B-matrices and Eigenvalues
2. Generate MSTModes
>> Generate s=-2 MSTModes 95.521652
>> Generate s=-1 MSTModes 98.281773
>> Generate hκModes 113.404577
3. Jumps
>> 0.290744
>> 1.363925
>> 4.125438
>> 6.993011
>> 48.904324
>> 29.456097
>> LinearSolve for s1 and κ jumps 0.89225
>> κ and s1 jumps 92.62905
4. Prepare grid and mode functions.
>> s=-2 MSTModes 0.171841
>> MMp2gridL 1.127484
>> MMp2gridR 3.963866
>> s=-1 MSTModes 0.089903
>> MMp1gridL 0.069387
>> MMp1gridR 0.23108
>> s=0 MSTModes 0.145466
A. Fill 1D grid.
>> s = 2, UP ... 24.534794
>> s = 1, UP ... 5.268242
>> s = 0, UP ... 10.637268
>> s = 2, IN ... 14.485279
>> s = 1, IN ... 1.774683
>> s = 0, IN ... 3.342572
1. Preliminaries.
Calculating B-matrices and Eigenvalues
2. Generate MSTModes
>> Generate s=-2 MSTModes 101.871244
>> Generate s=-1 MSTModes 102.77559
>> Generate hκModes 110.926017
3. Jumps
>> 0.287331
>> 1.2496
>> 4.111051
>> 6.111353
>> 42.734686
>> 25.308807
>> LinearSolve for s1 and κ jumps 1.177097
>> κ and s1 jumps 81.512291
4. Prepare grid and mode functions.
>> s=-2 MSTModes 0.165299
>> MMp2gridL 1.099422
>> MMp2gridR 3.880271
>> s=-1 MSTModes 0.087353
>> MMp1gridL 0.068473
>> MMp1gridR 0.227729
>> s=0 MSTModes 0.141465
A. Fill 1D grid.
>> s = 2, UP ... 23.957233
>> s = 1, UP ... 4.945803
>> s = 0, UP ... 9.976504
>> s = 2, IN ... 14.262795
>> s = 1, IN ... 1.68815
>> s = 0, IN ... 3.247505
1. Preliminaries.
Calculating B-matrices and Eigenvalues
2. Generate MSTModes
>> Generate s=-2 MSTModes 103.46392
>> Generate s=-1 MSTModes 102.193093
>> Generate hκModes 104.978575
3. Jumps
>> 0.26712
>> 1.055473
>> 3.910881
>> 5.005963
>> 36.568882
>> 21.406247
>> LinearSolve for s1 and κ jumps 0.010401
>> κ and s1 jumps 68.62401
4. Prepare grid and mode functions.
>> s=-2 MSTModes 0.186575
>> MMp2gridL 1.020431
>> MMp2gridR 3.558929
>> s=-1 MSTModes 0.081395
>> MMp1gridL 0.064371
>> MMp1gridR 0.212597
>> s=0 MSTModes 0.133489
A. Fill 1D grid.
>> s = 2, UP ... 21.845129
>> s = 1, UP ... 4.744097
>> s = 0, UP ... 9.234649
