Task 5 on node678.cluster: a=0.001 r0=8.5
Job started: a = 0.001, r0 = 8.5, savepath = /lustre/astro/dyson/DataFiles/KerrCircDiskData/h1_radial
Warning: rstarmin is outside the allowed range.
Now we Calculate the Radiative Solutions
1. Preliminaries.
Calculating B-matrices and Eigenvalues
2. Generate MSTModes
>> Generate s=-2 MSTModes 41.35343
>> Generate s=-1 MSTModes 41.2684
>> Generate hκModes 115.17407
3. Jumps
>> 0.35567
>> 1.935101
>> 3.459234
>> 3.607065
>> 45.127341
>> 16.905881
>> LinearSolve for s1 and κ jumps 0.003176
>> κ and s1 jumps 72.209963
4. Prepare grid and mode functions.
>> s=-2 MSTModes 0.199176
>> MMp2gridL 0.647257
>> MMp2gridR 4.991561
>> s=-1 MSTModes 0.062494
>> MMp1gridL 0.026882
>> MMp1gridR 0.167428
>> s=0 MSTModes 0.143811
A. Fill 1D grid.
>> s = 2, UP ... 34.245208
>> s = 1, UP ... 1.296874
>> s = 0, UP ... 7.783444
>> s = 2, IN ... 8.216462
>> s = 1, IN ... 0.662411
>> s = 0, IN ... 1.401822
1. Preliminaries.
Calculating B-matrices and Eigenvalues
2. Generate MSTModes
>> Generate s=-2 MSTModes 58.509009
>> Generate s=-1 MSTModes 61.07225
>> Generate hκModes 136.658603
3. Jumps
>> 0.385053
>> 2.543645
>> 4.739494
>> 3.937696
>> 53.489918
>> 17.827402
>> LinearSolve for s1 and κ jumps 0.872058
>> κ and s1 jumps 84.542815
4. Prepare grid and mode functions.
>> s=-2 MSTModes 0.200236
>> MMp2gridL 0.768819
>> MMp2gridR 5.833389
>> s=-1 MSTModes 0.113698
>> MMp1gridL 0.04579
>> MMp1gridR 0.341537
>> s=0 MSTModes 0.181326
A. Fill 1D grid.
>> s = 2, UP ... 38.815626
>> s = 1, UP ... 8.74805
>> s = 0, UP ... 12.343747
>> s = 2, IN ... 9.35047
>> s = 1, IN ... 1.210383
>> s = 0, IN ... 1.760657
1. Preliminaries.
Calculating B-matrices and Eigenvalues
2. Generate MSTModes
>> Generate s=-2 MSTModes 71.348836
>> Generate s=-1 MSTModes 70.503307
>> Generate hκModes 135.766929
3. Jumps
>> 0.363959
>> 2.183068
>> 4.944417
>> 3.373887
>> 45.58338
>> 15.230761
>> LinearSolve for s1 and κ jumps 0.968806
>> κ and s1 jumps 73.376895
4. Prepare grid and mode functions.
>> s=-2 MSTModes 0.192026
>> MMp2gridL 0.715072
>> MMp2gridR 5.470412
>> s=-1 MSTModes 0.106558
>> MMp1gridL 0.042658
>> MMp1gridR 0.320071
>> s=0 MSTModes 0.174861
A. Fill 1D grid.
>> s = 2, UP ... 36.184868
>> s = 1, UP ... 8.302109
>> s = 0, UP ... 11.688549
>> s = 2, IN ... 8.96066
>> s = 1, IN ... 1.138217
>> s = 0, IN ... 1.698358
1. Preliminaries.
Calculating B-matrices and Eigenvalues
2. Generate MSTModes
>> Generate s=-2 MSTModes 79.875782
>> Generate s=-1 MSTModes 79.471965
>> Generate hκModes 135.345536
3. Jumps
>> 0.348104
>> 1.95524
>> 5.255296
>> 2.827175
>> 39.981892
>> 12.672016
>> LinearSolve for s1 and κ jumps 0.579401
>> κ and s1 jumps 64.248192
4. Prepare grid and mode functions.
>> s=-2 MSTModes 0.192455
>> MMp2gridL 0.678586
>> MMp2gridR 5.263284
>> s=-1 MSTModes 0.103417
>> MMp1gridL 0.04188
>> MMp1gridR 0.302144
>> s=0 MSTModes 0.16861
A. Fill 1D grid.
>> s = 2, UP ... 33.935837
>> s = 1, UP ... 7.436981
>> s = 0, UP ... 10.75357
>> s = 2, IN ... 8.521972
>> s = 1, IN ... 1.057359
>> s = 0, IN ... 1.593199
1. Preliminaries.
Calculating B-matrices and Eigenvalues
2. Generate MSTModes
>> Generate s=-2 MSTModes 88.569611
>> Generate s=-1 MSTModes 88.786658
>> Generate hκModes 135.162588
3. Jumps
>> 0.327218
>> 1.712905
>> 4.937126
>> 2.508172
>> 35.731676
>> 11.433459
>> LinearSolve for s1 and κ jumps 1.306589
>> κ and s1 jumps 58.497665
4. Prepare grid and mode functions.
>> s=-2 MSTModes 0.211091
>> MMp2gridL 0.661347
>> MMp2gridR 5.006757
>> s=-1 MSTModes 0.098164
>> MMp1gridL 0.040086
>> MMp1gridR 0.293639
>> s=0 MSTModes 0.157903
A. Fill 1D grid.
>> s = 2, UP ... 32.207336
>> s = 1, UP ... 7.050912
>> s = 0, UP ... 10.26288
>> s = 2, IN ... 8.293525
>> s = 1, IN ... 1.013411
>> s = 0, IN ... 1.491848
1. Preliminaries.
Calculating B-matrices and Eigenvalues
2. Generate MSTModes
>> Generate s=-2 MSTModes 98.720361
>> Generate s=-1 MSTModes 98.788684
>> Generate hκModes 133.47906
3. Jumps
>> 0.311007
>> 1.558113
>> 4.704007
>> 2.178095
>> 32.457651
>> 9.908979
>> LinearSolve for s1 and κ jumps 1.018379
>> κ and s1 jumps 52.628044
4. Prepare grid and mode functions.
>> s=-2 MSTModes 0.209987
>> MMp2gridL 0.633755
>> MMp2gridR 4.937771
>> s=-1 MSTModes 0.095876
>> MMp1gridL 0.037914
>> MMp1gridR 0.288651
>> s=0 MSTModes 0.157459
A. Fill 1D grid.
>> s = 2, UP ... 30.451989
>> s = 1, UP ... 6.501452
>> s = 0, UP ... 9.725869
>> s = 2, IN ... 7.967193
>> s = 1, IN ... 0.964731
>> s = 0, IN ... 1.451975
1. Preliminaries.
Calculating B-matrices and Eigenvalues
2. Generate MSTModes
>> Generate s=-2 MSTModes 108.899607
>> Generate s=-1 MSTModes 109.052916
>> Generate hκModes 132.431958
3. Jumps
>> 0.302585
>> 1.405429
>> 4.638357
>> 1.924866
>> 28.082964
>> 8.39427
>> LinearSolve for s1 and κ jumps 1.218716
>> κ and s1 jumps 46.408167
4. Prepare grid and mode functions.
>> s=-2 MSTModes 0.20004
>> MMp2gridL 0.592593
>> MMp2gridR 4.611497
>> s=-1 MSTModes 0.091949
>> MMp1gridL 0.037278
>> MMp1gridR 0.269671
>> s=0 MSTModes 0.145977
A. Fill 1D grid.
>> s = 2, UP ... 28.527234
>> s = 1, UP ... 6.146859
>> s = 0, UP ... 9.099764
>> s = 2, IN ... 7.878325
>> s = 1, IN ... 0.949714
>> s = 0, IN ... 1.387778
1. Preliminaries.
Calculating B-matrices and Eigenvalues
2. Generate MSTModes
>> Generate s=-2 MSTModes 118.353252
>> Generate s=-1 MSTModes 118.477645
