Task 628 on node657.cluster: a=0.9 r0=12.0
Job started: a = 0.9, r0 = 12., savepath = /lustre/astro/dyson/DataFiles/KerrCircDiskData/h1_radial
Warning: rstarmin is outside the allowed range.
Now we Calculate the Radiative Solutions
1. Preliminaries.
Calculating B-matrices and Eigenvalues
2. Generate MSTModes
>> Generate s=-2 MSTModes 46.172846
>> Generate s=-1 MSTModes 45.705258
>> Generate hκModes 115.803715
3. Jumps
>> 0.341363
>> 1.938247
>> 3.220355
>> 3.515932
>> 44.215085
>> 16.440815
>> LinearSolve for s1 and κ jumps 0.004458
>> κ and s1 jumps 70.515507
4. Prepare grid and mode functions.
>> s=-2 MSTModes 0.195348
>> MMp2gridL 0.923893
>> MMp2gridR 4.426669
>> s=-1 MSTModes 0.05981
>> MMp1gridL 0.036044
>> MMp1gridR 0.147097
>> s=0 MSTModes 0.136546
A. Fill 1D grid.
>> s = 2, UP ... 31.294003
>> s = 1, UP ... 1.157015
>> s = 0, UP ... 6.861048
>> s = 2, IN ... 11.086613
>> s = 1, IN ... 0.846172
>> s = 0, IN ... 1.930638
1. Preliminaries.
Calculating B-matrices and Eigenvalues
2. Generate MSTModes
>> Generate s=-2 MSTModes 56.847477
>> Generate s=-1 MSTModes 56.422729
>> Generate hκModes 111.947155
3. Jumps
>> 0.31761
>> 2.037046
>> 3.677072
>> 12.383721
>> 83.171436
>> 53.816723
>> LinearSolve for s1 and κ jumps 1.155461
>> κ and s1 jumps 157.413769
4. Prepare grid and mode functions.
>> s=-2 MSTModes 0.172344
>> MMp2gridL 0.932418
>> MMp2gridR 4.479383
>> s=-1 MSTModes 0.095509
>> MMp1gridL 0.055256
>> MMp1gridR 0.260645
>> s=0 MSTModes 0.153877
A. Fill 1D grid.
>> s = 2, UP ... 30.950855
>> s = 1, UP ... 7.259567
>> s = 0, UP ... 13.758894
>> s = 2, IN ... 11.110255
>> s = 1, IN ... 1.486254
>> s = 0, IN ... 2.820867
1. Preliminaries.
Calculating B-matrices and Eigenvalues
2. Generate MSTModes
>> Generate s=-2 MSTModes 64.189484
>> Generate s=-1 MSTModes 63.765104
>> Generate hκModes 110.046958
3. Jumps
>> 0.3145
>> 1.807655
>> 3.890357
>> 10.674959
>> 73.050986
>> 46.340123
>> LinearSolve for s1 and κ jumps 0.527573
>> κ and s1 jumps 137.347445
4. Prepare grid and mode functions.
>> s=-2 MSTModes 0.171202
>> MMp2gridL 0.903815
>> MMp2gridR 4.347102
>> s=-1 MSTModes 0.091516
>> MMp1gridL 0.053344
>> MMp1gridR 0.251517
>> s=0 MSTModes 0.150793
A. Fill 1D grid.
>> s = 2, UP ... 30.11758
>> s = 1, UP ... 6.941804
>> s = 0, UP ... 13.275851
>> s = 2, IN ... 10.953551
>> s = 1, IN ... 1.435345
>> s = 0, IN ... 2.738194
1. Preliminaries.
Calculating B-matrices and Eigenvalues
2. Generate MSTModes
>> Generate s=-2 MSTModes 72.616268
>> Generate s=-1 MSTModes 71.27331
>> Generate hκModes 108.414408
3. Jumps
>> 0.295825
>> 1.620024
>> 3.886834
>> 9.049691
>> 63.825195
>> 40.151703
>> LinearSolve for s1 and κ jumps 0.480713
>> κ and s1 jumps 119.972959
4. Prepare grid and mode functions.
>> s=-2 MSTModes 0.176999
>> MMp2gridL 0.885289
>> MMp2gridR 4.187695
>> s=-1 MSTModes 0.090155
>> MMp1gridL 0.051614
>> MMp1gridR 0.243505
>> s=0 MSTModes 0.148005
A. Fill 1D grid.
>> s = 2, UP ... 28.812931
>> s = 1, UP ... 7.345892
>> s = 0, UP ... 14.270445
>> s = 2, IN ... 10.835629
>> s = 1, IN ... 1.413859
>> s = 0, IN ... 2.671439
1. Preliminaries.
Calculating B-matrices and Eigenvalues
2. Generate MSTModes
>> Generate s=-2 MSTModes 80.710104
>> Generate s=-1 MSTModes 79.544593
>> Generate hκModes 107.066048
3. Jumps
>> 0.282548
>> 1.48112
>> 3.911745
>> 8.076395
>> 57.483293
>> 35.610685
>> LinearSolve for s1 and κ jumps 1.065861
>> κ and s1 jumps 108.495602
4. Prepare grid and mode functions.
>> s=-2 MSTModes 0.19855
>> MMp2gridL 0.844348
>> MMp2gridR 4.208931
>> s=-1 MSTModes 0.088452
>> MMp1gridL 0.051756
>> MMp1gridR 0.236314
>> s=0 MSTModes 0.139864
A. Fill 1D grid.
>> s = 2, UP ... 28.048995
>> s = 1, UP ... 6.587279
>> s = 0, UP ... 12.819929
>> s = 2, IN ... 10.701574
>> s = 1, IN ... 1.382304
>> s = 0, IN ... 2.582523
1. Preliminaries.
Calculating B-matrices and Eigenvalues
2. Generate MSTModes
>> Generate s=-2 MSTModes 89.650843
>> Generate s=-1 MSTModes 85.786065
>> Generate hκModes 105.64527
3. Jumps
>> 0.269015
>> 1.326899
>> 4.246935
>> 7.183392
>> 50.516772
>> 31.267011
>> LinearSolve for s1 and κ jumps 0.634508
>> κ and s1 jumps 95.981675
4. Prepare grid and mode functions.
>> s=-2 MSTModes 0.232483
>> MMp2gridL 0.814498
>> MMp2gridR 4.036068
>> s=-1 MSTModes 0.085413
>> MMp1gridL 0.048476
>> MMp1gridR 0.230434
>> s=0 MSTModes 0.135613
A. Fill 1D grid.
>> s = 2, UP ... 26.603161
>> s = 1, UP ... 6.229
>> s = 0, UP ... 12.411475
>> s = 2, IN ... 10.581061
>> s = 1, IN ... 1.313135
>> s = 0, IN ... 2.532514
1. Preliminaries.
Calculating B-matrices and Eigenvalues
2. Generate MSTModes
>> Generate s=-2 MSTModes 96.548898
>> Generate s=-1 MSTModes 94.096884
>> Generate hκModes 104.450839
3. Jumps
>> 0.258801
>> 1.177828
>> 3.967755
>> 6.29673
>> 44.654031
>> 26.910091
>> LinearSolve for s1 and κ jumps 1.031113
>> κ and s1 jumps 84.811896
4. Prepare grid and mode functions.
>> s=-2 MSTModes 0.162895
>> MMp2gridL 0.781365
>> MMp2gridR 3.937449
>> s=-1 MSTModes 0.082389
>> MMp1gridL 0.048559
>> MMp1gridR 0.221385
>> s=0 MSTModes 0.130292
A. Fill 1D grid.
>> s = 2, UP ... 24.404704
>> s = 1, UP ... 5.270007
>> s = 0, UP ... 10.857245
>> s = 2, IN ... 10.232028
>> s = 1, IN ... 1.264919
>> s = 0, IN ... 2.362132
1. Preliminaries.
Calculating B-matrices and Eigenvalues
2. Generate MSTModes
>> Generate s=-2 MSTModes 102.167095
>> Generate s=-1 MSTModes 101.787513
>> Generate hκModes 102.612494
3. Jumps
>> 0.248788
>> 1.078073
>> 3.709895
>> 5.328273
>> 38.733453
>> 22.930558
>> LinearSolve for s1 and κ jumps 1.072371
>> κ and s1 jumps 73.6174
4. Prepare grid and mode functions.
>> s=-2 MSTModes 0.153624
>> MMp2gridL 0.747166
>> MMp2gridR 3.599578
>> s=-1 MSTModes 0.077204
>> MMp1gridL 0.04634
>> MMp1gridR 0.21115
>> s=0 MSTModes 0.123908
A. Fill 1D grid.
>> s = 2, UP ... 22.225082
>> s = 1, UP ... 4.6231
>> s = 0, UP ... 9.190254
