Task 443 on node656.cluster: a=0.7 r0=7.5
Job started: a = 0.7, r0 = 7.5, savepath = /lustre/astro/dyson/DataFiles/KerrCircDiskData/h1_radial
Warning: rstarmin is outside the allowed range.
Now we Calculate the Radiative Solutions
1. Preliminaries.
Calculating B-matrices and Eigenvalues
2. Generate MSTModes
>> Generate s=-2 MSTModes 41.21139
>> Generate s=-1 MSTModes 41.529498
>> Generate hκModes 117.466739
3. Jumps
>> 0.3492
>> 1.933802
>> 3.820478
>> 13.611407
>> 87.924031
>> 59.730896
>> LinearSolve for s1 and κ jumps 0.005014
>> κ and s1 jumps 168.330365
4. Prepare grid and mode functions.
>> s=-2 MSTModes 0.192304
>> MMp2gridL 0.552051
>> MMp2gridR 4.959061
>> s=-1 MSTModes 0.062134
>> MMp1gridL 0.022835
>> MMp1gridR 0.165361
>> s=0 MSTModes 0.154715
A. Fill 1D grid.
>> s = 2, UP ... 35.189046
>> s = 1, UP ... 1.340183
>> s = 0, UP ... 11.243684
>> s = 2, IN ... 7.38534
>> s = 1, IN ... 0.615837
>> s = 0, IN ... 1.570772
1. Preliminaries.
Calculating B-matrices and Eigenvalues
2. Generate MSTModes
>> Generate s=-2 MSTModes 59.807819
>> Generate s=-1 MSTModes 61.446499
>> Generate hκModes 141.970387
3. Jumps
>> 0.386264
>> 2.424891
>> 5.21784
>> 15.628705
>> 98.809366
>> 62.739483
>> LinearSolve for s1 and κ jumps 1.083589
>> κ and s1 jumps 187.207589
4. Prepare grid and mode functions.
>> s=-2 MSTModes 0.198318
>> MMp2gridL 0.624152
>> MMp2gridR 5.754925
>> s=-1 MSTModes 0.107935
>> MMp1gridL 0.037378
>> MMp1gridR 0.327181
>> s=0 MSTModes 0.180531
A. Fill 1D grid.
>> s = 2, UP ... 38.40753
>> s = 1, UP ... 8.410543
>> s = 0, UP ... 18.019874
>> s = 2, IN ... 7.801568
>> s = 1, IN ... 1.021609
>> s = 0, IN ... 1.89155
1. Preliminaries.
Calculating B-matrices and Eigenvalues
2. Generate MSTModes
>> Generate s=-2 MSTModes 71.926647
>> Generate s=-1 MSTModes 71.937738
>> Generate hκModes 142.408157
3. Jumps
>> 0.362832
>> 2.171544
>> 5.226001
>> 12.765139
>> 84.428424
>> 54.278131
>> LinearSolve for s1 and κ jumps 1.012602
>> κ and s1 jumps 161.029105
4. Prepare grid and mode functions.
>> s=-2 MSTModes 0.206524
>> MMp2gridL 0.612012
>> MMp2gridR 5.710316
>> s=-1 MSTModes 0.10841
>> MMp1gridL 0.037339
>> MMp1gridR 0.324456
>> s=0 MSTModes 0.174765
A. Fill 1D grid.
>> s = 2, UP ... 37.529081
>> s = 1, UP ... 8.017603
>> s = 0, UP ... 16.591022
>> s = 2, IN ... 7.766999
>> s = 1, IN ... 0.976177
>> s = 0, IN ... 1.816952
1. Preliminaries.
Calculating B-matrices and Eigenvalues
2. Generate MSTModes
>> Generate s=-2 MSTModes 84.046399
>> Generate s=-1 MSTModes 82.908428
>> Generate hκModes 138.562862
3. Jumps
>> 0.340331
>> 1.89946
>> 5.090507
>> 11.006296
>> 75.364532
>> 47.859688
>> LinearSolve for s1 and κ jumps 1.127111
>> κ and s1 jumps 143.4654
4. Prepare grid and mode functions.
>> s=-2 MSTModes 0.196772
>> MMp2gridL 0.601425
>> MMp2gridR 5.596179
>> s=-1 MSTModes 0.106151
>> MMp1gridL 0.035505
>> MMp1gridR 0.322684
>> s=0 MSTModes 0.171857
A. Fill 1D grid.
>> s = 2, UP ... 36.191385
>> s = 1, UP ... 8.04648
>> s = 0, UP ... 16.655646
>> s = 2, IN ... 7.655844
>> s = 1, IN ... 0.967421
>> s = 0, IN ... 1.742689
1. Preliminaries.
Calculating B-matrices and Eigenvalues
2. Generate MSTModes
>> Generate s=-2 MSTModes 95.755617
>> Generate s=-1 MSTModes 93.900894
>> Generate hκModes 139.840953
3. Jumps
>> 0.329944
>> 1.699098
>> 5.086174
>> 9.595508
>> 65.551424
>> 41.257924
>> LinearSolve for s1 and κ jumps 1.140695
>> κ and s1 jumps 125.382655
4. Prepare grid and mode functions.
>> s=-2 MSTModes 0.19689
>> MMp2gridL 0.570697
>> MMp2gridR 5.477948
>> s=-1 MSTModes 0.104414
>> MMp1gridL 0.034646
>> MMp1gridR 0.313307
>> s=0 MSTModes 0.163005
A. Fill 1D grid.
>> s = 2, UP ... 34.361549
>> s = 1, UP ... 7.99193
>> s = 0, UP ... 15.602429
>> s = 2, IN ... 7.278489
>> s = 1, IN ... 0.895383
>> s = 0, IN ... 1.619475
1. Preliminaries.
Calculating B-matrices and Eigenvalues
2. Generate MSTModes
>> Generate s=-2 MSTModes 108.957554
>> Generate s=-1 MSTModes 107.737661
>> Generate hκModes 142.216509
3. Jumps
>> 0.314483
>> 1.552767
>> 4.913245
>> 8.677357
>> 58.394294
>> 34.970511
>> LinearSolve for s1 and κ jumps 1.012566
>> κ and s1 jumps 110.434618
4. Prepare grid and mode functions.
>> s=-2 MSTModes 0.209343
>> MMp2gridL 0.536063
>> MMp2gridR 5.225172
>> s=-1 MSTModes 0.098975
>> MMp1gridL 0.03134
>> MMp1gridR 0.294284
>> s=0 MSTModes 0.158038
A. Fill 1D grid.
>> s = 2, UP ... 32.718992
>> s = 1, UP ... 7.751906
>> s = 0, UP ... 15.634514
>> s = 2, IN ... 7.164198
>> s = 1, IN ... 0.869074
>> s = 0, IN ... 1.604486
1. Preliminaries.
Calculating B-matrices and Eigenvalues
2. Generate MSTModes
>> Generate s=-2 MSTModes 119.699079
>> Generate s=-1 MSTModes 119.535901
