Task 544 on node678.cluster: a=0.8 r0=14.0
Job started: a = 0.8, r0 = 14., savepath = /lustre/astro/dyson/DataFiles/KerrCircDiskData/h1_radial
Warning: rstarmin is outside the allowed range.
Now we Calculate the Radiative Solutions
1. Preliminaries.
Calculating B-matrices and Eigenvalues
2. Generate MSTModes
>> Generate s=-2 MSTModes 51.076483
>> Generate s=-1 MSTModes 52.111366
>> Generate hκModes 131.977582
3. Jumps
>> 0.387261
>> 2.329446
>> 3.572709
>> 4.100574
>> 50.90304
>> 18.482732
>> LinearSolve for s1 and κ jumps 0.004611
>> κ and s1 jumps 80.694012
4. Prepare grid and mode functions.
>> s=-2 MSTModes 0.212441
>> MMp2gridL 1.24166
>> MMp2gridR 4.795587
>> s=-1 MSTModes 0.065615
>> MMp1gridL 0.048126
>> MMp1gridR 0.157914
>> s=0 MSTModes 0.146796
A. Fill 1D grid.
>> s = 2, UP ... 33.191811
>> s = 1, UP ... 1.254106
>> s = 0, UP ... 7.408336
>> s = 2, IN ... 14.651265
>> s = 1, IN ... 1.093962
>> s = 0, IN ... 2.540683
1. Preliminaries.
Calculating B-matrices and Eigenvalues
2. Generate MSTModes
>> Generate s=-2 MSTModes 60.374264
>> Generate s=-1 MSTModes 59.115398
>> Generate hκModes 125.399884
3. Jumps
>> 0.361644
>> 2.300057
>> 4.189741
>> 3.759083
>> 48.767622
>> 16.779361
>> LinearSolve for s1 and κ jumps 1.09535
>> κ and s1 jumps 77.964765
4. Prepare grid and mode functions.
>> s=-2 MSTModes 0.184202
>> MMp2gridL 1.231922
>> MMp2gridR 4.740687
>> s=-1 MSTModes 0.102871
>> MMp1gridL 0.072901
>> MMp1gridR 0.276316
>> s=0 MSTModes 0.164601
A. Fill 1D grid.
>> s = 2, UP ... 31.885877
>> s = 1, UP ... 7.08668
>> s = 0, UP ... 10.216664
>> s = 2, IN ... 14.609293
>> s = 1, IN ... 1.969617
>> s = 0, IN ... 2.91585
1. Preliminaries.
Calculating B-matrices and Eigenvalues
2. Generate MSTModes
>> Generate s=-2 MSTModes 69.270138
>> Generate s=-1 MSTModes 68.177462
>> Generate hκModes 119.911103
3. Jumps
>> 0.338891
>> 2.016392
>> 4.000486
>> 11.855624
>> 79.336557
>> 50.421023
>> LinearSolve for s1 and κ jumps 1.389177
>> κ and s1 jumps 150.095049
4. Prepare grid and mode functions.
>> s=-2 MSTModes 0.181874
>> MMp2gridL 1.181583
>> MMp2gridR 4.522349
>> s=-1 MSTModes 0.098175
>> MMp1gridL 0.069074
>> MMp1gridR 0.264026
>> s=0 MSTModes 0.160275
A. Fill 1D grid.
>> s = 2, UP ... 29.848503
>> s = 1, UP ... 6.446434
>> s = 0, UP ... 13.022658
>> s = 2, IN ... 14.023464
>> s = 1, IN ... 1.849627
>> s = 0, IN ... 3.502524
1. Preliminaries.
Calculating B-matrices and Eigenvalues
2. Generate MSTModes
>> Generate s=-2 MSTModes 73.839246
>> Generate s=-1 MSTModes 71.547913
>> Generate hκModes 109.696068
3. Jumps
>> 0.297008
>> 1.693075
>> 3.787127
>> 9.555152
>> 66.023725
>> 41.154665
>> LinearSolve for s1 and κ jumps 1.041896
>> κ and s1 jumps 124.158771
4. Prepare grid and mode functions.
>> s=-2 MSTModes 0.191213
>> MMp2gridL 1.055522
>> MMp2gridR 4.038809
>> s=-1 MSTModes 0.08983
>> MMp1gridL 0.06261
>> MMp1gridR 0.237181
>> s=0 MSTModes 0.147831
A. Fill 1D grid.
>> s = 2, UP ... 26.512879
>> s = 1, UP ... 5.61448
>> s = 0, UP ... 11.497842
>> s = 2, IN ... 12.857494
>> s = 1, IN ... 1.6515
>> s = 0, IN ... 3.1978
1. Preliminaries.
Calculating B-matrices and Eigenvalues
2. Generate MSTModes
>> Generate s=-2 MSTModes 77.413639
>> Generate s=-1 MSTModes 76.074896
>> Generate hκModes 104.022728
3. Jumps
>> 0.285464
>> 1.476217
>> 3.793242
>> 7.971216
>> 56.449892
>> 34.956903
>> LinearSolve for s1 and κ jumps 1.050843
>> κ and s1 jumps 106.642444
4. Prepare grid and mode functions.
>> s=-2 MSTModes 0.163307
>> MMp2gridL 1.008019
>> MMp2gridR 3.886848
>> s=-1 MSTModes 0.086284
>> MMp1gridL 0.060857
>> MMp1gridR 0.225585
>> s=0 MSTModes 0.138475
A. Fill 1D grid.
>> s = 2, UP ... 25.383631
>> s = 1, UP ... 5.613654
>> s = 0, UP ... 10.696065
>> s = 2, IN ... 12.497122
>> s = 1, IN ... 1.555613
>> s = 0, IN ... 2.988974
1. Preliminaries.
Calculating B-matrices and Eigenvalues
2. Generate MSTModes
>> Generate s=-2 MSTModes 82.564461
>> Generate s=-1 MSTModes 83.441453
>> Generate hκModes 102.083355
3. Jumps
>> 0.270166
>> 1.325347
>> 3.792728
>> 7.123684
>> 49.481373
>> 30.453547
>> LinearSolve for s1 and κ jumps 0.630227
>> κ and s1 jumps 93.74415
4. Prepare grid and mode functions.
>> s=-2 MSTModes 0.158549
>> MMp2gridL 0.969276
>> MMp2gridR 3.716571
>> s=-1 MSTModes 0.083049
>> MMp1gridL 0.059041
>> MMp1gridR 0.216287
>> s=0 MSTModes 0.134587
A. Fill 1D grid.
>> s = 2, UP ... 23.764202
>> s = 1, UP ... 5.016326
>> s = 0, UP ... 9.926709
>> s = 2, IN ... 12.256549
>> s = 1, IN ... 1.540632
>> s = 0, IN ... 2.883513
1. Preliminaries.
Calculating B-matrices and Eigenvalues
2. Generate MSTModes
>> Generate s=-2 MSTModes 89.424374
>> Generate s=-1 MSTModes 88.766533
>> Generate hκModes 99.58943
3. Jumps
>> 0.263475
>> 1.200671
>> 3.853293
>> 6.230509
>> 43.99275
>> 26.629422
>> LinearSolve for s1 and κ jumps 0.996185
>> κ and s1 jumps 83.720711
4. Prepare grid and mode functions.
>> s=-2 MSTModes 0.156902
>> MMp2gridL 0.935009
>> MMp2gridR 3.564324
>> s=-1 MSTModes 0.080686
>> MMp1gridL 0.058545
>> MMp1gridR 0.21544
>> s=0 MSTModes 0.130393
A. Fill 1D grid.
>> s = 2, UP ... 22.628625
>> s = 1, UP ... 4.900062
>> s = 0, UP ... 9.83713
>> s = 2, IN ... 12.086871
>> s = 1, IN ... 1.508334
>> s = 0, IN ... 2.779823
1. Preliminaries.
Calculating B-matrices and Eigenvalues
2. Generate MSTModes
>> Generate s=-2 MSTModes 94.288546
>> Generate s=-1 MSTModes 93.143327
>> Generate hκModes 97.113754
3. Jumps
>> 0.248637
>> 1.056591
>> 3.598139
>> 5.215236
>> 38.113767
>> 22.432033
>> LinearSolve for s1 and κ jumps 1.252275
>> κ and s1 jumps 72.420813
4. Prepare grid and mode functions.
>> s=-2 MSTModes 0.145104
>> MMp2gridL 0.893215
>> MMp2gridR 3.456361
>> s=-1 MSTModes 0.077035
>> MMp1gridL 0.055238
>> MMp1gridR 0.20491
>> s=0 MSTModes 0.122457
A. Fill 1D grid.
>> s = 2, UP ... 21.266176
>> s = 1, UP ... 4.527544
>> s = 0, UP ... 9.125418
>> s = 2, IN ... 11.74501
>> s = 1, IN ... 1.399442
>> s = 0, IN ... 2.626368
1. Preliminaries.
Calculating B-matrices and Eigenvalues
2. Generate MSTModes
>> Generate s=-2 MSTModes 99.3352
>> Generate s=-1 MSTModes 97.657502
>> Generate hκModes 94.507486
3. Jumps
>> 0.235508
>> 0.942292
>> 3.50538
>> 4.407509
