Task 193 on node678.cluster: a=0.2 r0=14.5
Job started: a = 0.2, r0 = 14.5, savepath = /lustre/astro/dyson/DataFiles/KerrCircDiskData/h1_radial
Warning: rstarmin is outside the allowed range.
Now we Calculate the Radiative Solutions
1. Preliminaries.
Calculating B-matrices and Eigenvalues
2. Generate MSTModes
>> Generate s=-2 MSTModes 44.089375
>> Generate s=-1 MSTModes 44.064329
>> Generate hκModes 124.636159
3. Jumps
>> 0.390919
>> 2.303602
>> 3.528132
>> 4.181507
>> 52.203466
>> 18.723755
>> LinearSolve for s1 and κ jumps 0.004627
>> κ and s1 jumps 82.276979
4. Prepare grid and mode functions.
>> s=-2 MSTModes 0.215151
>> MMp2gridL 1.309546
>> MMp2gridR 4.79323
>> s=-1 MSTModes 0.067886
>> MMp1gridL 0.052168
>> MMp1gridR 0.162935
>> s=0 MSTModes 0.152754
A. Fill 1D grid.
>> s = 2, UP ... 33.624932
>> s = 1, UP ... 1.266706
>> s = 0, UP ... 7.507228
>> s = 2, IN ... 15.847896
>> s = 1, IN ... 1.190675
>> s = 0, IN ... 2.805757
1. Preliminaries.
Calculating B-matrices and Eigenvalues
2. Generate MSTModes
>> Generate s=-2 MSTModes 62.977514
>> Generate s=-1 MSTModes 63.571378
>> Generate hκModes 134.219434
3. Jumps
>> 0.3869
>> 2.526937
>> 4.486384
>> 4.102089
>> 52.821868
>> 17.632371
>> LinearSolve for s1 and κ jumps 0.698218
>> κ and s1 jumps 83.438153
4. Prepare grid and mode functions.
>> s=-2 MSTModes 0.197787
>> MMp2gridL 1.367701
>> MMp2gridR 4.994507
>> s=-1 MSTModes 0.10947
>> MMp1gridL 0.081042
>> MMp1gridR 0.292864
>> s=0 MSTModes 0.17446
A. Fill 1D grid.
>> s = 2, UP ... 33.450732
>> s = 1, UP ... 7.295582
>> s = 0, UP ... 10.279009
>> s = 2, IN ... 15.793445
>> s = 1, IN ... 2.141894
>> s = 0, IN ... 3.17417
1. Preliminaries.
Calculating B-matrices and Eigenvalues
2. Generate MSTModes
>> Generate s=-2 MSTModes 69.146456
>> Generate s=-1 MSTModes 69.879658
>> Generate hκModes 129.707309
3. Jumps
>> 0.372329
>> 2.24322
>> 4.488405
>> 3.493447
>> 46.546041
>> 15.187982
>> LinearSolve for s1 and κ jumps 1.290283
>> κ and s1 jumps 74.32467
4. Prepare grid and mode functions.
>> s=-2 MSTModes 0.195584
>> MMp2gridL 1.316904
>> MMp2gridR 4.839532
>> s=-1 MSTModes 0.107208
>> MMp1gridL 0.078293
>> MMp1gridR 0.28218
>> s=0 MSTModes 0.168552
A. Fill 1D grid.
>> s = 2, UP ... 31.881801
>> s = 1, UP ... 6.897927
>> s = 0, UP ... 9.889101
>> s = 2, IN ... 15.432847
>> s = 1, IN ... 2.038992
>> s = 0, IN ... 2.991423
1. Preliminaries.
Calculating B-matrices and Eigenvalues
2. Generate MSTModes
>> Generate s=-2 MSTModes 75.392197
>> Generate s=-1 MSTModes 75.589448
>> Generate hκModes 124.790764
3. Jumps
>> 0.351285
>> 1.925515
>> 4.51998
>> 3.043423
>> 40.753412
>> 13.382819
>> LinearSolve for s1 and κ jumps 0.67621
>> κ and s1 jumps 65.27433
4. Prepare grid and mode functions.
>> s=-2 MSTModes 0.210703
>> MMp2gridL 1.263026
>> MMp2gridR 4.658559
>> s=-1 MSTModes 0.103316
>> MMp1gridL 0.076491
>> MMp1gridR 0.270514
>> s=0 MSTModes 0.16376
A. Fill 1D grid.
>> s = 2, UP ... 30.173314
>> s = 1, UP ... 6.43131
>> s = 0, UP ... 9.408576
>> s = 2, IN ... 15.110061
>> s = 1, IN ... 1.942563
>> s = 0, IN ... 2.891045
1. Preliminaries.
Calculating B-matrices and Eigenvalues
2. Generate MSTModes
>> Generate s=-2 MSTModes 81.449263
>> Generate s=-1 MSTModes 82.042543
>> Generate hκModes 120.660239
3. Jumps
>> 0.337228
>> 1.811578
>> 4.554847
>> 2.662264
>> 36.942503
>> 11.775547
>> LinearSolve for s1 and κ jumps 1.461158
>> κ and s1 jumps 60.155302
4. Prepare grid and mode functions.
>> s=-2 MSTModes 0.193788
>> MMp2gridL 1.206828
>> MMp2gridR 4.423107
>> s=-1 MSTModes 0.098391
>> MMp1gridL 0.073129
>> MMp1gridR 0.260174
>> s=0 MSTModes 0.155383
A. Fill 1D grid.
>> s = 2, UP ... 28.533046
>> s = 1, UP ... 6.20062
>> s = 0, UP ... 9.030432
>> s = 2, IN ... 14.814446
>> s = 1, IN ... 1.882468
>> s = 0, IN ... 2.787522
1. Preliminaries.
Calculating B-matrices and Eigenvalues
2. Generate MSTModes
>> Generate s=-2 MSTModes 86.564378
>> Generate s=-1 MSTModes 86.983183
>> Generate hκModes 116.861385
3. Jumps
>> 0.308971
>> 1.59955
>> 4.496555
>> 2.261729
>> 31.948437
>> 9.926482
>> LinearSolve for s1 and κ jumps 1.036081
>> κ and s1 jumps 52.090383
4. Prepare grid and mode functions.
>> s=-2 MSTModes 0.215378
>> MMp2gridL 1.158411
>> MMp2gridR 4.232007
>> s=-1 MSTModes 0.093999
>> MMp1gridL 0.068211
>> MMp1gridR 0.246044
>> s=0 MSTModes 0.150958
A. Fill 1D grid.
>> s = 2, UP ... 26.718145
>> s = 1, UP ... 5.76316
>> s = 0, UP ... 8.602276
>> s = 2, IN ... 14.300195
>> s = 1, IN ... 1.777125
>> s = 0, IN ... 2.678837
1. Preliminaries.
Calculating B-matrices and Eigenvalues
2. Generate MSTModes
>> Generate s=-2 MSTModes 92.130393
>> Generate s=-1 MSTModes 92.448592
>> Generate hκModes 113.10021
3. Jumps
>> 0.302023
>> 1.366544
>> 4.633244
>> 1.90025
>> 28.308135
>> 8.351717
>> LinearSolve for s1 and κ jumps 1.036593
>> κ and s1 jumps 46.515957
4. Prepare grid and mode functions.
>> s=-2 MSTModes 0.175384
>> MMp2gridL 1.099564
>> MMp2gridR 4.093242
>> s=-1 MSTModes 0.092207
>> MMp1gridL 0.067412
>> MMp1gridR 0.238218
>> s=0 MSTModes 0.143016
A. Fill 1D grid.
>> s = 2, UP ... 25.248691
>> s = 1, UP ... 5.412346
>> s = 0, UP ... 8.064179
>> s = 2, IN ... 13.990332
>> s = 1, IN ... 1.701841
>> s = 0, IN ... 2.567478
1. Preliminaries.
Calculating B-matrices and Eigenvalues
2. Generate MSTModes
>> Generate s=-2 MSTModes 96.867562
>> Generate s=-1 MSTModes 96.325826
>> Generate hκModes 108.776545
3. Jumps
>> 0.289881
>> 1.193222
>> 4.240702
>> 1.702872
>> 24.769444
>> 7.320588
>> LinearSolve for s1 and κ jumps 0.705656
>> κ and s1 jumps 40.635488
4. Prepare grid and mode functions.
>> s=-2 MSTModes 0.198403
>> MMp2gridL 1.069872
>> MMp2gridR 3.911394
>> s=-1 MSTModes 0.087432
>> MMp1gridL 0.065092
>> MMp1gridR 0.228657
>> s=0 MSTModes 0.136986
A. Fill 1D grid.
>> s = 2, UP ... 23.984751
>> s = 1, UP ... 5.193214
>> s = 0, UP ... 7.689379
>> s = 2, IN ... 13.73579
>> s = 1, IN ... 1.648444
>> s = 0, IN ... 2.513093
1. Preliminaries.
Calculating B-matrices and Eigenvalues
2. Generate MSTModes
>> Generate s=-2 MSTModes 99.902165
>> Generate s=-1 MSTModes 99.991037
>> Generate hκModes 104.747307
3. Jumps
>> 0.272815
>> 1.066446
>> 4.092425
>> 3.796061
>> 31.502383
>> 15.946249
>> LinearSolve for s1 and κ jumps 0.009125
>> κ and s1 jumps 57.074342
4. Prepare grid and mode functions.
>> s=-2 MSTModes 0.193926
>> MMp2gridL 0.997556
>> MMp2gridR 3.728828
>> s=-1 MSTModes 0.08332
>> MMp1gridL 0.061505
>> MMp1gridR 0.215983
>> s=0 MSTModes 0.135295
A. Fill 1D grid.
>> s = 2, UP ... 22.760168
>> s = 1, UP ... 4.950487
>> s = 0, UP ... 8.801048
>> s = 2, IN ... 13.76252
>> s = 1, IN ... 1.576848
>> s = 0, IN ... 2.736885
1. Preliminaries.
Calculating B-matrices and Eigenvalues
2. Generate MSTModes
>> Generate s=-2 MSTModes 106.422986
>> Generate s=-1 MSTModes 105.1321
>> Generate hκModes 102.087572
3. Jumps
