Task 359 on node656.cluster: a=0.6 r0=9.5
Job started: a = 0.6, r0 = 9.5, savepath = /lustre/astro/dyson/DataFiles/KerrCircDiskData/h1_radial
Warning: rstarmin is outside the allowed range.
Now we Calculate the Radiative Solutions
1. Preliminaries.
Calculating B-matrices and Eigenvalues
2. Generate MSTModes
>> Generate s=-2 MSTModes 46.671982
>> Generate s=-1 MSTModes 49.909329
>> Generate hκModes 139.907348
3. Jumps
>> 0.421329
>> 2.412108
>> 4.089439
>> 4.449459
>> 54.262764
>> 20.189333
>> LinearSolve for s1 and κ jumps 0.005212
>> κ and s1 jumps 86.843527
4. Prepare grid and mode functions.
>> s=-2 MSTModes 0.226537
>> MMp2gridL 0.878193
>> MMp2gridR 5.686763
>> s=-1 MSTModes 0.069867
>> MMp1gridL 0.034986
>> MMp1gridR 0.187568
>> s=0 MSTModes 0.162781
A. Fill 1D grid.
>> s = 2, UP ... 39.304353
>> s = 1, UP ... 1.456434
>> s = 0, UP ... 8.66333
>> s = 2, IN ... 10.23379
>> s = 1, IN ... 0.820231
>> s = 0, IN ... 1.768369
1. Preliminaries.
Calculating B-matrices and Eigenvalues
2. Generate MSTModes
>> Generate s=-2 MSTModes 63.122361
>> Generate s=-1 MSTModes 60.219062
>> Generate hκModes 134.046975
3. Jumps
>> 0.380605
>> 2.452632
>> 4.704101
>> 14.765404
>> 98.346087
>> 63.394221
>> LinearSolve for s1 and κ jumps 0.450775
>> κ and s1 jumps 185.446689
4. Prepare grid and mode functions.
>> s=-2 MSTModes 0.195179
>> MMp2gridL 0.834951
>> MMp2gridR 5.60396
>> s=-1 MSTModes 0.109967
>> MMp1gridL 0.050819
>> MMp1gridR 0.323717
>> s=0 MSTModes 0.173255
A. Fill 1D grid.
>> s = 2, UP ... 37.010706
>> s = 1, UP ... 8.032815
>> s = 0, UP ... 16.75068
>> s = 2, IN ... 9.950181
>> s = 1, IN ... 1.297604
>> s = 0, IN ... 2.443752
1. Preliminaries.
Calculating B-matrices and Eigenvalues
2. Generate MSTModes
>> Generate s=-2 MSTModes 69.769905
>> Generate s=-1 MSTModes 68.608828
>> Generate hκModes 135.034063
3. Jumps
>> 0.377397
>> 2.165344
>> 4.937055
>> 13.134534
>> 85.666154
>> 53.637266
>> LinearSolve for s1 and κ jumps 1.371107
>> κ and s1 jumps 162.039734
4. Prepare grid and mode functions.
>> s=-2 MSTModes 0.222418
>> MMp2gridL 0.793177
>> MMp2gridR 5.277247
>> s=-1 MSTModes 0.105863
>> MMp1gridL 0.04708
>> MMp1gridR 0.304069
>> s=0 MSTModes 0.172097
A. Fill 1D grid.
>> s = 2, UP ... 35.153647
>> s = 1, UP ... 7.773076
>> s = 0, UP ... 16.187558
>> s = 2, IN ... 9.697644
>> s = 1, IN ... 1.264204
>> s = 0, IN ... 2.381652
1. Preliminaries.
Calculating B-matrices and Eigenvalues
2. Generate MSTModes
>> Generate s=-2 MSTModes 79.019047
>> Generate s=-1 MSTModes 77.722687
>> Generate hκModes 132.866355
3. Jumps
>> 0.335345
>> 1.830852
>> 4.878407
>> 11.051295
>> 73.514935
>> 46.644194
>> LinearSolve for s1 and κ jumps 0.932609
>> κ and s1 jumps 139.892175
4. Prepare grid and mode functions.
>> s=-2 MSTModes 0.202182
>> MMp2gridL 0.773096
>> MMp2gridR 5.152559
>> s=-1 MSTModes 0.102864
>> MMp1gridL 0.046474
>> MMp1gridR 0.298235
>> s=0 MSTModes 0.168619
A. Fill 1D grid.
>> s = 2, UP ... 33.846856
>> s = 1, UP ... 7.520782
>> s = 0, UP ... 15.261261
>> s = 2, IN ... 9.585029
>> s = 1, IN ... 1.232665
>> s = 0, IN ... 2.277064
1. Preliminaries.
Calculating B-matrices and Eigenvalues
2. Generate MSTModes
>> Generate s=-2 MSTModes 89.072347
>> Generate s=-1 MSTModes 87.528892
>> Generate hκModes 128.118886
3. Jumps
>> 0.318879
>> 1.619798
>> 4.656926
>> 9.163982
>> 63.493468
>> 39.977847
>> LinearSolve for s1 and κ jumps 1.186027
>> κ and s1 jumps 121.09261
4. Prepare grid and mode functions.
>> s=-2 MSTModes 0.18287
>> MMp2gridL 0.755303
>> MMp2gridR 5.087054
>> s=-1 MSTModes 0.101269
>> MMp1gridL 0.046079
>> MMp1gridR 0.292102
>> s=0 MSTModes 0.162156
A. Fill 1D grid.
>> s = 2, UP ... 32.540459
>> s = 1, UP ... 7.020962
>> s = 0, UP ... 14.957964
>> s = 2, IN ... 9.419334
>> s = 1, IN ... 1.182109
>> s = 0, IN ... 2.210012
1. Preliminaries.
Calculating B-matrices and Eigenvalues
2. Generate MSTModes
>> Generate s=-2 MSTModes 98.353003
>> Generate s=-1 MSTModes 95.585607
>> Generate hκModes 126.856855
3. Jumps
>> 0.305831
>> 1.537525
>> 4.722864
>> 8.273122
>> 57.950764
>> 35.608882
>> LinearSolve for s1 and κ jumps 0.82148
>> κ and s1 jumps 109.806414
4. Prepare grid and mode functions.
>> s=-2 MSTModes 0.202525
>> MMp2gridL 0.722597
>> MMp2gridR 4.894937
>> s=-1 MSTModes 0.097405
>> MMp1gridL 0.044634
>> MMp1gridR 0.281788
>> s=0 MSTModes 0.162608
A. Fill 1D grid.
>> s = 2, UP ... 30.273665
>> s = 1, UP ... 6.875448
>> s = 0, UP ... 13.683109
>> s = 2, IN ... 9.147489
>> s = 1, IN ... 1.123662
>> s = 0, IN ... 2.076001
1. Preliminaries.
Calculating B-matrices and Eigenvalues
2. Generate MSTModes
>> Generate s=-2 MSTModes 106.578851
>> Generate s=-1 MSTModes 105.180109
>> Generate hκModes 125.411215
3. Jumps
>> 0.301442
>> 1.386305
>> 4.576951
>> 7.135635
>> 50.537862
>> 30.786989
>> LinearSolve for s1 and κ jumps 0.64022
>> κ and s1 jumps 95.931854
4. Prepare grid and mode functions.
>> s=-2 MSTModes 0.171595
>> MMp2gridL 0.680447
>> MMp2gridR 4.676645
>> s=-1 MSTModes 0.093507
>> MMp1gridL 0.041443
>> MMp1gridR 0.262649
>> s=0 MSTModes 0.14475
A. Fill 1D grid.
>> s = 2, UP ... 28.566933
>> s = 1, UP ... 6.176551
>> s = 0, UP ... 12.295865
>> s = 2, IN ... 8.913688
>> s = 1, IN ... 1.070823
>> s = 0, IN ... 2.016318
1. Preliminaries.
Calculating B-matrices and Eigenvalues
2. Generate MSTModes
>> Generate s=-2 MSTModes 111.591796
>> Generate s=-1 MSTModes 112.603939
>> Generate hκModes 125.788574
3. Jumps
