Task 5 on node723.cluster: a=0.00000000000001 r0=8.2
Job started: a = 1.*^-14, r0 = 8.2, savepath = /lustre/astro/dyson/DataFiles/KerrCircSourceFiles/h1_radial
Warning: rstarmin is outside the allowed range.
Now we Calculate the Radiative Solutions
1. Preliminaries.
Calculating B-matrices and Eigenvalues
2. Generate MSTModes
>> Generate s=-2 MSTModes 189.146021
>> Generate s=-1 MSTModes 186.864713
>> Generate hκModes 552.747408
3. Jumps
>> 2.634808
>> 27.913395
>> 11.184678
>> 293.589764
>> 1617.811206
>> 1245.84025
>> LinearSolve for s1 and κ jumps 0.009901
>> κ and s1 jumps 3207.757168
4. Prepare grid and mode functions.
>> s=-2 MSTModes 0.420661
>> MMp2gridL 2.085223
>> MMp2gridR 15.031826
>> s=-1 MSTModes 0.163236
>> MMp1gridL 0.087339
>> MMp1gridR 0.548854
>> s=0 MSTModes 0.379409
A. Fill 1D grid.
>> s = 2, UP ... 179.077636
>> s = 1, UP ... 5.32303
>> s = 0, UP ... 51.227357
>> s = 2, IN ... 55.333877

                                                                             -302                           -6
General::munfl: 1.11466073722580151843106678489049637067437065401876371163 10     (0.0000569786 - 1.44215 10   I) is too small to represent as a normalized machine number; precision may be lost.

                                                                             -302                           -7
General::munfl: 1.11466073722580151843106678489049637067437065401876371163 10     (0.0000295355 - 7.38961 10   I) is too small to represent as a normalized machine number; precision may be lost.

                                                                             -302                           -7
General::munfl: 1.11466073722580151843106678489049637067437065401876371163 10     (0.0000148836 - 3.68334 10   I) is too small to represent as a normalized machine number; precision may be lost.

General::stop: Further output of General::munfl will be suppressed during this calculation.
>> s = 1, IN ... 3.29098
>> s = 0, IN ... 8.678166
1. Preliminaries.
Calculating B-matrices and Eigenvalues
2. Generate MSTModes
>> Generate s=-2 MSTModes 218.622235
>> Generate s=-1 MSTModes 217.823075
>> Generate hκModes 527.991445
3. Jumps
>> 2.440083
>> 27.923473
>> 12.465367
>> 277.712374
>> 1473.308153
>> 1121.788885
>> LinearSolve for s1 and κ jumps 0.492623
>> κ and s1 jumps 2922.219159
4. Prepare grid and mode functions.
>> s=-2 MSTModes 0.431853
>> MMp2gridL 2.10209
>> MMp2gridR 14.848754
>> s=-1 MSTModes 0.248416
>> MMp1gridL 0.12097
>> MMp1gridR 0.834941
>> s=0 MSTModes 0.417631
A. Fill 1D grid.
>> s = 2, UP ... 173.061874
>> s = 1, UP ... 32.331557
>> s = 0, UP ... 68.372738
>> s = 2, IN ... 54.934121
>> s = 1, IN ... 4.854245
>> s = 0, IN ... 9.407314
1. Preliminaries.
Calculating B-matrices and Eigenvalues
2. Generate MSTModes
>> Generate s=-2 MSTModes 245.911992
>> Generate s=-1 MSTModes 243.41059
>> Generate hκModes 523.672703
3. Jumps
>> 2.323211
>> 26.597442
>> 13.07448
>> 251.51282
>> 1416.209082
>> 1069.621122
>> LinearSolve for s1 and κ jumps 0.798027
>> κ and s1 jumps 2785.845008
4. Prepare grid and mode functions.
>> s=-2 MSTModes 0.438718
>> MMp2gridL 2.054474
>> MMp2gridR 14.733465
>> s=-1 MSTModes 0.242735
>> MMp1gridL 0.118755
>> MMp1gridR 0.820026
>> s=0 MSTModes 0.40998
A. Fill 1D grid.
>> s = 2, UP ... 169.23328
>> s = 1, UP ... 31.746625
>> s = 0, UP ... 67.058695
>> s = 2, IN ... 53.64644
>> s = 1, IN ... 4.733948
>> s = 0, IN ... 9.080438
1. Preliminaries.
Calculating B-matrices and Eigenvalues
2. Generate MSTModes
>> Generate s=-2 MSTModes 266.304772
>> Generate s=-1 MSTModes 264.753616
>> Generate hκModes 528.16203
3. Jumps
>> 2.245507
>> 24.919497
>> 13.350468
>> 233.506508
>> 1310.459957
>> 987.554911
>> LinearSolve for s1 and κ jumps 0.622402
>> κ and s1 jumps 2578.104331
4. Prepare grid and mode functions.
>> s=-2 MSTModes 0.434735
>> MMp2gridL 2.028378
>> MMp2gridR 14.495364
>> s=-1 MSTModes 0.24283
>> MMp1gridL 0.117437
>> MMp1gridR 0.804418
>> s=0 MSTModes 0.40629
A. Fill 1D grid.
>> s = 2, UP ... 165.061143
>> s = 1, UP ... 31.331501
>> s = 0, UP ... 64.433899
>> s = 2, IN ... 53.234216
>> s = 1, IN ... 4.613523
>> s = 0, IN ... 8.943641
1. Preliminaries.
Calculating B-matrices and Eigenvalues
2. Generate MSTModes
>> Generate s=-2 MSTModes 296.796088
>> Generate s=-1 MSTModes 294.880645
>> Generate hκModes 534.357018
3. Jumps
>> 2.166235
>> 23.373066
>> 13.329657
>> 213.259698
>> 1205.8196
>> 901.880803
>> LinearSolve for s1 and κ jumps 0.52754
>> κ and s1 jumps 2365.485631
4. Prepare grid and mode functions.
>> s=-2 MSTModes 0.42566
>> MMp2gridL 2.008113
>> MMp2gridR 14.175134
>> s=-1 MSTModes 0.239866
>> MMp1gridL 0.115682
>> MMp1gridR 0.790793
>> s=0 MSTModes 0.400805
A. Fill 1D grid.
>> s = 2, UP ... 160.993743
>> s = 1, UP ... 30.135989
>> s = 0, UP ... 61.81592
>> s = 2, IN ... 53.070817
>> s = 1, IN ... 4.570977
>> s = 0, IN ... 8.792108
1. Preliminaries.
Calculating B-matrices and Eigenvalues
2. Generate MSTModes
>> Generate s=-2 MSTModes 326.573106
>> Generate s=-1 MSTModes 324.431327
>> Generate hκModes 537.421702
3. Jumps
>> 2.050158
>> 21.832635
>> 13.625869
>> 198.856168
>> 1126.817889
>> 841.52384
>> LinearSolve for s1 and κ jumps 0.758018
>> κ and s1 jumps 2210.238301
4. Prepare grid and mode functions.
>> s=-2 MSTModes 0.421526
>> MMp2gridL 1.9941
>> MMp2gridR 13.900403
>> s=-1 MSTModes 0.237117
>> MMp1gridL 0.112974
>> MMp1gridR 0.774786
>> s=0 MSTModes 0.389031
A. Fill 1D grid.
>> s = 2, UP ... 155.534146
>> s = 1, UP ... 28.954218
>> s = 0, UP ... 58.703849
>> s = 2, IN ... 52.698979
>> s = 1, IN ... 4.433808
>> s = 0, IN ... 8.465365
1. Preliminaries.
Calculating B-matrices and Eigenvalues
2. Generate MSTModes
>> Generate s=-2 MSTModes 354.270304
>> Generate s=-1 MSTModes 348.584762
>> Generate hκModes 543.220109
3. Jumps
>> 2.012581
>> 20.667241
>> 13.726282
>> 183.565923
>> 1038.910325
>> 758.823211
>> LinearSolve for s1 and κ jumps 0.593014
>> κ and s1 jumps 2022.76302
4. Prepare grid and mode functions.
>> s=-2 MSTModes 0.408762
>> MMp2gridL 1.945987
>> MMp2gridR 13.454647
>> s=-1 MSTModes 0.231557
>> MMp1gridL 0.111178
>> MMp1gridR 0.757463
>> s=0 MSTModes 0.384997
A. Fill 1D grid.
>> s = 2, UP ... 150.458826
>> s = 1, UP ... 27.589878
>> s = 0, UP ... 57.096501
>> s = 2, IN ... 52.266256
>> s = 1, IN ... 4.368704
>> s = 0, IN ... 8.274984
1. Preliminaries.
Calculating B-matrices and Eigenvalues
2. Generate MSTModes
>> Generate s=-2 MSTModes 384.153431
>> Generate s=-1 MSTModes 381.636976
>> Generate hκModes 549.655248
3. Jumps
>> 1.881894
>> 19.062149
>> 13.81756
>> 166.461275
>> 913.244838
>> 673.31948
>> LinearSolve for s1 and κ jumps 0.446165
>> κ and s1 jumps 1792.390291
4. Prepare grid and mode functions.
>> s=-2 MSTModes 0.394857
>> MMp2gridL 1.907923
>> MMp2gridR 13.250038
>> s=-1 MSTModes 0.22371
>> MMp1gridL 0.108298
>> MMp1gridR 0.739836
>> s=0 MSTModes 0.375286
A. Fill 1D grid.
>> s = 2, UP ... 144.173819
>> s = 1, UP ... 25.821651
>> s = 0, UP ... 53.588151
>> s = 2, IN ... 52.257844
>> s = 1, IN ... 4.279724
>> s = 0, IN ... 8.111956
1. Preliminaries.
Calculating B-matrices and Eigenvalues
2. Generate MSTModes
>> Generate s=-2 MSTModes 419.754394
>> Generate s=-1 MSTModes 417.425452
>> Generate hκModes 557.416771
3. Jumps
>> 1.818115
>> 18.124166
>> 14.566994
>> 153.603937
>> 838.965273
>> 612.682042
>> LinearSolve for s1 and κ jumps 0.524748
>> κ and s1 jumps 1644.229795
4. Prepare grid and mode functions.
>> s=-2 MSTModes 0.388338
>> MMp2gridL 1.859624
>> MMp2gridR 12.929462
>> s=-1 MSTModes 0.220088
>> MMp1gridL 0.106236
>> MMp1gridR 0.724487
>> s=0 MSTModes 0.369034
A. Fill 1D grid.
>> s = 2, UP ... 139.630006
>> s = 1, UP ... 24.468396
>> s = 0, UP ... 50.74974
>> s = 2, IN ... 51.525154
>> s = 1, IN ... 4.190139
>> s = 0, IN ... 7.881983
1. Preliminaries.
Calculating B-matrices and Eigenvalues
2. Generate MSTModes
>> Generate s=-2 MSTModes 455.960534
>> Generate s=-1 MSTModes 451.586419
>> Generate hκModes 563.078292
3. Jumps
>> 1.731243
>> 17.296732
>> 13.560788
>> 141.754779
>> 814.270013
>> 592.827224
>> LinearSolve for s1 and κ jumps 0.592079
>> κ and s1 jumps 1585.763545
4. Prepare grid and mode functions.
>> s=-2 MSTModes 0.390836
>> MMp2gridL 1.850783
>> MMp2gridR 12.984902
>> s=-1 MSTModes 0.218538
>> MMp1gridL 0.105609
>> MMp1gridR 0.718616
>> s=0 MSTModes 0.36458
A. Fill 1D grid.
>> s = 2, UP ... 136.279511
>> s = 1, UP ... 23.73767
>> s = 0, UP ... 49.11528
>> s = 2, IN ... 51.820992
>> s = 1, IN ... 4.092319
>> s = 0, IN ... 7.752604
1. Preliminaries.
Calculating B-matrices and Eigenvalues
2. Generate MSTModes
>> Generate s=-2 MSTModes 493.608474
>> Generate s=-1 MSTModes 488.310736
>> Generate hκModes 568.2559
3. Jumps
>> 1.714552
>> 16.09655
>> 14.029311
>> 130.0402
>> 777.541973
>> 709.192585
>> LinearSolve for s1 and κ jumps 0.54741
>> κ and s1 jumps 1652.743158
4. Prepare grid and mode functions.
>> s=-2 MSTModes 0.381795
>> MMp2gridL 1.798305
>> MMp2gridR 12.703596
>> s=-1 MSTModes 0.218023
>> MMp1gridL 0.103764
>> MMp1gridR 0.711293
>> s=0 MSTModes 0.358543
A. Fill 1D grid.
>> s = 2, UP ... 431.70711
>> s = 1, UP ... 23.513592
>> s = 0, UP ... 409.935094
>> s = 2, IN ... 629.479386
>> s = 1, IN ... 135.079294
>> s = 0, IN ... 37.80596
1. Preliminaries.
Calculating B-matrices and Eigenvalues
2. Generate MSTModes
>> Generate s=-2 MSTModes 5978.297344
