Task 376 on node656.cluster: a=0.6 r0=18.0
Job started: a = 0.6, r0 = 18., savepath = /lustre/astro/dyson/DataFiles/KerrCircDiskData/h1_radial
Warning: rstarmin is outside the allowed range.
Now we Calculate the Radiative Solutions
1. Preliminaries.
Calculating B-matrices and Eigenvalues
2. Generate MSTModes
>> Generate s=-2 MSTModes 44.815555
>> Generate s=-1 MSTModes 44.368952
>> Generate hκModes 117.728252
3. Jumps
>> 0.347616
>> 2.042277
>> 3.075337
>> 3.63362
>> 44.792724
>> 16.480791
>> LinearSolve for s1 and κ jumps 0.004346
>> κ and s1 jumps 71.209215
4. Prepare grid and mode functions.
>> s=-2 MSTModes 0.195921
>> MMp2gridL 1.464561
>> MMp2gridR 3.823705
>> s=-1 MSTModes 0.059715
>> MMp1gridL 0.056305
>> MMp1gridR 0.128774
>> s=0 MSTModes 0.135311
A. Fill 1D grid.
>> s = 2, UP ... 27.109267
>> s = 1, UP ... 1.057066
>> s = 0, UP ... 6.074547
>> s = 2, IN ... 16.960316
>> s = 1, IN ... 1.253993
>> s = 0, IN ... 2.987338
1. Preliminaries.
Calculating B-matrices and Eigenvalues
2. Generate MSTModes
>> Generate s=-2 MSTModes 56.919262
>> Generate s=-1 MSTModes 55.148241
>> Generate hκModes 125.065931
3. Jumps
>> 0.388862
>> 2.498904
>> 4.151103
>> 4.024666
>> 52.844361
>> 18.366018
>> LinearSolve for s1 and κ jumps 0.435109
>> κ and s1 jumps 83.48989
4. Prepare grid and mode functions.
>> s=-2 MSTModes 0.213799
>> MMp2gridL 1.747338
>> MMp2gridR 4.653922
>> s=-1 MSTModes 0.110324
>> MMp1gridL 0.103966
>> MMp1gridR 0.276234
>> s=0 MSTModes 0.176279
A. Fill 1D grid.
>> s = 2, UP ... 31.337026
>> s = 1, UP ... 7.045929
>> s = 0, UP ... 10.018269
>> s = 2, IN ... 20.342291
>> s = 1, IN ... 2.738865
>> s = 0, IN ... 4.026496
1. Preliminaries.
Calculating B-matrices and Eigenvalues
2. Generate MSTModes
>> Generate s=-2 MSTModes 72.536063
>> Generate s=-1 MSTModes 72.885123
>> Generate hκModes 123.62979
3. Jumps
>> 0.36598
>> 2.176622
>> 4.589112
>> 3.374298
>> 46.004088
>> 15.564206
>> LinearSolve for s1 and κ jumps 1.240582
>> κ and s1 jumps 74.092859
4. Prepare grid and mode functions.
>> s=-2 MSTModes 0.195536
>> MMp2gridL 1.730533
>> MMp2gridR 4.518717
>> s=-1 MSTModes 0.106076
>> MMp1gridL 0.100692
>> MMp1gridR 0.266205
>> s=0 MSTModes 0.173501
A. Fill 1D grid.
>> s = 2, UP ... 29.945952
>> s = 1, UP ... 6.578817
>> s = 0, UP ... 9.452553
>> s = 2, IN ... 19.878469
>> s = 1, IN ... 2.650826
>> s = 0, IN ... 3.924745
1. Preliminaries.
Calculating B-matrices and Eigenvalues
2. Generate MSTModes
>> Generate s=-2 MSTModes 78.163876
>> Generate s=-1 MSTModes 78.477172
>> Generate hκModes 118.820924
3. Jumps
>> 0.34095
>> 1.953355
>> 4.106586
>> 2.943021
>> 40.290992
>> 13.368355
>> LinearSolve for s1 and κ jumps 0.848974
>> κ and s1 jumps 64.519708
4. Prepare grid and mode functions.
>> s=-2 MSTModes 0.190096
>> MMp2gridL 1.597115
>> MMp2gridR 4.248167
>> s=-1 MSTModes 0.102392
>> MMp1gridL 0.094677
>> MMp1gridR 0.248978
>> s=0 MSTModes 0.165761
A. Fill 1D grid.
>> s = 2, UP ... 27.884692
>> s = 1, UP ... 5.986193
>> s = 0, UP ... 8.771104
>> s = 2, IN ... 19.499513
>> s = 1, IN ... 2.506696
>> s = 0, IN ... 3.742473
1. Preliminaries.
Calculating B-matrices and Eigenvalues
2. Generate MSTModes
>> Generate s=-2 MSTModes 84.166374
>> Generate s=-1 MSTModes 83.812786
>> Generate hκModes 114.619397
3. Jumps
>> 0.330335
>> 1.7062
>> 4.189628
>> 9.577769
>> 66.054002
>> 41.820301
>> LinearSolve for s1 and κ jumps 1.194614
>> κ and s1 jumps 125.588945
4. Prepare grid and mode functions.
>> s=-2 MSTModes 0.189949
>> MMp2gridL 1.558944
>> MMp2gridR 4.172377
>> s=-1 MSTModes 0.099519
>> MMp1gridL 0.092902
>> MMp1gridR 0.238795
>> s=0 MSTModes 0.15624
A. Fill 1D grid.
>> s = 2, UP ... 26.718271
>> s = 1, UP ... 5.712923
>> s = 0, UP ... 11.355569
>> s = 2, IN ... 19.122729
>> s = 1, IN ... 2.386752
>> s = 0, IN ... 4.590809
1. Preliminaries.
Calculating B-matrices and Eigenvalues
2. Generate MSTModes
>> Generate s=-2 MSTModes 89.750264
>> Generate s=-1 MSTModes 88.029117
>> Generate hκModes 111.17694
3. Jumps
>> 0.308751
>> 1.522194
>> 4.192242
>> 8.039828
>> 57.461024
>> 35.412264
>> LinearSolve for s1 and κ jumps 1.181527
>> κ and s1 jumps 108.782655
4. Prepare grid and mode functions.
>> s=-2 MSTModes 0.178077
>> MMp2gridL 1.515555
>> MMp2gridR 3.989637
>> s=-1 MSTModes 0.09541
>> MMp1gridL 0.089375
>> MMp1gridR 0.233349
>> s=0 MSTModes 0.156246
A. Fill 1D grid.
>> s = 2, UP ... 25.609016
>> s = 1, UP ... 5.480128
>> s = 0, UP ... 10.861023
>> s = 2, IN ... 18.425691
>> s = 1, IN ... 2.329838
>> s = 0, IN ... 4.452736
1. Preliminaries.
Calculating B-matrices and Eigenvalues
2. Generate MSTModes
>> Generate s=-2 MSTModes 93.335951
>> Generate s=-1 MSTModes 92.948172
>> Generate hκModes 108.262168
3. Jumps
>> 0.300359
>> 1.381504
>> 4.116186
>> 7.183098
>> 49.986813
>> 30.283035
>> LinearSolve for s1 and κ jumps 1.112872
>> κ and s1 jumps 94.945703
4. Prepare grid and mode functions.
>> s=-2 MSTModes 0.172116
>> MMp2gridL 1.419187
>> MMp2gridR 3.814075
>> s=-1 MSTModes 0.092101
>> MMp1gridL 0.085097
>> MMp1gridR 0.221788
>> s=0 MSTModes 0.141098
A. Fill 1D grid.
>> s = 2, UP ... 23.629937
>> s = 1, UP ... 5.047214
>> s = 0, UP ... 10.045131
>> s = 2, IN ... 18.012188
>> s = 1, IN ... 2.211664
>> s = 0, IN ... 4.14035
1. Preliminaries.
Calculating B-matrices and Eigenvalues
2. Generate MSTModes
>> Generate s=-2 MSTModes 96.064722
>> Generate s=-1 MSTModes 97.148296
>> Generate hκModes 105.676914
3. Jumps
>> 0.291263
>> 1.21739
>> 4.018666
>> 6.130163
>> 43.600944
>> 25.605934
>> LinearSolve for s1 and κ jumps 1.233346
>> κ and s1 jumps 82.569297
4. Prepare grid and mode functions.
>> s=-2 MSTModes 0.198147
>> MMp2gridL 1.34836
>> MMp2gridR 3.585802
>> s=-1 MSTModes 0.086996
>> MMp1gridL 0.080226
>> MMp1gridR 0.209755
>> s=0 MSTModes 0.139531
A. Fill 1D grid.
>> s = 2, UP ... 22.487169
>> s = 1, UP ... 4.755446
>> s = 0, UP ... 9.32389
>> s = 2, IN ... 17.428827
>> s = 1, IN ... 2.078665
>> s = 0, IN ... 3.949784
1. Preliminaries.
Calculating B-matrices and Eigenvalues
2. Generate MSTModes
>> Generate s=-2 MSTModes 100.340031
>> Generate s=-1 MSTModes 101.421896
>> Generate hκModes 101.345059
3. Jumps
>> 0.278941
>> 1.09548
>> 3.843237
>> 5.275814
>> 38.053095
>> 22.220513
>> LinearSolve for s1 and κ jumps 0.009238
>> κ and s1 jumps 71.204412
4. Prepare grid and mode functions.
>> s=-2 MSTModes 0.192266
>> MMp2gridL 1.311074
>> MMp2gridR 3.467813
>> s=-1 MSTModes 0.084528
>> MMp1gridL 0.081041
>> MMp1gridR 0.206639
>> s=0 MSTModes 0.133937
A. Fill 1D grid.
>> s = 2, UP ... 21.286601
>> s = 1, UP ... 4.413858
>> s = 0, UP ... 8.838197
>> s = 2, IN ... 17.158281
>> s = 1, IN ... 1.9841
>> s = 0, IN ... 3.706547
1. Preliminaries.
Calculating B-matrices and Eigenvalues
2. Generate MSTModes
>> Generate s=-2 MSTModes 100.954063
>> Generate s=-1 MSTModes 102.185467
>> Generate hκModes 98.788841
3. Jumps
>> 0.262958
>> 0.964344
>> 3.985729
>> 4.433382
>> 32.265257
