Task 444 on node656.cluster: a=0.7 r0=8.0
Job started: a = 0.7, r0 = 8., savepath = /lustre/astro/dyson/DataFiles/KerrCircDiskData/h1_radial
Warning: rstarmin is outside the allowed range.
Now we Calculate the Radiative Solutions
1. Preliminaries.
Calculating B-matrices and Eigenvalues
2. Generate MSTModes
>> Generate s=-2 MSTModes 41.529029
>> Generate s=-1 MSTModes 40.880391
>> Generate hκModes 116.426117
3. Jumps
>> 0.348965
>> 1.935187
>> 3.492425
>> 3.64082
>> 45.683129
>> 16.718932
>> LinearSolve for s1 and κ jumps 0.003779
>> κ and s1 jumps 72.642815
4. Prepare grid and mode functions.
>> s=-2 MSTModes 0.195742
>> MMp2gridL 0.584027
>> MMp2gridR 4.812709
>> s=-1 MSTModes 0.060382
>> MMp1gridL 0.024114
>> MMp1gridR 0.161001
>> s=0 MSTModes 0.139972
A. Fill 1D grid.
>> s = 2, UP ... 32.628606
>> s = 1, UP ... 1.245618
>> s = 0, UP ... 7.540945
>> s = 2, IN ... 7.080101
>> s = 1, IN ... 0.581528
>> s = 0, IN ... 1.205789
1. Preliminaries.
Calculating B-matrices and Eigenvalues
2. Generate MSTModes
>> Generate s=-2 MSTModes 52.765438
>> Generate s=-1 MSTModes 52.928393
>> Generate hκModes 127.357891
3. Jumps
>> 0.375713
>> 2.497936
>> 5.196664
>> 14.84016
>> 101.181044
>> 64.491659
>> LinearSolve for s1 and κ jumps 1.222297
>> κ and s1 jumps 190.676498
4. Prepare grid and mode functions.
>> s=-2 MSTModes 0.200768
>> MMp2gridL 0.703951
>> MMp2gridR 5.884423
>> s=-1 MSTModes 0.115702
>> MMp1gridL 0.042608
>> MMp1gridR 0.343
>> s=0 MSTModes 0.183182
A. Fill 1D grid.
>> s = 2, UP ... 39.699927
>> s = 1, UP ... 8.549322
>> s = 0, UP ... 17.111076
>> s = 2, IN ... 8.343551
>> s = 1, IN ... 1.091119
>> s = 0, IN ... 2.032027
1. Preliminaries.
Calculating B-matrices and Eigenvalues
2. Generate MSTModes
>> Generate s=-2 MSTModes 70.049152
>> Generate s=-1 MSTModes 69.157436
>> Generate hκModes 138.784516
3. Jumps
>> 0.371662
>> 2.290445
>> 5.229666
>> 13.252091
>> 88.970767
>> 55.633618
>> LinearSolve for s1 and κ jumps 0.90718
>> κ and s1 jumps 167.483708
4. Prepare grid and mode functions.
>> s=-2 MSTModes 0.198023
>> MMp2gridL 0.666566
>> MMp2gridR 5.578997
>> s=-1 MSTModes 0.109985
>> MMp1gridL 0.040519
>> MMp1gridR 0.323072
>> s=0 MSTModes 0.170944
A. Fill 1D grid.
>> s = 2, UP ... 36.649242
>> s = 1, UP ... 8.4591
>> s = 0, UP ... 16.131497
>> s = 2, IN ... 7.990739
>> s = 1, IN ... 1.023046
>> s = 0, IN ... 1.893083
1. Preliminaries.
Calculating B-matrices and Eigenvalues
2. Generate MSTModes
>> Generate s=-2 MSTModes 79.095523
>> Generate s=-1 MSTModes 80.026711
>> Generate hκModes 141.950951
3. Jumps
>> 0.349964
>> 2.034437
>> 5.272948
>> 11.613137
>> 77.775484
>> 46.953594
>> LinearSolve for s1 and κ jumps 0.756385
>> κ and s1 jumps 145.532637
4. Prepare grid and mode functions.
>> s=-2 MSTModes 0.194497
>> MMp2gridL 0.620794
>> MMp2gridR 5.224038
>> s=-1 MSTModes 0.100938
>> MMp1gridL 0.036976
>> MMp1gridR 0.299422
>> s=0 MSTModes 0.161489
A. Fill 1D grid.
>> s = 2, UP ... 34.581245
>> s = 1, UP ... 7.616412
>> s = 0, UP ... 15.587509
>> s = 2, IN ... 7.841346
>> s = 1, IN ... 0.989716
>> s = 0, IN ... 1.809955
1. Preliminaries.
Calculating B-matrices and Eigenvalues
2. Generate MSTModes
>> Generate s=-2 MSTModes 92.072998
>> Generate s=-1 MSTModes 92.189985
>> Generate hκModes 140.951933
3. Jumps
>> 0.32242
>> 1.715986
>> 4.933186
>> 9.363963
>> 64.221613
>> 39.519424
>> LinearSolve for s1 and κ jumps 0.732534
>> κ and s1 jumps 121.523671
4. Prepare grid and mode functions.
>> s=-2 MSTModes 0.198709
>> MMp2gridL 0.608881
>> MMp2gridR 5.242516
>> s=-1 MSTModes 0.101421
>> MMp1gridL 0.036755
>> MMp1gridR 0.298518
>> s=0 MSTModes 0.162666
A. Fill 1D grid.
>> s = 2, UP ... 33.411581
>> s = 1, UP ... 7.190754
>> s = 0, UP ... 14.816963
>> s = 2, IN ... 7.828432
>> s = 1, IN ... 0.975532
>> s = 0, IN ... 1.769503
1. Preliminaries.
Calculating B-matrices and Eigenvalues
2. Generate MSTModes
>> Generate s=-2 MSTModes 103.421578
>> Generate s=-1 MSTModes 104.675418
>> Generate hκModes 135.7377
3. Jumps
>> 0.309361
>> 1.542488
>> 4.867663
>> 8.341565
>> 58.056217
>> 35.716643
>> LinearSolve for s1 and κ jumps 1.092889
>> κ and s1 jumps 110.591775
4. Prepare grid and mode functions.
>> s=-2 MSTModes 0.181337
>> MMp2gridL 0.589631
>> MMp2gridR 4.942597
>> s=-1 MSTModes 0.098097
>> MMp1gridL 0.035187
>> MMp1gridR 0.292177
>> s=0 MSTModes 0.156894
A. Fill 1D grid.
>> s = 2, UP ... 31.315809
>> s = 1, UP ... 6.903113
>> s = 0, UP ... 14.093339
>> s = 2, IN ... 7.731883
>> s = 1, IN ... 0.942779
>> s = 0, IN ... 1.695501
1. Preliminaries.
Calculating B-matrices and Eigenvalues
2. Generate MSTModes
>> Generate s=-2 MSTModes 115.475688
>> Generate s=-1 MSTModes 116.085779
>> Generate hκModes 136.502197
3. Jumps
>> 0.298776
>> 1.420506
>> 5.000326
>> 7.111503
>> 50.678456
