Task 102 on node678.cluster: a=0.1 r0=13.0
Job started: a = 0.1, r0 = 13., savepath = /lustre/astro/dyson/DataFiles/KerrCircDiskData/h1_radial
Warning: rstarmin is outside the allowed range.
Now we Calculate the Radiative Solutions
1. Preliminaries.
Calculating B-matrices and Eigenvalues
2. Generate MSTModes
>> Generate s=-2 MSTModes 43.721758
>> Generate s=-1 MSTModes 43.895468
>> Generate hκModes 122.023429
3. Jumps
>> 0.3831
>> 2.185955
>> 3.510273
>> 3.885877
>> 50.136254
>> 17.979002
>> LinearSolve for s1 and κ jumps 0.004852
>> κ and s1 jumps 78.996035
4. Prepare grid and mode functions.
>> s=-2 MSTModes 0.215491
>> MMp2gridL 1.17906
>> MMp2gridR 4.951229
>> s=-1 MSTModes 0.068197
>> MMp1gridL 0.045007
>> MMp1gridR 0.162778
>> s=0 MSTModes 0.154406
A. Fill 1D grid.
>> s = 2, UP ... 33.958099
>> s = 1, UP ... 1.32368
>> s = 0, UP ... 7.904932
>> s = 2, IN ... 14.116411
>> s = 1, IN ... 1.069631
>> s = 0, IN ... 2.439678
1. Preliminaries.
Calculating B-matrices and Eigenvalues
2. Generate MSTModes
>> Generate s=-2 MSTModes 63.324705
>> Generate s=-1 MSTModes 63.57185
>> Generate hκModes 134.119428
3. Jumps
>> 0.389735
>> 2.552197
>> 4.80252
>> 4.077328
>> 53.369033
>> 17.937038
>> LinearSolve for s1 and κ jumps 0.893671
>> κ and s1 jumps 84.819185
4. Prepare grid and mode functions.
>> s=-2 MSTModes 0.198889
>> MMp2gridL 1.224506
>> MMp2gridR 5.184847
>> s=-1 MSTModes 0.11079
>> MMp1gridL 0.071375
>> MMp1gridR 0.301076
>> s=0 MSTModes 0.179104
A. Fill 1D grid.
>> s = 2, UP ... 34.578106
>> s = 1, UP ... 7.670573
>> s = 0, UP ... 10.896255
>> s = 2, IN ... 14.140998
>> s = 1, IN ... 1.881298
>> s = 0, IN ... 2.804898
1. Preliminaries.
Calculating B-matrices and Eigenvalues
2. Generate MSTModes
>> Generate s=-2 MSTModes 70.151456
>> Generate s=-1 MSTModes 69.398362
>> Generate hκModes 129.846453
3. Jumps
>> 0.372623
>> 2.201672
>> 4.670097
>> 3.525499
>> 47.334785
>> 15.55311
>> LinearSolve for s1 and κ jumps 0.878503
>> κ and s1 jumps 75.279731
4. Prepare grid and mode functions.
>> s=-2 MSTModes 0.197107
>> MMp2gridL 1.182701
>> MMp2gridR 5.063505
>> s=-1 MSTModes 0.107573
>> MMp1gridL 0.06941
>> MMp1gridR 0.292538
>> s=0 MSTModes 0.174092
A. Fill 1D grid.
>> s = 2, UP ... 32.997292
>> s = 1, UP ... 7.301796
>> s = 0, UP ... 10.495914
>> s = 2, IN ... 13.869437
>> s = 1, IN ... 1.799398
>> s = 0, IN ... 2.655454
1. Preliminaries.
Calculating B-matrices and Eigenvalues
2. Generate MSTModes
>> Generate s=-2 MSTModes 75.520582
>> Generate s=-1 MSTModes 75.503754
>> Generate hκModes 125.26107
3. Jumps
>> 0.362991
>> 1.976224
>> 4.721058
>> 2.923639
>> 41.184209
>> 13.063584
>> LinearSolve for s1 and κ jumps 1.100737
>> κ and s1 jumps 65.94992
4. Prepare grid and mode functions.
>> s=-2 MSTModes 0.219502
>> MMp2gridL 1.106982
>> MMp2gridR 4.825261
>> s=-1 MSTModes 0.103825
>> MMp1gridL 0.067769
>> MMp1gridR 0.282824
>> s=0 MSTModes 0.169137
A. Fill 1D grid.
>> s = 2, UP ... 31.704586
>> s = 1, UP ... 6.961327
>> s = 0, UP ... 10.179854
>> s = 2, IN ... 13.625297
>> s = 1, IN ... 1.740688
>> s = 0, IN ... 2.609414
1. Preliminaries.
Calculating B-matrices and Eigenvalues
2. Generate MSTModes
>> Generate s=-2 MSTModes 82.284173
>> Generate s=-1 MSTModes 81.960272
>> Generate hκModes 122.564515
3. Jumps
>> 0.338825
>> 1.777707
>> 4.687161
>> 2.615524
>> 36.543412
>> 11.584363
>> LinearSolve for s1 and κ jumps 1.352325
>> κ and s1 jumps 59.49634
4. Prepare grid and mode functions.
>> s=-2 MSTModes 0.186897
>> MMp2gridL 1.072679
>> MMp2gridR 4.678372
>> s=-1 MSTModes 0.100147
>> MMp1gridL 0.065099
>> MMp1gridR 0.270438
>> s=0 MSTModes 0.15867
A. Fill 1D grid.
>> s = 2, UP ... 29.939167
>> s = 1, UP ... 6.651924
>> s = 0, UP ... 9.748245
>> s = 2, IN ... 13.112315
>> s = 1, IN ... 1.658655
>> s = 0, IN ... 2.501145
1. Preliminaries.
Calculating B-matrices and Eigenvalues
2. Generate MSTModes
>> Generate s=-2 MSTModes 88.813497
>> Generate s=-1 MSTModes 87.922634
>> Generate hκModes 119.256863
3. Jumps
>> 0.3079
>> 1.479939
>> 4.602099
>> 2.243695
>> 31.652119
>> 9.830726
>> LinearSolve for s1 and κ jumps 1.237528
>> κ and s1 jumps 51.864567
4. Prepare grid and mode functions.
>> s=-2 MSTModes 0.214362
>> MMp2gridL 1.045901
>> MMp2gridR 4.464082
>> s=-1 MSTModes 0.095946
>> MMp1gridL 0.060905
>> MMp1gridR 0.260417
>> s=0 MSTModes 0.14965
A. Fill 1D grid.
>> s = 2, UP ... 28.564966
>> s = 1, UP ... 6.32483
>> s = 0, UP ... 9.330551
>> s = 2, IN ... 12.884538
>> s = 1, IN ... 1.602524
>> s = 0, IN ... 2.418566
1. Preliminaries.
Calculating B-matrices and Eigenvalues
2. Generate MSTModes
>> Generate s=-2 MSTModes 95.346804
>> Generate s=-1 MSTModes 94.112313
>> Generate hκModes 115.06448
3. Jumps
>> 0.301891
>> 1.337032
>> 4.461007
>> 1.917991
>> 28.127624
>> 8.503936
>> LinearSolve for s1 and κ jumps 0.997818
>> κ and s1 jumps 46.141649
4. Prepare grid and mode functions.
>> s=-2 MSTModes 0.178709
>> MMp2gridL 0.983459
>> MMp2gridR 4.288042
>> s=-1 MSTModes 0.091533
>> MMp1gridL 0.058746
>> MMp1gridR 0.243331
>> s=0 MSTModes 0.144903
A. Fill 1D grid.
>> s = 2, UP ... 27.212059
>> s = 1, UP ... 5.985527
>> s = 0, UP ... 8.712078
>> s = 2, IN ... 12.632188
>> s = 1, IN ... 1.532679
>> s = 0, IN ... 2.313909
1. Preliminaries.
Calculating B-matrices and Eigenvalues
2. Generate MSTModes
>> Generate s=-2 MSTModes 101.168446
>> Generate s=-1 MSTModes 99.24595
>> Generate hκModes 111.684075
3. Jumps
>> 0.281403
>> 1.186249
>> 4.3896
>> 1.649124
>> 24.912271
>> 7.376866
>> LinearSolve for s1 and κ jumps 1.07198
>> κ and s1 jumps 41.343182
4. Prepare grid and mode functions.
>> s=-2 MSTModes 0.17383
>> MMp2gridL 0.953218
>> MMp2gridR 4.124123
>> s=-1 MSTModes 0.08823
>> MMp1gridL 0.057774
>> MMp1gridR 0.238068
>> s=0 MSTModes 0.133568
A. Fill 1D grid.
>> s = 2, UP ... 25.590434
>> s = 1, UP ... 5.569623
>> s = 0, UP ... 8.270914
>> s = 2, IN ... 12.117745
>> s = 1, IN ... 1.45471
>> s = 0, IN ... 2.217173
1. Preliminaries.
Calculating B-matrices and Eigenvalues
2. Generate MSTModes
>> Generate s=-2 MSTModes 103.782059
>> Generate s=-1 MSTModes 103.071946
>> Generate hκModes 107.782104
3. Jumps
>> 0.276215
>> 1.077897
>> 4.124608
>> 1.434608
>> 21.915351
>> 6.29996
>> LinearSolve for s1 and κ jumps 0.008901
>> κ and s1 jumps 35.501827
4. Prepare grid and mode functions.
>> s=-2 MSTModes 0.209758
>> MMp2gridL 0.903399
>> MMp2gridR 3.976535
>> s=-1 MSTModes 0.08571
>> MMp1gridL 0.056428
>> MMp1gridR 0.253167
>> s=0 MSTModes 0.13763
A. Fill 1D grid.
>> s = 2, UP ... 24.264351
>> s = 1, UP ... 5.273227
>> s = 0, UP ... 7.746696
>> s = 2, IN ... 12.151966
>> s = 1, IN ... 1.421468
>> s = 0, IN ... 2.174356
1. Preliminaries.
Calculating B-matrices and Eigenvalues
2. Generate MSTModes
>> Generate s=-2 MSTModes 109.821726
>> Generate s=-1 MSTModes 106.895957
