Task 187 on node678.cluster: a=0.2 r0=11.5
Job started: a = 0.2, r0 = 11.5, savepath = /lustre/astro/dyson/DataFiles/KerrCircDiskData/h1_radial
Warning: rstarmin is outside the allowed range.
Now we Calculate the Radiative Solutions
1. Preliminaries.
Calculating B-matrices and Eigenvalues
2. Generate MSTModes
>> Generate s=-2 MSTModes 50.088939
>> Generate s=-1 MSTModes 52.296176
>> Generate hκModes 137.350199
3. Jumps
>> 0.421566
>> 2.335665
>> 3.942476
>> 4.209439
>> 53.219057
>> 19.126653
>> LinearSolve for s1 and κ jumps 0.004509
>> κ and s1 jumps 84.227825
4. Prepare grid and mode functions.
>> s=-2 MSTModes 0.223305
>> MMp2gridL 1.074418
>> MMp2gridR 5.386685
>> s=-1 MSTModes 0.071565
>> MMp1gridL 0.043037
>> MMp1gridR 0.180362
>> s=0 MSTModes 0.162167
A. Fill 1D grid.
>> s = 2, UP ... 37.737901
>> s = 1, UP ... 1.398102
>> s = 0, UP ... 8.326461
>> s = 2, IN ... 12.680548
>> s = 1, IN ... 0.991383
>> s = 0, IN ... 2.222702
1. Preliminaries.
Calculating B-matrices and Eigenvalues
2. Generate MSTModes
>> Generate s=-2 MSTModes 65.39585
>> Generate s=-1 MSTModes 63.724661
>> Generate hκModes 129.827109
3. Jumps
>> 0.379564
>> 2.491264
>> 4.487493
>> 4.027223
>> 53.020472
>> 18.274543
>> LinearSolve for s1 and κ jumps 0.265636
>> κ and s1 jumps 83.727309
4. Prepare grid and mode functions.
>> s=-2 MSTModes 0.233575
>> MMp2gridL 1.071362
>> MMp2gridR 5.47578
>> s=-1 MSTModes 0.111773
>> MMp1gridL 0.063681
>> MMp1gridR 0.318345
>> s=0 MSTModes 0.179658
A. Fill 1D grid.
>> s = 2, UP ... 36.117684
>> s = 1, UP ... 7.904744
>> s = 0, UP ... 11.319228
>> s = 2, IN ... 12.528484
>> s = 1, IN ... 1.666002
>> s = 0, IN ... 2.469931
1. Preliminaries.
Calculating B-matrices and Eigenvalues
2. Generate MSTModes
>> Generate s=-2 MSTModes 71.928927
>> Generate s=-1 MSTModes 69.808744
>> Generate hκModes 126.289938
3. Jumps
>> 0.357726
>> 2.138928
>> 4.708988
>> 3.36455
>> 45.8031
>> 15.294168
>> LinearSolve for s1 and κ jumps 0.308124
>> κ and s1 jumps 72.698179
4. Prepare grid and mode functions.
>> s=-2 MSTModes 0.210034
>> MMp2gridL 1.013002
>> MMp2gridR 5.25911
>> s=-1 MSTModes 0.109892
>> MMp1gridL 0.061283
>> MMp1gridR 0.308292
>> s=0 MSTModes 0.17364
A. Fill 1D grid.
>> s = 2, UP ... 34.452406
>> s = 1, UP ... 7.401501
>> s = 0, UP ... 10.682288
>> s = 2, IN ... 12.187983
>> s = 1, IN ... 1.587219
>> s = 0, IN ... 2.374036
1. Preliminaries.
Calculating B-matrices and Eigenvalues
2. Generate MSTModes
>> Generate s=-2 MSTModes 78.237077
>> Generate s=-1 MSTModes 76.930736
>> Generate hκModes 123.484145
3. Jumps
>> 0.340646
>> 1.89983
>> 4.73202
>> 2.881431
>> 40.738784
>> 13.340195
>> LinearSolve for s1 and κ jumps 1.353755
>> κ and s1 jumps 65.968291
4. Prepare grid and mode functions.
>> s=-2 MSTModes 0.194787
>> MMp2gridL 0.984985
>> MMp2gridR 5.039051
>> s=-1 MSTModes 0.103806
>> MMp1gridL 0.059994
>> MMp1gridR 0.290873
>> s=0 MSTModes 0.17227
A. Fill 1D grid.
>> s = 2, UP ... 32.583171
>> s = 1, UP ... 6.990764
>> s = 0, UP ... 10.044871
>> s = 2, IN ... 11.948699
>> s = 1, IN ... 1.516388
>> s = 0, IN ... 2.262059
1. Preliminaries.
Calculating B-matrices and Eigenvalues
2. Generate MSTModes
>> Generate s=-2 MSTModes 85.641226
>> Generate s=-1 MSTModes 83.938922
>> Generate hκModes 121.365903
3. Jumps
>> 0.327579
>> 1.66351
>> 4.71253
>> 2.557228
>> 36.293642
>> 11.826295
>> LinearSolve for s1 and κ jumps 1.224865
>> κ and s1 jumps 59.17101
4. Prepare grid and mode functions.
>> s=-2 MSTModes 0.222347
>> MMp2gridL 0.929843
>> MMp2gridR 4.800596
>> s=-1 MSTModes 0.100007
>> MMp1gridL 0.056114
>> MMp1gridR 0.2772
>> s=0 MSTModes 0.159552
A. Fill 1D grid.
>> s = 2, UP ... 30.75275
>> s = 1, UP ... 6.648403
>> s = 0, UP ... 9.681799
>> s = 2, IN ... 11.601843
>> s = 1, IN ... 1.463929
>> s = 0, IN ... 2.199387
1. Preliminaries.
Calculating B-matrices and Eigenvalues
2. Generate MSTModes
>> Generate s=-2 MSTModes 92.740594
>> Generate s=-1 MSTModes 91.776452
>> Generate hκModes 118.858572
3. Jumps
>> 0.308735
>> 1.499989
>> 4.662155
>> 2.201856
>> 31.636977
>> 10.038693
>> LinearSolve for s1 and κ jumps 0.973814
>> κ and s1 jumps 51.907775
4. Prepare grid and mode functions.
>> s=-2 MSTModes 0.180045
>> MMp2gridL 0.896312
>> MMp2gridR 4.563355
>> s=-1 MSTModes 0.095306
>> MMp1gridL 0.052727
>> MMp1gridR 0.264622
>> s=0 MSTModes 0.150864
A. Fill 1D grid.
>> s = 2, UP ... 28.419289
>> s = 1, UP ... 5.996817
>> s = 0, UP ... 9.09919
>> s = 2, IN ... 11.375028
>> s = 1, IN ... 1.390915
>> s = 0, IN ... 2.091749
1. Preliminaries.
Calculating B-matrices and Eigenvalues
2. Generate MSTModes
>> Generate s=-2 MSTModes 99.832813
>> Generate s=-1 MSTModes 99.189192
>> Generate hκModes 116.952939
3. Jumps
>> 0.301359
>> 1.364955
>> 4.542515
>> 6.915075
>> 49.394162
>> 29.75931
>> LinearSolve for s1 and κ jumps 0.813343
>> κ and s1 jumps 93.630804
4. Prepare grid and mode functions.
>> s=-2 MSTModes 0.17395
>> MMp2gridL 0.8555
>> MMp2gridR 4.360928
>> s=-1 MSTModes 0.089443
>> MMp1gridL 0.052059
>> MMp1gridR 0.250411
>> s=0 MSTModes 0.144921
A. Fill 1D grid.
>> s = 2, UP ... 27.212308
>> s = 1, UP ... 5.732185
>> s = 0, UP ... 11.481073
>> s = 2, IN ... 10.903204
>> s = 1, IN ... 1.322961
>> s = 0, IN ... 2.502266
1. Preliminaries.
Calculating B-matrices and Eigenvalues
2. Generate MSTModes
>> Generate s=-2 MSTModes 103.538113
>> Generate s=-1 MSTModes 104.037722
>> Generate hκModes 114.800688
3. Jumps
>> 0.274184
>> 1.14752
>> 4.165591
>> 5.743787
>> 41.654344
>> 24.661327
>> LinearSolve for s1 and κ jumps 1.10121
>> κ and s1 jumps 79.203815
4. Prepare grid and mode functions.
>> s=-2 MSTModes 0.180042
>> MMp2gridL 0.802198
>> MMp2gridR 4.100429
>> s=-1 MSTModes 0.087618
>> MMp1gridL 0.04988
>> MMp1gridR 0.240441
>> s=0 MSTModes 0.141285
A. Fill 1D grid.
>> s = 2, UP ... 25.346545
>> s = 1, UP ... 5.522203
>> s = 0, UP ... 10.886142
>> s = 2, IN ... 10.469655
>> s = 1, IN ... 1.212589
>> s = 0, IN ... 2.319266
1. Preliminaries.
Calculating B-matrices and Eigenvalues
2. Generate MSTModes
>> Generate s=-2 MSTModes 112.996913
>> Generate s=-1 MSTModes 109.880236
