Task 536 on node656.cluster: a=0.8 r0=10.0
Job started: a = 0.8, r0 = 10., savepath = /lustre/astro/dyson/DataFiles/KerrCircDiskData/h1_radial
Warning: rstarmin is outside the allowed range.
Now we Calculate the Radiative Solutions
1. Preliminaries.
Calculating B-matrices and Eigenvalues
2. Generate MSTModes
>> Generate s=-2 MSTModes 53.193178
>> Generate s=-1 MSTModes 53.221364
>> Generate hκModes 135.02659
3. Jumps
>> 0.39489
>> 2.165948
>> 4.130089
>> 4.075456
>> 49.387905
>> 18.24738
>> LinearSolve for s1 and κ jumps 0.004952
>> κ and s1 jumps 79.323855
4. Prepare grid and mode functions.
>> s=-2 MSTModes 0.213992
>> MMp2gridL 0.865072
>> MMp2gridR 5.327669
>> s=-1 MSTModes 0.06616
>> MMp1gridL 0.033814
>> MMp1gridR 0.172505
>> s=0 MSTModes 0.152406
A. Fill 1D grid.
>> s = 2, UP ... 37.146307
>> s = 1, UP ... 1.359136
>> s = 0, UP ... 8.570763
>> s = 2, IN ... 10.458622
>> s = 1, IN ... 0.808571
>> s = 0, IN ... 1.803632
1. Preliminaries.
Calculating B-matrices and Eigenvalues
2. Generate MSTModes
>> Generate s=-2 MSTModes 62.20809
>> Generate s=-1 MSTModes 62.534282
>> Generate hκModes 126.279094
3. Jumps
>> 0.357201
>> 2.324868
>> 4.338545
>> 13.7785
>> 91.961138
>> 60.30019
>> LinearSolve for s1 and κ jumps 0.831855
>> κ and s1 jumps 174.712038
4. Prepare grid and mode functions.
>> s=-2 MSTModes 0.217904
>> MMp2gridL 0.869664
>> MMp2gridR 5.301468
>> s=-1 MSTModes 0.103332
>> MMp1gridL 0.050333
>> MMp1gridR 0.300275
>> s=0 MSTModes 0.168812
A. Fill 1D grid.
>> s = 2, UP ... 35.281037
>> s = 1, UP ... 8.266591
>> s = 0, UP ... 16.62933
>> s = 2, IN ... 9.900234
>> s = 1, IN ... 1.302472
>> s = 0, IN ... 2.471821
1. Preliminaries.
Calculating B-matrices and Eigenvalues
2. Generate MSTModes
>> Generate s=-2 MSTModes 66.789446
>> Generate s=-1 MSTModes 65.926039
>> Generate hκModes 116.034537
3. Jumps
>> 0.311385
>> 1.863631
>> 4.08195
>> 11.175328
>> 73.317224
>> 46.633671
>> LinearSolve for s1 and κ jumps 1.07167
>> κ and s1 jumps 139.144704
4. Prepare grid and mode functions.
>> s=-2 MSTModes 0.169063
>> MMp2gridL 0.733247
>> MMp2gridR 4.479698
>> s=-1 MSTModes 0.092431
>> MMp1gridL 0.04409
>> MMp1gridR 0.262075
>> s=0 MSTModes 0.151614
A. Fill 1D grid.
>> s = 2, UP ... 29.431235
>> s = 1, UP ... 6.32946
>> s = 0, UP ... 12.700805
>> s = 2, IN ... 8.817438
>> s = 1, IN ... 1.147881
>> s = 0, IN ... 2.15541
1. Preliminaries.
Calculating B-matrices and Eigenvalues
2. Generate MSTModes
>> Generate s=-2 MSTModes 69.744019
>> Generate s=-1 MSTModes 68.873327
>> Generate hκModes 110.723088
3. Jumps
>> 0.283857
>> 1.659077
>> 4.335165
>> 9.370449
>> 64.377292
>> 40.992726
>> LinearSolve for s1 and κ jumps 1.062836
>> κ and s1 jumps 122.737566
4. Prepare grid and mode functions.
>> s=-2 MSTModes 0.165561
>> MMp2gridL 0.710141
>> MMp2gridR 4.295485
>> s=-1 MSTModes 0.09162
>> MMp1gridL 0.04344
>> MMp1gridR 0.257224
>> s=0 MSTModes 0.161619
A. Fill 1D grid.
>> s = 2, UP ... 28.10064
>> s = 1, UP ... 6.142366
>> s = 0, UP ... 12.407588
>> s = 2, IN ... 8.79841
>> s = 1, IN ... 1.09933
>> s = 0, IN ... 2.066878
1. Preliminaries.
Calculating B-matrices and Eigenvalues
2. Generate MSTModes
>> Generate s=-2 MSTModes 78.330189
>> Generate s=-1 MSTModes 76.905573
>> Generate hκModes 110.555179
3. Jumps
>> 0.28069
>> 1.471507
>> 4.084053
>> 8.016843
>> 56.682369
>> 35.133003
>> LinearSolve for s1 and κ jumps 1.179423
>> κ and s1 jumps 107.447054
4. Prepare grid and mode functions.
>> s=-2 MSTModes 0.162162
>> MMp2gridL 0.677478
>> MMp2gridR 4.160972
>> s=-1 MSTModes 0.090273
>> MMp1gridL 0.04291
>> MMp1gridR 0.251326
>> s=0 MSTModes 0.141414
A. Fill 1D grid.
>> s = 2, UP ... 26.864096
>> s = 1, UP ... 5.791401
>> s = 0, UP ... 11.585563
>> s = 2, IN ... 8.551143
>> s = 1, IN ... 1.056645
>> s = 0, IN ... 1.996343
1. Preliminaries.
Calculating B-matrices and Eigenvalues
2. Generate MSTModes
>> Generate s=-2 MSTModes 86.942729
>> Generate s=-1 MSTModes 84.447053
>> Generate hκModes 110.490912
3. Jumps
>> 0.26696
>> 1.326802
>> 3.953745
>> 7.028403
>> 49.482466
>> 30.190694
>> LinearSolve for s1 and κ jumps 1.116277
>> κ and s1 jumps 93.939528
4. Prepare grid and mode functions.
>> s=-2 MSTModes 0.157823
>> MMp2gridL 0.649818
>> MMp2gridR 3.967745
>> s=-1 MSTModes 0.083528
>> MMp1gridL 0.039714
>> MMp1gridR 0.233857
>> s=0 MSTModes 0.136341
A. Fill 1D grid.
>> s = 2, UP ... 25.446166
>> s = 1, UP ... 5.368642
>> s = 0, UP ... 10.979173
>> s = 2, IN ... 8.424835
>> s = 1, IN ... 1.025046
>> s = 0, IN ... 1.924786
1. Preliminaries.
Calculating B-matrices and Eigenvalues
2. Generate MSTModes
>> Generate s=-2 MSTModes 95.024863
>> Generate s=-1 MSTModes 93.935183
>> Generate hκModes 108.840861
3. Jumps
>> 0.25305
>> 1.195114
>> 3.797985
>> 5.993468
>> 43.35681
>> 25.827318
>> LinearSolve for s1 and κ jumps 1.130543
>> κ and s1 jumps 82.105522
4. Prepare grid and mode functions.
>> s=-2 MSTModes 0.151536
>> MMp2gridL 0.627688
>> MMp2gridR 3.85364
>> s=-1 MSTModes 0.079751
>> MMp1gridL 0.039207
>> MMp1gridR 0.226571
>> s=0 MSTModes 0.129726
A. Fill 1D grid.
>> s = 2, UP ... 23.727074
>> s = 1, UP ... 5.069989
>> s = 0, UP ... 10.10536
>> s = 2, IN ... 8.212553
>> s = 1, IN ... 0.979877
>> s = 0, IN ... 1.82688
1. Preliminaries.
Calculating B-matrices and Eigenvalues
2. Generate MSTModes
>> Generate s=-2 MSTModes 102.95905
>> Generate s=-1 MSTModes 101.583278
