Task 8 on node678.cluster: a=0.001 r0=10.0
Job started: a = 0.001, r0 = 10., savepath = /lustre/astro/dyson/DataFiles/KerrCircDiskData/h1_radial
Warning: rstarmin is outside the allowed range.
Now we Calculate the Radiative Solutions
1. Preliminaries.
Calculating B-matrices and Eigenvalues
2. Generate MSTModes
>> Generate s=-2 MSTModes 54.015606
>> Generate s=-1 MSTModes 53.347214
>> Generate hκModes 138.913097
3. Jumps
>> 0.430763
>> 2.39132
>> 4.122155
>> 4.242566
>> 53.055013
>> 19.321993
>> LinearSolve for s1 and κ jumps 0.003897
>> κ and s1 jumps 84.534445
4. Prepare grid and mode functions.
>> s=-2 MSTModes 0.226597
>> MMp2gridL 0.945549
>> MMp2gridR 5.75247
>> s=-1 MSTModes 0.070129
>> MMp1gridL 0.036767
>> MMp1gridR 0.186682
>> s=0 MSTModes 0.155308
A. Fill 1D grid.
>> s = 2, UP ... 39.711869
>> s = 1, UP ... 1.450239
>> s = 0, UP ... 8.722274
>> s = 2, IN ... 11.187355
>> s = 1, IN ... 0.879508
>> s = 0, IN ... 1.916012
1. Preliminaries.
Calculating B-matrices and Eigenvalues
2. Generate MSTModes
>> Generate s=-2 MSTModes 64.141683
>> Generate s=-1 MSTModes 63.055535
>> Generate hκModes 132.74262
3. Jumps
>> 0.381314
>> 2.470292
>> 4.610892
>> 3.969751
>> 51.655623
>> 17.837621
>> LinearSolve for s1 and κ jumps 1.324594
>> κ and s1 jumps 83.062302
4. Prepare grid and mode functions.
>> s=-2 MSTModes 0.198809
>> MMp2gridL 0.90379
>> MMp2gridR 5.572347
>> s=-1 MSTModes 0.10977
>> MMp1gridL 0.053564
>> MMp1gridR 0.327803
>> s=0 MSTModes 0.178293
A. Fill 1D grid.
>> s = 2, UP ... 37.509794
>> s = 1, UP ... 8.344511
>> s = 0, UP ... 11.825109
>> s = 2, IN ... 10.841663
>> s = 1, IN ... 1.419645
>> s = 0, IN ... 2.091626
1. Preliminaries.
Calculating B-matrices and Eigenvalues
2. Generate MSTModes
>> Generate s=-2 MSTModes 70.905203
>> Generate s=-1 MSTModes 69.969056
>> Generate hκModes 129.888395
3. Jumps
>> 0.360828
>> 2.179313
>> 5.083281
>> 3.421977
>> 45.652231
>> 15.447139
>> LinearSolve for s1 and κ jumps 1.152485
>> κ and s1 jumps 73.944542
4. Prepare grid and mode functions.
>> s=-2 MSTModes 0.211531
>> MMp2gridL 0.863949
>> MMp2gridR 5.269685
>> s=-1 MSTModes 0.105086
>> MMp1gridL 0.050596
>> MMp1gridR 0.303942
>> s=0 MSTModes 0.166758
A. Fill 1D grid.
>> s = 2, UP ... 35.078101
>> s = 1, UP ... 7.65716
>> s = 0, UP ... 10.940796
>> s = 2, IN ... 10.330269
>> s = 1, IN ... 1.325507
>> s = 0, IN ... 1.931468
1. Preliminaries.
Calculating B-matrices and Eigenvalues
2. Generate MSTModes
>> Generate s=-2 MSTModes 77.067105
>> Generate s=-1 MSTModes 76.720136
>> Generate hκModes 128.383967
3. Jumps
>> 0.340109
>> 1.916239
>> 5.096451
>> 2.960205
>> 40.520014
>> 13.270607
>> LinearSolve for s1 and κ jumps 1.083211
>> κ and s1 jumps 65.778913
4. Prepare grid and mode functions.
>> s=-2 MSTModes 0.216299
>> MMp2gridL 0.829965
>> MMp2gridR 5.163231
>> s=-1 MSTModes 0.101139
>> MMp1gridL 0.050414
>> MMp1gridR 0.292453
>> s=0 MSTModes 0.178345
A. Fill 1D grid.
>> s = 2, UP ... 32.930776
>> s = 1, UP ... 7.199251
>> s = 0, UP ... 10.675649
>> s = 2, IN ... 10.172676
>> s = 1, IN ... 1.287163
>> s = 0, IN ... 1.865196
1. Preliminaries.
Calculating B-matrices and Eigenvalues
2. Generate MSTModes
>> Generate s=-2 MSTModes 84.820241
>> Generate s=-1 MSTModes 84.542971
>> Generate hκModes 125.863294
3. Jumps
>> 0.322784
>> 1.711181
>> 4.841078
>> 2.539564
>> 36.124212
>> 11.363751
>> LinearSolve for s1 and κ jumps 1.239593
>> κ and s1 jumps 58.686972
4. Prepare grid and mode functions.
>> s=-2 MSTModes 0.225653
>> MMp2gridL 0.798304
>> MMp2gridR 4.923974
>> s=-1 MSTModes 0.099193
>> MMp1gridL 0.049121
>> MMp1gridR 0.288824
>> s=0 MSTModes 0.157382
A. Fill 1D grid.
>> s = 2, UP ... 31.031427
>> s = 1, UP ... 6.854865
>> s = 0, UP ... 10.053495
>> s = 2, IN ... 9.923306
>> s = 1, IN ... 1.235747
>> s = 0, IN ... 1.831643
1. Preliminaries.
Calculating B-matrices and Eigenvalues
2. Generate MSTModes
>> Generate s=-2 MSTModes 93.267352
>> Generate s=-1 MSTModes 92.992989
>> Generate hκModes 124.000199
3. Jumps
>> 0.307527
>> 1.567121
>> 4.699834
>> 2.264807
>> 32.657989
>> 10.31265
>> LinearSolve for s1 and κ jumps 0.477794
>> κ and s1 jumps 52.885777
4. Prepare grid and mode functions.
>> s=-2 MSTModes 0.182553
>> MMp2gridL 0.764817
>> MMp2gridR 4.784539
>> s=-1 MSTModes 0.096963
>> MMp1gridL 0.046646
>> MMp1gridR 0.274835
>> s=0 MSTModes 0.148354
A. Fill 1D grid.
>> s = 2, UP ... 29.579111
>> s = 1, UP ... 6.448346
>> s = 0, UP ... 9.546446
>> s = 2, IN ... 9.657483
>> s = 1, IN ... 1.16752
>> s = 0, IN ... 1.744109
1. Preliminaries.
Calculating B-matrices and Eigenvalues
2. Generate MSTModes
>> Generate s=-2 MSTModes 100.83624
>> Generate s=-1 MSTModes 100.409618
>> Generate hκModes 122.672812
3. Jumps
>> 0.30169
>> 1.395546
>> 4.45324
>> 1.861701
>> 28.553644
>> 8.477969
>> LinearSolve for s1 and κ jumps 1.226239
>> κ and s1 jumps 46.709496
4. Prepare grid and mode functions.
>> s=-2 MSTModes 0.194668
>> MMp2gridL 0.726592
>> MMp2gridR 4.516557
>> s=-1 MSTModes 0.091795
>> MMp1gridL 0.044484
>> MMp1gridR 0.260662
>> s=0 MSTModes 0.142653
A. Fill 1D grid.
>> s = 2, UP ... 27.439664
>> s = 1, UP ... 5.804382
>> s = 0, UP ... 8.520349
>> s = 2, IN ... 9.36783
>> s = 1, IN ... 1.126278
>> s = 0, IN ... 1.677985
1. Preliminaries.
Calculating B-matrices and Eigenvalues
2. Generate MSTModes
>> Generate s=-2 MSTModes 106.277282
>> Generate s=-1 MSTModes 106.684557
>> Generate hκModes 121.079103
3. Jumps
>> 0.278633
>> 1.215979
>> 4.344208
>> 1.63883
>> 24.665324
>> 7.362595
>> LinearSolve for s1 and κ jumps 0.978712
>> κ and s1 jumps 40.925924
4. Prepare grid and mode functions.
>> s=-2 MSTModes 0.166326
>> MMp2gridL 0.688629
>> MMp2gridR 4.327787
>> s=-1 MSTModes 0.087254
>> MMp1gridL 0.04302
>> MMp1gridR 0.247348
>> s=0 MSTModes 0.136288
A. Fill 1D grid.
>> s = 2, UP ... 26.002292
>> s = 1, UP ... 5.546604
>> s = 0, UP ... 8.216095
>> s = 2, IN ... 9.142154
>> s = 1, IN ... 1.05582
>> s = 0, IN ... 1.618252
1. Preliminaries.
Calculating B-matrices and Eigenvalues
2. Generate MSTModes
>> Generate s=-2 MSTModes 115.302855
>> Generate s=-1 MSTModes 114.547857
