Task 446 on node656.cluster: a=0.7 r0=9.0
Job started: a = 0.7, r0 = 9., savepath = /lustre/astro/dyson/DataFiles/KerrCircDiskData/h1_radial
Warning: rstarmin is outside the allowed range.
Now we Calculate the Radiative Solutions
1. Preliminaries.
Calculating B-matrices and Eigenvalues
2. Generate MSTModes
>> Generate s=-2 MSTModes 44.533808
>> Generate s=-1 MSTModes 44.401213
>> Generate hκModes 133.530839
3. Jumps
>> 0.423831
>> 2.328974
>> 4.072636
>> 4.386555
>> 53.67768
>> 19.854225
>> LinearSolve for s1 and κ jumps 0.005568
>> κ and s1 jumps 85.718123
4. Prepare grid and mode functions.
>> s=-2 MSTModes 0.222844
>> MMp2gridL 0.806932
>> MMp2gridR 5.637643
>> s=-1 MSTModes 0.068708
>> MMp1gridL 0.032496
>> MMp1gridR 0.182257
>> s=0 MSTModes 0.156639
A. Fill 1D grid.
>> s = 2, UP ... 39.024138
>> s = 1, UP ... 1.478394
>> s = 0, UP ... 8.852244
>> s = 2, IN ... 9.65955
>> s = 1, IN ... 0.768623
>> s = 0, IN ... 1.68025
1. Preliminaries.
Calculating B-matrices and Eigenvalues
2. Generate MSTModes
>> Generate s=-2 MSTModes 62.751525
>> Generate s=-1 MSTModes 62.304023
>> Generate hκModes 132.548642
3. Jumps
>> 0.375387
>> 2.493639
>> 4.70632
>> 15.075274
>> 100.816157
>> 65.980001
>> LinearSolve for s1 and κ jumps 1.036961
>> κ and s1 jumps 191.369854
4. Prepare grid and mode functions.
>> s=-2 MSTModes 0.197792
>> MMp2gridL 0.817235
>> MMp2gridR 5.725061
>> s=-1 MSTModes 0.108829
>> MMp1gridL 0.047395
>> MMp1gridR 0.326647
>> s=0 MSTModes 0.177824
A. Fill 1D grid.
>> s = 2, UP ... 38.030638
>> s = 1, UP ... 8.411268
>> s = 0, UP ... 16.852778
>> s = 2, IN ... 9.409987
>> s = 1, IN ... 1.216462
>> s = 0, IN ... 2.325694
1. Preliminaries.
Calculating B-matrices and Eigenvalues
2. Generate MSTModes
>> Generate s=-2 MSTModes 68.866748
>> Generate s=-1 MSTModes 68.94653
>> Generate hκModes 133.437418
3. Jumps
>> 0.387337
>> 2.186009
>> 5.042087
>> 13.272194
>> 88.499957
>> 55.828361
>> LinearSolve for s1 and κ jumps 0.86989
>> κ and s1 jumps 166.847029
4. Prepare grid and mode functions.
>> s=-2 MSTModes 0.194373
>> MMp2gridL 0.776771
>> MMp2gridR 5.464958
>> s=-1 MSTModes 0.105981
>> MMp1gridL 0.046149
>> MMp1gridR 0.312528
>> s=0 MSTModes 0.171195
A. Fill 1D grid.
>> s = 2, UP ... 35.192203
>> s = 1, UP ... 7.683819
>> s = 0, UP ... 15.487722
>> s = 2, IN ... 9.011187
>> s = 1, IN ... 1.164043
>> s = 0, IN ... 2.155424
1. Preliminaries.
Calculating B-matrices and Eigenvalues
2. Generate MSTModes
>> Generate s=-2 MSTModes 76.805245
>> Generate s=-1 MSTModes 78.502597
>> Generate hκModes 135.229621
3. Jumps
>> 0.350768
>> 1.964091
>> 5.090856
>> 11.43271
>> 76.512196
>> 46.858936
>> LinearSolve for s1 and κ jumps 0.624753
>> κ and s1 jumps 143.529641
4. Prepare grid and mode functions.
>> s=-2 MSTModes 0.19956
>> MMp2gridL 0.707307
>> MMp2gridR 4.967861
>> s=-1 MSTModes 0.099678
>> MMp1gridL 0.042766
>> MMp1gridR 0.290559
>> s=0 MSTModes 0.158851
A. Fill 1D grid.
>> s = 2, UP ... 32.515133
>> s = 1, UP ... 7.056912
>> s = 0, UP ... 14.40686
>> s = 2, IN ... 8.841871
>> s = 1, IN ... 1.106016
>> s = 0, IN ... 2.081763
1. Preliminaries.
Calculating B-matrices and Eigenvalues
2. Generate MSTModes
>> Generate s=-2 MSTModes 86.973516
>> Generate s=-1 MSTModes 88.19206
>> Generate hκModes 133.519151
3. Jumps
>> 0.326245
>> 1.689374
>> 4.852427
>> 9.199584
>> 62.936999
>> 38.799183
>> LinearSolve for s1 and κ jumps 1.018337
>> κ and s1 jumps 119.430702
4. Prepare grid and mode functions.
>> s=-2 MSTModes 0.194617
>> MMp2gridL 0.683227
>> MMp2gridR 4.87216
>> s=-1 MSTModes 0.098868
>> MMp1gridL 0.04135
>> MMp1gridR 0.285993
>> s=0 MSTModes 0.158131
A. Fill 1D grid.
>> s = 2, UP ... 30.842932
>> s = 1, UP ... 6.953492
>> s = 0, UP ... 13.687002
>> s = 2, IN ... 8.670711
>> s = 1, IN ... 1.086906
>> s = 0, IN ... 2.00619
1. Preliminaries.
Calculating B-matrices and Eigenvalues
2. Generate MSTModes
>> Generate s=-2 MSTModes 97.167671
>> Generate s=-1 MSTModes 98.710577
>> Generate hκModes 129.144908
3. Jumps
>> 0.300299
>> 1.456446
>> 4.600819
>> 8.092273
>> 55.908728
>> 34.18753
>> LinearSolve for s1 and κ jumps 1.017657
>> κ and s1 jumps 106.123311
4. Prepare grid and mode functions.
>> s=-2 MSTModes 0.179854
>> MMp2gridL 0.665889
>> MMp2gridR 4.699932
>> s=-1 MSTModes 0.09409
>> MMp1gridL 0.040875
>> MMp1gridR 0.276286
>> s=0 MSTModes 0.149199
A. Fill 1D grid.
>> s = 2, UP ... 29.609348
>> s = 1, UP ... 6.555351
>> s = 0, UP ... 13.086542
>> s = 2, IN ... 8.750681
>> s = 1, IN ... 1.055129
>> s = 0, IN ... 1.952507
1. Preliminaries.
Calculating B-matrices and Eigenvalues
2. Generate MSTModes
>> Generate s=-2 MSTModes 107.650829
>> Generate s=-1 MSTModes 107.744078
>> Generate hκModes 125.627207
3. Jumps
>> 0.290722
>> 1.326616
>> 4.454597
>> 6.807441
>> 48.276961
>> 29.321689
>> LinearSolve for s1 and κ jumps 0.777894
>> κ and s1 jumps 91.853523
4. Prepare grid and mode functions.
>> s=-2 MSTModes 0.167901
>> MMp2gridL 0.623663
>> MMp2gridR 4.523877
>> s=-1 MSTModes 0.092201
>> MMp1gridL 0.04077
>> MMp1gridR 0.27071
>> s=0 MSTModes 0.145632
A. Fill 1D grid.
>> s = 2, UP ... 27.510428
>> s = 1, UP ... 5.94849
>> s = 0, UP ... 11.987344
>> s = 2, IN ... 8.46937
>> s = 1, IN ... 1.012594
>> s = 0, IN ... 1.859157
1. Preliminaries.
Calculating B-matrices and Eigenvalues
2. Generate MSTModes
>> Generate s=-2 MSTModes 113.963789
>> Generate s=-1 MSTModes 114.803405
