Task 197 on node678.cluster: a=0.2 r0=16.5
Job started: a = 0.2, r0 = 16.5, savepath = /lustre/astro/dyson/DataFiles/KerrCircDiskData/h1_radial
Warning: rstarmin is outside the allowed range.
Now we Calculate the Radiative Solutions
1. Preliminaries.
Calculating B-matrices and Eigenvalues
2. Generate MSTModes
>> Generate s=-2 MSTModes 58.080169
>> Generate s=-1 MSTModes 57.968621
>> Generate hκModes 141.716513
3. Jumps
>> 0.439388
>> 2.446832
>> 3.883046
>> 4.530989
>> 54.715631
>> 20.210915
>> LinearSolve for s1 and κ jumps 0.004641
>> κ and s1 jumps 87.234142
4. Prepare grid and mode functions.
>> s=-2 MSTModes 0.224125
>> MMp2gridL 1.620873
>> MMp2gridR 4.835258
>> s=-1 MSTModes 0.070332
>> MMp1gridL 0.061025
>> MMp1gridR 0.162434
>> s=0 MSTModes 0.154839
A. Fill 1D grid.
>> s = 2, UP ... 33.537721
>> s = 1, UP ... 1.259414
>> s = 0, UP ... 7.418515
>> s = 2, IN ... 18.328679
>> s = 1, IN ... 1.370932
>> s = 0, IN ... 3.215267
1. Preliminaries.
Calculating B-matrices and Eigenvalues
2. Generate MSTModes
>> Generate s=-2 MSTModes 67.883579
>> Generate s=-1 MSTModes 67.712628
>> Generate hκModes 132.686596
3. Jumps
>> 0.395198
>> 2.562812
>> 4.353143
>> 4.159034
>> 53.718551
>> 18.01184
>> LinearSolve for s1 and κ jumps 0.989075
>> κ and s1 jumps 84.965938
4. Prepare grid and mode functions.
>> s=-2 MSTModes 0.213211
>> MMp2gridL 1.604021
>> MMp2gridR 4.871454
>> s=-1 MSTModes 0.110025
>> MMp1gridL 0.093768
>> MMp1gridR 0.278163
>> s=0 MSTModes 0.178366
A. Fill 1D grid.
>> s = 2, UP ... 32.586479
>> s = 1, UP ... 6.748626
>> s = 0, UP ... 9.913176
>> s = 2, IN ... 18.340647
>> s = 1, IN ... 2.439148
>> s = 0, IN ... 3.583714
1. Preliminaries.
Calculating B-matrices and Eigenvalues
2. Generate MSTModes
>> Generate s=-2 MSTModes 73.058512
>> Generate s=-1 MSTModes 73.267916
>> Generate hκModes 127.036317
3. Jumps
>> 0.371195
>> 2.205125
>> 4.355706
>> 3.362955
>> 46.002248
>> 14.9186
>> LinearSolve for s1 and κ jumps 0.824598
>> κ and s1 jumps 72.799962
4. Prepare grid and mode functions.
>> s=-2 MSTModes 0.193328
>> MMp2gridL 1.530307
>> MMp2gridR 4.671333
>> s=-1 MSTModes 0.107354
>> MMp1gridL 0.090116
>> MMp1gridR 0.271037
>> s=0 MSTModes 0.173714
A. Fill 1D grid.
>> s = 2, UP ... 30.719828
>> s = 1, UP ... 6.583019
>> s = 0, UP ... 9.510943
>> s = 2, IN ... 17.843152
>> s = 1, IN ... 2.350111
>> s = 0, IN ... 3.457737
1. Preliminaries.
Calculating B-matrices and Eigenvalues
2. Generate MSTModes
>> Generate s=-2 MSTModes 78.376964
>> Generate s=-1 MSTModes 78.437079
>> Generate hκModes 121.647674
3. Jumps
>> 0.350232
>> 1.89952
>> 4.522592
>> 3.063792
>> 41.07449
>> 13.504305
>> LinearSolve for s1 and κ jumps 1.002314
>> κ and s1 jumps 66.06063
4. Prepare grid and mode functions.
>> s=-2 MSTModes 0.192731
>> MMp2gridL 1.462663
>> MMp2gridR 4.484661
>> s=-1 MSTModes 0.103781
>> MMp1gridL 0.086602
>> MMp1gridR 0.258443
>> s=0 MSTModes 0.16742
A. Fill 1D grid.
>> s = 2, UP ... 29.02389
>> s = 1, UP ... 6.292315
>> s = 0, UP ... 9.065034
>> s = 2, IN ... 17.454511
>> s = 1, IN ... 2.235813
>> s = 0, IN ... 3.322987
1. Preliminaries.
Calculating B-matrices and Eigenvalues
2. Generate MSTModes
>> Generate s=-2 MSTModes 83.690858
>> Generate s=-1 MSTModes 83.932832
>> Generate hκModes 117.565048
3. Jumps
>> 0.33691
>> 1.751701
>> 4.396949
>> 2.522668
>> 35.831031
>> 11.168757
>> LinearSolve for s1 and κ jumps 1.277086
>> κ and s1 jumps 57.901641
4. Prepare grid and mode functions.
>> s=-2 MSTModes 0.185871
>> MMp2gridL 1.403256
>> MMp2gridR 4.292937
>> s=-1 MSTModes 0.099793
>> MMp1gridL 0.085311
>> MMp1gridR 0.248593
>> s=0 MSTModes 0.161191
A. Fill 1D grid.
>> s = 2, UP ... 27.745943
>> s = 1, UP ... 5.874175
>> s = 0, UP ... 8.617695
>> s = 2, IN ... 16.740626
>> s = 1, IN ... 2.146733
>> s = 0, IN ... 3.192667
1. Preliminaries.
Calculating B-matrices and Eigenvalues
2. Generate MSTModes
>> Generate s=-2 MSTModes 88.699853
>> Generate s=-1 MSTModes 88.254026
>> Generate hκModes 112.792276
3. Jumps
>> 0.311979
>> 1.527456
>> 4.354089
>> 2.248259
>> 31.825731
>> 9.910049
>> LinearSolve for s1 and κ jumps 0.652771
>> κ and s1 jumps 51.409497
4. Prepare grid and mode functions.
>> s=-2 MSTModes 0.179108
>> MMp2gridL 1.36694
>> MMp2gridR 4.183913
>> s=-1 MSTModes 0.096861
>> MMp1gridL 0.084436
>> MMp1gridR 0.245512
>> s=0 MSTModes 0.153536
A. Fill 1D grid.
>> s = 2, UP ... 26.255707
>> s = 1, UP ... 5.611999
>> s = 0, UP ... 8.171574
>> s = 2, IN ... 16.369186
>> s = 1, IN ... 2.042684
>> s = 0, IN ... 3.067552
1. Preliminaries.
Calculating B-matrices and Eigenvalues
2. Generate MSTModes
>> Generate s=-2 MSTModes 94.570074
>> Generate s=-1 MSTModes 92.724954
>> Generate hκModes 109.144649
3. Jumps
>> 0.303606
>> 1.368639
>> 4.217129
>> 1.878835
>> 27.764454
>> 8.392824
>> LinearSolve for s1 and κ jumps 0.551528
>> κ and s1 jumps 44.973541
4. Prepare grid and mode functions.
>> s=-2 MSTModes 0.183183
>> MMp2gridL 1.28565
>> MMp2gridR 3.961743
>> s=-1 MSTModes 0.09283
>> MMp1gridL 0.079842
>> MMp1gridR 0.235181
>> s=0 MSTModes 0.143545
A. Fill 1D grid.
>> s = 2, UP ... 24.74994
>> s = 1, UP ... 5.30084
>> s = 0, UP ... 7.709241
>> s = 2, IN ... 16.037401
>> s = 1, IN ... 1.981636
>> s = 0, IN ... 2.981828
1. Preliminaries.
Calculating B-matrices and Eigenvalues
2. Generate MSTModes
>> Generate s=-2 MSTModes 97.104369
>> Generate s=-1 MSTModes 96.926057
>> Generate hκModes 104.626559
3. Jumps
>> 0.275901
>> 1.156635
>> 4.029093
>> 1.59149
>> 24.18275
>> 7.136375
>> LinearSolve for s1 and κ jumps 0.908284
>> κ and s1 jumps 39.811169
4. Prepare grid and mode functions.
>> s=-2 MSTModes 0.16586
>> MMp2gridL 1.21593
>> MMp2gridR 3.732207
>> s=-1 MSTModes 0.088922
>> MMp1gridL 0.075249
>> MMp1gridR 0.219416
>> s=0 MSTModes 0.138294
A. Fill 1D grid.
>> s = 2, UP ... 22.976628
>> s = 1, UP ... 4.893252
>> s = 0, UP ... 7.2375
>> s = 2, IN ... 15.873144
>> s = 1, IN ... 1.914828
>> s = 0, IN ... 2.896704
1. Preliminaries.
Calculating B-matrices and Eigenvalues
2. Generate MSTModes
>> Generate s=-2 MSTModes 103.967175
>> Generate s=-1 MSTModes 103.562194
>> Generate hκModes 102.303813
3. Jumps
>> 0.273464
>> 1.062082
>> 3.995677
>> 1.373251
>> 21.512407
>> 6.157191
>> LinearSolve for s1 and κ jumps 0.00909
>> κ and s1 jumps 34.755982
4. Prepare grid and mode functions.
>> s=-2 MSTModes 0.200838
>> MMp2gridL 1.236394
>> MMp2gridR 3.637717
>> s=-1 MSTModes 0.085626
>> MMp1gridL 0.074984
>> MMp1gridR 0.222442
>> s=0 MSTModes 0.137085
A. Fill 1D grid.
>> s = 2, UP ... 21.756524
>> s = 1, UP ... 4.620981
>> s = 0, UP ... 6.755027
>> s = 2, IN ... 15.576797
>> s = 1, IN ... 1.804538
>> s = 0, IN ... 2.724402
1. Preliminaries.
Calculating B-matrices and Eigenvalues
2. Generate MSTModes
>> Generate s=-2 MSTModes 103.19223
>> Generate s=-1 MSTModes 103.2585
>> Generate hκModes 99.174625
3. Jumps
>> 0.266482
>> 1.002412
>> 3.90527
>> 1.207035
>> 19.464713
>> 5.335404
>> LinearSolve for s1 and κ jumps 0.008595
>> κ and s1 jumps 31.528467
4. Prepare grid and mode functions.
>> s=-2 MSTModes 0.186112
>> MMp2gridL 1.148123
>> MMp2gridR 3.409338
>> s=-1 MSTModes 0.081605
>> MMp1gridL 0.071005
>> MMp1gridR 0.209307
>> s=0 MSTModes 0.128929
A. Fill 1D grid.
>> s = 2, UP ... 20.648703
>> s = 1, UP ... 4.303184
>> s = 0, UP ... 6.47512
>> s = 2, IN ... 15.46697
>> s = 1, IN ... 1.782323
>> s = 0, IN ... 2.741498
1. Preliminaries.
Calculating B-matrices and Eigenvalues
2. Generate MSTModes
>> Generate s=-2 MSTModes 107.135482
>> Generate s=-1 MSTModes 106.419184
