Task 255 on node656.cluster: a=0.2 r0=45.5
Job started: a = 0.2, r0 = 45.5, savepath = /lustre/astro/dyson/DataFiles/KerrCircDiskData/h1_radial
Warning: rstarmin is outside the allowed range.
Now we Calculate the Radiative Solutions
1. Preliminaries.
Calculating B-matrices and Eigenvalues
2. Generate MSTModes
>> Generate s=-2 MSTModes 43.689692
>> Generate s=-1 MSTModes 44.314094

MetricReconstructRadiative`Private`hκTSolve::icaccuraccy: Warning: asymptotic expansion of order 40 at r=4000.000000000000000000000000000000000000000000000000000000000000 provides insufficiently accurate initial conditions to meet PrecsionGoal, 24.

MetricReconstructRadiative`Private`hκTSolve::icaccuraccy: Warning: asymptotic expansion of order 40 at r=4000.000000000000000000000000000000000000000000000000000000000000 provides insufficiently accurate initial conditions to meet PrecsionGoal, 24.

MetricReconstructRadiative`Private`hκTSolve::icaccuraccy: Warning: asymptotic expansion of order 40 at r=4000.000000000000000000000000000000000000000000000000000000000000 provides insufficiently accurate initial conditions to meet PrecsionGoal, 24.

General::stop: Further output of MetricReconstructRadiative`Private`hκTSolve::icaccuraccy will be suppressed during this calculation.
>> Generate hκModes 129.540183
3. Jumps
>> 0.356555
>> 2.119993
>> 3.095764
>> 3.901581
>> 48.027528
>> 17.718575
>> LinearSolve for s1 and κ jumps 0.035418
>> κ and s1 jumps 76.113812
4. Prepare grid and mode functions.
>> s=-2 MSTModes 0.196374
>> MMp2gridL 4.453024
>> MMp2gridR 1.570951
>> s=-1 MSTModes 0.067537
>> MMp1gridL 0.146796
>> MMp1gridR 0.062281
>> s=0 MSTModes 0.157688
A. Fill 1D grid.
>> s = 2, UP ... 18.33165
>> s = 1, UP ... 1.424029
>> s = 0, UP ... 3.442652
>> s = 2, IN ... 31.713233
>> s = 1, IN ... 1.191595
>> s = 0, IN ... 7.033346
1. Preliminaries.
Calculating B-matrices and Eigenvalues
2. Generate MSTModes
>> Generate s=-2 MSTModes 63.963884
>> Generate s=-1 MSTModes 64.585751
>> Generate hκModes 139.117391
3. Jumps
>> 0.382651
>> 2.561515
>> 4.121673
>> 4.039232
>> 53.22047
>> 17.483964
>> LinearSolve for s1 and κ jumps 1.023483
>> κ and s1 jumps 83.663089
4. Prepare grid and mode functions.
>> s=-2 MSTModes 0.213225
>> MMp2gridL 4.722178
>> MMp2gridR 1.671776
>> s=-1 MSTModes 0.110733
>> MMp1gridL 0.281082
>> MMp1gridR 0.099693
>> s=0 MSTModes 0.181973
A. Fill 1D grid.
>> s = 2, UP ... 19.234451
>> s = 1, UP ... 2.539536
>> s = 0, UP ... 3.927439
>> s = 2, IN ... 31.972556
>> s = 1, IN ... 6.994026
>> s = 0, IN ... 9.33584
1. Preliminaries.
Calculating B-matrices and Eigenvalues
2. Generate MSTModes
>> Generate s=-2 MSTModes 71.258985
>> Generate s=-1 MSTModes 73.067678
>> Generate hκModes 129.198418
3. Jumps
>> 0.381664
>> 2.20315
>> 3.836143
>> 3.626153
>> 46.883321
>> 15.682726
>> LinearSolve for s1 and κ jumps 1.030629
>> κ and s1 jumps 74.386811
4. Prepare grid and mode functions.
>> s=-2 MSTModes 0.229057
>> MMp2gridL 4.535559
>> MMp2gridR 1.591145
>> s=-1 MSTModes 0.104496
>> MMp1gridL 0.262903
>> MMp1gridR 0.093401
>> s=0 MSTModes 0.170682
A. Fill 1D grid.
>> s = 2, UP ... 18.678219
>> s = 1, UP ... 2.452379
>> s = 0, UP ... 3.796142
>> s = 2, IN ... 30.453883
>> s = 1, IN ... 6.667318
>> s = 0, IN ... 9.095994
1. Preliminaries.
Calculating B-matrices and Eigenvalues
2. Generate MSTModes
>> Generate s=-2 MSTModes 78.175207
>> Generate s=-1 MSTModes 79.044452
>> Generate hκModes 121.155839
3. Jumps
>> 0.359186
>> 1.991051
>> 3.723385
>> 3.157852
>> 42.044628
>> 13.80993
>> LinearSolve for s1 and κ jumps 0.832387
>> κ and s1 jumps 66.539773
4. Prepare grid and mode functions.
>> s=-2 MSTModes 0.220588
>> MMp2gridL 4.395911
>> MMp2gridR 1.546576
>> s=-1 MSTModes 0.103979
>> MMp1gridL 0.25678
>> MMp1gridR 0.090088
>> s=0 MSTModes 0.166195
A. Fill 1D grid.
>> s = 2, UP ... 18.365634
>> s = 1, UP ... 2.354622
>> s = 0, UP ... 3.705459
>> s = 2, IN ... 28.738417
>> s = 1, IN ... 6.320532
>> s = 0, IN ... 8.679163
1. Preliminaries.
Calculating B-matrices and Eigenvalues
2. Generate MSTModes
>> Generate s=-2 MSTModes 83.786882
>> Generate s=-1 MSTModes 83.802595
>> Generate hκModes 114.439065
3. Jumps
>> 0.346963
>> 1.777326
>> 3.588391
>> 2.755057
>> 37.456303
>> 11.891462
>> LinearSolve for s1 and κ jumps 1.181239
>> κ and s1 jumps 59.627153
4. Prepare grid and mode functions.
>> s=-2 MSTModes 0.190193
>> MMp2gridL 4.262153
>> MMp2gridR 1.499938
>> s=-1 MSTModes 0.101366
>> MMp1gridL 0.254686
>> MMp1gridR 0.089273
>> s=0 MSTModes 0.16194
A. Fill 1D grid.
>> s = 2, UP ... 18.043135
>> s = 1, UP ... 2.269542
>> s = 0, UP ... 3.653888
>> s = 2, IN ... 27.233424
>> s = 1, IN ... 5.837649
>> s = 0, IN ... 8.199889
1. Preliminaries.
Calculating B-matrices and Eigenvalues
2. Generate MSTModes
>> Generate s=-2 MSTModes 88.446559
>> Generate s=-1 MSTModes 88.676762
>> Generate hκModes 108.353509
3. Jumps
>> 0.331822
>> 1.636871
>> 3.433495
>> 2.306574
>> 32.869542
>> 10.024375
>> LinearSolve for s1 and κ jumps 1.220693
>> κ and s1 jumps 52.376933
4. Prepare grid and mode functions.
>> s=-2 MSTModes 0.189001
>> MMp2gridL 4.120232
>> MMp2gridR 1.433471
>> s=-1 MSTModes 0.095413
>> MMp1gridL 0.236621
>> MMp1gridR 0.08292
>> s=0 MSTModes 0.155938
A. Fill 1D grid.
>> s = 2, UP ... 17.455552
>> s = 1, UP ... 2.186109
>> s = 0, UP ... 3.463062
>> s = 2, IN ... 25.86459
>> s = 1, IN ... 5.514295
>> s = 0, IN ... 7.721658
1. Preliminaries.
Calculating B-matrices and Eigenvalues
2. Generate MSTModes
>> Generate s=-2 MSTModes 92.879334
>> Generate s=-1 MSTModes 91.898471
>> Generate hκModes 103.361063
3. Jumps
>> 0.310195
>> 1.423215
>> 3.356663
>> 2.038487
>> 29.145478
>> 8.910614
>> LinearSolve for s1 and κ jumps 1.40264
>> κ and s1 jumps 47.11068
4. Prepare grid and mode functions.
>> s=-2 MSTModes 0.18111
>> MMp2gridL 3.93458
>> MMp2gridR 1.394894
>> s=-1 MSTModes 0.093374
>> MMp1gridL 0.23738
>> MMp1gridR 0.083598
>> s=0 MSTModes 0.148411
A. Fill 1D grid.
>> s = 2, UP ... 17.104945
>> s = 1, UP ... 2.124817
>> s = 0, UP ... 3.35481
>> s = 2, IN ... 24.698828
>> s = 1, IN ... 5.232371
>> s = 0, IN ... 7.131408
1. Preliminaries.
Calculating B-matrices and Eigenvalues
2. Generate MSTModes
>> Generate s=-2 MSTModes 95.541439
>> Generate s=-1 MSTModes 95.137163
>> Generate hκModes 98.12599
3. Jumps
>> 0.292294
>> 1.249738
>> 3.199527
>> 1.744567
>> 25.629378
>> 7.510896
>> LinearSolve for s1 and κ jumps 1.021051
>> κ and s1 jumps 41.123326
4. Prepare grid and mode functions.
>> s=-2 MSTModes 0.170108
>> MMp2gridL 3.828402
>> MMp2gridR 1.345398
>> s=-1 MSTModes 0.089366
>> MMp1gridL 0.229559
>> MMp1gridR 0.080039
>> s=0 MSTModes 0.14421
A. Fill 1D grid.
>> s = 2, UP ... 17.059847
>> s = 1, UP ... 2.077898
>> s = 0, UP ... 3.291604
>> s = 2, IN ... 23.486437
>> s = 1, IN ... 4.894725
>> s = 0, IN ... 6.864945
1. Preliminaries.
Calculating B-matrices and Eigenvalues
2. Generate MSTModes
>> Generate s=-2 MSTModes 97.195944
>> Generate s=-1 MSTModes 97.074359
>> Generate hκModes 93.260616
3. Jumps
>> 0.282749
>> 1.109911
>> 3.047211
>> 1.530089
>> 22.679411
>> 6.59435
>> LinearSolve for s1 and κ jumps 0.009438
>> κ and s1 jumps 35.622703
4. Prepare grid and mode functions.
>> s=-2 MSTModes 0.197188
>> MMp2gridL 3.640958
>> MMp2gridR 1.270329
>> s=-1 MSTModes 0.086994
>> MMp1gridL 0.21869
>> MMp1gridR 0.076317
>> s=0 MSTModes 0.140965
A. Fill 1D grid.
>> s = 2, UP ... 16.606244
>> s = 1, UP ... 1.989363
>> s = 0, UP ... 3.177429
>> s = 2, IN ... 22.017087
>> s = 1, IN ... 4.6347
>> s = 0, IN ... 6.548032
1. Preliminaries.
Calculating B-matrices and Eigenvalues
2. Generate MSTModes
>> Generate s=-2 MSTModes 97.613565
>> Generate s=-1 MSTModes 96.729675
>> Generate hκModes 87.32964
3. Jumps
>> 0.259411
>> 0.978392
>> 2.886702
>> 1.264022
>> 19.353433
>> 5.526842
>> LinearSolve for s1 and κ jumps 0.009111
>> κ and s1 jumps 30.604456
4. Prepare grid and mode functions.
>> s=-2 MSTModes 0.187059
>> MMp2gridL 3.393256
>> MMp2gridR 1.209369
>> s=-1 MSTModes 0.080758
>> MMp1gridL 0.207322
>> MMp1gridR 0.088319
>> s=0 MSTModes 0.130109
A. Fill 1D grid.
>> s = 2, UP ... 16.375124
>> s = 1, UP ... 1.921233
>> s = 0, UP ... 3.011938
>> s = 2, IN ... 20.533435
>> s = 1, IN ... 4.23992
>> s = 0, IN ... 6.180766
1. Preliminaries.
Calculating B-matrices and Eigenvalues
2. Generate MSTModes
>> Generate s=-2 MSTModes 98.106508
>> Generate s=-1 MSTModes 96.274008
>> Generate hκModes 82.565165
3. Jumps
>> 0.254987
>> 0.848775
>> 2.734073
>> 1.065412
>> 16.741124
>> 4.612728
>> LinearSolve for s1 and κ jumps 0.008796
>> κ and s1 jumps 26.55678
4. Prepare grid and mode functions.
>> s=-2 MSTModes 0.185073
>> MMp2gridL 3.237277
>> MMp2gridR 1.153635
>> s=-1 MSTModes 0.078541
>> MMp1gridL 0.194588
>> MMp1gridR 0.071114
>> s=0 MSTModes 0.123443
A. Fill 1D grid.
>> s = 2, UP ... 16.204226
>> s = 1, UP ... 1.852693
>> s = 0, UP ... 2.949582
>> s = 2, IN ... 19.455063
>> s = 1, IN ... 3.992131
>> s = 0, IN ... 5.745174
1. Preliminaries.
Calculating B-matrices and Eigenvalues
2. Generate MSTModes
>> Generate s=-2 MSTModes 99.983264
>> Generate s=-1 MSTModes 96.926116
