Task 186 on node678.cluster: a=0.2 r0=11.0
Job started: a = 0.2, r0 = 11., savepath = /lustre/astro/dyson/DataFiles/KerrCircDiskData/h1_radial
Warning: rstarmin is outside the allowed range.
Now we Calculate the Radiative Solutions
1. Preliminaries.
Calculating B-matrices and Eigenvalues
2. Generate MSTModes
>> Generate s=-2 MSTModes 53.104097
>> Generate s=-1 MSTModes 53.012724
>> Generate hκModes 140.303926
3. Jumps
>> 0.426036
>> 2.376647
>> 4.021094
>> 4.425715
>> 54.447706
>> 19.568431
>> LinearSolve for s1 and κ jumps 0.004651
>> κ and s1 jumps 86.229206
4. Prepare grid and mode functions.
>> s=-2 MSTModes 0.223539
>> MMp2gridL 0.998571
>> MMp2gridR 5.418972
>> s=-1 MSTModes 0.070408
>> MMp1gridL 0.039501
>> MMp1gridR 0.176479
>> s=0 MSTModes 0.1597
A. Fill 1D grid.
>> s = 2, UP ... 37.221533
>> s = 1, UP ... 1.349821
>> s = 0, UP ... 8.364578
>> s = 2, IN ... 11.853884
>> s = 1, IN ... 0.924735
>> s = 0, IN ... 2.065808
1. Preliminaries.
Calculating B-matrices and Eigenvalues
2. Generate MSTModes
>> Generate s=-2 MSTModes 62.55044
>> Generate s=-1 MSTModes 62.201243
>> Generate hκModes 134.275947
3. Jumps
>> 0.385143
>> 2.472924
>> 4.550129
>> 3.971621
>> 52.231938
>> 17.716521
>> LinearSolve for s1 and κ jumps 0.977916
>> κ and s1 jumps 83.103168
4. Prepare grid and mode functions.
>> s=-2 MSTModes 0.199981
>> MMp2gridL 0.988022
>> MMp2gridR 5.445569
>> s=-1 MSTModes 0.109035
>> MMp1gridL 0.058029
>> MMp1gridR 0.310699
>> s=0 MSTModes 0.177541
A. Fill 1D grid.
>> s = 2, UP ... 36.613059
>> s = 1, UP ... 8.047971
>> s = 0, UP ... 11.229033
>> s = 2, IN ... 11.688115
>> s = 1, IN ... 1.514215
>> s = 0, IN ... 2.254873
1. Preliminaries.
Calculating B-matrices and Eigenvalues
2. Generate MSTModes
>> Generate s=-2 MSTModes 68.974638
>> Generate s=-1 MSTModes 68.882593
>> Generate hκModes 130.890353
3. Jumps
>> 0.375994
>> 2.192469
>> 4.697321
>> 3.47155
>> 46.175538
>> 15.20218
>> LinearSolve for s1 and κ jumps 1.09567
>> κ and s1 jumps 73.89594
4. Prepare grid and mode functions.
>> s=-2 MSTModes 0.199016
>> MMp2gridL 0.972365
>> MMp2gridR 5.346277
>> s=-1 MSTModes 0.108201
>> MMp1gridL 0.057868
>> MMp1gridR 0.307737
>> s=0 MSTModes 0.176485
A. Fill 1D grid.
>> s = 2, UP ... 34.899888
>> s = 1, UP ... 7.77096
>> s = 0, UP ... 10.988084
>> s = 2, IN ... 11.486344
>> s = 1, IN ... 1.483992
>> s = 0, IN ... 2.190908
1. Preliminaries.
Calculating B-matrices and Eigenvalues
2. Generate MSTModes
>> Generate s=-2 MSTModes 76.750109
>> Generate s=-1 MSTModes 75.713128
>> Generate hκModes 128.44323
3. Jumps
>> 0.345878
>> 1.964415
>> 4.878116
>> 2.921749
>> 40.269843
>> 12.974952
>> LinearSolve for s1 and κ jumps 0.943577
>> κ and s1 jumps 64.957778
4. Prepare grid and mode functions.
>> s=-2 MSTModes 0.198955
>> MMp2gridL 0.933078
>> MMp2gridR 5.112281
>> s=-1 MSTModes 0.105219
>> MMp1gridL 0.054034
>> MMp1gridR 0.293947
>> s=0 MSTModes 0.168249
A. Fill 1D grid.
>> s = 2, UP ... 32.79949
>> s = 1, UP ... 7.479198
>> s = 0, UP ... 10.495582
>> s = 2, IN ... 11.070978
>> s = 1, IN ... 1.421423
>> s = 0, IN ... 2.076742
1. Preliminaries.
Calculating B-matrices and Eigenvalues
2. Generate MSTModes
>> Generate s=-2 MSTModes 84.069562
>> Generate s=-1 MSTModes 82.936115
>> Generate hκModes 126.353765
3. Jumps
>> 0.332076
>> 1.720407
>> 4.754201
>> 2.501075
>> 35.87144
>> 11.331673
>> LinearSolve for s1 and κ jumps 0.881132
>> κ and s1 jumps 58.051936
4. Prepare grid and mode functions.
>> s=-2 MSTModes 0.186367
>> MMp2gridL 0.872423
>> MMp2gridR 4.756565
>> s=-1 MSTModes 0.095817
>> MMp1gridL 0.052466
>> MMp1gridR 0.27405
>> s=0 MSTModes 0.154087
A. Fill 1D grid.
>> s = 2, UP ... 30.707175
>> s = 1, UP ... 6.950339
>> s = 0, UP ... 9.906889
>> s = 2, IN ... 10.79334
>> s = 1, IN ... 1.362125
>> s = 0, IN ... 2.02278
1. Preliminaries.
Calculating B-matrices and Eigenvalues
2. Generate MSTModes
>> Generate s=-2 MSTModes 92.683208
>> Generate s=-1 MSTModes 90.557778
>> Generate hκModes 123.316823
3. Jumps
>> 0.309665
>> 1.499616
>> 4.65678
>> 7.903173
>> 55.255157
>> 33.034892
>> LinearSolve for s1 and κ jumps 0.890858
>> κ and s1 jumps 104.195765
4. Prepare grid and mode functions.
>> s=-2 MSTModes 0.178852
>> MMp2gridL 0.818864
>> MMp2gridR 4.543898
>> s=-1 MSTModes 0.0939
>> MMp1gridL 0.050752
>> MMp1gridR 0.263515
>> s=0 MSTModes 0.148524
A. Fill 1D grid.
>> s = 2, UP ... 29.236312
>> s = 1, UP ... 6.448917
>> s = 0, UP ... 13.106327
>> s = 2, IN ... 10.714546
>> s = 1, IN ... 1.310477
>> s = 0, IN ... 2.473265
1. Preliminaries.
Calculating B-matrices and Eigenvalues
2. Generate MSTModes
>> Generate s=-2 MSTModes 99.97384
>> Generate s=-1 MSTModes 98.383626
>> Generate hκModes 118.525633
3. Jumps
>> 0.288598
>> 1.295142
>> 4.360664
>> 6.838923
>> 48.470584
>> 29.381837
>> LinearSolve for s1 and κ jumps 1.056971
>> κ and s1 jumps 92.308771
4. Prepare grid and mode functions.
>> s=-2 MSTModes 0.177917
>> MMp2gridL 0.799608
>> MMp2gridR 4.457562
>> s=-1 MSTModes 0.090517
>> MMp1gridL 0.049927
>> MMp1gridR 0.270034
>> s=0 MSTModes 0.141559
A. Fill 1D grid.
>> s = 2, UP ... 28.100943
>> s = 1, UP ... 6.415705
>> s = 0, UP ... 12.655074
>> s = 2, IN ... 10.59512
>> s = 1, IN ... 1.292498
>> s = 0, IN ... 2.423503
1. Preliminaries.
Calculating B-matrices and Eigenvalues
2. Generate MSTModes
>> Generate s=-2 MSTModes 104.927816
>> Generate s=-1 MSTModes 104.699513
>> Generate hκModes 114.447994
3. Jumps
>> 0.277089
>> 1.191082
>> 4.556247
>> 5.812641
>> 42.448015
>> 25.144628
>> LinearSolve for s1 and κ jumps 0.68821
>> κ and s1 jumps 80.62274
4. Prepare grid and mode functions.
>> s=-2 MSTModes 0.170467
>> MMp2gridL 0.807993
>> MMp2gridR 4.281609
>> s=-1 MSTModes 0.088202
>> MMp1gridL 0.048195
>> MMp1gridR 0.242001
>> s=0 MSTModes 0.136734
A. Fill 1D grid.
>> s = 2, UP ... 26.519451
>> s = 1, UP ... 5.756182
>> s = 0, UP ... 11.266406
>> s = 2, IN ... 10.279006
>> s = 1, IN ... 1.234644
>> s = 0, IN ... 2.245239
1. Preliminaries.
Calculating B-matrices and Eigenvalues
2. Generate MSTModes
>> Generate s=-2 MSTModes 108.352188
>> Generate s=-1 MSTModes 106.62505
