Task 623 on node678.cluster: a=0.9 r0=9.5
Job started: a = 0.9, r0 = 9.5, savepath = /lustre/astro/dyson/DataFiles/KerrCircDiskData/h1_radial
Warning: rstarmin is outside the allowed range.
Now we Calculate the Radiative Solutions
1. Preliminaries.
Calculating B-matrices and Eigenvalues
2. Generate MSTModes
>> Generate s=-2 MSTModes 53.032065
>> Generate s=-1 MSTModes 52.526766
>> Generate hκModes 134.194729
3. Jumps
>> 0.394391
>> 2.246399
>> 3.939744
>> 4.134389
>> 50.68771
>> 18.386059
>> LinearSolve for s1 and κ jumps 0.004981
>> κ and s1 jumps 80.718485
4. Prepare grid and mode functions.
>> s=-2 MSTModes 0.214008
>> MMp2gridL 0.821445
>> MMp2gridR 5.405638
>> s=-1 MSTModes 0.065129
>> MMp1gridL 0.032711
>> MMp1gridR 0.175867
>> s=0 MSTModes 0.150767
A. Fill 1D grid.
>> s = 2, UP ... 37.568058
>> s = 1, UP ... 1.379849
>> s = 0, UP ... 8.579274
>> s = 2, IN ... 9.901343
>> s = 1, IN ... 0.777462
>> s = 0, IN ... 1.706006
1. Preliminaries.
Calculating B-matrices and Eigenvalues
2. Generate MSTModes
>> Generate s=-2 MSTModes 61.613905
>> Generate s=-1 MSTModes 60.988459
>> Generate hκModes 130.541012
3. Jumps
>> 0.358211
>> 2.234845
>> 4.414019
>> 14.081405
>> 90.754648
>> 58.091489
>> LinearSolve for s1 and κ jumps 0.516623
>> κ and s1 jumps 171.27941
4. Prepare grid and mode functions.
>> s=-2 MSTModes 0.180104
>> MMp2gridL 0.771299
>> MMp2gridR 5.180838
>> s=-1 MSTModes 0.099855
>> MMp1gridL 0.045993
>> MMp1gridR 0.293321
>> s=0 MSTModes 0.163516
A. Fill 1D grid.
>> s = 2, UP ... 34.087984
>> s = 1, UP ... 7.303526
>> s = 0, UP ... 14.579815
>> s = 2, IN ... 9.026462
>> s = 1, IN ... 1.174275
>> s = 0, IN ... 2.23705
1. Preliminaries.
Calculating B-matrices and Eigenvalues
2. Generate MSTModes
>> Generate s=-2 MSTModes 63.734147
>> Generate s=-1 MSTModes 63.717662
>> Generate hκModes 121.100219
3. Jumps
>> 0.334989
>> 1.983117
>> 4.480837
>> 12.305636
>> 82.098841
>> 52.552906
>> LinearSolve for s1 and κ jumps 1.02923
>> κ and s1 jumps 155.495291
4. Prepare grid and mode functions.
>> s=-2 MSTModes 0.185025
>> MMp2gridL 0.73424
>> MMp2gridR 4.791922
>> s=-1 MSTModes 0.099234
>> MMp1gridL 0.044393
>> MMp1gridR 0.285345
>> s=0 MSTModes 0.156153
A. Fill 1D grid.
>> s = 2, UP ... 31.116973
>> s = 1, UP ... 6.814598
>> s = 0, UP ... 13.7957
>> s = 2, IN ... 8.693312
>> s = 1, IN ... 1.119696
>> s = 0, IN ... 2.124196
1. Preliminaries.
Calculating B-matrices and Eigenvalues
2. Generate MSTModes
>> Generate s=-2 MSTModes 73.433006
>> Generate s=-1 MSTModes 73.674935
>> Generate hκModes 122.27278
3. Jumps
>> 0.309279
>> 1.719318
>> 4.509862
>> 10.001575
>> 67.574263
>> 41.790072
>> LinearSolve for s1 and κ jumps 0.868861
>> κ and s1 jumps 127.420705
4. Prepare grid and mode functions.
>> s=-2 MSTModes 0.170093
>> MMp2gridL 0.695375
>> MMp2gridR 4.612008
>> s=-1 MSTModes 0.089731
>> MMp1gridL 0.041556
>> MMp1gridR 0.265663
>> s=0 MSTModes 0.149679
A. Fill 1D grid.
>> s = 2, UP ... 30.235932
>> s = 1, UP ... 6.74923
>> s = 0, UP ... 14.180156
>> s = 2, IN ... 8.649624
>> s = 1, IN ... 1.100971
>> s = 0, IN ... 2.042198
1. Preliminaries.
Calculating B-matrices and Eigenvalues
2. Generate MSTModes
>> Generate s=-2 MSTModes 83.033596
>> Generate s=-1 MSTModes 82.401817
>> Generate hκModes 122.459749
3. Jumps
>> 0.294092
>> 1.579443
>> 4.387495
>> 8.723154
>> 59.922185
>> 36.790599
>> LinearSolve for s1 and κ jumps 1.276833
>> κ and s1 jumps 113.596242
4. Prepare grid and mode functions.
>> s=-2 MSTModes 0.166934
>> MMp2gridL 0.661713
>> MMp2gridR 4.425191
>> s=-1 MSTModes 0.087634
>> MMp1gridL 0.039346
>> MMp1gridR 0.250937
>> s=0 MSTModes 0.140013
A. Fill 1D grid.
>> s = 2, UP ... 29.03225
>> s = 1, UP ... 6.870656
>> s = 0, UP ... 14.200122
>> s = 2, IN ... 8.501189
>> s = 1, IN ... 1.054695
>> s = 0, IN ... 1.974932
1. Preliminaries.
Calculating B-matrices and Eigenvalues
2. Generate MSTModes
>> Generate s=-2 MSTModes 92.566827
>> Generate s=-1 MSTModes 91.876539
>> Generate hκModes 120.625275
3. Jumps
>> 0.277151
>> 1.35965
>> 4.208394
>> 7.154635
>> 49.952955
>> 30.237812
>> LinearSolve for s1 and κ jumps 0.578802
>> κ and s1 jumps 94.375958
4. Prepare grid and mode functions.
>> s=-2 MSTModes 0.168094
>> MMp2gridL 0.625144
>> MMp2gridR 4.196167
>> s=-1 MSTModes 0.084219
>> MMp1gridL 0.038271
>> MMp1gridR 0.24015
>> s=0 MSTModes 0.135143
A. Fill 1D grid.
>> s = 2, UP ... 27.541198
>> s = 1, UP ... 6.431933
>> s = 0, UP ... 13.152544
>> s = 2, IN ... 8.253637
>> s = 1, IN ... 1.011433
>> s = 0, IN ... 1.866568
1. Preliminaries.
Calculating B-matrices and Eigenvalues
2. Generate MSTModes
>> Generate s=-2 MSTModes 101.495783
>> Generate s=-1 MSTModes 99.645485
>> Generate hκModes 116.386533
3. Jumps
>> 0.268877
>> 1.183696
>> 4.017482
>> 6.230526
>> 43.499896
>> 26.115783
>> LinearSolve for s1 and κ jumps 0.846837
>> κ and s1 jumps 82.622824
4. Prepare grid and mode functions.
>> s=-2 MSTModes 0.219627
>> MMp2gridL 0.619862
>> MMp2gridR 4.118797
>> s=-1 MSTModes 0.083919
>> MMp1gridL 0.038168
>> MMp1gridR 0.240009
>> s=0 MSTModes 0.130417
A. Fill 1D grid.
>> s = 2, UP ... 25.627157
>> s = 1, UP ... 5.383144
>> s = 0, UP ... 10.672173
>> s = 2, IN ... 8.063824
>> s = 1, IN ... 0.96356
>> s = 0, IN ... 1.799414
1. Preliminaries.
Calculating B-matrices and Eigenvalues
2. Generate MSTModes
>> Generate s=-2 MSTModes 109.455137
>> Generate s=-1 MSTModes 108.391445
