Task 531 on node678.cluster: a=0.8 r0=7.5
Job started: a = 0.8, r0 = 7.5, savepath = /lustre/astro/dyson/DataFiles/KerrCircDiskData/h1_radial
Warning: rstarmin is outside the allowed range.
Now we Calculate the Radiative Solutions
1. Preliminaries.
Calculating B-matrices and Eigenvalues
2. Generate MSTModes
>> Generate s=-2 MSTModes 52.097051
>> Generate s=-1 MSTModes 51.026219
>> Generate hκModes 131.856829
3. Jumps
>> 0.402286
>> 2.162637
>> 4.088367
>> 15.71832
>> 99.528601
>> 66.710752
>> LinearSolve for s1 and κ jumps 0.005311
>> κ and s1 jumps 189.654573
4. Prepare grid and mode functions.
>> s=-2 MSTModes 0.210645
>> MMp2gridL 0.613768
>> MMp2gridR 5.645743
>> s=-1 MSTModes 0.065899
>> MMp1gridL 0.025177
>> MMp1gridR 0.183126
>> s=0 MSTModes 0.154035
A. Fill 1D grid.
>> s = 2, UP ... 39.852683
>> s = 1, UP ... 1.415191
>> s = 0, UP ... 12.580332
>> s = 2, IN ... 7.642691
>> s = 1, IN ... 0.631018
>> s = 0, IN ... 1.598244
1. Preliminaries.
Calculating B-matrices and Eigenvalues
2. Generate MSTModes
>> Generate s=-2 MSTModes 60.428219
>> Generate s=-1 MSTModes 60.713631
>> Generate hκModes 134.819643
3. Jumps
>> 0.373002
>> 2.424306
>> 4.777693
>> 14.541982
>> 96.765397
>> 62.470078
>> LinearSolve for s1 and κ jumps 0.629075
>> κ and s1 jumps 182.830354
4. Prepare grid and mode functions.
>> s=-2 MSTModes 0.223168
>> MMp2gridL 0.6282
>> MMp2gridR 5.729739
>> s=-1 MSTModes 0.110806
>> MMp1gridL 0.038236
>> MMp1gridR 0.332827
>> s=0 MSTModes 0.171182
A. Fill 1D grid.
>> s = 2, UP ... 38.196126
>> s = 1, UP ... 8.343436
>> s = 0, UP ... 16.983156
>> s = 2, IN ... 7.714244
>> s = 1, IN ... 0.993869
>> s = 0, IN ... 1.811688
1. Preliminaries.
Calculating B-matrices and Eigenvalues
2. Generate MSTModes
>> Generate s=-2 MSTModes 70.213146
>> Generate s=-1 MSTModes 69.425753
>> Generate hκModes 135.058424
3. Jumps
>> 0.347017
>> 2.028125
>> 4.926665
>> 12.224983
>> 81.568029
>> 51.247223
>> LinearSolve for s1 and κ jumps 0.474441
>> κ and s1 jumps 153.687123
4. Prepare grid and mode functions.
>> s=-2 MSTModes 0.182998
>> MMp2gridL 0.576775
>> MMp2gridR 5.189517
>> s=-1 MSTModes 0.101446
>> MMp1gridL 0.034999
>> MMp1gridR 0.318044
>> s=0 MSTModes 0.16409
A. Fill 1D grid.
>> s = 2, UP ... 33.92207
>> s = 1, UP ... 7.347658
>> s = 0, UP ... 15.1401
>> s = 2, IN ... 6.999915
>> s = 1, IN ... 0.879601
>> s = 0, IN ... 1.61108
1. Preliminaries.
Calculating B-matrices and Eigenvalues
2. Generate MSTModes
>> Generate s=-2 MSTModes 75.705301
>> Generate s=-1 MSTModes 75.206229
>> Generate hκModes 128.859825
3. Jumps
>> 0.31187
>> 1.742285
>> 4.625768
>> 9.874809
>> 68.364589
>> 42.586112
>> LinearSolve for s1 and κ jumps 0.625032
>> κ and s1 jumps 128.778349
4. Prepare grid and mode functions.
>> s=-2 MSTModes 0.221628
>> MMp2gridL 0.542103
>> MMp2gridR 4.83959
>> s=-1 MSTModes 0.094928
>> MMp1gridL 0.032016
>> MMp1gridR 0.283378
>> s=0 MSTModes 0.154571
A. Fill 1D grid.
>> s = 2, UP ... 32.188934
>> s = 1, UP ... 7.301608
>> s = 0, UP ... 14.977122
>> s = 2, IN ... 6.84631
>> s = 1, IN ... 0.852379
>> s = 0, IN ... 1.544288
1. Preliminaries.
Calculating B-matrices and Eigenvalues
2. Generate MSTModes
>> Generate s=-2 MSTModes 88.163301
>> Generate s=-1 MSTModes 88.229923
>> Generate hκModes 130.744264
3. Jumps
>> 0.295527
>> 1.544281
>> 4.754452
>> 8.672601
>> 58.892029
>> 36.083476
>> LinearSolve for s1 and κ jumps 0.950742
>> κ and s1 jumps 111.858398
4. Prepare grid and mode functions.
>> s=-2 MSTModes 0.169234
>> MMp2gridL 0.5212
>> MMp2gridR 4.700658
>> s=-1 MSTModes 0.088961
>> MMp1gridL 0.031139
>> MMp1gridR 0.265663
>> s=0 MSTModes 0.144304
A. Fill 1D grid.
>> s = 2, UP ... 31.145266
>> s = 1, UP ... 7.56437
>> s = 0, UP ... 14.960922
>> s = 2, IN ... 6.688354
>> s = 1, IN ... 0.818536
>> s = 0, IN ... 1.481593
1. Preliminaries.
Calculating B-matrices and Eigenvalues
2. Generate MSTModes
>> Generate s=-2 MSTModes 99.303325
>> Generate s=-1 MSTModes 100.283389
>> Generate hκModes 129.546573
3. Jumps
>> 0.280439
>> 1.394472
>> 4.288513
>> 7.331252
>> 51.058843
>> 31.016498
>> LinearSolve for s1 and κ jumps 0.921579
>> κ and s1 jumps 96.911067
4. Prepare grid and mode functions.
>> s=-2 MSTModes 0.167313
>> MMp2gridL 0.488634
>> MMp2gridR 4.545547
>> s=-1 MSTModes 0.087034
>> MMp1gridL 0.030181
>> MMp1gridR 0.26003
>> s=0 MSTModes 0.137771
A. Fill 1D grid.
>> s = 2, UP ... 29.016197
>> s = 1, UP ... 6.39272
>> s = 0, UP ... 13.411548
>> s = 2, IN ... 6.634697
>> s = 1, IN ... 0.794256
>> s = 0, IN ... 1.454662
1. Preliminaries.
Calculating B-matrices and Eigenvalues
2. Generate MSTModes
>> Generate s=-2 MSTModes 112.82432
>> Generate s=-1 MSTModes 110.64719
