Task 622 on node678.cluster: a=0.9 r0=9.0
Job started: a = 0.9, r0 = 9., savepath = /lustre/astro/dyson/DataFiles/KerrCircDiskData/h1_radial
Warning: rstarmin is outside the allowed range.
Now we Calculate the Radiative Solutions
1. Preliminaries.
Calculating B-matrices and Eigenvalues
2. Generate MSTModes
>> Generate s=-2 MSTModes 53.667991
>> Generate s=-1 MSTModes 52.445922
>> Generate hκModes 133.819918
3. Jumps
>> 0.396887
>> 2.240362
>> 4.009812
>> 15.686443
>> 98.210494
>> 66.765639
>> LinearSolve for s1 and κ jumps 0.005102
>> κ and s1 jumps 188.393043
4. Prepare grid and mode functions.
>> s=-2 MSTModes 0.20925
>> MMp2gridL 0.762762
>> MMp2gridR 5.455532
>> s=-1 MSTModes 0.068045
>> MMp1gridL 0.031454
>> MMp1gridR 0.180266
>> s=0 MSTModes 0.161197
A. Fill 1D grid.
>> s = 2, UP ... 38.339349
>> s = 1, UP ... 1.389927
>> s = 0, UP ... 11.759318
>> s = 2, IN ... 9.377971
>> s = 1, IN ... 0.757314
>> s = 0, IN ... 2.035654
1. Preliminaries.
Calculating B-matrices and Eigenvalues
2. Generate MSTModes
>> Generate s=-2 MSTModes 62.243227
>> Generate s=-1 MSTModes 61.52624
>> Generate hκModes 128.571287
3. Jumps
>> 0.362102
>> 2.236438
>> 4.591608
>> 13.682562
>> 89.550874
>> 56.676245
>> LinearSolve for s1 and κ jumps 0.64473
>> κ and s1 jumps 168.583603
4. Prepare grid and mode functions.
>> s=-2 MSTModes 0.177653
>> MMp2gridL 0.707055
>> MMp2gridR 5.011611
>> s=-1 MSTModes 0.097042
>> MMp1gridL 0.041355
>> MMp1gridR 0.287442
>> s=0 MSTModes 0.156044
A. Fill 1D grid.
>> s = 2, UP ... 33.589969
>> s = 1, UP ... 7.617492
>> s = 0, UP ... 15.223628
>> s = 2, IN ... 8.419654
>> s = 1, IN ... 1.107081
>> s = 0, IN ... 2.064615
1. Preliminaries.
Calculating B-matrices and Eigenvalues
2. Generate MSTModes
>> Generate s=-2 MSTModes 65.160457
>> Generate s=-1 MSTModes 63.966101
>> Generate hκModes 123.295767
3. Jumps
>> 0.342701
>> 1.949937
>> 4.685737
>> 11.595346
>> 76.806277
>> 48.20532
>> LinearSolve for s1 and κ jumps 1.100591
>> κ and s1 jumps 145.41992
4. Prepare grid and mode functions.
>> s=-2 MSTModes 0.173866
>> MMp2gridL 0.679963
>> MMp2gridR 4.90988
>> s=-1 MSTModes 0.095971
>> MMp1gridL 0.041035
>> MMp1gridR 0.27807
>> s=0 MSTModes 0.149938
A. Fill 1D grid.
>> s = 2, UP ... 32.50271
>> s = 1, UP ... 7.291644
>> s = 0, UP ... 14.530267
>> s = 2, IN ... 8.307709
>> s = 1, IN ... 1.084724
>> s = 0, IN ... 1.97748
1. Preliminaries.
Calculating B-matrices and Eigenvalues
2. Generate MSTModes
>> Generate s=-2 MSTModes 74.611861
>> Generate s=-1 MSTModes 74.056276
>> Generate hκModes 123.015249
3. Jumps
>> 0.311519
>> 1.705055
>> 4.347122
>> 9.889103
>> 66.547335
>> 41.658362
>> LinearSolve for s1 and κ jumps 1.113444
>> κ and s1 jumps 126.268388
4. Prepare grid and mode functions.
>> s=-2 MSTModes 0.175364
>> MMp2gridL 0.648463
>> MMp2gridR 4.614724
>> s=-1 MSTModes 0.091158
>> MMp1gridL 0.03959
>> MMp1gridR 0.264795
>> s=0 MSTModes 0.146595
A. Fill 1D grid.
>> s = 2, UP ... 30.117541
>> s = 1, UP ... 6.521601
>> s = 0, UP ... 13.114237
>> s = 2, IN ... 8.07513
>> s = 1, IN ... 1.026559
>> s = 0, IN ... 1.901787
1. Preliminaries.
Calculating B-matrices and Eigenvalues
2. Generate MSTModes
>> Generate s=-2 MSTModes 83.18829
>> Generate s=-1 MSTModes 84.306715
>> Generate hκModes 121.271065
3. Jumps
>> 0.291365
>> 1.4867
>> 4.285698
>> 8.630227
>> 58.46078
>> 36.460127
>> LinearSolve for s1 and κ jumps 1.121175
>> κ and s1 jumps 111.310809
4. Prepare grid and mode functions.
>> s=-2 MSTModes 0.165774
>> MMp2gridL 0.624383
>> MMp2gridR 4.469857
>> s=-1 MSTModes 0.086375
>> MMp1gridL 0.038076
>> MMp1gridR 0.256055
>> s=0 MSTModes 0.141537
A. Fill 1D grid.
>> s = 2, UP ... 28.144445
>> s = 1, UP ... 6.001714
>> s = 0, UP ... 12.0933
>> s = 2, IN ... 7.970934
>> s = 1, IN ... 0.99576
>> s = 0, IN ... 1.849551
1. Preliminaries.
Calculating B-matrices and Eigenvalues
2. Generate MSTModes
>> Generate s=-2 MSTModes 96.354912
>> Generate s=-1 MSTModes 93.819747
>> Generate hκModes 117.48716
3. Jumps
>> 0.272577
>> 1.350656
>> 4.088437
>> 7.105258
>> 50.173927
>> 30.786903
>> LinearSolve for s1 and κ jumps 0.692755
>> κ and s1 jumps 95.046739
4. Prepare grid and mode functions.
>> s=-2 MSTModes 0.162701
>> MMp2gridL 0.610771
>> MMp2gridR 4.371458
>> s=-1 MSTModes 0.08652
>> MMp1gridL 0.037905
>> MMp1gridR 0.257794
>> s=0 MSTModes 0.14196
A. Fill 1D grid.
>> s = 2, UP ... 26.872311
>> s = 1, UP ... 5.796301
>> s = 0, UP ... 11.47336
>> s = 2, IN ... 7.902821
>> s = 1, IN ... 0.969145
>> s = 0, IN ... 1.777218
1. Preliminaries.
Calculating B-matrices and Eigenvalues
2. Generate MSTModes
>> Generate s=-2 MSTModes 105.457412
>> Generate s=-1 MSTModes 102.511945
>> Generate hκModes 115.736683
3. Jumps
>> 0.267575
>> 1.210208
>> 4.003279
>> 6.22822
>> 44.87176
>> 26.764958
>> LinearSolve for s1 and κ jumps 1.234856
>> κ and s1 jumps 85.117979
4. Prepare grid and mode functions.
>> s=-2 MSTModes 0.163251
>> MMp2gridL 0.572619
>> MMp2gridR 4.088964
>> s=-1 MSTModes 0.085471
>> MMp1gridL 0.036639
>> MMp1gridR 0.240458
>> s=0 MSTModes 0.141409
A. Fill 1D grid.
>> s = 2, UP ... 25.76687
>> s = 1, UP ... 5.578376
>> s = 0, UP ... 10.94377
>> s = 2, IN ... 7.587539
>> s = 1, IN ... 0.920212
>> s = 0, IN ... 1.6647
1. Preliminaries.
Calculating B-matrices and Eigenvalues
2. Generate MSTModes
>> Generate s=-2 MSTModes 111.604657
>> Generate s=-1 MSTModes 110.130827
