Task 178 on node678.cluster: a=0.2 r0=7.0
Job started: a = 0.2, r0 = 7., savepath = /lustre/astro/dyson/DataFiles/KerrCircDiskData/h1_radial
Warning: rstarmin is outside the allowed range.
Now we Calculate the Radiative Solutions
1. Preliminaries.
Calculating B-matrices and Eigenvalues
2. Generate MSTModes
>> Generate s=-2 MSTModes 51.188395
>> Generate s=-1 MSTModes 50.709045
>> Generate hκModes 144.307037
3. Jumps
>> 0.420713
>> 2.322139
>> 4.418263
>> 4.306635
>> 52.605081
>> 18.725878
>> LinearSolve for s1 and κ jumps 0.004877
>> κ and s1 jumps 83.754494
4. Prepare grid and mode functions.
>> s=-2 MSTModes 0.219626
>> MMp2gridL 0.57223
>> MMp2gridR 5.761222
>> s=-1 MSTModes 0.069134
>> MMp1gridL 0.024325
>> MMp1gridR 0.188956
>> s=0 MSTModes 0.157654
A. Fill 1D grid.
>> s = 2, UP ... 40.54022
>> s = 1, UP ... 1.450232
>> s = 0, UP ... 9.184124
>> s = 2, IN ... 7.107217
>> s = 1, IN ... 0.597119
>> s = 0, IN ... 1.20022
1. Preliminaries.
Calculating B-matrices and Eigenvalues
2. Generate MSTModes
>> Generate s=-2 MSTModes 61.25673
>> Generate s=-1 MSTModes 60.327172
>> Generate hκModes 143.818172
3. Jumps
>> 0.391329
>> 2.436061
>> 5.098786
>> 4.021108
>> 51.856705
>> 17.632709
>> LinearSolve for s1 and κ jumps 1.039551
>> κ and s1 jumps 83.224943
4. Prepare grid and mode functions.
>> s=-2 MSTModes 0.208997
>> MMp2gridL 0.565273
>> MMp2gridR 5.845998
>> s=-1 MSTModes 0.10981
>> MMp1gridL 0.034523
>> MMp1gridR 0.344245
>> s=0 MSTModes 0.176193
A. Fill 1D grid.
>> s = 2, UP ... 39.203335
>> s = 1, UP ... 9.417594
>> s = 0, UP ... 12.605885
>> s = 2, IN ... 7.072148
>> s = 1, IN ... 0.918376
>> s = 0, IN ... 1.313787
1. Preliminaries.
Calculating B-matrices and Eigenvalues
2. Generate MSTModes
>> Generate s=-2 MSTModes 70.024763
>> Generate s=-1 MSTModes 70.466246
>> Generate hκModes 145.340487
3. Jumps
>> 0.367972
>> 2.210705
>> 5.13583
>> 12.615277
>> 83.272958
>> 51.877337
>> LinearSolve for s1 and κ jumps 0.838334
>> κ and s1 jumps 157.155976
4. Prepare grid and mode functions.
>> s=-2 MSTModes 0.192235
>> MMp2gridL 0.54989
>> MMp2gridR 5.586592
>> s=-1 MSTModes 0.107413
>> MMp1gridL 0.034097
>> MMp1gridR 0.328082
>> s=0 MSTModes 0.168102
A. Fill 1D grid.
>> s = 2, UP ... 37.204378
>> s = 1, UP ... 8.470267
>> s = 0, UP ... 16.691219
>> s = 2, IN ... 7.033923
>> s = 1, IN ... 0.885402
>> s = 0, IN ... 1.587512
1. Preliminaries.
Calculating B-matrices and Eigenvalues
2. Generate MSTModes
>> Generate s=-2 MSTModes 82.204228
>> Generate s=-1 MSTModes 82.041867
>> Generate hκModes 142.278263
3. Jumps
>> 0.327155
>> 1.817153
>> 4.980723
>> 10.747038
>> 72.317565
>> 46.050054
>> LinearSolve for s1 and κ jumps 1.181961
>> κ and s1 jumps 138.151057
4. Prepare grid and mode functions.
>> s=-2 MSTModes 0.194051
>> MMp2gridL 0.540529
>> MMp2gridR 5.492289
>> s=-1 MSTModes 0.103104
>> MMp1gridL 0.032327
>> MMp1gridR 0.312337
>> s=0 MSTModes 0.162517
A. Fill 1D grid.
>> s = 2, UP ... 35.404052
>> s = 1, UP ... 7.805105
>> s = 0, UP ... 16.373427
>> s = 2, IN ... 6.977862
>> s = 1, IN ... 0.870332
>> s = 0, IN ... 1.58581
1. Preliminaries.
Calculating B-matrices and Eigenvalues
2. Generate MSTModes
>> Generate s=-2 MSTModes 94.358989
>> Generate s=-1 MSTModes 92.872438
>> Generate hκModes 140.840555
3. Jumps
>> 0.327037
>> 1.696117
>> 4.999566
>> 9.639972
>> 65.17453
>> 40.670814
>> LinearSolve for s1 and κ jumps 1.395588
>> κ and s1 jumps 124.575426
4. Prepare grid and mode functions.
>> s=-2 MSTModes 0.186355
>> MMp2gridL 0.517194
>> MMp2gridR 5.247828
>> s=-1 MSTModes 0.098371
>> MMp1gridL 0.031758
>> MMp1gridR 0.299491
>> s=0 MSTModes 0.163288
A. Fill 1D grid.
>> s = 2, UP ... 32.934809
>> s = 1, UP ... 7.109894
>> s = 0, UP ... 14.688615
>> s = 2, IN ... 6.697308
>> s = 1, IN ... 0.820318
>> s = 0, IN ... 1.487889
1. Preliminaries.
Calculating B-matrices and Eigenvalues
2. Generate MSTModes
>> Generate s=-2 MSTModes 106.234274
>> Generate s=-1 MSTModes 105.861332
>> Generate hκModes 144.615713
3. Jumps
>> 0.313202
>> 1.529973
>> 4.848782
>> 8.375207
>> 56.84629
>> 34.042205
>> LinearSolve for s1 and κ jumps 0.739639
>> κ and s1 jumps 107.351196
4. Prepare grid and mode functions.
>> s=-2 MSTModes 0.175363
>> MMp2gridL 0.47426
>> MMp2gridR 5.015596
>> s=-1 MSTModes 0.093546
>> MMp1gridL 0.029936
>> MMp1gridR 0.283182
>> s=0 MSTModes 0.145463
A. Fill 1D grid.
>> s = 2, UP ... 31.006009
>> s = 1, UP ... 7.128751
>> s = 0, UP ... 13.900662
>> s = 2, IN ... 6.473308
>> s = 1, IN ... 0.765097
>> s = 0, IN ... 1.386169
1. Preliminaries.
Calculating B-matrices and Eigenvalues
2. Generate MSTModes
>> Generate s=-2 MSTModes 116.986033
>> Generate s=-1 MSTModes 117.209121
