Task 550 on node657.cluster: a=0.8 r0=17.0
Job started: a = 0.8, r0 = 17., savepath = /lustre/astro/dyson/DataFiles/KerrCircDiskData/h1_radial
Warning: rstarmin is outside the allowed range.
Now we Calculate the Radiative Solutions
1. Preliminaries.
Calculating B-matrices and Eigenvalues
2. Generate MSTModes
>> Generate s=-2 MSTModes 49.450636
>> Generate s=-1 MSTModes 48.958477
>> Generate hκModes 116.047837
3. Jumps
>> 0.334468
>> 1.939206
>> 3.017943
>> 3.444238
>> 43.923242
>> 15.919561
>> LinearSolve for s1 and κ jumps 0.003743
>> κ and s1 jumps 69.401226
4. Prepare grid and mode functions.
>> s=-2 MSTModes 0.190688
>> MMp2gridL 1.34069
>> MMp2gridR 3.851446
>> s=-1 MSTModes 0.058537
>> MMp1gridL 0.052106
>> MMp1gridR 0.129573
>> s=0 MSTModes 0.132375
A. Fill 1D grid.
>> s = 2, UP ... 26.831705
>> s = 1, UP ... 1.031848
>> s = 0, UP ... 6.064277
>> s = 2, IN ... 15.528975
>> s = 1, IN ... 1.161
>> s = 0, IN ... 2.750003
1. Preliminaries.
Calculating B-matrices and Eigenvalues
2. Generate MSTModes
>> Generate s=-2 MSTModes 53.925292
>> Generate s=-1 MSTModes 54.453282
>> Generate hκModes 109.016573
3. Jumps
>> 0.305239
>> 1.979278
>> 3.35308
>> 3.179291
>> 42.723038
>> 14.567897
>> LinearSolve for s1 and κ jumps 1.165392
>> κ and s1 jumps 67.969471
4. Prepare grid and mode functions.
>> s=-2 MSTModes 0.170871
>> MMp2gridL 1.371084
>> MMp2gridR 3.967117
>> s=-1 MSTModes 0.092985
>> MMp1gridL 0.080671
>> MMp1gridR 0.231955
>> s=0 MSTModes 0.152186
A. Fill 1D grid.
>> s = 2, UP ... 26.91062
>> s = 1, UP ... 5.740732
>> s = 0, UP ... 8.289972
>> s = 2, IN ... 15.906885
>> s = 1, IN ... 2.146983
>> s = 0, IN ... 3.175181
1. Preliminaries.
Calculating B-matrices and Eigenvalues
2. Generate MSTModes
>> Generate s=-2 MSTModes 62.466703
>> Generate s=-1 MSTModes 62.511045
>> Generate hκModes 107.186386
3. Jumps
>> 0.309161
>> 1.797265
>> 3.582377
>> 10.315498
>> 71.56725
>> 45.669258
>> LinearSolve for s1 and κ jumps 1.046968
>> κ and s1 jumps 135.069964
4. Prepare grid and mode functions.
>> s=-2 MSTModes 0.173595
>> MMp2gridL 1.342082
>> MMp2gridR 3.905817
>> s=-1 MSTModes 0.091728
>> MMp1gridL 0.078683
>> MMp1gridR 0.227258
>> s=0 MSTModes 0.148644
A. Fill 1D grid.
>> s = 2, UP ... 26.208614
>> s = 1, UP ... 5.803432
>> s = 0, UP ... 11.155151
>> s = 2, IN ... 15.99111
>> s = 1, IN ... 2.113027
>> s = 0, IN ... 4.01571
1. Preliminaries.
Calculating B-matrices and Eigenvalues
2. Generate MSTModes
>> Generate s=-2 MSTModes 68.598551
>> Generate s=-1 MSTModes 67.733469
>> Generate hκModes 102.87188
3. Jumps
>> 0.290282
>> 1.663375
>> 3.759651
>> 11.077466
>> 70.76851
>> 46.661858
>> LinearSolve for s1 and κ jumps 1.166556
>> κ and s1 jumps 136.053433
4. Prepare grid and mode functions.
>> s=-2 MSTModes 0.16576
>> MMp2gridL 1.316328
>> MMp2gridR 3.787911
>> s=-1 MSTModes 0.089686
>> MMp1gridL 0.076605
>> MMp1gridR 0.220271
>> s=0 MSTModes 0.146146
A. Fill 1D grid.
>> s = 2, UP ... 24.83279
>> s = 1, UP ... 5.41867
>> s = 0, UP ... 10.650689
>> s = 2, IN ... 15.553017
>> s = 1, IN ... 2.015157
>> s = 0, IN ... 3.894049
1. Preliminaries.
Calculating B-matrices and Eigenvalues
2. Generate MSTModes
>> Generate s=-2 MSTModes 72.820621
>> Generate s=-1 MSTModes 72.77958
>> Generate hκModes 100.265038
3. Jumps
>> 0.282202
>> 1.478639
>> 3.609754
>> 8.262887
>> 57.163253
>> 35.833456
>> LinearSolve for s1 and κ jumps 1.179639
>> κ and s1 jumps 108.432956
4. Prepare grid and mode functions.
>> s=-2 MSTModes 0.16315
>> MMp2gridL 1.243837
>> MMp2gridR 3.60125
>> s=-1 MSTModes 0.086426
>> MMp1gridL 0.075218
>> MMp1gridR 0.210825
>> s=0 MSTModes 0.140754
A. Fill 1D grid.
>> s = 2, UP ... 23.456356
>> s = 1, UP ... 4.981174
>> s = 0, UP ... 9.864953
>> s = 2, IN ... 15.148688
>> s = 1, IN ... 1.938
>> s = 0, IN ... 3.721018
1. Preliminaries.
Calculating B-matrices and Eigenvalues
2. Generate MSTModes
>> Generate s=-2 MSTModes 78.4919
>> Generate s=-1 MSTModes 78.674249
>> Generate hκModes 97.536112
3. Jumps
>> 0.270865
>> 1.325585
>> 3.60685
>> 7.133098
>> 49.459131
>> 30.621498
>> LinearSolve for s1 and κ jumps 0.732892
>> κ and s1 jumps 93.771777
4. Prepare grid and mode functions.
>> s=-2 MSTModes 0.162621
>> MMp2gridL 1.21133
>> MMp2gridR 3.541236
>> s=-1 MSTModes 0.085288
>> MMp1gridL 0.074132
>> MMp1gridR 0.205117
>> s=0 MSTModes 0.13488
A. Fill 1D grid.
>> s = 2, UP ... 22.304679
>> s = 1, UP ... 4.717721
>> s = 0, UP ... 9.531455
>> s = 2, IN ... 15.012326
>> s = 1, IN ... 1.88606
>> s = 0, IN ... 3.59426
1. Preliminaries.
Calculating B-matrices and Eigenvalues
2. Generate MSTModes
>> Generate s=-2 MSTModes 84.111817
>> Generate s=-1 MSTModes 84.989047
>> Generate hκModes 95.11589
3. Jumps
>> 0.257213
>> 1.164946
>> 3.576246
>> 6.135027
>> 43.492347
>> 26.281604
>> LinearSolve for s1 and κ jumps 0.949178
>> κ and s1 jumps 82.42906
4. Prepare grid and mode functions.
>> s=-2 MSTModes 0.153569
>> MMp2gridL 1.161443
>> MMp2gridR 3.382365
>> s=-1 MSTModes 0.081835
>> MMp1gridL 0.07195
>> MMp1gridR 0.199732
>> s=0 MSTModes 0.127131
A. Fill 1D grid.
>> s = 2, UP ... 21.237963
>> s = 1, UP ... 4.665212
>> s = 0, UP ... 9.060135
>> s = 2, IN ... 14.937917
>> s = 1, IN ... 1.825493
>> s = 0, IN ... 3.440245
1. Preliminaries.
Calculating B-matrices and Eigenvalues
2. Generate MSTModes
>> Generate s=-2 MSTModes 90.069499
>> Generate s=-1 MSTModes 90.417091
>> Generate hκModes 92.688166
3. Jumps
>> 0.241962
>> 1.037457
>> 3.642916
>> 5.322929
>> 37.696229
>> 22.638372
>> LinearSolve for s1 and κ jumps 1.215598
>> κ and s1 jumps 72.301813
4. Prepare grid and mode functions.
>> s=-2 MSTModes 0.149611
>> MMp2gridL 1.127761
>> MMp2gridR 3.262288
>> s=-1 MSTModes 0.077202
>> MMp1gridL 0.068306
>> MMp1gridR 0.194707
>> s=0 MSTModes 0.124402
A. Fill 1D grid.
>> s = 2, UP ... 20.2876
>> s = 1, UP ... 4.32886
>> s = 0, UP ... 8.591762
>> s = 2, IN ... 14.476538
>> s = 1, IN ... 1.743917
>> s = 0, IN ... 3.25754
1. Preliminaries.
Calculating B-matrices and Eigenvalues
2. Generate MSTModes
>> Generate s=-2 MSTModes 95.494518
>> Generate s=-1 MSTModes 95.157031
>> Generate hκModes 90.085305
3. Jumps
>> 0.238832
>> 0.962514
>> 3.2379
>> 4.396703
>> 33.122217
>> 19.25982
>> LinearSolve for s1 and κ jumps 0.008422
>> κ and s1 jumps 61.59801
4. Prepare grid and mode functions.
>> s=-2 MSTModes 0.171605
>> MMp2gridL 1.0486
>> MMp2gridR 3.005995
>> s=-1 MSTModes 0.073172
>> MMp1gridL 0.065605
>> MMp1gridR 0.182774
>> s=0 MSTModes 0.118696
A. Fill 1D grid.
>> s = 2, UP ... 18.605617
>> s = 1, UP ... 3.978822
>> s = 0, UP ... 7.665707
>> s = 2, IN ... 14.002617
>> s = 1, IN ... 1.634603
>> s = 0, IN ... 3.081013
1. Preliminaries.
Calculating B-matrices and Eigenvalues
2. Generate MSTModes
>> Generate s=-2 MSTModes 97.417957
>> Generate s=-1 MSTModes 96.545047
