Task 698 on node678.cluster: a=0.9 r0=47.0
Job started: a = 0.9, r0 = 47., savepath = /lustre/astro/dyson/DataFiles/KerrCircDiskData/h1_radial
Warning: rstarmin is outside the allowed range.
Now we Calculate the Radiative Solutions
1. Preliminaries.
Calculating B-matrices and Eigenvalues
2. Generate MSTModes
>> Generate s=-2 MSTModes 57.695148
>> Generate s=-1 MSTModes 55.451365

MetricReconstructRadiative`Private`hκTSolve::icaccuraccy: Warning: asymptotic expansion of order 40 at r=4000.000000000000000000000000000000000000000000000000000000000000 provides insufficiently accurate initial conditions to meet PrecsionGoal, 24.

MetricReconstructRadiative`Private`hκTSolve::icaccuraccy: Warning: asymptotic expansion of order 40 at r=4000.000000000000000000000000000000000000000000000000000000000000 provides insufficiently accurate initial conditions to meet PrecsionGoal, 24.

MetricReconstructRadiative`Private`hκTSolve::icaccuraccy: Warning: asymptotic expansion of order 40 at r=4000.000000000000000000000000000000000000000000000000000000000000 provides insufficiently accurate initial conditions to meet PrecsionGoal, 24.

General::stop: Further output of MetricReconstructRadiative`Private`hκTSolve::icaccuraccy will be suppressed during this calculation.
>> Generate hκModes 146.61803
3. Jumps
>> 0.377318
>> 2.283177
>> 3.352492
>> 4.17968
>> 51.292424
>> 18.537546
>> LinearSolve for s1 and κ jumps 0.038029
>> κ and s1 jumps 80.996067
4. Prepare grid and mode functions.
>> s=-2 MSTModes 0.202581
>> MMp2gridL 4.671738
>> MMp2gridR 1.443073
>> s=-1 MSTModes 0.066887
>> MMp1gridL 0.155891
>> MMp1gridR 0.055308
>> s=0 MSTModes 0.155949
A. Fill 1D grid.
>> s = 2, UP ... 17.061639
>> s = 1, UP ... 1.307745
>> s = 0, UP ... 3.186926
>> s = 2, IN ... 32.356708
>> s = 1, IN ... 1.211228
>> s = 0, IN ... 7.030576
1. Preliminaries.
Calculating B-matrices and Eigenvalues
2. Generate MSTModes
>> Generate s=-2 MSTModes 66.319685
>> Generate s=-1 MSTModes 64.07585
>> Generate hκModes 123.395969
3. Jumps
>> 0.329787
>> 2.096958
>> 3.212018
>> 3.366997
>> 45.028573
>> 15.265956
>> LinearSolve for s1 and κ jumps 0.641515
>> κ and s1 jumps 70.604005
4. Prepare grid and mode functions.
>> s=-2 MSTModes 0.201319
>> MMp2gridL 4.348106
>> MMp2gridR 1.333283
>> s=-1 MSTModes 0.095207
>> MMp1gridL 0.247214
>> MMp1gridR 0.076861
>> s=0 MSTModes 0.153698
A. Fill 1D grid.
>> s = 2, UP ... 15.364082
>> s = 1, UP ... 2.046383
>> s = 0, UP ... 3.129702
>> s = 2, IN ... 28.320924
>> s = 1, IN ... 5.997997
>> s = 0, IN ... 8.521691
1. Preliminaries.
Calculating B-matrices and Eigenvalues
2. Generate MSTModes
>> Generate s=-2 MSTModes 70.489703
>> Generate s=-1 MSTModes 70.865452
>> Generate hκModes 116.707804
3. Jumps
>> 0.322694
>> 1.877991
>> 3.174382
>> 2.962326
>> 40.449377
>> 13.253419
>> LinearSolve for s1 and κ jumps 0.839377
>> κ and s1 jumps 63.476771
4. Prepare grid and mode functions.
>> s=-2 MSTModes 0.215599
>> MMp2gridL 4.125334
>> MMp2gridR 1.267216
>> s=-1 MSTModes 0.093613
>> MMp1gridL 0.241654
>> MMp1gridR 0.074804
>> s=0 MSTModes 0.157737
A. Fill 1D grid.
>> s = 2, UP ... 15.059649
>> s = 1, UP ... 1.984274
>> s = 0, UP ... 3.035457
>> s = 2, IN ... 27.292909
>> s = 1, IN ... 5.754267
>> s = 0, IN ... 8.116599
1. Preliminaries.
Calculating B-matrices and Eigenvalues
2. Generate MSTModes
>> Generate s=-2 MSTModes 78.544691
>> Generate s=-1 MSTModes 79.839327
>> Generate hκModes 110.611702
3. Jumps
>> 0.309353
>> 1.754542
>> 3.218398
>> 2.610193
>> 36.254293
>> 11.637598
>> LinearSolve for s1 and κ jumps 0.892647
>> κ and s1 jumps 57.246192
4. Prepare grid and mode functions.
>> s=-2 MSTModes 0.197737
>> MMp2gridL 3.978693
>> MMp2gridR 1.219098
>> s=-1 MSTModes 0.091654
>> MMp1gridL 0.249274
>> MMp1gridR 0.072978
>> s=0 MSTModes 0.150565
A. Fill 1D grid.
>> s = 2, UP ... 14.73048
>> s = 1, UP ... 1.903364
>> s = 0, UP ... 2.986355
>> s = 2, IN ... 25.746384
>> s = 1, IN ... 5.483216
>> s = 0, IN ... 7.679356
1. Preliminaries.
Calculating B-matrices and Eigenvalues
2. Generate MSTModes
>> Generate s=-2 MSTModes 83.054386
>> Generate s=-1 MSTModes 84.060951
>> Generate hκModes 105.449336
3. Jumps
>> 0.295297
>> 1.531948
>> 3.252349
>> 2.290814
>> 32.338828
>> 10.147271
>> LinearSolve for s1 and κ jumps 0.960934
>> κ and s1 jumps 51.415582
4. Prepare grid and mode functions.
>> s=-2 MSTModes 0.168146
>> MMp2gridL 3.829952
>> MMp2gridR 1.179228
>> s=-1 MSTModes 0.089153
>> MMp1gridL 0.228512
>> MMp1gridR 0.069029
>> s=0 MSTModes 0.141822
A. Fill 1D grid.
>> s = 2, UP ... 14.392601
>> s = 1, UP ... 1.82033
>> s = 0, UP ... 2.873842
>> s = 2, IN ... 24.496765
>> s = 1, IN ... 5.190774
>> s = 0, IN ... 7.366929
1. Preliminaries.
Calculating B-matrices and Eigenvalues
2. Generate MSTModes
>> Generate s=-2 MSTModes 88.007837
>> Generate s=-1 MSTModes 87.396663
>> Generate hκModes 100.266315
3. Jumps
>> 0.282179
>> 1.412994
>> 3.30442
>> 2.072295
>> 29.593397
>> 9.156291
>> LinearSolve for s1 and κ jumps 0.442765
>> κ and s1 jumps 46.743676
4. Prepare grid and mode functions.
>> s=-2 MSTModes 0.235745
>> MMp2gridL 3.738401
>> MMp2gridR 1.142157
>> s=-1 MSTModes 0.085593
>> MMp1gridL 0.220316
>> MMp1gridR 0.067364
>> s=0 MSTModes 0.140566
A. Fill 1D grid.
>> s = 2, UP ... 14.200722
>> s = 1, UP ... 1.779477
>> s = 0, UP ... 2.792831
>> s = 2, IN ... 23.619965
>> s = 1, IN ... 5.023359
>> s = 0, IN ... 7.032443
1. Preliminaries.
Calculating B-matrices and Eigenvalues
2. Generate MSTModes
>> Generate s=-2 MSTModes 92.120563
>> Generate s=-1 MSTModes 90.667049
>> Generate hκModes 94.691349
3. Jumps
>> 0.273336
>> 1.321749
>> 2.89037
>> 1.674631
>> 25.673335
>> 7.594803
>> LinearSolve for s1 and κ jumps 1.203137
>> κ and s1 jumps 41.125716
4. Prepare grid and mode functions.
>> s=-2 MSTModes 0.155992
>> MMp2gridL 3.632785
>> MMp2gridR 1.105686
>> s=-1 MSTModes 0.082898
>> MMp1gridL 0.21317
>> MMp1gridR 0.066284
>> s=0 MSTModes 0.132512
A. Fill 1D grid.
>> s = 2, UP ... 14.139498
>> s = 1, UP ... 1.741613
>> s = 0, UP ... 2.76128
>> s = 2, IN ... 22.58164
>> s = 1, IN ... 4.740783
>> s = 0, IN ... 6.571879
1. Preliminaries.
Calculating B-matrices and Eigenvalues
2. Generate MSTModes
>> Generate s=-2 MSTModes 95.949317
>> Generate s=-1 MSTModes 92.969238
>> Generate hκModes 89.379847
3. Jumps
>> 0.257123
>> 1.08083
>> 2.727901
>> 1.485643
>> 22.607416
>> 6.668772
>> LinearSolve for s1 and κ jumps 0.622612
>> κ and s1 jumps 35.885186
4. Prepare grid and mode functions.
>> s=-2 MSTModes 0.156489
>> MMp2gridL 3.400734
>> MMp2gridR 1.057213
>> s=-1 MSTModes 0.078597
>> MMp1gridL 0.205022
>> MMp1gridR 0.062811
>> s=0 MSTModes 0.128006
A. Fill 1D grid.
>> s = 2, UP ... 13.713021
>> s = 1, UP ... 1.614116
>> s = 0, UP ... 2.607521
>> s = 2, IN ... 21.187631
>> s = 1, IN ... 4.480679
>> s = 0, IN ... 6.288072
1. Preliminaries.
Calculating B-matrices and Eigenvalues
2. Generate MSTModes
>> Generate s=-2 MSTModes 99.168541
>> Generate s=-1 MSTModes 95.750667
>> Generate hκModes 82.612726
3. Jumps
>> 0.240124
>> 0.994882
>> 2.478366
>> 1.28588
>> 19.655689
>> 5.649121
>> LinearSolve for s1 and κ jumps 0.007646
>> κ and s1 jumps 30.628457
4. Prepare grid and mode functions.
>> s=-2 MSTModes 0.175962
>> MMp2gridL 3.132368
>> MMp2gridR 0.959229
>> s=-1 MSTModes 0.072955
>> MMp1gridL 0.187148
>> MMp1gridR 0.058202
>> s=0 MSTModes 0.117967
A. Fill 1D grid.
>> s = 2, UP ... 12.810839
>> s = 1, UP ... 1.491952
>> s = 0, UP ... 2.437452
>> s = 2, IN ... 18.756966
>> s = 1, IN ... 3.968393
>> s = 0, IN ... 5.605403
1. Preliminaries.
Calculating B-matrices and Eigenvalues
2. Generate MSTModes
>> Generate s=-2 MSTModes 96.301842
>> Generate s=-1 MSTModes 93.835453
