Task 546 on node678.cluster: a=0.8 r0=15.0
Job started: a = 0.8, r0 = 15., savepath = /lustre/astro/dyson/DataFiles/KerrCircDiskData/h1_radial
Warning: rstarmin is outside the allowed range.
Now we Calculate the Radiative Solutions
1. Preliminaries.
Calculating B-matrices and Eigenvalues
2. Generate MSTModes
>> Generate s=-2 MSTModes 54.595337
>> Generate s=-1 MSTModes 53.8864
>> Generate hκModes 133.773896
3. Jumps
>> 0.390408
>> 2.250579
>> 3.682672
>> 4.133651
>> 50.485099
>> 18.677825
>> LinearSolve for s1 and κ jumps 0.005151
>> κ and s1 jumps 80.557665
4. Prepare grid and mode functions.
>> s=-2 MSTModes 0.218487
>> MMp2gridL 1.380674
>> MMp2gridR 4.827436
>> s=-1 MSTModes 0.066153
>> MMp1gridL 0.052588
>> MMp1gridR 0.157833
>> s=0 MSTModes 0.149279
A. Fill 1D grid.
>> s = 2, UP ... 33.82673
>> s = 1, UP ... 1.24609
>> s = 0, UP ... 7.615378
>> s = 2, IN ... 16.261615
>> s = 1, IN ... 1.212288
>> s = 0, IN ... 2.907443
1. Preliminaries.
Calculating B-matrices and Eigenvalues
2. Generate MSTModes
>> Generate s=-2 MSTModes 63.528207
>> Generate s=-1 MSTModes 62.282882
>> Generate hκModes 128.09781
3. Jumps
>> 0.369764
>> 2.363813
>> 4.120839
>> 3.641863
>> 50.945535
>> 16.908589
>> LinearSolve for s1 and κ jumps 0.266543
>> κ and s1 jumps 79.419973
4. Prepare grid and mode functions.
>> s=-2 MSTModes 0.215449
>> MMp2gridL 1.371086
>> MMp2gridR 4.86273
>> s=-1 MSTModes 0.104769
>> MMp1gridL 0.081606
>> MMp1gridR 0.278472
>> s=0 MSTModes 0.165867
A. Fill 1D grid.
>> s = 2, UP ... 32.616061
>> s = 1, UP ... 7.182825
>> s = 0, UP ... 10.073043
>> s = 2, IN ... 16.238956
>> s = 1, IN ... 2.148386
>> s = 0, IN ... 3.205643
1. Preliminaries.
Calculating B-matrices and Eigenvalues
2. Generate MSTModes
>> Generate s=-2 MSTModes 69.743467
>> Generate s=-1 MSTModes 69.508501
>> Generate hκModes 123.154785
3. Jumps
>> 0.352046
>> 2.078057
>> 4.213905
>> 12.476719
>> 82.679964
>> 53.118773
>> LinearSolve for s1 and κ jumps 0.243205
>> κ and s1 jumps 155.88012
4. Prepare grid and mode functions.
>> s=-2 MSTModes 0.206512
>> MMp2gridL 1.289194
>> MMp2gridR 4.443026
>> s=-1 MSTModes 0.10205
>> MMp1gridL 0.077798
>> MMp1gridR 0.260777
>> s=0 MSTModes 0.154145
A. Fill 1D grid.
>> s = 2, UP ... 29.548286
>> s = 1, UP ... 6.28756
>> s = 0, UP ... 12.713174
>> s = 2, IN ... 14.970938
>> s = 1, IN ... 1.972322
>> s = 0, IN ... 3.742245
1. Preliminaries.
Calculating B-matrices and Eigenvalues
2. Generate MSTModes
>> Generate s=-2 MSTModes 71.476773
>> Generate s=-1 MSTModes 70.799686
>> Generate hκModes 111.859041
3. Jumps
>> 0.312639
>> 1.803785
>> 3.94419
>> 10.079253
>> 70.095995
>> 44.315895
>> LinearSolve for s1 and κ jumps 1.275792
>> κ and s1 jumps 132.514255
4. Prepare grid and mode functions.
>> s=-2 MSTModes 0.173619
>> MMp2gridL 1.218508
>> MMp2gridR 4.20233
>> s=-1 MSTModes 0.09361
>> MMp1gridL 0.071685
>> MMp1gridR 0.247694
>> s=0 MSTModes 0.150906
A. Fill 1D grid.
>> s = 2, UP ... 27.860965
>> s = 1, UP ... 5.840555
>> s = 0, UP ... 11.925692
>> s = 2, IN ... 14.681208
>> s = 1, IN ... 1.894903
>> s = 0, IN ... 3.598294
1. Preliminaries.
Calculating B-matrices and Eigenvalues
2. Generate MSTModes
>> Generate s=-2 MSTModes 77.790392
>> Generate s=-1 MSTModes 77.601719
>> Generate hκModes 109.223311
3. Jumps
>> 0.305534
>> 1.638899
>> 3.944964
>> 9.107372
>> 63.10837
>> 39.216549
>> LinearSolve for s1 and κ jumps 1.111801
>> κ and s1 jumps 119.094946
4. Prepare grid and mode functions.
>> s=-2 MSTModes 0.17243
>> MMp2gridL 1.14879
>> MMp2gridR 4.020954
>> s=-1 MSTModes 0.090688
>> MMp1gridL 0.069717
>> MMp1gridR 0.234916
>> s=0 MSTModes 0.146992
A. Fill 1D grid.
>> s = 2, UP ... 26.097995
>> s = 1, UP ... 5.621738
>> s = 0, UP ... 11.094214
>> s = 2, IN ... 14.126943
>> s = 1, IN ... 1.7956
>> s = 0, IN ... 3.413796
1. Preliminaries.
Calculating B-matrices and Eigenvalues
2. Generate MSTModes
>> Generate s=-2 MSTModes 84.462746
>> Generate s=-1 MSTModes 82.669822
>> Generate hκModes 107.294315
3. Jumps
>> 0.288421
>> 1.414724
>> 3.910085
>> 7.469359
>> 52.811194
>> 32.303559
>> LinearSolve for s1 and κ jumps 1.177408
>> κ and s1 jumps 99.942219
4. Prepare grid and mode functions.
>> s=-2 MSTModes 0.162453
>> MMp2gridL 1.089587
>> MMp2gridR 3.873764
>> s=-1 MSTModes 0.086672
>> MMp1gridL 0.068201
>> MMp1gridR 0.227539
>> s=0 MSTModes 0.141076
A. Fill 1D grid.
>> s = 2, UP ... 24.663906
>> s = 1, UP ... 5.464258
>> s = 0, UP ... 10.746213
>> s = 2, IN ... 13.913074
>> s = 1, IN ... 1.726178
>> s = 0, IN ... 3.245944
1. Preliminaries.
Calculating B-matrices and Eigenvalues
2. Generate MSTModes
>> Generate s=-2 MSTModes 89.559237
>> Generate s=-1 MSTModes 88.404331
>> Generate hκModes 104.656133
3. Jumps
>> 0.276881
>> 1.329845
>> 3.832618
>> 6.450773
>> 47.875952
>> 28.105175
>> LinearSolve for s1 and κ jumps 1.223383
>> κ and s1 jumps 89.617831
4. Prepare grid and mode functions.
>> s=-2 MSTModes 0.158971
>> MMp2gridL 1.055786
>> MMp2gridR 3.666355
>> s=-1 MSTModes 0.082086
>> MMp1gridL 0.064168
>> MMp1gridR 0.215848
>> s=0 MSTModes 0.130989
A. Fill 1D grid.
>> s = 2, UP ... 23.226814
>> s = 1, UP ... 5.103526
>> s = 0, UP ... 10.083801
>> s = 2, IN ... 13.540114
>> s = 1, IN ... 1.675039
>> s = 0, IN ... 3.094745
1. Preliminaries.
Calculating B-matrices and Eigenvalues
2. Generate MSTModes
>> Generate s=-2 MSTModes 93.596734
>> Generate s=-1 MSTModes 93.433442
>> Generate hκModes 101.183567
3. Jumps
>> 0.260814
>> 1.132635
>> 3.788665
>> 5.320724
>> 39.652683
>> 23.022913
>> LinearSolve for s1 and κ jumps 0.950547
>> κ and s1 jumps 74.649964
4. Prepare grid and mode functions.
>> s=-2 MSTModes 0.147321
>> MMp2gridL 0.980649
>> MMp2gridR 3.462259
>> s=-1 MSTModes 0.079757
>> MMp1gridL 0.060507
>> MMp1gridR 0.206054
>> s=0 MSTModes 0.125133
A. Fill 1D grid.
>> s = 2, UP ... 21.857051
>> s = 1, UP ... 4.815975
>> s = 0, UP ... 9.33923
>> s = 2, IN ... 13.048598
>> s = 1, IN ... 1.586178
>> s = 0, IN ... 2.927185
1. Preliminaries.
Calculating B-matrices and Eigenvalues
2. Generate MSTModes
>> Generate s=-2 MSTModes 97.824157
>> Generate s=-1 MSTModes 98.759266
>> Generate hκModes 97.219436
3. Jumps
>> 0.248665
>> 0.988668
>> 3.595595
>> 4.564573
>> 33.898766
>> 19.893044
>> LinearSolve for s1 and κ jumps 0.010398
>> κ and s1 jumps 63.572145
4. Prepare grid and mode functions.
>> s=-2 MSTModes 0.178823
>> MMp2gridL 0.958302
>> MMp2gridR 3.301021
>> s=-1 MSTModes 0.075146
>> MMp1gridL 0.058666
>> MMp1gridR 0.197224
>> s=0 MSTModes 0.120021
A. Fill 1D grid.
>> s = 2, UP ... 20.563371
