Task 18 on node678.cluster: a=0.001 r0=15.0
Job started: a = 0.001, r0 = 15., savepath = /lustre/astro/dyson/DataFiles/KerrCircDiskData/h1_radial
Warning: rstarmin is outside the allowed range.
Now we Calculate the Radiative Solutions
1. Preliminaries.
Calculating B-matrices and Eigenvalues
2. Generate MSTModes
>> Generate s=-2 MSTModes 49.061466
>> Generate s=-1 MSTModes 50.495094
>> Generate hκModes 137.927137
3. Jumps
>> 0.41174
>> 2.338576
>> 3.818858
>> 16.294165
>> 104.460707
>> 71.331738
>> LinearSolve for s1 and κ jumps 0.003619
>> κ and s1 jumps 199.772699
4. Prepare grid and mode functions.
>> s=-2 MSTModes 0.218419
>> MMp2gridL 1.477072
>> MMp2gridR 5.122781
>> s=-1 MSTModes 0.072422
>> MMp1gridL 0.058285
>> MMp1gridR 0.172799
>> s=0 MSTModes 0.164424
A. Fill 1D grid.
>> s = 2, UP ... 35.131498
>> s = 1, UP ... 1.342842
>> s = 0, UP ... 10.674004
>> s = 2, IN ... 17.201341
>> s = 1, IN ... 1.277766
>> s = 0, IN ... 3.745113
1. Preliminaries.
Calculating B-matrices and Eigenvalues
2. Generate MSTModes
>> Generate s=-2 MSTModes 63.556227
>> Generate s=-1 MSTModes 62.633559
>> Generate hκModes 130.369448
3. Jumps
>> 0.371871
>> 2.42323
>> 4.190355
>> 4.077853
>> 52.449118
>> 18.324762
>> LinearSolve for s1 and κ jumps 1.217921
>> κ and s1 jumps 83.804895
4. Prepare grid and mode functions.
>> s=-2 MSTModes 0.237402
>> MMp2gridL 1.434242
>> MMp2gridR 5.024176
>> s=-1 MSTModes 0.110181
>> MMp1gridL 0.086112
>> MMp1gridR 0.295876
>> s=0 MSTModes 0.179037
A. Fill 1D grid.
>> s = 2, UP ... 33.373943
>> s = 1, UP ... 7.082497
>> s = 0, UP ... 10.283401
>> s = 2, IN ... 16.647451
>> s = 1, IN ... 2.21525
>> s = 0, IN ... 3.244858
1. Preliminaries.
Calculating B-matrices and Eigenvalues
2. Generate MSTModes
>> Generate s=-2 MSTModes 69.300116
>> Generate s=-1 MSTModes 68.084931
>> Generate hκModes 124.253062
3. Jumps
>> 0.366845
>> 2.092172
>> 4.278325
>> 3.352092
>> 45.408376
>> 15.396398
>> LinearSolve for s1 and κ jumps 1.041142
>> κ and s1 jumps 72.668217
4. Prepare grid and mode functions.
>> s=-2 MSTModes 0.195678
>> MMp2gridL 1.36317
>> MMp2gridR 4.809809
>> s=-1 MSTModes 0.103722
>> MMp1gridL 0.080781
>> MMp1gridR 0.279733
>> s=0 MSTModes 0.169453
A. Fill 1D grid.
>> s = 2, UP ... 31.061911
>> s = 1, UP ... 6.574477
>> s = 0, UP ... 9.661595
>> s = 2, IN ... 16.036475
>> s = 1, IN ... 2.094043
>> s = 0, IN ... 3.076121
1. Preliminaries.
Calculating B-matrices and Eigenvalues
2. Generate MSTModes
>> Generate s=-2 MSTModes 73.398505
>> Generate s=-1 MSTModes 72.398831
>> Generate hκModes 120.001644
3. Jumps
>> 0.343438
>> 1.979444
>> 4.391171
>> 2.935539
>> 40.604149
>> 13.187014
>> LinearSolve for s1 and κ jumps 0.62079
>> κ and s1 jumps 64.676193
4. Prepare grid and mode functions.
>> s=-2 MSTModes 0.218544
>> MMp2gridL 1.300664
>> MMp2gridR 4.614954
>> s=-1 MSTModes 0.100654
>> MMp1gridL 0.076707
>> MMp1gridR 0.264082
>> s=0 MSTModes 0.162844
A. Fill 1D grid.
>> s = 2, UP ... 29.726645
>> s = 1, UP ... 6.301833
>> s = 0, UP ... 9.193934
>> s = 2, IN ... 15.871752
>> s = 1, IN ... 2.055523
>> s = 0, IN ... 2.99485
1. Preliminaries.
Calculating B-matrices and Eigenvalues
2. Generate MSTModes
>> Generate s=-2 MSTModes 78.880776
>> Generate s=-1 MSTModes 77.672301
>> Generate hκModes 114.207758
3. Jumps
>> 0.326059
>> 1.746771
>> 4.437822
>> 2.652828
>> 37.201151
>> 11.980621
>> LinearSolve for s1 and κ jumps 0.702304
>> κ and s1 jumps 59.599374
4. Prepare grid and mode functions.
>> s=-2 MSTModes 0.208597
>> MMp2gridL 1.259165
>> MMp2gridR 4.443709
>> s=-1 MSTModes 0.099857
>> MMp1gridL 0.076004
>> MMp1gridR 0.257225
>> s=0 MSTModes 0.159434
A. Fill 1D grid.
>> s = 2, UP ... 28.300803
>> s = 1, UP ... 6.090267
>> s = 0, UP ... 8.896673
>> s = 2, IN ... 15.647516
>> s = 1, IN ... 1.953243
>> s = 0, IN ... 2.924096
1. Preliminaries.
Calculating B-matrices and Eigenvalues
2. Generate MSTModes
>> Generate s=-2 MSTModes 84.299959
>> Generate s=-1 MSTModes 83.018126
>> Generate hκModes 109.150948
3. Jumps
>> 0.307987
>> 1.485872
>> 4.312468
>> 2.173658
>> 31.114275
>> 9.86099
>> LinearSolve for s1 and κ jumps 0.816572
>> κ and s1 jumps 50.584773
4. Prepare grid and mode functions.
>> s=-2 MSTModes 0.205477
>> MMp2gridL 1.203735
>> MMp2gridR 4.266472
>> s=-1 MSTModes 0.09522
>> MMp1gridL 0.073799
>> MMp1gridR 0.249068
>> s=0 MSTModes 0.1519
A. Fill 1D grid.
>> s = 2, UP ... 26.824627
>> s = 1, UP ... 5.848831
>> s = 0, UP ... 8.556377
>> s = 2, IN ... 15.14931
>> s = 1, IN ... 1.887733
>> s = 0, IN ... 2.804237
1. Preliminaries.
Calculating B-matrices and Eigenvalues
2. Generate MSTModes
>> Generate s=-2 MSTModes 90.023335
>> Generate s=-1 MSTModes 88.418473
>> Generate hκModes 104.622227
3. Jumps
>> 0.289451
>> 1.328163
>> 4.166207
>> 1.819991
>> 27.001359
>> 8.352827
>> LinearSolve for s1 and κ jumps 1.00792
>> κ and s1 jumps 44.483002
4. Prepare grid and mode functions.
>> s=-2 MSTModes 0.2173
>> MMp2gridL 1.159068
>> MMp2gridR 4.084285
>> s=-1 MSTModes 0.091175
>> MMp1gridL 0.070495
>> MMp1gridR 0.236813
>> s=0 MSTModes 0.140899
A. Fill 1D grid.
>> s = 2, UP ... 25.41978
>> s = 1, UP ... 5.538375
>> s = 0, UP ... 8.093982
>> s = 2, IN ... 14.939791
>> s = 1, IN ... 1.818661
>> s = 0, IN ... 2.712521
1. Preliminaries.
Calculating B-matrices and Eigenvalues
2. Generate MSTModes
>> Generate s=-2 MSTModes 94.611157
>> Generate s=-1 MSTModes 92.818546
>> Generate hκModes 101.553094
3. Jumps
>> 0.272292
>> 1.157157
>> 4.087701
>> 1.558134
>> 23.962472
>> 7.116613
>> LinearSolve for s1 and κ jumps 1.186078
>> κ and s1 jumps 39.768168
4. Prepare grid and mode functions.
>> s=-2 MSTModes 0.190503
>> MMp2gridL 1.080371
>> MMp2gridR 3.843285
>> s=-1 MSTModes 0.086564
>> MMp1gridL 0.066926
>> MMp1gridR 0.228217
>> s=0 MSTModes 0.137169
A. Fill 1D grid.
>> s = 2, UP ... 23.781438
>> s = 1, UP ... 5.060534
>> s = 0, UP ... 7.590669
>> s = 2, IN ... 14.478679
>> s = 1, IN ... 1.707034
>> s = 0, IN ... 2.602614
1. Preliminaries.
Calculating B-matrices and Eigenvalues
2. Generate MSTModes
>> Generate s=-2 MSTModes 97.982203
>> Generate s=-1 MSTModes 97.320769
>> Generate hκModes 100.340464
3. Jumps
>> 0.268904
>> 1.043322
>> 3.956002
>> 1.394195
>> 21.196856
>> 6.220085
>> LinearSolve for s1 and κ jumps 0.00722
>> κ and s1 jumps 34.446664
4. Prepare grid and mode functions.
>> s=-2 MSTModes 0.194991
>> MMp2gridL 1.078868
>> MMp2gridR 3.710806
>> s=-1 MSTModes 0.08375
>> MMp1gridL 0.06481
>> MMp1gridR 0.223203
>> s=0 MSTModes 0.134631
A. Fill 1D grid.
>> s = 2, UP ... 22.424249
>> s = 1, UP ... 4.721643
>> s = 0, UP ... 7.025005
>> s = 2, IN ... 14.090267
>> s = 1, IN ... 1.624064
>> s = 0, IN ... 2.474998
1. Preliminaries.
Calculating B-matrices and Eigenvalues
2. Generate MSTModes
>> Generate s=-2 MSTModes 101.418853
>> Generate s=-1 MSTModes 100.054743
>> Generate hκModes 97.232447
3. Jumps
