Task 621 on node678.cluster: a=0.9 r0=8.5
Job started: a = 0.9, r0 = 8.5, savepath = /lustre/astro/dyson/DataFiles/KerrCircDiskData/h1_radial
Warning: rstarmin is outside the allowed range.
Now we Calculate the Radiative Solutions
1. Preliminaries.
Calculating B-matrices and Eigenvalues
2. Generate MSTModes
>> Generate s=-2 MSTModes 51.67271
>> Generate s=-1 MSTModes 50.147787
>> Generate hκModes 134.963213
3. Jumps
>> 0.400012
>> 2.168115
>> 4.048864
>> 15.939997
>> 100.642655
>> 67.641825
>> LinearSolve for s1 and κ jumps 0.005137
>> κ and s1 jumps 191.893061
4. Prepare grid and mode functions.
>> s=-2 MSTModes 0.204989
>> MMp2gridL 0.724457
>> MMp2gridR 5.443558
>> s=-1 MSTModes 0.066211
>> MMp1gridL 0.029228
>> MMp1gridR 0.182939
>> s=0 MSTModes 0.159708
A. Fill 1D grid.
>> s = 2, UP ... 37.764801
>> s = 1, UP ... 1.392697
>> s = 0, UP ... 11.992089
>> s = 2, IN ... 8.746033
>> s = 1, IN ... 0.715786
>> s = 0, IN ... 1.852194
1. Preliminaries.
Calculating B-matrices and Eigenvalues
2. Generate MSTModes
>> Generate s=-2 MSTModes 61.552353
>> Generate s=-1 MSTModes 60.974497
>> Generate hκModes 129.67861
3. Jumps
>> 0.358432
>> 2.274451
>> 4.409029
>> 13.694801
>> 89.868147
>> 55.752331
>> LinearSolve for s1 and κ jumps 1.019323
>> κ and s1 jumps 168.136612
4. Prepare grid and mode functions.
>> s=-2 MSTModes 0.182423
>> MMp2gridL 0.666146
>> MMp2gridR 5.000275
>> s=-1 MSTModes 0.098878
>> MMp1gridL 0.03961
>> MMp1gridR 0.296259
>> s=0 MSTModes 0.174551
A. Fill 1D grid.
>> s = 2, UP ... 34.08083
>> s = 1, UP ... 7.641207
>> s = 0, UP ... 14.824567
>> s = 2, IN ... 7.84715
>> s = 1, IN ... 1.013131
>> s = 0, IN ... 1.901106
1. Preliminaries.
Calculating B-matrices and Eigenvalues
2. Generate MSTModes
>> Generate s=-2 MSTModes 65.661783
>> Generate s=-1 MSTModes 66.175036
>> Generate hκModes 125.300778
3. Jumps
>> 0.341557
>> 1.9159
>> 4.41203
>> 11.428318
>> 77.304084
>> 48.787381
>> LinearSolve for s1 and κ jumps 0.685524
>> κ and s1 jumps 145.662771
4. Prepare grid and mode functions.
>> s=-2 MSTModes 0.182884
>> MMp2gridL 0.641189
>> MMp2gridR 4.893135
>> s=-1 MSTModes 0.097929
>> MMp1gridL 0.039094
>> MMp1gridR 0.284815
>> s=0 MSTModes 0.160762
A. Fill 1D grid.
>> s = 2, UP ... 32.784336
>> s = 1, UP ... 7.644234
>> s = 0, UP ... 15.329476
>> s = 2, IN ... 7.828503
>> s = 1, IN ... 1.006986
>> s = 0, IN ... 1.857449
1. Preliminaries.
Calculating B-matrices and Eigenvalues
2. Generate MSTModes
>> Generate s=-2 MSTModes 76.588297
>> Generate s=-1 MSTModes 77.266868
>> Generate hκModes 125.00397
3. Jumps
>> 0.307416
>> 1.702815
>> 4.415841
>> 9.63035
>> 66.451401
>> 41.601153
>> LinearSolve for s1 and κ jumps 0.541151
>> κ and s1 jumps 125.367313
4. Prepare grid and mode functions.
>> s=-2 MSTModes 0.175158
>> MMp2gridL 0.608685
>> MMp2gridR 4.711293
>> s=-1 MSTModes 0.092853
>> MMp1gridL 0.037011
>> MMp1gridR 0.276097
>> s=0 MSTModes 0.152542
A. Fill 1D grid.
>> s = 2, UP ... 31.272097
>> s = 1, UP ... 7.061706
>> s = 0, UP ... 14.022428
>> s = 2, IN ... 7.742984
>> s = 1, IN ... 0.977744
>> s = 0, IN ... 1.80183
1. Preliminaries.
Calculating B-matrices and Eigenvalues
2. Generate MSTModes
>> Generate s=-2 MSTModes 85.907286
>> Generate s=-1 MSTModes 85.931292
>> Generate hκModes 123.000281
3. Jumps
>> 0.29371
>> 1.488017
>> 4.35128
>> 8.704537
>> 58.651808
>> 37.121667
>> LinearSolve for s1 and κ jumps 0.949613
>> κ and s1 jumps 112.127008
4. Prepare grid and mode functions.
>> s=-2 MSTModes 0.181167
>> MMp2gridL 0.583614
>> MMp2gridR 4.469074
>> s=-1 MSTModes 0.090483
>> MMp1gridL 0.036121
>> MMp1gridR 0.257925
>> s=0 MSTModes 0.140173
A. Fill 1D grid.
>> s = 2, UP ... 29.428915
>> s = 1, UP ... 6.401413
>> s = 0, UP ... 12.988522
>> s = 2, IN ... 7.63066
>> s = 1, IN ... 0.93407
>> s = 0, IN ... 1.745143
1. Preliminaries.
Calculating B-matrices and Eigenvalues
2. Generate MSTModes
>> Generate s=-2 MSTModes 98.143595
>> Generate s=-1 MSTModes 95.062992
>> Generate hκModes 119.862228
3. Jumps
>> 0.271856
>> 1.342625
>> 4.116001
>> 7.218697
>> 51.291425
>> 31.797095
>> LinearSolve for s1 and κ jumps 1.018018
>> κ and s1 jumps 97.629527
4. Prepare grid and mode functions.
>> s=-2 MSTModes 0.165266
>> MMp2gridL 0.564795
>> MMp2gridR 4.391772
>> s=-1 MSTModes 0.088083
>> MMp1gridL 0.035837
>> MMp1gridR 0.254866
>> s=0 MSTModes 0.140567
A. Fill 1D grid.
>> s = 2, UP ... 27.34169
>> s = 1, UP ... 5.900475
>> s = 0, UP ... 12.136854
>> s = 2, IN ... 7.428637
>> s = 1, IN ... 0.89596
>> s = 0, IN ... 1.640767
1. Preliminaries.
Calculating B-matrices and Eigenvalues
2. Generate MSTModes
>> Generate s=-2 MSTModes 106.768237
>> Generate s=-1 MSTModes 105.633759
>> Generate hκModes 118.555092
3. Jumps
>> 0.264781
>> 1.222987
>> 4.003791
>> 6.145352
>> 45.317918
