Task 108 on node678.cluster: a=0.1 r0=16.0
Job started: a = 0.1, r0 = 16., savepath = /lustre/astro/dyson/DataFiles/KerrCircDiskData/h1_radial
Warning: rstarmin is outside the allowed range.
Now we Calculate the Radiative Solutions
1. Preliminaries.
Calculating B-matrices and Eigenvalues
2. Generate MSTModes
>> Generate s=-2 MSTModes 49.884199
>> Generate s=-1 MSTModes 51.361596
>> Generate hκModes 132.986259
3. Jumps
>> 0.41776
>> 2.284275
>> 3.641776
>> 4.166769
>> 53.34707
>> 19.564513
>> LinearSolve for s1 and κ jumps 0.004553
>> κ and s1 jumps 84.364995
4. Prepare grid and mode functions.
>> s=-2 MSTModes 0.222157
>> MMp2gridL 1.536861
>> MMp2gridR 4.905645
>> s=-1 MSTModes 0.071413
>> MMp1gridL 0.05964
>> MMp1gridR 0.162443
>> s=0 MSTModes 0.159816
A. Fill 1D grid.
>> s = 2, UP ... 33.624652
>> s = 1, UP ... 1.287129
>> s = 0, UP ... 7.556749
>> s = 2, IN ... 18.262151
>> s = 1, IN ... 1.367983
>> s = 0, IN ... 3.209346
1. Preliminaries.
Calculating B-matrices and Eigenvalues
2. Generate MSTModes
>> Generate s=-2 MSTModes 66.206516
>> Generate s=-1 MSTModes 65.715473
>> Generate hκModes 129.683178
3. Jumps
>> 0.377085
>> 2.368964
>> 4.177156
>> 3.807191
>> 51.472014
>> 17.335297
>> LinearSolve for s1 and κ jumps 1.092466
>> κ and s1 jumps 81.408409
4. Prepare grid and mode functions.
>> s=-2 MSTModes 0.195936
>> MMp2gridL 1.515259
>> MMp2gridR 4.843392
>> s=-1 MSTModes 0.109589
>> MMp1gridL 0.088968
>> MMp1gridR 0.278837
>> s=0 MSTModes 0.171517
A. Fill 1D grid.
>> s = 2, UP ... 32.342911
>> s = 1, UP ... 6.797759
>> s = 0, UP ... 10.122556
>> s = 2, IN ... 17.725477
>> s = 1, IN ... 2.385686
>> s = 0, IN ... 3.560459
1. Preliminaries.
Calculating B-matrices and Eigenvalues
2. Generate MSTModes
>> Generate s=-2 MSTModes 72.055698
>> Generate s=-1 MSTModes 71.612385
>> Generate hκModes 123.753422
3. Jumps
>> 0.363018
>> 2.154543
>> 4.331692
>> 3.358459
>> 45.769941
>> 15.174963
>> LinearSolve for s1 and κ jumps 1.061407
>> κ and s1 jumps 72.910283
4. Prepare grid and mode functions.
>> s=-2 MSTModes 0.200856
>> MMp2gridL 1.442993
>> MMp2gridR 4.687956
>> s=-1 MSTModes 0.107893
>> MMp1gridL 0.086368
>> MMp1gridR 0.275921
>> s=0 MSTModes 0.172834
A. Fill 1D grid.
>> s = 2, UP ... 30.85224
>> s = 1, UP ... 6.596956
>> s = 0, UP ... 9.654996
>> s = 2, IN ... 17.554538
>> s = 1, IN ... 2.285292
>> s = 0, IN ... 3.392169
1. Preliminaries.
Calculating B-matrices and Eigenvalues
2. Generate MSTModes
>> Generate s=-2 MSTModes 76.901249
>> Generate s=-1 MSTModes 76.487477
>> Generate hκModes 119.274704
3. Jumps
>> 0.346108
>> 2.003433
>> 4.297694
>> 2.977486
>> 41.510645
>> 13.261765
>> LinearSolve for s1 and κ jumps 0.874179
>> κ and s1 jumps 65.922758
4. Prepare grid and mode functions.
>> s=-2 MSTModes 0.192415
>> MMp2gridL 1.41717
>> MMp2gridR 4.522655
>> s=-1 MSTModes 0.101701
>> MMp1gridL 0.083996
>> MMp1gridR 0.262082
>> s=0 MSTModes 0.1695
A. Fill 1D grid.
>> s = 2, UP ... 29.457998
>> s = 1, UP ... 6.216718
>> s = 0, UP ... 9.193737
>> s = 2, IN ... 17.066741
>> s = 1, IN ... 2.223567
>> s = 0, IN ... 3.256362
1. Preliminaries.
Calculating B-matrices and Eigenvalues
2. Generate MSTModes
>> Generate s=-2 MSTModes 82.387753
>> Generate s=-1 MSTModes 82.522291
>> Generate hκModes 113.920085
3. Jumps
>> 0.322125
>> 1.689322
>> 4.267
>> 2.532573
>> 36.165354
>> 11.341081
>> LinearSolve for s1 and κ jumps 0.822646
>> κ and s1 jumps 57.759098
4. Prepare grid and mode functions.
>> s=-2 MSTModes 0.202443
>> MMp2gridL 1.343024
>> MMp2gridR 4.319736
>> s=-1 MSTModes 0.100035
>> MMp1gridL 0.079843
>> MMp1gridR 0.248806
>> s=0 MSTModes 0.16032
A. Fill 1D grid.
>> s = 2, UP ... 28.081172
>> s = 1, UP ... 6.059272
>> s = 0, UP ... 8.701351
>> s = 2, IN ... 16.732436
>> s = 1, IN ... 2.073509
>> s = 0, IN ... 3.114701
1. Preliminaries.
Calculating B-matrices and Eigenvalues
2. Generate MSTModes
>> Generate s=-2 MSTModes 87.672835
>> Generate s=-1 MSTModes 87.300066
>> Generate hκModes 110.077362
3. Jumps
>> 0.309236
>> 1.555959
>> 4.263745
>> 2.228897
>> 32.317557
>> 9.923671
>> LinearSolve for s1 and κ jumps 0.787044
>> κ and s1 jumps 51.985351
4. Prepare grid and mode functions.
>> s=-2 MSTModes 0.182681
>> MMp2gridL 1.292674
>> MMp2gridR 4.119647
>> s=-1 MSTModes 0.094424
>> MMp1gridL 0.077294
>> MMp1gridR 0.238056
>> s=0 MSTModes 0.148413
A. Fill 1D grid.
>> s = 2, UP ... 26.602062
>> s = 1, UP ... 6.082668
>> s = 0, UP ... 8.407141
>> s = 2, IN ... 16.228746
>> s = 1, IN ... 1.98556
>> s = 0, IN ... 2.978616
1. Preliminaries.
Calculating B-matrices and Eigenvalues
2. Generate MSTModes
>> Generate s=-2 MSTModes 92.279679
>> Generate s=-1 MSTModes 91.720304
>> Generate hκModes 106.604329
3. Jumps
>> 0.299446
>> 1.339714
>> 4.206835
>> 1.858206
>> 27.870051
>> 8.338647
>> LinearSolve for s1 and κ jumps 0.569817
>> κ and s1 jumps 45.018717
4. Prepare grid and mode functions.
>> s=-2 MSTModes 0.185435
>> MMp2gridL 1.227753
>> MMp2gridR 3.960884
>> s=-1 MSTModes 0.092943
>> MMp1gridL 0.074924
>> MMp1gridR 0.229875
>> s=0 MSTModes 0.139924
A. Fill 1D grid.
>> s = 2, UP ... 25.05481
>> s = 1, UP ... 5.39673
>> s = 0, UP ... 8.036387
>> s = 2, IN ... 15.891837
>> s = 1, IN ... 1.934591
>> s = 0, IN ... 2.972971
1. Preliminaries.
Calculating B-matrices and Eigenvalues
2. Generate MSTModes
>> Generate s=-2 MSTModes 96.139295
>> Generate s=-1 MSTModes 96.262944
>> Generate hκModes 104.030758
3. Jumps
>> 0.279412
>> 1.216545
>> 4.110881
>> 1.615406
>> 24.692131
>> 7.159751
>> LinearSolve for s1 and κ jumps 0.726754
>> κ and s1 jumps 40.279861
4. Prepare grid and mode functions.
>> s=-2 MSTModes 0.161407
>> MMp2gridL 1.177483
>> MMp2gridR 3.842076
>> s=-1 MSTModes 0.088947
>> MMp1gridL 0.07273
>> MMp1gridR 0.225422
>> s=0 MSTModes 0.137281
A. Fill 1D grid.
>> s = 2, UP ... 23.867993
>> s = 1, UP ... 5.095776
>> s = 0, UP ... 7.554223
>> s = 2, IN ... 15.871177
>> s = 1, IN ... 1.883283
>> s = 0, IN ... 2.84691
1. Preliminaries.
Calculating B-matrices and Eigenvalues
2. Generate MSTModes
>> Generate s=-2 MSTModes 97.987889
>> Generate s=-1 MSTModes 100.384528
>> Generate hκModes 99.718178
3. Jumps
>> 0.277125
>> 1.063137
>> 3.974006
>> 1.386245
>> 21.591335
>> 6.131321
>> LinearSolve for s1 and κ jumps 0.008625
>> κ and s1 jumps 34.796831
4. Prepare grid and mode functions.
>> s=-2 MSTModes 0.202376
>> MMp2gridL 1.173858
>> MMp2gridR 3.72037
>> s=-1 MSTModes 0.086512
>> MMp1gridL 0.070359
>> MMp1gridR 0.221795
>> s=0 MSTModes 0.136277
A. Fill 1D grid.
>> s = 2, UP ... 22.651768
>> s = 1, UP ... 4.931688
>> s = 0, UP ... 7.067893
>> s = 2, IN ... 15.288483
>> s = 1, IN ... 1.773443
>> s = 0, IN ... 2.714333
1. Preliminaries.
Calculating B-matrices and Eigenvalues
2. Generate MSTModes
>> Generate s=-2 MSTModes 102.46837
>> Generate s=-1 MSTModes 100.354789
>> Generate hκModes 98.181639
3. Jumps
>> 0.258701
>> 0.963402
>> 3.875082
>> 1.212596
>> 19.199952
>> 5.336268
>> LinearSolve for s1 and κ jumps 0.008307
>> κ and s1 jumps 31.183172
4. Prepare grid and mode functions.
>> s=-2 MSTModes 0.190171
>> MMp2gridL 1.086013
>> MMp2gridR 3.467576
>> s=-1 MSTModes 0.081239
>> MMp1gridL 0.06847
>> MMp1gridR 0.206411
>> s=0 MSTModes 0.124629
A. Fill 1D grid.
>> s = 2, UP ... 21.077989
>> s = 1, UP ... 4.369073
>> s = 0, UP ... 6.656698
