Task 463 on node656.cluster: a=0.7 r0=17.5
Job started: a = 0.7, r0 = 17.5, savepath = /lustre/astro/dyson/DataFiles/KerrCircDiskData/h1_radial
Warning: rstarmin is outside the allowed range.
Now we Calculate the Radiative Solutions
1. Preliminaries.
Calculating B-matrices and Eigenvalues
2. Generate MSTModes
>> Generate s=-2 MSTModes 53.960158
>> Generate s=-1 MSTModes 55.802766
>> Generate hκModes 142.809151
3. Jumps
>> 0.417148
>> 2.413052
>> 3.831909
>> 4.441307
>> 53.823677
>> 19.566894
>> LinearSolve for s1 and κ jumps 0.005244
>> κ and s1 jumps 85.477447
4. Prepare grid and mode functions.
>> s=-2 MSTModes 0.220109
>> MMp2gridL 1.704806
>> MMp2gridR 4.704091
>> s=-1 MSTModes 0.070152
>> MMp1gridL 0.065724
>> MMp1gridR 0.156179
>> s=0 MSTModes 0.159589
A. Fill 1D grid.
>> s = 2, UP ... 33.207743
>> s = 1, UP ... 1.26047
>> s = 0, UP ... 7.346774
>> s = 2, IN ... 19.364014
>> s = 1, IN ... 1.401368
>> s = 0, IN ... 3.36375
1. Preliminaries.
Calculating B-matrices and Eigenvalues
2. Generate MSTModes
>> Generate s=-2 MSTModes 63.021378
>> Generate s=-1 MSTModes 64.326485
>> Generate hκModes 132.830351
3. Jumps
>> 0.388627
>> 2.431592
>> 4.165316
>> 3.936642
>> 51.918941
>> 17.714435
>> LinearSolve for s1 and κ jumps 1.109972
>> κ and s1 jumps 82.479687
4. Prepare grid and mode functions.
>> s=-2 MSTModes 0.192711
>> MMp2gridL 1.698134
>> MMp2gridR 4.727056
>> s=-1 MSTModes 0.111352
>> MMp1gridL 0.101877
>> MMp1gridR 0.281371
>> s=0 MSTModes 0.176544
A. Fill 1D grid.
>> s = 2, UP ... 32.142458
>> s = 1, UP ... 7.406754
>> s = 0, UP ... 10.335244
>> s = 2, IN ... 19.338738
>> s = 1, IN ... 2.587781
>> s = 0, IN ... 3.769795
1. Preliminaries.
Calculating B-matrices and Eigenvalues
2. Generate MSTModes
>> Generate s=-2 MSTModes 69.790493
>> Generate s=-1 MSTModes 69.782968
>> Generate hκModes 125.917608
3. Jumps
>> 0.372379
>> 2.193319
>> 4.628682
>> 3.462948
>> 46.243058
>> 15.438949
>> LinearSolve for s1 and κ jumps 1.099153
>> κ and s1 jumps 74.139087
4. Prepare grid and mode functions.
>> s=-2 MSTModes 0.210322
>> MMp2gridL 1.656791
>> MMp2gridR 4.601547
>> s=-1 MSTModes 0.107612
>> MMp1gridL 0.097456
>> MMp1gridR 0.269497
>> s=0 MSTModes 0.173417
A. Fill 1D grid.
>> s = 2, UP ... 30.511213
>> s = 1, UP ... 6.746865
>> s = 0, UP ... 9.709063
>> s = 2, IN ... 19.186595
>> s = 1, IN ... 2.528867
>> s = 0, IN ... 3.721977
1. Preliminaries.
Calculating B-matrices and Eigenvalues
2. Generate MSTModes
>> Generate s=-2 MSTModes 77.37163
>> Generate s=-1 MSTModes 74.819948
>> Generate hκModes 120.314231
3. Jumps
>> 0.347131
>> 1.982538
>> 4.195621
>> 11.026968
>> 75.867674
>> 47.311858
>> LinearSolve for s1 and κ jumps 1.211043
>> κ and s1 jumps 142.638317
4. Prepare grid and mode functions.
>> s=-2 MSTModes 0.194731
>> MMp2gridL 1.551019
>> MMp2gridR 4.312851
>> s=-1 MSTModes 0.101333
>> MMp1gridL 0.091843
>> MMp1gridR 0.251347
>> s=0 MSTModes 0.165329
A. Fill 1D grid.
>> s = 2, UP ... 28.667332
>> s = 1, UP ... 6.281846
>> s = 0, UP ... 12.521543
>> s = 2, IN ... 18.37945
>> s = 1, IN ... 2.360232
>> s = 0, IN ... 4.528725
1. Preliminaries.
Calculating B-matrices and Eigenvalues
2. Generate MSTModes
>> Generate s=-2 MSTModes 83.01438
>> Generate s=-1 MSTModes 81.5458
>> Generate hκModes 117.181944
3. Jumps
>> 0.32845
>> 1.801799
>> 4.25109
>> 9.642459
>> 65.859209
>> 40.339184
>> LinearSolve for s1 and κ jumps 1.055386
>> κ and s1 jumps 123.994084
4. Prepare grid and mode functions.
>> s=-2 MSTModes 0.179427
>> MMp2gridL 1.460324
>> MMp2gridR 4.037072
>> s=-1 MSTModes 0.095769
>> MMp1gridL 0.086173
>> MMp1gridR 0.235881
>> s=0 MSTModes 0.157671
A. Fill 1D grid.
>> s = 2, UP ... 26.291753
>> s = 1, UP ... 5.951917
>> s = 0, UP ... 11.446194
>> s = 2, IN ... 17.892256
>> s = 1, IN ... 2.252619
>> s = 0, IN ... 4.389386
1. Preliminaries.
Calculating B-matrices and Eigenvalues
2. Generate MSTModes
>> Generate s=-2 MSTModes 89.249337
>> Generate s=-1 MSTModes 87.29789
>> Generate hκModes 112.36392
3. Jumps
>> 0.306677
>> 1.518289
>> 4.168138
>> 8.220873
>> 55.896618
>> 33.721016
>> LinearSolve for s1 and κ jumps 1.096732
>> κ and s1 jumps 105.477141
4. Prepare grid and mode functions.
>> s=-2 MSTModes 0.197035
>> MMp2gridL 1.397239
>> MMp2gridR 3.867005
>> s=-1 MSTModes 0.091537
>> MMp1gridL 0.084052
>> MMp1gridR 0.224657
>> s=0 MSTModes 0.145711
A. Fill 1D grid.
>> s = 2, UP ... 25.015633
>> s = 1, UP ... 5.436998
>> s = 0, UP ... 10.88298
>> s = 2, IN ... 17.634251
>> s = 1, IN ... 2.200411
>> s = 0, IN ... 4.187694
1. Preliminaries.
Calculating B-matrices and Eigenvalues
2. Generate MSTModes
>> Generate s=-2 MSTModes 93.883881
>> Generate s=-1 MSTModes 93.24636
>> Generate hκModes 107.177871
3. Jumps
>> 0.287621
>> 1.342209
>> 3.951286
>> 6.685432
>> 47.773471
>> 28.905431
>> LinearSolve for s1 and κ jumps 1.213267
>> κ and s1 jumps 90.666102
4. Prepare grid and mode functions.
>> s=-2 MSTModes 0.188227
>> MMp2gridL 1.35058
>> MMp2gridR 3.741507
>> s=-1 MSTModes 0.089615
>> MMp1gridL 0.081324
>> MMp1gridR 0.216748
>> s=0 MSTModes 0.137773
A. Fill 1D grid.
>> s = 2, UP ... 23.603191
>> s = 1, UP ... 5.067775
>> s = 0, UP ... 9.948588
>> s = 2, IN ... 16.961484
>> s = 1, IN ... 2.074208
>> s = 0, IN ... 3.985099
1. Preliminaries.
Calculating B-matrices and Eigenvalues
2. Generate MSTModes
>> Generate s=-2 MSTModes 99.565355
>> Generate s=-1 MSTModes 97.043142
>> Generate hκModes 105.054372
3. Jumps
>> 0.279736
>> 1.25232
>> 3.918706
>> 6.071418
>> 42.931772
>> 25.104186
>> LinearSolve for s1 and κ jumps 0.625446
>> κ and s1 jumps 80.621415
4. Prepare grid and mode functions.
>> s=-2 MSTModes 0.162958
>> MMp2gridL 1.349271
>> MMp2gridR 3.632289
>> s=-1 MSTModes 0.084732
>> MMp1gridL 0.07936
>> MMp1gridR 0.213157
>> s=0 MSTModes 0.133754
A. Fill 1D grid.
>> s = 2, UP ... 22.778092
>> s = 1, UP ... 4.844357
>> s = 0, UP ... 9.586851
>> s = 2, IN ... 16.977093
>> s = 1, IN ... 2.025189
>> s = 0, IN ... 3.82704
1. Preliminaries.
Calculating B-matrices and Eigenvalues
2. Generate MSTModes
>> Generate s=-2 MSTModes 101.480283
>> Generate s=-1 MSTModes 97.848713
>> Generate hκModes 98.753193
3. Jumps
>> 0.262734
>> 1.039107
>> 3.526519
>> 4.836275
>> 35.435302
>> 20.831687
>> LinearSolve for s1 and κ jumps 0.010264
>> κ and s1 jumps 66.325101
4. Prepare grid and mode functions.
>> s=-2 MSTModes 0.182654
>> MMp2gridL 1.192542
>> MMp2gridR 3.270907
>> s=-1 MSTModes 0.078964
>> MMp1gridL 0.073849
>> MMp1gridR 0.197346
>> s=0 MSTModes 0.124723
A. Fill 1D grid.
>> s = 2, UP ... 20.073554
>> s = 1, UP ... 4.201187
>> s = 0, UP ... 8.240583
>> s = 2, IN ... 15.920631
>> s = 1, IN ... 1.824943
>> s = 0, IN ... 3.493875
1. Preliminaries.
Calculating B-matrices and Eigenvalues
2. Generate MSTModes
>> Generate s=-2 MSTModes 96.876965
>> Generate s=-1 MSTModes 93.203533
>> Generate hκModes 89.214999
3. Jumps
>> 0.224166
>> 0.854022
>> 3.171487
