Task 462 on node656.cluster: a=0.7 r0=17.0
Job started: a = 0.7, r0 = 17., savepath = /lustre/astro/dyson/DataFiles/KerrCircDiskData/h1_radial
Warning: rstarmin is outside the allowed range.
Now we Calculate the Radiative Solutions
1. Preliminaries.
Calculating B-matrices and Eigenvalues
2. Generate MSTModes
>> Generate s=-2 MSTModes 45.771751
>> Generate s=-1 MSTModes 45.511645
>> Generate hκModes 116.684283
3. Jumps
>> 0.342562
>> 1.921366
>> 3.130065
>> 3.614573
>> 44.437689
>> 16.179713
>> LinearSolve for s1 and κ jumps 0.004398
>> κ and s1 jumps 70.493808
4. Prepare grid and mode functions.
>> s=-2 MSTModes 0.195757
>> MMp2gridL 1.388424
>> MMp2gridR 3.97398
>> s=-1 MSTModes 0.058489
>> MMp1gridL 0.05265
>> MMp1gridR 0.131976
>> s=0 MSTModes 0.134185
A. Fill 1D grid.
>> s = 2, UP ... 28.060488
>> s = 1, UP ... 1.062838
>> s = 0, UP ... 6.341733
>> s = 2, IN ... 16.142075
>> s = 1, IN ... 1.20826
>> s = 0, IN ... 2.846041
1. Preliminaries.
Calculating B-matrices and Eigenvalues
2. Generate MSTModes
>> Generate s=-2 MSTModes 56.447579
>> Generate s=-1 MSTModes 56.787449
>> Generate hκModes 124.421631
3. Jumps
>> 0.369868
>> 2.356581
>> 4.103113
>> 3.935423
>> 51.605989
>> 17.832093
>> LinearSolve for s1 and κ jumps 1.025291
>> κ and s1 jumps 82.047651
4. Prepare grid and mode functions.
>> s=-2 MSTModes 0.195772
>> MMp2gridL 1.67599
>> MMp2gridR 4.830383
>> s=-1 MSTModes 0.110783
>> MMp1gridL 0.098039
>> MMp1gridR 0.277742
>> s=0 MSTModes 0.178653
A. Fill 1D grid.
>> s = 2, UP ... 32.78567
>> s = 1, UP ... 7.166745
>> s = 0, UP ... 10.221129
>> s = 2, IN ... 19.155742
>> s = 1, IN ... 2.567355
>> s = 0, IN ... 3.803358
1. Preliminaries.
Calculating B-matrices and Eigenvalues
2. Generate MSTModes
>> Generate s=-2 MSTModes 73.254097
>> Generate s=-1 MSTModes 71.970698
>> Generate hκModes 124.186699
3. Jumps
>> 0.35494
>> 2.070308
>> 4.232245
>> 3.458744
>> 45.533175
>> 15.690966
>> LinearSolve for s1 and κ jumps 1.125228
>> κ and s1 jumps 73.186859
4. Prepare grid and mode functions.
>> s=-2 MSTModes 0.205732
>> MMp2gridL 1.614758
>> MMp2gridR 4.644808
>> s=-1 MSTModes 0.108999
>> MMp1gridL 0.097057
>> MMp1gridR 0.275507
>> s=0 MSTModes 0.179334
A. Fill 1D grid.
>> s = 2, UP ... 31.20939
>> s = 1, UP ... 6.849086
>> s = 0, UP ... 9.793779
>> s = 2, IN ... 18.820873
>> s = 1, IN ... 2.477532
>> s = 0, IN ... 3.661624
1. Preliminaries.
Calculating B-matrices and Eigenvalues
2. Generate MSTModes
>> Generate s=-2 MSTModes 79.435336
>> Generate s=-1 MSTModes 78.349149
>> Generate hκModes 119.662562
3. Jumps
>> 0.334529
>> 1.891883
>> 4.238774
>> 10.995105
>> 74.835508
>> 48.584881
>> LinearSolve for s1 and κ jumps 0.974016
>> κ and s1 jumps 142.585259
4. Prepare grid and mode functions.
>> s=-2 MSTModes 0.188082
>> MMp2gridL 1.535411
>> MMp2gridR 4.421715
>> s=-1 MSTModes 0.103283
>> MMp1gridL 0.091159
>> MMp1gridR 0.259634
>> s=0 MSTModes 0.168047
A. Fill 1D grid.
>> s = 2, UP ... 29.738052
>> s = 1, UP ... 6.550726
>> s = 0, UP ... 12.729923
>> s = 2, IN ... 18.354974
>> s = 1, IN ... 2.418499
>> s = 0, IN ... 4.633934
1. Preliminaries.
Calculating B-matrices and Eigenvalues
2. Generate MSTModes
>> Generate s=-2 MSTModes 85.095849
>> Generate s=-1 MSTModes 82.725595
>> Generate hκModes 115.670041
3. Jumps
>> 0.328841
>> 1.757104
>> 4.221524
>> 9.790053
>> 66.214006
>> 41.574743
>> LinearSolve for s1 and κ jumps 1.372046
>> κ and s1 jumps 125.889084
4. Prepare grid and mode functions.
>> s=-2 MSTModes 0.205084
>> MMp2gridL 1.477206
>> MMp2gridR 4.202172
>> s=-1 MSTModes 0.098687
>> MMp1gridL 0.085555
>> MMp1gridR 0.246984
>> s=0 MSTModes 0.160552
A. Fill 1D grid.
>> s = 2, UP ... 27.652539
>> s = 1, UP ... 6.101857
>> s = 0, UP ... 12.019499
>> s = 2, IN ... 17.782824
>> s = 1, IN ... 2.275341
>> s = 0, IN ... 4.397031
1. Preliminaries.
Calculating B-matrices and Eigenvalues
2. Generate MSTModes
>> Generate s=-2 MSTModes 89.330395
>> Generate s=-1 MSTModes 88.457199
>> Generate hκModes 113.56384
3. Jumps
>> 0.315116
>> 1.561265
>> 4.172993
>> 8.151364
>> 57.207949
>> 34.893015
>> LinearSolve for s1 and κ jumps 1.010856
>> κ and s1 jumps 107.877535
4. Prepare grid and mode functions.
>> s=-2 MSTModes 0.200999
>> MMp2gridL 1.398465
>> MMp2gridR 4.063178
>> s=-1 MSTModes 0.096409
>> MMp1gridL 0.086278
>> MMp1gridR 0.238835
>> s=0 MSTModes 0.15731
A. Fill 1D grid.
>> s = 2, UP ... 25.807943
>> s = 1, UP ... 5.540158
>> s = 0, UP ... 10.934482
>> s = 2, IN ... 17.265738
>> s = 1, IN ... 2.134887
>> s = 0, IN ... 4.100482
1. Preliminaries.
Calculating B-matrices and Eigenvalues
2. Generate MSTModes
>> Generate s=-2 MSTModes 94.062835
>> Generate s=-1 MSTModes 93.944385
>> Generate hκModes 110.707649
3. Jumps
>> 0.303902
>> 1.376697
>> 4.048145
>> 7.097022
>> 49.879262
>> 29.866518
>> LinearSolve for s1 and κ jumps 0.635915
>> κ and s1 jumps 93.788881
4. Prepare grid and mode functions.
>> s=-2 MSTModes 0.189753
>> MMp2gridL 1.328336
>> MMp2gridR 3.873074
>> s=-1 MSTModes 0.09069
>> MMp1gridL 0.081548
>> MMp1gridR 0.221642
>> s=0 MSTModes 0.143868
A. Fill 1D grid.
>> s = 2, UP ... 24.278557
>> s = 1, UP ... 5.151211
>> s = 0, UP ... 10.149829
>> s = 2, IN ... 16.675105
>> s = 1, IN ... 2.051297
>> s = 0, IN ... 3.866418
1. Preliminaries.
Calculating B-matrices and Eigenvalues
2. Generate MSTModes
>> Generate s=-2 MSTModes 97.683523
>> Generate s=-1 MSTModes 97.12252
>> Generate hκModes 107.217348
3. Jumps
>> 0.283864
>> 1.196341
>> 3.925598
>> 6.101357
>> 42.916252
>> 25.333516
>> LinearSolve for s1 and κ jumps 1.237844
>> κ and s1 jumps 81.443875
4. Prepare grid and mode functions.
>> s=-2 MSTModes 0.183815
>> MMp2gridL 1.231708
>> MMp2gridR 3.526259
>> s=-1 MSTModes 0.085628
>> MMp1gridL 0.075934
>> MMp1gridR 0.205265
>> s=0 MSTModes 0.133556
A. Fill 1D grid.
>> s = 2, UP ... 22.438614
>> s = 1, UP ... 4.7863
>> s = 0, UP ... 9.297071
>> s = 2, IN ... 15.995637
>> s = 1, IN ... 1.928453
>> s = 0, IN ... 3.610555
1. Preliminaries.
Calculating B-matrices and Eigenvalues
2. Generate MSTModes
>> Generate s=-2 MSTModes 102.332868
>> Generate s=-1 MSTModes 102.906845
>> Generate hκModes 103.946447
3. Jumps
>> 0.274148
>> 1.09732
>> 3.883736
>> 5.20579
>> 37.383583
>> 21.577195
>> LinearSolve for s1 and κ jumps 0.010407
>> κ and s1 jumps 69.829245
4. Prepare grid and mode functions.
>> s=-2 MSTModes 0.190042
>> MMp2gridL 1.18858
>> MMp2gridR 3.459803
>> s=-1 MSTModes 0.081815
>> MMp1gridL 0.074352
>> MMp1gridR 0.204284
>> s=0 MSTModes 0.132145
A. Fill 1D grid.
>> s = 2, UP ... 21.189981
>> s = 1, UP ... 4.453808
>> s = 0, UP ... 8.898858
>> s = 2, IN ... 16.109877
>> s = 1, IN ... 1.869763
>> s = 0, IN ... 3.544956
1. Preliminaries.
Calculating B-matrices and Eigenvalues
2. Generate MSTModes
>> Generate s=-2 MSTModes 104.06103
>> Generate s=-1 MSTModes 103.455823
>> Generate hκModes 99.462625
3. Jumps
>> 0.24945
>> 0.932983
