Task 633 on node678.cluster: a=0.9 r0=14.5
Job started: a = 0.9, r0 = 14.5, savepath = /lustre/astro/dyson/DataFiles/KerrCircDiskData/h1_radial
Warning: rstarmin is outside the allowed range.
Now we Calculate the Radiative Solutions
1. Preliminaries.
Calculating B-matrices and Eigenvalues
2. Generate MSTModes
>> Generate s=-2 MSTModes 54.499518
>> Generate s=-1 MSTModes 54.985934
>> Generate hκModes 135.971933
3. Jumps
>> 0.399743
>> 2.304573
>> 3.745159
>> 4.126621
>> 51.802732
>> 18.522926
>> LinearSolve for s1 and κ jumps 0.005007
>> κ and s1 jumps 81.846151
4. Prepare grid and mode functions.
>> s=-2 MSTModes 0.215066
>> MMp2gridL 1.340527
>> MMp2gridR 4.861155
>> s=-1 MSTModes 0.067083
>> MMp1gridL 0.051154
>> MMp1gridR 0.161729
>> s=0 MSTModes 0.153956
A. Fill 1D grid.
>> s = 2, UP ... 34.602211
>> s = 1, UP ... 1.281948
>> s = 0, UP ... 7.677149
>> s = 2, IN ... 15.901974
>> s = 1, IN ... 1.164577
>> s = 0, IN ... 2.739157
1. Preliminaries.
Calculating B-matrices and Eigenvalues
2. Generate MSTModes
>> Generate s=-2 MSTModes 64.543426
>> Generate s=-1 MSTModes 62.999076
>> Generate hκModes 125.501832
3. Jumps
>> 0.348753
>> 2.256775
>> 3.953084
>> 13.442783
>> 88.901323
>> 56.334716
>> LinearSolve for s1 and κ jumps 1.275089
>> κ and s1 jumps 167.3184
4. Prepare grid and mode functions.
>> s=-2 MSTModes 0.174402
>> MMp2gridL 1.226293
>> MMp2gridR 4.486131
>> s=-1 MSTModes 0.100431
>> MMp1gridL 0.073223
>> MMp1gridR 0.261995
>> s=0 MSTModes 0.157976
A. Fill 1D grid.
>> s = 2, UP ... 30.926818
>> s = 1, UP ... 6.797162
>> s = 0, UP ... 13.131211
>> s = 2, IN ... 14.185788
>> s = 1, IN ... 1.874266
>> s = 0, IN ... 3.585273
1. Preliminaries.
Calculating B-matrices and Eigenvalues
2. Generate MSTModes
>> Generate s=-2 MSTModes 65.400365
>> Generate s=-1 MSTModes 64.311306
>> Generate hκModes 115.400524
3. Jumps
>> 0.332447
>> 1.95595
>> 3.947139
>> 11.856162
>> 78.888318
>> 49.628785
>> LinearSolve for s1 and κ jumps 1.338851
>> κ and s1 jumps 148.682471
4. Prepare grid and mode functions.
>> s=-2 MSTModes 0.173239
>> MMp2gridL 1.161528
>> MMp2gridR 4.25771
>> s=-1 MSTModes 0.093993
>> MMp1gridL 0.069941
>> MMp1gridR 0.25022
>> s=0 MSTModes 0.160418
A. Fill 1D grid.
>> s = 2, UP ... 28.532937
>> s = 1, UP ... 6.092523
>> s = 0, UP ... 12.172536
>> s = 2, IN ... 13.926691
>> s = 1, IN ... 1.785847
>> s = 0, IN ... 3.443498
1. Preliminaries.
Calculating B-matrices and Eigenvalues
2. Generate MSTModes
>> Generate s=-2 MSTModes 72.16708
>> Generate s=-1 MSTModes 72.071176
>> Generate hκModes 113.257012
3. Jumps
>> 0.308258
>> 1.764659
>> 4.258128
>> 9.929841
>> 66.801796
>> 41.221403
>> LinearSolve for s1 and κ jumps 1.077552
>> κ and s1 jumps 126.057608
4. Prepare grid and mode functions.
>> s=-2 MSTModes 0.168098
>> MMp2gridL 1.102102
>> MMp2gridR 4.047719
>> s=-1 MSTModes 0.092192
>> MMp1gridL 0.068493
>> MMp1gridR 0.241157
>> s=0 MSTModes 0.150304
A. Fill 1D grid.
>> s = 2, UP ... 26.904411
>> s = 1, UP ... 5.664114
>> s = 0, UP ... 11.393603
>> s = 2, IN ... 13.321043
>> s = 1, IN ... 1.720126
>> s = 0, IN ... 3.291154
1. Preliminaries.
Calculating B-matrices and Eigenvalues
2. Generate MSTModes
>> Generate s=-2 MSTModes 78.228092
>> Generate s=-1 MSTModes 78.298657
>> Generate hκModes 110.341533
3. Jumps
>> 0.299192
>> 1.541818
>> 3.958112
>> 8.431425
>> 57.983958
>> 35.496432
>> LinearSolve for s1 and κ jumps 0.948129
>> κ and s1 jumps 109.254745
4. Prepare grid and mode functions.
>> s=-2 MSTModes 0.192596
>> MMp2gridL 1.044567
>> MMp2gridR 3.868033
>> s=-1 MSTModes 0.088362
>> MMp1gridL 0.064241
>> MMp1gridR 0.226148
>> s=0 MSTModes 0.144352
A. Fill 1D grid.
>> s = 2, UP ... 25.204694
>> s = 1, UP ... 5.51156
>> s = 0, UP ... 10.975939
>> s = 2, IN ... 13.283386
>> s = 1, IN ... 1.681862
>> s = 0, IN ... 3.194924
1. Preliminaries.
Calculating B-matrices and Eigenvalues
2. Generate MSTModes
>> Generate s=-2 MSTModes 85.049106
>> Generate s=-1 MSTModes 86.643206
>> Generate hκModes 107.506663
3. Jumps
>> 0.280064
>> 1.319984
>> 3.866725
>> 7.13785
>> 49.186834
>> 29.901251
>> LinearSolve for s1 and κ jumps 1.068402
>> κ and s1 jumps 93.320094
4. Prepare grid and mode functions.
>> s=-2 MSTModes 0.157883
>> MMp2gridL 1.001094
>> MMp2gridR 3.734777
>> s=-1 MSTModes 0.083823
>> MMp1gridL 0.061907
>> MMp1gridR 0.217824
>> s=0 MSTModes 0.135009
A. Fill 1D grid.
>> s = 2, UP ... 23.850896
>> s = 1, UP ... 5.129443
>> s = 0, UP ... 10.019034
>> s = 2, IN ... 12.844155
>> s = 1, IN ... 1.595517
>> s = 0, IN ... 2.974283
1. Preliminaries.
Calculating B-matrices and Eigenvalues
2. Generate MSTModes
>> Generate s=-2 MSTModes 91.544255
>> Generate s=-1 MSTModes 93.613749
>> Generate hκModes 103.137472
3. Jumps
>> 0.258753
>> 1.18485
>> 3.775749
>> 6.291358
>> 43.785015
>> 26.710844
>> LinearSolve for s1 and κ jumps 0.795186
>> κ and s1 jumps 83.289705
4. Prepare grid and mode functions.
>> s=-2 MSTModes 0.163338
>> MMp2gridL 0.957913
>> MMp2gridR 3.532147
>> s=-1 MSTModes 0.081297
>> MMp1gridL 0.058629
>> MMp1gridR 0.208408
>> s=0 MSTModes 0.130674
A. Fill 1D grid.
>> s = 2, UP ... 22.530917
>> s = 1, UP ... 4.817488
>> s = 0, UP ... 9.461431
>> s = 2, IN ... 12.618277
>> s = 1, IN ... 1.518545
>> s = 0, IN ... 2.867804
1. Preliminaries.
Calculating B-matrices and Eigenvalues
2. Generate MSTModes
>> Generate s=-2 MSTModes 98.135075
>> Generate s=-1 MSTModes 96.757146
>> Generate hκModes 98.198925
3. Jumps
>> 0.249883
>> 1.030378
>> 3.69569
>> 5.223004
>> 37.839046
>> 22.356251
>> LinearSolve for s1 and κ jumps 1.149848
>> κ and s1 jumps 72.026898
4. Prepare grid and mode functions.
>> s=-2 MSTModes 0.151842
>> MMp2gridL 0.942434
>> MMp2gridR 3.448236
>> s=-1 MSTModes 0.078514
>> MMp1gridL 0.05838
>> MMp1gridR 0.204976
>> s=0 MSTModes 0.126861
A. Fill 1D grid.
>> s = 2, UP ... 21.355894
>> s = 1, UP ... 4.504372
>> s = 0, UP ... 8.823906
>> s = 2, IN ... 12.389811
>> s = 1, IN ... 1.46456
>> s = 0, IN ... 2.71174
1. Preliminaries.
Calculating B-matrices and Eigenvalues
2. Generate MSTModes
>> Generate s=-2 MSTModes 97.064911
>> Generate s=-1 MSTModes 94.893965
>> Generate hκModes 94.320658
3. Jumps
