Task 449 on node656.cluster: a=0.7 r0=10.5
Job started: a = 0.7, r0 = 10.5, savepath = /lustre/astro/dyson/DataFiles/KerrCircDiskData/h1_radial
Warning: rstarmin is outside the allowed range.
Now we Calculate the Radiative Solutions
1. Preliminaries.
Calculating B-matrices and Eigenvalues
2. Generate MSTModes
>> Generate s=-2 MSTModes 49.050747
>> Generate s=-1 MSTModes 51.812772
>> Generate hκModes 141.095988
3. Jumps
>> 0.441884
>> 2.358468
>> 4.042826
>> 4.670357
>> 54.284215
>> 20.689829
>> LinearSolve for s1 and κ jumps 0.005167
>> κ and s1 jumps 87.501504
4. Prepare grid and mode functions.
>> s=-2 MSTModes 0.224735
>> MMp2gridL 0.980321
>> MMp2gridR 5.514745
>> s=-1 MSTModes 0.071603
>> MMp1gridL 0.039763
>> MMp1gridR 0.184688
>> s=0 MSTModes 0.160803
A. Fill 1D grid.
>> s = 2, UP ... 38.101869
>> s = 1, UP ... 1.40143
>> s = 0, UP ... 8.445369
>> s = 2, IN ... 11.508169
>> s = 1, IN ... 0.920631
>> s = 0, IN ... 1.985642
1. Preliminaries.
Calculating B-matrices and Eigenvalues
2. Generate MSTModes
>> Generate s=-2 MSTModes 62.982604
>> Generate s=-1 MSTModes 60.57769
>> Generate hκModes 134.101633
3. Jumps
>> 0.388396
>> 2.553936
>> 4.620496
>> 15.865123
>> 103.677603
>> 65.709134
>> LinearSolve for s1 and κ jumps 1.074193
>> κ and s1 jumps 194.78833
4. Prepare grid and mode functions.
>> s=-2 MSTModes 0.18961
>> MMp2gridL 0.944824
>> MMp2gridR 5.423823
>> s=-1 MSTModes 0.108313
>> MMp1gridL 0.055846
>> MMp1gridR 0.314214
>> s=0 MSTModes 0.179131
A. Fill 1D grid.
>> s = 2, UP ... 35.82513
>> s = 1, UP ... 7.960257
>> s = 0, UP ... 16.834328
>> s = 2, IN ... 11.064416
>> s = 1, IN ... 1.449745
>> s = 0, IN ... 2.754571
1. Preliminaries.
Calculating B-matrices and Eigenvalues
2. Generate MSTModes
>> Generate s=-2 MSTModes 69.294074
>> Generate s=-1 MSTModes 69.584726
>> Generate hκModes 133.978672
3. Jumps
>> 0.376259
>> 2.149161
>> 5.03615
>> 13.129937
>> 86.631876
>> 54.83851
>> LinearSolve for s1 and κ jumps 1.006952
>> κ and s1 jumps 163.95218
4. Prepare grid and mode functions.
>> s=-2 MSTModes 0.204226
>> MMp2gridL 0.884993
>> MMp2gridR 5.075085
>> s=-1 MSTModes 0.103991
>> MMp1gridL 0.052822
>> MMp1gridR 0.294062
>> s=0 MSTModes 0.171456
A. Fill 1D grid.
>> s = 2, UP ... 33.930413
>> s = 1, UP ... 7.731453
>> s = 0, UP ... 15.845498
>> s = 2, IN ... 11.074316
>> s = 1, IN ... 1.4313
>> s = 0, IN ... 2.700224
1. Preliminaries.
Calculating B-matrices and Eigenvalues
2. Generate MSTModes
>> Generate s=-2 MSTModes 78.337157
>> Generate s=-1 MSTModes 77.574373
>> Generate hκModes 130.221461
3. Jumps
>> 0.336491
>> 1.955188
>> 4.502818
>> 10.718546
>> 73.612046
>> 46.730534
>> LinearSolve for s1 and κ jumps 1.115608
>> κ and s1 jumps 139.694616
4. Prepare grid and mode functions.
>> s=-2 MSTModes 0.207875
>> MMp2gridL 0.859265
>> MMp2gridR 4.964925
>> s=-1 MSTModes 0.101279
>> MMp1gridL 0.052838
>> MMp1gridR 0.285858
>> s=0 MSTModes 0.160754
A. Fill 1D grid.
>> s = 2, UP ... 32.73237
>> s = 1, UP ... 7.364629
>> s = 0, UP ... 14.97806
>> s = 2, IN ... 10.955852
>> s = 1, IN ... 1.404406
>> s = 0, IN ... 2.637501
1. Preliminaries.
Calculating B-matrices and Eigenvalues
2. Generate MSTModes
>> Generate s=-2 MSTModes 87.888999
>> Generate s=-1 MSTModes 86.012081
>> Generate hκModes 124.723364
3. Jumps
>> 0.329239
>> 1.679259
>> 4.677661
>> 9.588813
>> 65.219556
>> 41.634256
>> LinearSolve for s1 and κ jumps 1.442447
>> κ and s1 jumps 125.287176
4. Prepare grid and mode functions.
>> s=-2 MSTModes 0.186299
>> MMp2gridL 0.843581
>> MMp2gridR 4.896591
>> s=-1 MSTModes 0.099576
>> MMp1gridL 0.052824
>> MMp1gridR 0.284278
>> s=0 MSTModes 0.160465
A. Fill 1D grid.
>> s = 2, UP ... 31.678509
>> s = 1, UP ... 6.953743
>> s = 0, UP ... 14.231144
>> s = 2, IN ... 10.780036
>> s = 1, IN ... 1.355868
>> s = 0, IN ... 2.520951
1. Preliminaries.
Calculating B-matrices and Eigenvalues
2. Generate MSTModes
>> Generate s=-2 MSTModes 95.987212
>> Generate s=-1 MSTModes 92.827763
>> Generate hκModes 122.774463
3. Jumps
>> 0.305128
>> 1.541658
>> 4.517791
>> 8.371041
>> 58.36031
>> 35.599577
>> LinearSolve for s1 and κ jumps 1.167651
>> κ and s1 jumps 110.509811
4. Prepare grid and mode functions.
>> s=-2 MSTModes 0.18174
>> MMp2gridL 0.802081
>> MMp2gridR 4.653261
>> s=-1 MSTModes 0.093495
>> MMp1gridL 0.047726
>> MMp1gridR 0.266538
>> s=0 MSTModes 0.154902
A. Fill 1D grid.
>> s = 2, UP ... 29.918116
>> s = 1, UP ... 6.668743
>> s = 0, UP ... 13.517409
>> s = 2, IN ... 10.478355
>> s = 1, IN ... 1.268214
>> s = 0, IN ... 2.377745
1. Preliminaries.
Calculating B-matrices and Eigenvalues
2. Generate MSTModes
>> Generate s=-2 MSTModes 104.423693
>> Generate s=-1 MSTModes 102.293531
>> Generate hκModes 121.349372
3. Jumps
>> 0.297384
>> 1.368404
>> 4.458146
>> 7.189362
>> 50.911895
>> 30.865331
>> LinearSolve for s1 and κ jumps 1.098422
>> κ and s1 jumps 96.715808
4. Prepare grid and mode functions.
>> s=-2 MSTModes 0.179996
>> MMp2gridL 0.803631
>> MMp2gridR 4.471629
>> s=-1 MSTModes 0.091107
>> MMp1gridL 0.048145
>> MMp1gridR 0.267421
>> s=0 MSTModes 0.151502
A. Fill 1D grid.
>> s = 2, UP ... 27.698411
>> s = 1, UP ... 6.005883
>> s = 0, UP ... 12.133688
>> s = 2, IN ... 10.006455
>> s = 1, IN ... 1.220182
>> s = 0, IN ... 2.208581
1. Preliminaries.
Calculating B-matrices and Eigenvalues
2. Generate MSTModes
>> Generate s=-2 MSTModes 109.811649
>> Generate s=-1 MSTModes 107.869425
>> Generate hκModes 120.83919
3. Jumps
>> 0.275555
>> 1.224976
>> 4.266376
>> 5.839426
>> 41.960215
