Task 309 on node656.cluster: a=0.3 r0=28.5
Job started: a = 0.3, r0 = 28.5, savepath = /lustre/astro/dyson/DataFiles/KerrCircDiskData/h1_radial
Warning: rstarmin is outside the allowed range.
Now we Calculate the Radiative Solutions
1. Preliminaries.
Calculating B-matrices and Eigenvalues
2. Generate MSTModes
>> Generate s=-2 MSTModes 44.354338
>> Generate s=-1 MSTModes 44.170087

MetricReconstructRadiative`Private`hκTSolve::icaccuraccy: Warning: asymptotic expansion of order 40 at r=4000.000000000000000000000000000000000000000000000000000000000000 provides insufficiently accurate initial conditions to meet PrecsionGoal, 24.

MetricReconstructRadiative`Private`hκTSolve::icaccuraccy: Warning: asymptotic expansion of order 40 at r=4000.000000000000000000000000000000000000000000000000000000000000 provides insufficiently accurate initial conditions to meet PrecsionGoal, 24.

MetricReconstructRadiative`Private`hκTSolve::icaccuraccy: Warning: asymptotic expansion of order 40 at r=4000.000000000000000000000000000000000000000000000000000000000000 provides insufficiently accurate initial conditions to meet PrecsionGoal, 24.

General::stop: Further output of MetricReconstructRadiative`Private`hκTSolve::icaccuraccy will be suppressed during this calculation.
>> Generate hκModes 119.078467
3. Jumps
>> 0.337138
>> 2.121852
>> 2.961148
>> 3.698054
>> 47.345841
>> 16.880547
>> LinearSolve for s1 and κ jumps 0.034646
>> κ and s1 jumps 74.220122
4. Prepare grid and mode functions.
>> s=-2 MSTModes 0.195178
>> MMp2gridL 2.446976
>> MMp2gridR 2.974307
>> s=-1 MSTModes 0.062815
>> MMp1gridL 0.085669
>> MMp1gridR 0.101542
>> s=0 MSTModes 0.141826
A. Fill 1D grid.
>> s = 2, UP ... 20.965402
>> s = 1, UP ... 0.828088
>> s = 0, UP ... 4.730351
>> s = 2, IN ... 17.605136
>> s = 1, IN ... 0.706724
>> s = 0, IN ... 3.783736
1. Preliminaries.
Calculating B-matrices and Eigenvalues
2. Generate MSTModes
>> Generate s=-2 MSTModes 58.286425
>> Generate s=-1 MSTModes 58.127948
>> Generate hκModes 124.643837
3. Jumps
>> 0.376155
>> 2.398046
>> 3.87616
>> 3.956524
>> 52.327518
>> 17.647037
>> LinearSolve for s1 and κ jumps 0.523958
>> κ and s1 jumps 81.851709
4. Prepare grid and mode functions.
>> s=-2 MSTModes 0.197322
>> MMp2gridL 2.944379
>> MMp2gridR 3.588943
>> s=-1 MSTModes 0.111719
>> MMp1gridL 0.171706
>> MMp1gridR 0.209896
>> s=0 MSTModes 0.177853
A. Fill 1D grid.
>> s = 2, UP ... 24.480232
>> s = 1, UP ... 5.135997
>> s = 0, UP ... 7.498812
>> s = 2, IN ... 20.368168
>> s = 1, IN ... 4.184872
>> s = 0, IN ... 6.012769
1. Preliminaries.
Calculating B-matrices and Eigenvalues
2. Generate MSTModes
>> Generate s=-2 MSTModes 73.15379
>> Generate s=-1 MSTModes 71.860378
>> Generate hκModes 123.015088
3. Jumps
>> 0.365113
>> 2.119123
>> 3.880491
>> 3.447928
>> 45.790263
>> 15.655784
>> LinearSolve for s1 and κ jumps 0.840432
>> κ and s1 jumps 72.79329
4. Prepare grid and mode functions.
>> s=-2 MSTModes 0.228221
>> MMp2gridL 2.796728
>> MMp2gridR 3.417052
>> s=-1 MSTModes 0.108352
>> MMp1gridL 0.166425
>> MMp1gridR 0.199994
>> s=0 MSTModes 0.171451
A. Fill 1D grid.
>> s = 2, UP ... 22.968379
>> s = 1, UP ... 4.821134
>> s = 0, UP ... 7.16377
>> s = 2, IN ... 19.497822
>> s = 1, IN ... 4.016771
>> s = 0, IN ... 5.650295
1. Preliminaries.
Calculating B-matrices and Eigenvalues
2. Generate MSTModes
>> Generate s=-2 MSTModes 78.524565
>> Generate s=-1 MSTModes 77.511614
>> Generate hκModes 116.287427
3. Jumps
>> 0.338797
>> 1.869643
>> 3.87364
>> 2.934581
>> 40.054153
>> 13.258962
>> LinearSolve for s1 and κ jumps 1.019388
>> κ and s1 jumps 63.96484
4. Prepare grid and mode functions.
>> s=-2 MSTModes 0.205424
>> MMp2gridL 2.700011
>> MMp2gridR 3.322932
>> s=-1 MSTModes 0.104379
>> MMp1gridL 0.158694
>> MMp1gridR 0.19271
>> s=0 MSTModes 0.167403
A. Fill 1D grid.
>> s = 2, UP ... 21.932592
>> s = 1, UP ... 4.514997
>> s = 0, UP ... 6.743013
>> s = 2, IN ... 18.525567
>> s = 1, IN ... 3.847569
>> s = 0, IN ... 5.468181
1. Preliminaries.
Calculating B-matrices and Eigenvalues
2. Generate MSTModes
>> Generate s=-2 MSTModes 82.596063
>> Generate s=-1 MSTModes 81.598385
>> Generate hκModes 112.71105
3. Jumps
>> 0.329782
>> 1.715405
>> 3.701441
>> 2.533316
>> 35.70256
>> 11.172066
>> LinearSolve for s1 and κ jumps 0.765332
>> κ and s1 jumps 56.489022
4. Prepare grid and mode functions.
>> s=-2 MSTModes 0.187532
>> MMp2gridL 2.555603
>> MMp2gridR 3.102827
>> s=-1 MSTModes 0.098913
>> MMp1gridL 0.148518
>> MMp1gridR 0.178448
>> s=0 MSTModes 0.154028
A. Fill 1D grid.
>> s = 2, UP ... 20.74367
>> s = 1, UP ... 4.411547
>> s = 0, UP ... 6.381591
>> s = 2, IN ... 17.496529
>> s = 1, IN ... 3.566489
>> s = 0, IN ... 5.089234
1. Preliminaries.
Calculating B-matrices and Eigenvalues
2. Generate MSTModes
>> Generate s=-2 MSTModes 85.889542
>> Generate s=-1 MSTModes 86.387258
>> Generate hκModes 107.886933
3. Jumps
>> 0.313322
>> 1.488012
>> 3.732841
>> 2.207847
>> 31.105068
>> 9.589836
>> LinearSolve for s1 and κ jumps 0.708476
>> κ and s1 jumps 49.673154
4. Prepare grid and mode functions.
>> s=-2 MSTModes 0.180193
>> MMp2gridL 2.482011
>> MMp2gridR 3.014099
>> s=-1 MSTModes 0.095586
>> MMp1gridL 0.143783
>> MMp1gridR 0.175267
>> s=0 MSTModes 0.148644
A. Fill 1D grid.
>> s = 2, UP ... 19.912708
>> s = 1, UP ... 4.160691
>> s = 0, UP ... 6.240951
>> s = 2, IN ... 17.077739
>> s = 1, IN ... 3.475363
>> s = 0, IN ... 4.867701
1. Preliminaries.
Calculating B-matrices and Eigenvalues
2. Generate MSTModes
>> Generate s=-2 MSTModes 89.150192
>> Generate s=-1 MSTModes 89.983623
>> Generate hκModes 103.256068
3. Jumps
>> 0.300717
>> 1.358952
>> 3.552431
>> 1.927922
>> 27.86695
>> 8.399529
>> LinearSolve for s1 and κ jumps 0.418043
>> κ and s1 jumps 44.280869
4. Prepare grid and mode functions.
>> s=-2 MSTModes 0.208186
>> MMp2gridL 2.337877
>> MMp2gridR 2.825378
>> s=-1 MSTModes 0.091859
>> MMp1gridL 0.139797
>> MMp1gridR 0.166761
>> s=0 MSTModes 0.14272
A. Fill 1D grid.
>> s = 2, UP ... 18.84619
>> s = 1, UP ... 4.03869
>> s = 0, UP ... 5.853166
>> s = 2, IN ... 16.355028
>> s = 1, IN ... 3.356466
>> s = 0, IN ... 4.690135
1. Preliminaries.
Calculating B-matrices and Eigenvalues
2. Generate MSTModes
>> Generate s=-2 MSTModes 92.108483
>> Generate s=-1 MSTModes 91.55418
>> Generate hκModes 99.918014
3. Jumps
>> 0.291163
>> 1.253461
>> 3.48322
>> 1.711182
>> 25.046058
>> 7.29367
>> LinearSolve for s1 and κ jumps 0.431857
>> κ and s1 jumps 39.917789
4. Prepare grid and mode functions.
>> s=-2 MSTModes 0.199175
>> MMp2gridL 2.265895
>> MMp2gridR 2.707744
>> s=-1 MSTModes 0.086933
>> MMp1gridL 0.13666
>> MMp1gridR 0.161715
>> s=0 MSTModes 0.133542
A. Fill 1D grid.
>> s = 2, UP ... 17.664342
>> s = 1, UP ... 3.705522
>> s = 0, UP ... 5.569473
>> s = 2, IN ... 15.347347
>> s = 1, IN ... 3.095299
>> s = 0, IN ... 4.407271
1. Preliminaries.
Calculating B-matrices and Eigenvalues
2. Generate MSTModes
>> Generate s=-2 MSTModes 94.486796
>> Generate s=-1 MSTModes 92.509581
>> Generate hκModes 95.311612
3. Jumps
>> 0.286226
>> 1.123978
>> 3.458816
>> 1.496866
>> 22.405913
>> 6.511469
>> LinearSolve for s1 and κ jumps 0.009023
>> κ and s1 jumps 35.670461
4. Prepare grid and mode functions.
>> s=-2 MSTModes 0.20109
>> MMp2gridL 2.183508
>> MMp2gridR 2.701704
>> s=-1 MSTModes 0.085699
>> MMp1gridL 0.1336
>> MMp1gridR 0.158359
>> s=0 MSTModes 0.130777
A. Fill 1D grid.
>> s = 2, UP ... 17.212943
>> s = 1, UP ... 3.598083
>> s = 0, UP ... 5.285154
>> s = 2, IN ... 14.714894
>> s = 1, IN ... 2.930705
>> s = 0, IN ... 4.132712
1. Preliminaries.
Calculating B-matrices and Eigenvalues
2. Generate MSTModes
>> Generate s=-2 MSTModes 97.402761
>> Generate s=-1 MSTModes 93.8637
>> Generate hκModes 90.879472
3. Jumps
>> 0.272315
>> 1.004302
>> 3.300455
>> 1.277467
>> 19.51949
>> 5.551964
>> LinearSolve for s1 and κ jumps 0.008617
>> κ and s1 jumps 31.272574
4. Prepare grid and mode functions.
>> s=-2 MSTModes 0.194534
>> MMp2gridL 2.102702
>> MMp2gridR 2.538784
>> s=-1 MSTModes 0.082539
>> MMp1gridL 0.128835
>> MMp1gridR 0.151097
>> s=0 MSTModes 0.131154
A. Fill 1D grid.
>> s = 2, UP ... 16.405636
>> s = 1, UP ... 3.326916
>> s = 0, UP ... 4.99605
>> s = 2, IN ... 13.945988
>> s = 1, IN ... 2.825484
>> s = 0, IN ... 4.006588
1. Preliminaries.
Calculating B-matrices and Eigenvalues
2. Generate MSTModes
>> Generate s=-2 MSTModes 99.364447
>> Generate s=-1 MSTModes 95.118717
>> Generate hκModes 86.087594
3. Jumps
>> 0.262856
>> 0.872309
>> 3.173685
>> 1.04871
>> 16.954147
>> 4.606276
>> LinearSolve for s1 and κ jumps 0.007695
>> κ and s1 jumps 27.225068
4. Prepare grid and mode functions.
>> s=-2 MSTModes 0.187765
>> MMp2gridL 2.002535
>> MMp2gridR 2.423729
>> s=-1 MSTModes 0.078969
>> MMp1gridL 0.12084
>> MMp1gridR 0.14519
>> s=0 MSTModes 0.12418
A. Fill 1D grid.
