Task 548 on node656.cluster: a=0.8 r0=16.0
Job started: a = 0.8, r0 = 16., savepath = /lustre/astro/dyson/DataFiles/KerrCircDiskData/h1_radial
Warning: rstarmin is outside the allowed range.
Now we Calculate the Radiative Solutions
1. Preliminaries.
Calculating B-matrices and Eigenvalues
2. Generate MSTModes
>> Generate s=-2 MSTModes 54.686569
>> Generate s=-1 MSTModes 54.064113
>> Generate hκModes 132.204665
3. Jumps
>> 0.406123
>> 2.279481
>> 3.637694
>> 4.194551
>> 51.142397
>> 18.805563
>> LinearSolve for s1 and κ jumps 0.004645
>> κ and s1 jumps 81.401169
4. Prepare grid and mode functions.
>> s=-2 MSTModes 0.216368
>> MMp2gridL 1.483932
>> MMp2gridR 4.678769
>> s=-1 MSTModes 0.066937
>> MMp1gridL 0.056264
>> MMp1gridR 0.155715
>> s=0 MSTModes 0.151029
A. Fill 1D grid.
>> s = 2, UP ... 33.948248
>> s = 1, UP ... 1.247291
>> s = 0, UP ... 7.790963
>> s = 2, IN ... 17.619624
>> s = 1, IN ... 1.29695
>> s = 0, IN ... 3.04355
1. Preliminaries.
Calculating B-matrices and Eigenvalues
2. Generate MSTModes
>> Generate s=-2 MSTModes 64.636171
>> Generate s=-1 MSTModes 64.43786
>> Generate hκModes 125.324614
3. Jumps
>> 0.366602
>> 2.299418
>> 3.954028
>> 3.76568
>> 49.439125
>> 16.576207
>> LinearSolve for s1 and κ jumps 0.847894
>> κ and s1 jumps 77.984751
4. Prepare grid and mode functions.
>> s=-2 MSTModes 0.229403
>> MMp2gridL 1.473384
>> MMp2gridR 4.747628
>> s=-1 MSTModes 0.107055
>> MMp1gridL 0.088316
>> MMp1gridR 0.27858
>> s=0 MSTModes 0.172837
A. Fill 1D grid.
>> s = 2, UP ... 32.597796
>> s = 1, UP ... 7.147163
>> s = 0, UP ... 9.853321
>> s = 2, IN ... 16.838474
>> s = 1, IN ... 2.253401
>> s = 0, IN ... 3.281993
1. Preliminaries.
Calculating B-matrices and Eigenvalues
2. Generate MSTModes
>> Generate s=-2 MSTModes 70.83467
>> Generate s=-1 MSTModes 70.031933
>> Generate hκModes 122.854562
3. Jumps
>> 0.346216
>> 2.05454
>> 4.240583
>> 11.964142
>> 80.28482
>> 50.538086
>> LinearSolve for s1 and κ jumps 0.925873
>> κ and s1 jumps 151.067371
4. Prepare grid and mode functions.
>> s=-2 MSTModes 0.178843
>> MMp2gridL 1.339725
>> MMp2gridR 4.273723
>> s=-1 MSTModes 0.097314
>> MMp1gridL 0.07912
>> MMp1gridR 0.246819
>> s=0 MSTModes 0.162833
A. Fill 1D grid.
>> s = 2, UP ... 28.467349
>> s = 1, UP ... 5.956234
>> s = 0, UP ... 11.75736
>> s = 2, IN ... 15.562584
>> s = 1, IN ... 2.049775
>> s = 0, IN ... 3.932138
1. Preliminaries.
Calculating B-matrices and Eigenvalues
2. Generate MSTModes
>> Generate s=-2 MSTModes 73.407125
>> Generate s=-1 MSTModes 70.573093
>> Generate hκModes 104.9841
3. Jumps
>> 0.295955
>> 1.635313
>> 3.633232
>> 9.417936
>> 64.195629
>> 40.28467
>> LinearSolve for s1 and κ jumps 0.702479
>> κ and s1 jumps 120.765861
4. Prepare grid and mode functions.
>> s=-2 MSTModes 0.232729
>> MMp2gridL 1.216867
>> MMp2gridR 3.835222
>> s=-1 MSTModes 0.088626
>> MMp1gridL 0.071407
>> MMp1gridR 0.224953
>> s=0 MSTModes 0.149032
A. Fill 1D grid.
>> s = 2, UP ... 25.319999
>> s = 1, UP ... 5.352737
>> s = 0, UP ... 10.701454
>> s = 2, IN ... 14.729821
>> s = 1, IN ... 1.880636
>> s = 0, IN ... 3.597482
1. Preliminaries.
Calculating B-matrices and Eigenvalues
2. Generate MSTModes
>> Generate s=-2 MSTModes 75.812273
>> Generate s=-1 MSTModes 74.94596
>> Generate hκModes 102.857333
3. Jumps
>> 0.282861
>> 1.50835
>> 3.701954
>> 8.143285
>> 56.945377
>> 35.713036
>> LinearSolve for s1 and κ jumps 1.113039
>> κ and s1 jumps 107.96776
4. Prepare grid and mode functions.
>> s=-2 MSTModes 0.160235
>> MMp2gridL 1.159594
>> MMp2gridR 3.697961
>> s=-1 MSTModes 0.086708
>> MMp1gridL 0.070034
>> MMp1gridR 0.216581
>> s=0 MSTModes 0.143945
A. Fill 1D grid.
>> s = 2, UP ... 23.937981
>> s = 1, UP ... 4.954758
>> s = 0, UP ... 9.889092
>> s = 2, IN ... 14.089824
>> s = 1, IN ... 1.795633
>> s = 0, IN ... 3.404592
1. Preliminaries.
Calculating B-matrices and Eigenvalues
2. Generate MSTModes
>> Generate s=-2 MSTModes 82.481659
>> Generate s=-1 MSTModes 80.405618
>> Generate hκModes 100.407155
3. Jumps
>> 0.266523
>> 1.324302
>> 3.664052
>> 7.117935
>> 49.760212
>> 30.139847
>> LinearSolve for s1 and κ jumps 0.745379
>> κ and s1 jumps 93.618372
4. Prepare grid and mode functions.
>> s=-2 MSTModes 0.152779
>> MMp2gridL 1.136815
>> MMp2gridR 3.517432
>> s=-1 MSTModes 0.082925
>> MMp1gridL 0.068349
>> MMp1gridR 0.206794
>> s=0 MSTModes 0.134956
A. Fill 1D grid.
>> s = 2, UP ... 22.767775
>> s = 1, UP ... 4.727942
>> s = 0, UP ... 9.47146
>> s = 2, IN ... 14.245545
>> s = 1, IN ... 1.778685
>> s = 0, IN ... 3.3369
1. Preliminaries.
Calculating B-matrices and Eigenvalues
2. Generate MSTModes
>> Generate s=-2 MSTModes 87.977727
>> Generate s=-1 MSTModes 87.32179
>> Generate hκModes 97.183914
3. Jumps
>> 0.261017
>> 1.185908
>> 3.81864
>> 6.046298
>> 43.631715
>> 25.996316
>> LinearSolve for s1 and κ jumps 0.751818
>> κ and s1 jumps 82.142971
4. Prepare grid and mode functions.
>> s=-2 MSTModes 0.186011
>> MMp2gridL 1.065052
>> MMp2gridR 3.431811
>> s=-1 MSTModes 0.080627
>> MMp1gridL 0.065926
>> MMp1gridR 0.199945
>> s=0 MSTModes 0.131817
A. Fill 1D grid.
>> s = 2, UP ... 21.725521
>> s = 1, UP ... 4.516374
>> s = 0, UP ... 8.924075
>> s = 2, IN ... 13.788114
>> s = 1, IN ... 1.679327
>> s = 0, IN ... 3.137713
1. Preliminaries.
Calculating B-matrices and Eigenvalues
2. Generate MSTModes
>> Generate s=-2 MSTModes 93.627
>> Generate s=-1 MSTModes 92.853645
>> Generate hκModes 94.99506
3. Jumps
>> 0.245091
>> 1.035346
>> 3.457373
>> 5.237232
>> 37.67849
>> 22.367628
>> LinearSolve for s1 and κ jumps 0.782606
>> κ and s1 jumps 71.333651
4. Prepare grid and mode functions.
>> s=-2 MSTModes 0.148863
>> MMp2gridL 1.049578
>> MMp2gridR 3.270821
>> s=-1 MSTModes 0.077286
>> MMp1gridL 0.063824
>> MMp1gridR 0.193121
>> s=0 MSTModes 0.122308
A. Fill 1D grid.
>> s = 2, UP ... 20.604683
>> s = 1, UP ... 4.298028
>> s = 0, UP ... 8.547413
>> s = 2, IN ... 13.750627
>> s = 1, IN ... 1.652747
>> s = 0, IN ... 3.085587
1. Preliminaries.
Calculating B-matrices and Eigenvalues
2. Generate MSTModes
>> Generate s=-2 MSTModes 96.963961
>> Generate s=-1 MSTModes 93.655547
>> Generate hκModes 91.3732
3. Jumps
>> 0.239623
>> 0.918641
>> 3.337438
>> 4.43929
>> 32.633513
>> 19.116724
>> LinearSolve for s1 and κ jumps 0.00876
>> κ and s1 jumps 61.05092
4. Prepare grid and mode functions.
>> s=-2 MSTModes 0.175541
>> MMp2gridL 0.989807
>> MMp2gridR 3.120027
>> s=-1 MSTModes 0.074148
>> MMp1gridL 0.061667
>> MMp1gridR 0.187493
>> s=0 MSTModes 0.121723
A. Fill 1D grid.
>> s = 2, UP ... 19.148059
>> s = 1, UP ... 4.045752
>> s = 0, UP ... 8.183218
