Task 180 on node678.cluster: a=0.2 r0=8.0
Job started: a = 0.2, r0 = 8., savepath = /lustre/astro/dyson/DataFiles/KerrCircDiskData/h1_radial
Warning: rstarmin is outside the allowed range.
Now we Calculate the Radiative Solutions
1. Preliminaries.
Calculating B-matrices and Eigenvalues
2. Generate MSTModes
>> Generate s=-2 MSTModes 51.939391
>> Generate s=-1 MSTModes 51.115186
>> Generate hκModes 141.981618
3. Jumps
>> 0.426702
>> 2.35129
>> 4.302846
>> 4.309276
>> 52.915855
>> 18.784947
>> LinearSolve for s1 and κ jumps 0.004843
>> κ and s1 jumps 84.050456
4. Prepare grid and mode functions.
>> s=-2 MSTModes 0.219782
>> MMp2gridL 0.682659
>> MMp2gridR 5.674584
>> s=-1 MSTModes 0.066881
>> MMp1gridL 0.027867
>> MMp1gridR 0.183879
>> s=0 MSTModes 0.15839
A. Fill 1D grid.
>> s = 2, UP ... 39.736407
>> s = 1, UP ... 1.466025
>> s = 0, UP ... 8.991687
>> s = 2, IN ... 8.287436
>> s = 1, IN ... 0.675454
>> s = 0, IN ... 1.408073
1. Preliminaries.
Calculating B-matrices and Eigenvalues
2. Generate MSTModes
>> Generate s=-2 MSTModes 60.965493
>> Generate s=-1 MSTModes 60.693864
>> Generate hκModes 139.503674
3. Jumps
>> 0.391608
>> 2.537008
>> 5.032265
>> 4.103171
>> 52.462022
>> 17.773648
>> LinearSolve for s1 and κ jumps 0.906338
>> κ and s1 jumps 83.957
4. Prepare grid and mode functions.
>> s=-2 MSTModes 0.198767
>> MMp2gridL 0.678382
>> MMp2gridR 5.660924
>> s=-1 MSTModes 0.107886
>> MMp1gridL 0.039218
>> MMp1gridR 0.321136
>> s=0 MSTModes 0.178898
A. Fill 1D grid.
>> s = 2, UP ... 38.28257
>> s = 1, UP ... 9.127649
>> s = 0, UP ... 12.534815
>> s = 2, IN ... 8.229504
>> s = 1, IN ... 1.052799
>> s = 0, IN ... 1.542359
1. Preliminaries.
Calculating B-matrices and Eigenvalues
2. Generate MSTModes
>> Generate s=-2 MSTModes 69.705364
>> Generate s=-1 MSTModes 70.912274
>> Generate hκModes 138.888159
3. Jumps
>> 0.369079
>> 2.183477
>> 5.22899
>> 3.465441
>> 45.483812
>> 15.309816
>> LinearSolve for s1 and κ jumps 1.06034
>> κ and s1 jumps 73.828989
4. Prepare grid and mode functions.
>> s=-2 MSTModes 0.196479
>> MMp2gridL 0.653484
>> MMp2gridR 5.501116
>> s=-1 MSTModes 0.104525
>> MMp1gridL 0.038649
>> MMp1gridR 0.314973
>> s=0 MSTModes 0.169146
A. Fill 1D grid.
>> s = 2, UP ... 35.945594
>> s = 1, UP ... 8.028666
>> s = 0, UP ... 11.687207
>> s = 2, IN ... 8.040741
>> s = 1, IN ... 1.021478
>> s = 0, IN ... 1.475211
1. Preliminaries.
Calculating B-matrices and Eigenvalues
2. Generate MSTModes
>> Generate s=-2 MSTModes 79.671818
>> Generate s=-1 MSTModes 80.460949
>> Generate hκModes 139.189922
3. Jumps
>> 0.338288
>> 1.890075
>> 5.143355
>> 10.900547
>> 73.268721
>> 45.710796
>> LinearSolve for s1 and κ jumps 1.012273
>> κ and s1 jumps 138.94807
4. Prepare grid and mode functions.
>> s=-2 MSTModes 0.204939
>> MMp2gridL 0.617621
>> MMp2gridR 5.275196
>> s=-1 MSTModes 0.100762
>> MMp1gridL 0.037171
>> MMp1gridR 0.297449
>> s=0 MSTModes 0.160642
A. Fill 1D grid.
>> s = 2, UP ... 34.602664
>> s = 1, UP ... 7.496105
>> s = 0, UP ... 15.040242
>> s = 2, IN ... 7.890181
>> s = 1, IN ... 0.979185
>> s = 0, IN ... 1.822132
1. Preliminaries.
Calculating B-matrices and Eigenvalues
2. Generate MSTModes
>> Generate s=-2 MSTModes 90.011051
>> Generate s=-1 MSTModes 90.440644
>> Generate hκModes 133.705461
3. Jumps
>> 0.321029
>> 1.589522
>> 4.8085
>> 9.07813
>> 63.080455
>> 39.746805
>> LinearSolve for s1 and κ jumps 0.860893
>> κ and s1 jumps 120.107854
4. Prepare grid and mode functions.
>> s=-2 MSTModes 0.21627
>> MMp2gridL 0.594598
>> MMp2gridR 5.111312
>> s=-1 MSTModes 0.098923
>> MMp1gridL 0.037435
>> MMp1gridR 0.289695
>> s=0 MSTModes 0.157528
A. Fill 1D grid.
>> s = 2, UP ... 33.256854
>> s = 1, UP ... 7.385235
>> s = 0, UP ... 15.222615
>> s = 2, IN ... 7.858556
>> s = 1, IN ... 0.960535
>> s = 0, IN ... 1.763229
1. Preliminaries.
Calculating B-matrices and Eigenvalues
2. Generate MSTModes
>> Generate s=-2 MSTModes 100.474034
>> Generate s=-1 MSTModes 99.507881
>> Generate hκModes 132.20605
3. Jumps
>> 0.312977
>> 1.518963
>> 4.852136
>> 8.212797
>> 57.410644
>> 35.362596
>> LinearSolve for s1 and κ jumps 0.94016
>> κ and s1 jumps 109.259741
4. Prepare grid and mode functions.
>> s=-2 MSTModes 0.180162
>> MMp2gridL 0.57797
>> MMp2gridR 4.995807
>> s=-1 MSTModes 0.097227
>> MMp1gridL 0.036568
>> MMp1gridR 0.286057
>> s=0 MSTModes 0.152155
A. Fill 1D grid.
>> s = 2, UP ... 31.584108
>> s = 1, UP ... 7.014273
>> s = 0, UP ... 13.838153
>> s = 2, IN ... 7.608785
>> s = 1, IN ... 0.917322
>> s = 0, IN ... 1.661784
1. Preliminaries.
Calculating B-matrices and Eigenvalues
2. Generate MSTModes
>> Generate s=-2 MSTModes 107.490582
>> Generate s=-1 MSTModes 108.543249
>> Generate hκModes 134.64458
3. Jumps
>> 0.296215
>> 1.353262
>> 4.559379
>> 6.891958
