Task 93 on node678.cluster: a=0.1 r0=8.5
Job started: a = 0.1, r0 = 8.5, savepath = /lustre/astro/dyson/DataFiles/KerrCircDiskData/h1_radial
Warning: rstarmin is outside the allowed range.
Now we Calculate the Radiative Solutions
1. Preliminaries.
Calculating B-matrices and Eigenvalues
2. Generate MSTModes
>> Generate s=-2 MSTModes 52.084673
>> Generate s=-1 MSTModes 51.913618
>> Generate hκModes 138.785271
3. Jumps
>> 0.417807
>> 2.381707
>> 4.208672
>> 4.481627
>> 54.377701
>> 20.021257
>> LinearSolve for s1 and κ jumps 0.004682
>> κ and s1 jumps 86.870491
4. Prepare grid and mode functions.
>> s=-2 MSTModes 0.222571
>> MMp2gridL 0.761657
>> MMp2gridR 5.961744
>> s=-1 MSTModes 0.070663
>> MMp1gridL 0.031438
>> MMp1gridR 0.192605
>> s=0 MSTModes 0.164067
A. Fill 1D grid.
>> s = 2, UP ... 42.927438
>> s = 1, UP ... 1.504114
>> s = 0, UP ... 9.906614
>> s = 2, IN ... 9.319845
>> s = 1, IN ... 0.754868
>> s = 0, IN ... 1.592464
1. Preliminaries.
Calculating B-matrices and Eigenvalues
2. Generate MSTModes
>> Generate s=-2 MSTModes 63.307425
>> Generate s=-1 MSTModes 62.489914
>> Generate hκModes 134.983219
3. Jumps
>> 0.378501
>> 2.368241
>> 5.096792
>> 4.032171
>> 51.373669
>> 17.586032
>> LinearSolve for s1 and κ jumps 1.141797
>> κ and s1 jumps 82.724028
4. Prepare grid and mode functions.
>> s=-2 MSTModes 0.216601
>> MMp2gridL 0.744769
>> MMp2gridR 5.79223
>> s=-1 MSTModes 0.110655
>> MMp1gridL 0.043834
>> MMp1gridR 0.339287
>> s=0 MSTModes 0.180243
A. Fill 1D grid.
>> s = 2, UP ... 40.282513
>> s = 1, UP ... 9.819745
>> s = 0, UP ... 13.553168
>> s = 2, IN ... 9.037584
>> s = 1, IN ... 1.158866
>> s = 0, IN ... 1.699411
1. Preliminaries.
Calculating B-matrices and Eigenvalues
2. Generate MSTModes
>> Generate s=-2 MSTModes 70.64365
>> Generate s=-1 MSTModes 69.885021
>> Generate hκModes 133.909738
3. Jumps
>> 0.364304
>> 2.125518
>> 4.95385
>> 3.384046
>> 45.307941
>> 15.037145
>> LinearSolve for s1 and κ jumps 1.127154
>> κ and s1 jumps 73.046721
4. Prepare grid and mode functions.
>> s=-2 MSTModes 0.215698
>> MMp2gridL 0.713024
>> MMp2gridR 5.57709
>> s=-1 MSTModes 0.10667
>> MMp1gridL 0.042927
>> MMp1gridR 0.312893
>> s=0 MSTModes 0.175901
A. Fill 1D grid.
>> s = 2, UP ... 37.644866
>> s = 1, UP ... 8.83829
>> s = 0, UP ... 12.706323
>> s = 2, IN ... 8.67631
>> s = 1, IN ... 1.106981
>> s = 0, IN ... 1.618965
1. Preliminaries.
Calculating B-matrices and Eigenvalues
2. Generate MSTModes
>> Generate s=-2 MSTModes 78.808757
>> Generate s=-1 MSTModes 77.668665
>> Generate hκModes 133.517613
3. Jumps
>> 0.341166
>> 1.898983
>> 4.955034
>> 3.008809
>> 40.440744
>> 13.25606
>> LinearSolve for s1 and κ jumps 1.024595
>> κ and s1 jumps 65.613763
4. Prepare grid and mode functions.
>> s=-2 MSTModes 0.217383
>> MMp2gridL 0.66788
>> MMp2gridR 5.32682
>> s=-1 MSTModes 0.103374
>> MMp1gridL 0.040448
>> MMp1gridR 0.303055
>> s=0 MSTModes 0.160747
A. Fill 1D grid.
>> s = 2, UP ... 34.913189
>> s = 1, UP ... 8.531457
>> s = 0, UP ... 11.74357
>> s = 2, IN ... 8.524819
>> s = 1, IN ... 1.094148
>> s = 0, IN ... 1.583184
1. Preliminaries.
Calculating B-matrices and Eigenvalues
2. Generate MSTModes
>> Generate s=-2 MSTModes 88.982205
>> Generate s=-1 MSTModes 87.264615
>> Generate hκModes 131.658519
3. Jumps
>> 0.326323
>> 1.693248
>> 4.945648
>> 2.683467
>> 36.115336
>> 11.780815
>> LinearSolve for s1 and κ jumps 0.753441
>> κ and s1 jumps 58.871951
4. Prepare grid and mode functions.
>> s=-2 MSTModes 0.202953
>> MMp2gridL 0.666816
>> MMp2gridR 5.163264
>> s=-1 MSTModes 0.100421
>> MMp1gridL 0.03896
>> MMp1gridR 0.296243
>> s=0 MSTModes 0.162025
A. Fill 1D grid.
>> s = 2, UP ... 33.317001
>> s = 1, UP ... 7.406882
>> s = 0, UP ... 10.572026
>> s = 2, IN ... 8.273562
>> s = 1, IN ... 1.016843
>> s = 0, IN ... 1.527817
1. Preliminaries.
Calculating B-matrices and Eigenvalues
2. Generate MSTModes
>> Generate s=-2 MSTModes 99.165605
>> Generate s=-1 MSTModes 97.509014
>> Generate hκModes 131.400604
3. Jumps
>> 0.314148
>> 1.599496
>> 4.83557
>> 2.255384
>> 32.941927
>> 9.822451
>> LinearSolve for s1 and κ jumps 0.927524
>> κ and s1 jumps 53.224537
4. Prepare grid and mode functions.
>> s=-2 MSTModes 0.184193
>> MMp2gridL 0.617597
>> MMp2gridR 4.867936
>> s=-1 MSTModes 0.096955
>> MMp1gridL 0.038268
>> MMp1gridR 0.285959
>> s=0 MSTModes 0.157721
A. Fill 1D grid.
>> s = 2, UP ... 30.924297
>> s = 1, UP ... 6.900857
>> s = 0, UP ... 9.955733
>> s = 2, IN ... 8.083097
>> s = 1, IN ... 0.972527
>> s = 0, IN ... 1.435929
1. Preliminaries.
Calculating B-matrices and Eigenvalues
2. Generate MSTModes
>> Generate s=-2 MSTModes 108.951817
>> Generate s=-1 MSTModes 107.547037
>> Generate hκModes 131.916676
3. Jumps
>> 0.292201
>> 1.400501
>> 4.465356
>> 1.889613
>> 27.749867
>> 8.234733
>> LinearSolve for s1 and κ jumps 0.646674
>> κ and s1 jumps 45.171347
4. Prepare grid and mode functions.
>> s=-2 MSTModes 0.187049
>> MMp2gridL 0.589337
>> MMp2gridR 4.528307
>> s=-1 MSTModes 0.090116
>> MMp1gridL 0.036069
>> MMp1gridR 0.261324
>> s=0 MSTModes 0.140629
A. Fill 1D grid.
>> s = 2, UP ... 28.259155
>> s = 1, UP ... 6.215618
>> s = 0, UP ... 8.934687
