Task 441 on node656.cluster: a=0.7 r0=6.5
Job started: a = 0.7, r0 = 6.5, savepath = /lustre/astro/dyson/DataFiles/KerrCircDiskData/h1_radial
Warning: rstarmin is outside the allowed range.
Now we Calculate the Radiative Solutions
1. Preliminaries.
Calculating B-matrices and Eigenvalues
2. Generate MSTModes
>> Generate s=-2 MSTModes 41.851676
>> Generate s=-1 MSTModes 41.573154
>> Generate hκModes 119.402486
3. Jumps
>> 0.352485
>> 1.953886
>> 3.664551
>> 13.899702
>> 89.378689
>> 64.320914
>> LinearSolve for s1 and κ jumps 0.005448
>> κ and s1 jumps 174.654935
4. Prepare grid and mode functions.
>> s=-2 MSTModes 0.211175
>> MMp2gridL 0.526414
>> MMp2gridR 5.817597
>> s=-1 MSTModes 0.069284
>> MMp1gridL 0.022459
>> MMp1gridR 0.192063
>> s=0 MSTModes 0.167386
A. Fill 1D grid.
>> s = 2, UP ... 40.163127
>> s = 1, UP ... 1.453636
>> s = 0, UP ... 12.778764
>> s = 2, IN ... 6.691069
>> s = 1, IN ... 0.581163
>> s = 0, IN ... 1.386913
1. Preliminaries.
Calculating B-matrices and Eigenvalues
2. Generate MSTModes
>> Generate s=-2 MSTModes 61.357319
>> Generate s=-1 MSTModes 61.015663
>> Generate hκModes 145.627164
3. Jumps
>> 0.389199
>> 2.505322
>> 5.14975
>> 15.673439
>> 100.219219
>> 65.001223
>> LinearSolve for s1 and κ jumps 0.824346
>> κ and s1 jumps 190.643128
4. Prepare grid and mode functions.
>> s=-2 MSTModes 0.20354
>> MMp2gridL 0.531218
>> MMp2gridR 5.898978
>> s=-1 MSTModes 0.110752
>> MMp1gridL 0.031913
>> MMp1gridR 0.345789
>> s=0 MSTModes 0.189523
A. Fill 1D grid.
>> s = 2, UP ... 39.924172
>> s = 1, UP ... 8.590845
>> s = 0, UP ... 17.621974
>> s = 2, IN ... 6.712151
>> s = 1, IN ... 0.851438
>> s = 0, IN ... 1.551968
1. Preliminaries.
Calculating B-matrices and Eigenvalues
2. Generate MSTModes
>> Generate s=-2 MSTModes 73.138377
>> Generate s=-1 MSTModes 72.051863
>> Generate hκModes 143.173571
3. Jumps
>> 0.357067
>> 2.206924
>> 5.138436
>> 13.046033
>> 88.504197
>> 57.412855
>> LinearSolve for s1 and κ jumps 0.942157
>> κ and s1 jumps 168.396395
4. Prepare grid and mode functions.
>> s=-2 MSTModes 0.206771
>> MMp2gridL 0.520777
>> MMp2gridR 5.793638
>> s=-1 MSTModes 0.108216
>> MMp1gridL 0.031497
>> MMp1gridR 0.337813
>> s=0 MSTModes 0.177438
A. Fill 1D grid.
>> s = 2, UP ... 38.830094
>> s = 1, UP ... 9.055899
>> s = 0, UP ... 18.247377
>> s = 2, IN ... 6.628261
>> s = 1, IN ... 0.828819
>> s = 0, IN ... 1.515935
1. Preliminaries.
Calculating B-matrices and Eigenvalues
2. Generate MSTModes
>> Generate s=-2 MSTModes 85.881516
>> Generate s=-1 MSTModes 83.826367
>> Generate hκModes 145.716898
3. Jumps
>> 0.343807
>> 1.952271
>> 5.324793
>> 11.673694
>> 78.397486
>> 49.665176
>> LinearSolve for s1 and κ jumps 0.901763
>> κ and s1 jumps 148.987859
4. Prepare grid and mode functions.
>> s=-2 MSTModes 0.2055
>> MMp2gridL 0.502089
>> MMp2gridR 5.651212
>> s=-1 MSTModes 0.105926
>> MMp1gridL 0.031315
>> MMp1gridR 0.323458
>> s=0 MSTModes 0.17282
A. Fill 1D grid.
>> s = 2, UP ... 36.677765
>> s = 1, UP ... 8.617048
>> s = 0, UP ... 17.35313
>> s = 2, IN ... 6.263774
>> s = 1, IN ... 0.783227
>> s = 0, IN ... 1.386409
1. Preliminaries.
Calculating B-matrices and Eigenvalues
2. Generate MSTModes
>> Generate s=-2 MSTModes 99.541771
>> Generate s=-1 MSTModes 99.174162
>> Generate hκModes 149.889328
3. Jumps
>> 0.334724
>> 1.757444
>> 5.186705
>> 9.983166
>> 66.820687
>> 40.788019
>> LinearSolve for s1 and κ jumps 0.821934
>> κ and s1 jumps 126.353285
4. Prepare grid and mode functions.
>> s=-2 MSTModes 0.192071
>> MMp2gridL 0.465427
>> MMp2gridR 5.470043
>> s=-1 MSTModes 0.09946
>> MMp1gridL 0.028812
>> MMp1gridR 0.300836
>> s=0 MSTModes 0.15742
A. Fill 1D grid.
>> s = 2, UP ... 34.966117
>> s = 1, UP ... 8.240247
>> s = 0, UP ... 16.802454
>> s = 2, IN ... 6.106106
>> s = 1, IN ... 0.770664
>> s = 0, IN ... 1.356739
1. Preliminaries.
Calculating B-matrices and Eigenvalues
2. Generate MSTModes
>> Generate s=-2 MSTModes 114.195111
>> Generate s=-1 MSTModes 114.070269
>> Generate hκModes 147.543405
3. Jumps
>> 0.311479
>> 1.512105
>> 4.846767
>> 8.503774
>> 58.379646
>> 35.684846
>> LinearSolve for s1 and κ jumps 1.233423
>> κ and s1 jumps 111.065318
4. Prepare grid and mode functions.
>> s=-2 MSTModes 0.198039
>> MMp2gridL 0.447666
>> MMp2gridR 5.182398
>> s=-1 MSTModes 0.101108
>> MMp1gridL 0.028137
>> MMp1gridR 0.297607
>> s=0 MSTModes 0.155707
A. Fill 1D grid.
>> s = 2, UP ... 32.287282
>> s = 1, UP ... 7.284863
>> s = 0, UP ... 14.800027
