Task 20 on node678.cluster: a=0.001 r0=16.0
Job started: a = 0.001, r0 = 16., savepath = /lustre/astro/dyson/DataFiles/KerrCircDiskData/h1_radial
Warning: rstarmin is outside the allowed range.
Now we Calculate the Radiative Solutions
1. Preliminaries.
Calculating B-matrices and Eigenvalues
2. Generate MSTModes
>> Generate s=-2 MSTModes 42.548418
>> Generate s=-1 MSTModes 42.174634
>> Generate hκModes 116.917697
3. Jumps
>> 0.345971
>> 1.985204
>> 3.141429
>> 14.198042
>> 93.235475
>> 67.479351
>> LinearSolve for s1 and κ jumps 0.003094
>> κ and s1 jumps 181.383184
4. Prepare grid and mode functions.
>> s=-2 MSTModes 0.209451
>> MMp2gridL 1.510163
>> MMp2gridR 4.777063
>> s=-1 MSTModes 0.070302
>> MMp1gridL 0.059684
>> MMp1gridR 0.163249
>> s=0 MSTModes 0.1622
A. Fill 1D grid.
>> s = 2, UP ... 33.000757
>> s = 1, UP ... 1.266756
>> s = 0, UP ... 10.265814
>> s = 2, IN ... 17.787179
>> s = 1, IN ... 1.329295
>> s = 0, IN ... 3.969408
1. Preliminaries.
Calculating B-matrices and Eigenvalues
2. Generate MSTModes
>> Generate s=-2 MSTModes 61.748242
>> Generate s=-1 MSTModes 62.522299
>> Generate hκModes 135.567783
3. Jumps
>> 0.394641
>> 2.555118
>> 4.290944
>> 3.991801
>> 53.494939
>> 17.751655
>> LinearSolve for s1 and κ jumps 0.645914
>> κ and s1 jumps 83.846184
4. Prepare grid and mode functions.
>> s=-2 MSTModes 0.200999
>> MMp2gridL 1.556042
>> MMp2gridR 4.942536
>> s=-1 MSTModes 0.112135
>> MMp1gridL 0.093774
>> MMp1gridR 0.292579
>> s=0 MSTModes 0.18217
A. Fill 1D grid.
>> s = 2, UP ... 32.91541
>> s = 1, UP ... 7.286265
>> s = 0, UP ... 10.349186
>> s = 2, IN ... 17.986097
>> s = 1, IN ... 2.354704
>> s = 0, IN ... 3.461834
1. Preliminaries.
Calculating B-matrices and Eigenvalues
2. Generate MSTModes
>> Generate s=-2 MSTModes 67.952993
>> Generate s=-1 MSTModes 66.697974
>> Generate hκModes 126.310686
3. Jumps
>> 0.365958
>> 2.132933
>> 4.419294
>> 3.421167
>> 45.332825
>> 15.248139
>> LinearSolve for s1 and κ jumps 0.619982
>> κ and s1 jumps 72.195783
4. Prepare grid and mode functions.
>> s=-2 MSTModes 0.231832
>> MMp2gridL 1.499654
>> MMp2gridR 4.73516
>> s=-1 MSTModes 0.107813
>> MMp1gridL 0.087535
>> MMp1gridR 0.276277
>> s=0 MSTModes 0.175246
A. Fill 1D grid.
>> s = 2, UP ... 31.241166
>> s = 1, UP ... 6.823978
>> s = 0, UP ... 9.84989
>> s = 2, IN ... 17.768187
>> s = 1, IN ... 2.328305
>> s = 0, IN ... 3.417125
1. Preliminaries.
Calculating B-matrices and Eigenvalues
2. Generate MSTModes
>> Generate s=-2 MSTModes 73.934042
>> Generate s=-1 MSTModes 72.773827
>> Generate hκModes 120.587335
3. Jumps
>> 0.344489
>> 1.978545
>> 4.34528
>> 2.883921
>> 40.677632
>> 12.822108
>> LinearSolve for s1 and κ jumps 0.616042
>> κ and s1 jumps 64.248318
4. Prepare grid and mode functions.
>> s=-2 MSTModes 0.222201
>> MMp2gridL 1.396905
>> MMp2gridR 4.47307
>> s=-1 MSTModes 0.101047
>> MMp1gridL 0.083304
>> MMp1gridR 0.260073
>> s=0 MSTModes 0.161744
A. Fill 1D grid.
>> s = 2, UP ... 29.101607
>> s = 1, UP ... 6.234595
>> s = 0, UP ... 9.193825
>> s = 2, IN ... 17.025215
>> s = 1, IN ... 2.191115
>> s = 0, IN ... 3.242471
1. Preliminaries.
Calculating B-matrices and Eigenvalues
2. Generate MSTModes
>> Generate s=-2 MSTModes 79.450397
>> Generate s=-1 MSTModes 79.010267
>> Generate hκModes 117.186679
3. Jumps
>> 0.330728
>> 1.744238
>> 4.369177
>> 2.591844
>> 36.192449
>> 11.565968
>> LinearSolve for s1 and κ jumps 0.71663
>> κ and s1 jumps 58.112682
4. Prepare grid and mode functions.
>> s=-2 MSTModes 0.179115
>> MMp2gridL 1.347158
>> MMp2gridR 4.30178
>> s=-1 MSTModes 0.098606
>> MMp1gridL 0.082266
>> MMp1gridR 0.253035
>> s=0 MSTModes 0.157012
A. Fill 1D grid.
>> s = 2, UP ... 27.268768
>> s = 1, UP ... 5.976795
>> s = 0, UP ... 8.618585
>> s = 2, IN ... 16.396815
>> s = 1, IN ... 2.079601
>> s = 0, IN ... 3.073204
1. Preliminaries.
Calculating B-matrices and Eigenvalues
2. Generate MSTModes
>> Generate s=-2 MSTModes 84.065759
>> Generate s=-1 MSTModes 83.69138
>> Generate hκModes 113.262062
3. Jumps
>> 0.309807
>> 1.537337
>> 4.32146
>> 2.257527
>> 31.628696
>> 10.05515
>> LinearSolve for s1 and κ jumps 0.488748
>> κ and s1 jumps 51.211649
4. Prepare grid and mode functions.
>> s=-2 MSTModes 0.180382
>> MMp2gridL 1.316358
>> MMp2gridR 4.116959
>> s=-1 MSTModes 0.097334
>> MMp1gridL 0.081215
>> MMp1gridR 0.247934
>> s=0 MSTModes 0.155215
A. Fill 1D grid.
>> s = 2, UP ... 26.065388
>> s = 1, UP ... 5.571193
>> s = 0, UP ... 8.170898
>> s = 2, IN ... 15.790727
>> s = 1, IN ... 1.988064
>> s = 0, IN ... 2.928889
1. Preliminaries.
Calculating B-matrices and Eigenvalues
2. Generate MSTModes
>> Generate s=-2 MSTModes 89.555027
>> Generate s=-1 MSTModes 88.205389
>> Generate hκModes 108.724096
3. Jumps
>> 0.30202
>> 1.359423
>> 4.200852
>> 1.976902
>> 28.000628
>> 8.672597
>> LinearSolve for s1 and κ jumps 1.229809
>> κ and s1 jumps 46.305462
4. Prepare grid and mode functions.
>> s=-2 MSTModes 0.172515
>> MMp2gridL 1.237895
>> MMp2gridR 3.982325
>> s=-1 MSTModes 0.093125
>> MMp1gridL 0.076452
>> MMp1gridR 0.240894
>> s=0 MSTModes 0.146385
A. Fill 1D grid.
>> s = 2, UP ... 24.834892
>> s = 1, UP ... 5.261927
>> s = 0, UP ... 7.735117
>> s = 2, IN ... 15.707459
>> s = 1, IN ... 1.915625
>> s = 0, IN ... 2.862628
1. Preliminaries.
Calculating B-matrices and Eigenvalues
2. Generate MSTModes
>> Generate s=-2 MSTModes 93.386385
>> Generate s=-1 MSTModes 92.33524
>> Generate hκModes 104.585438
3. Jumps
>> 0.287877
>> 1.226381
>> 4.206802
>> 1.677425
>> 25.053927
>> 7.478941
>> LinearSolve for s1 and κ jumps 0.793023
>> κ and s1 jumps 41.220318
4. Prepare grid and mode functions.
>> s=-2 MSTModes 0.168108
>> MMp2gridL 1.198272
>> MMp2gridR 3.83864
>> s=-1 MSTModes 0.087787
>> MMp1gridL 0.073306
>> MMp1gridR 0.224262
>> s=0 MSTModes 0.139948
A. Fill 1D grid.
>> s = 2, UP ... 23.573363
>> s = 1, UP ... 4.923952
>> s = 0, UP ... 7.269238
>> s = 2, IN ... 15.497379
>> s = 1, IN ... 1.803424
>> s = 0, IN ... 2.763383
1. Preliminaries.
Calculating B-matrices and Eigenvalues
2. Generate MSTModes
>> Generate s=-2 MSTModes 96.897481
>> Generate s=-1 MSTModes 95.602943
>> Generate hκModes 100.325306
3. Jumps
>> 0.272808
>> 1.070624
>> 4.024263
>> 1.428636
>> 21.965062
>> 6.410596
>> LinearSolve for s1 and κ jumps 0.0072
>> κ and s1 jumps 35.53979
4. Prepare grid and mode functions.
>> s=-2 MSTModes 0.193752
>> MMp2gridL 1.142053
>> MMp2gridR 3.633482
>> s=-1 MSTModes 0.084259
>> MMp1gridL 0.071535
>> MMp1gridR 0.217924
>> s=0 MSTModes 0.131482
A. Fill 1D grid.
>> s = 2, UP ... 22.189159
>> s = 1, UP ... 4.731243
>> s = 0, UP ... 6.942928
>> s = 2, IN ... 15.232375
>> s = 1, IN ... 1.767873
>> s = 0, IN ... 2.681812
1. Preliminaries.
Calculating B-matrices and Eigenvalues
2. Generate MSTModes
>> Generate s=-2 MSTModes 100.828472
>> Generate s=-1 MSTModes 98.301368
>> Generate hκModes 98.198669
3. Jumps
>> 0.259977
>> 0.955111
>> 3.858509
>> 1.243977
>> 19.185918
>> 5.37806
>> LinearSolve for s1 and κ jumps 0.006845
>> κ and s1 jumps 31.21029
4. Prepare grid and mode functions.
>> s=-2 MSTModes 0.190323
>> MMp2gridL 1.084979
>> MMp2gridR 3.501609
>> s=-1 MSTModes 0.080787
>> MMp1gridL 0.06855
>> MMp1gridR 0.209666
>> s=0 MSTModes 0.130919
A. Fill 1D grid.
>> s = 2, UP ... 21.020151
>> s = 1, UP ... 4.310973
>> s = 0, UP ... 6.558359
>> s = 2, IN ... 14.819929
>> s = 1, IN ... 1.666675
>> s = 0, IN ... 2.556686
1. Preliminaries.
Calculating B-matrices and Eigenvalues
2. Generate MSTModes
>> Generate s=-2 MSTModes 102.741641
>> Generate s=-1 MSTModes 99.93553
