Task 281 on node656.cluster: a=0.3 r0=14.5
Job started: a = 0.3, r0 = 14.5, savepath = /lustre/astro/dyson/DataFiles/KerrCircDiskData/h1_radial
Warning: rstarmin is outside the allowed range.
Now we Calculate the Radiative Solutions
1. Preliminaries.
Calculating B-matrices and Eigenvalues
2. Generate MSTModes
>> Generate s=-2 MSTModes 45.372691
>> Generate s=-1 MSTModes 45.120461
>> Generate hκModes 115.200648
3. Jumps
>> 0.355885
>> 2.121856
>> 3.228443
>> 3.665283
>> 46.239972
>> 16.568568
>> LinearSolve for s1 and κ jumps 0.004065
>> κ and s1 jumps 73.021071
4. Prepare grid and mode functions.
>> s=-2 MSTModes 0.20262
>> MMp2gridL 1.200111
>> MMp2gridR 4.364127
>> s=-1 MSTModes 0.063368
>> MMp1gridL 0.045845
>> MMp1gridR 0.145403
>> s=0 MSTModes 0.143148
A. Fill 1D grid.
>> s = 2, UP ... 31.334529
>> s = 1, UP ... 1.158287
>> s = 0, UP ... 6.984696
>> s = 2, IN ... 14.001127
>> s = 1, IN ... 1.064106
>> s = 0, IN ... 2.454503
1. Preliminaries.
Calculating B-matrices and Eigenvalues
2. Generate MSTModes
>> Generate s=-2 MSTModes 57.744918
>> Generate s=-1 MSTModes 58.051042
>> Generate hκModes 127.399963
3. Jumps
>> 0.382321
>> 2.471656
>> 4.357765
>> 4.153839
>> 53.408458
>> 18.132842
>> LinearSolve for s1 and κ jumps 0.649644
>> κ and s1 jumps 84.355652
4. Prepare grid and mode functions.
>> s=-2 MSTModes 0.201727
>> MMp2gridL 1.429002
>> MMp2gridR 5.235586
>> s=-1 MSTModes 0.112044
>> MMp1gridL 0.083024
>> MMp1gridR 0.303462
>> s=0 MSTModes 0.181384
A. Fill 1D grid.
>> s = 2, UP ... 35.62465
>> s = 1, UP ... 8.520345
>> s = 0, UP ... 11.138361
>> s = 2, IN ... 16.413306
>> s = 1, IN ... 2.187776
>> s = 0, IN ... 3.21785
1. Preliminaries.
Calculating B-matrices and Eigenvalues
2. Generate MSTModes
>> Generate s=-2 MSTModes 72.166132
>> Generate s=-1 MSTModes 70.883197
>> Generate hκModes 124.648562
3. Jumps
>> 0.366183
>> 2.281413
>> 4.488465
>> 3.438399
>> 46.820337
>> 15.526692
>> LinearSolve for s1 and κ jumps 0.854709
>> κ and s1 jumps 74.534216
4. Prepare grid and mode functions.
>> s=-2 MSTModes 0.199879
>> MMp2gridL 1.373957
>> MMp2gridR 5.015638
>> s=-1 MSTModes 0.110095
>> MMp1gridL 0.081273
>> MMp1gridR 0.295582
>> s=0 MSTModes 0.179207
A. Fill 1D grid.
>> s = 2, UP ... 33.718381
>> s = 1, UP ... 7.896385
>> s = 0, UP ... 10.494827
>> s = 2, IN ... 16.214079
>> s = 1, IN ... 2.121566
>> s = 0, IN ... 3.104444
1. Preliminaries.
Calculating B-matrices and Eigenvalues
2. Generate MSTModes
>> Generate s=-2 MSTModes 78.406365
>> Generate s=-1 MSTModes 77.234251
>> Generate hκModes 119.572836
3. Jumps
>> 0.346386
>> 1.990743
>> 4.612659
>> 3.030535
>> 42.047185
>> 13.516154
>> LinearSolve for s1 and κ jumps 1.281297
>> κ and s1 jumps 67.444601
4. Prepare grid and mode functions.
>> s=-2 MSTModes 0.209859
>> MMp2gridL 1.306228
>> MMp2gridR 4.890806
>> s=-1 MSTModes 0.10565
>> MMp1gridL 0.07741
>> MMp1gridR 0.278058
>> s=0 MSTModes 0.166923
A. Fill 1D grid.
>> s = 2, UP ... 31.879474
>> s = 1, UP ... 7.146061
>> s = 0, UP ... 9.930453
>> s = 2, IN ... 15.537823
>> s = 1, IN ... 1.99349
>> s = 0, IN ... 2.979229
1. Preliminaries.
Calculating B-matrices and Eigenvalues
2. Generate MSTModes
>> Generate s=-2 MSTModes 84.66626
>> Generate s=-1 MSTModes 83.396782
>> Generate hκModes 115.994327
3. Jumps
>> 0.322758
>> 1.785034
>> 4.801038
>> 2.658361
>> 36.599715
>> 11.865842
>> LinearSolve for s1 and κ jumps 0.810079
>> κ and s1 jumps 59.466833
4. Prepare grid and mode functions.
>> s=-2 MSTModes 0.183165
>> MMp2gridL 1.259803
>> MMp2gridR 4.549873
>> s=-1 MSTModes 0.099258
>> MMp1gridL 0.0741
>> MMp1gridR 0.265899
>> s=0 MSTModes 0.162662
A. Fill 1D grid.
>> s = 2, UP ... 29.449639
>> s = 1, UP ... 6.149164
>> s = 0, UP ... 9.098347
>> s = 2, IN ... 15.180121
>> s = 1, IN ... 1.926645
>> s = 0, IN ... 2.851833
1. Preliminaries.
Calculating B-matrices and Eigenvalues
2. Generate MSTModes
>> Generate s=-2 MSTModes 90.031747
>> Generate s=-1 MSTModes 88.804278
>> Generate hκModes 113.515201
3. Jumps
>> 0.310489
>> 1.510655
>> 4.438523
>> 8.489246
>> 57.97033
>> 36.031927
>> LinearSolve for s1 and κ jumps 1.220037
>> κ and s1 jumps 110.535223
4. Prepare grid and mode functions.
>> s=-2 MSTModes 0.212253
>> MMp2gridL 1.197841
>> MMp2gridR 4.386746
>> s=-1 MSTModes 0.096499
>> MMp1gridL 0.072404
>> MMp1gridR 0.2504
>> s=0 MSTModes 0.155318
A. Fill 1D grid.
>> s = 2, UP ... 27.698872
>> s = 1, UP ... 5.967461
>> s = 0, UP ... 11.609203
>> s = 2, IN ... 15.048885
>> s = 1, IN ... 1.857547
>> s = 0, IN ... 3.500595
1. Preliminaries.
Calculating B-matrices and Eigenvalues
2. Generate MSTModes
>> Generate s=-2 MSTModes 96.359801
>> Generate s=-1 MSTModes 93.27167
>> Generate hκModes 110.63358
3. Jumps
>> 0.299388
>> 1.37432
>> 4.247217
>> 7.091587
>> 49.903845
>> 29.928293
>> LinearSolve for s1 and κ jumps 0.252216
>> κ and s1 jumps 93.685807
4. Prepare grid and mode functions.
>> s=-2 MSTModes 0.199004
>> MMp2gridL 1.141389
>> MMp2gridR 4.224669
>> s=-1 MSTModes 0.092789
>> MMp1gridL 0.070457
>> MMp1gridR 0.246587
>> s=0 MSTModes 0.148341
A. Fill 1D grid.
>> s = 2, UP ... 26.764042
>> s = 1, UP ... 5.665748
>> s = 0, UP ... 11.266583
>> s = 2, IN ... 14.980567
>> s = 1, IN ... 1.810927
>> s = 0, IN ... 3.400332
1. Preliminaries.
Calculating B-matrices and Eigenvalues
2. Generate MSTModes
>> Generate s=-2 MSTModes 99.939899
>> Generate s=-1 MSTModes 98.752685
>> Generate hκModes 108.994371
3. Jumps
>> 0.284725
>> 1.306904
>> 4.179853
>> 6.259448
>> 44.695346
>> 26.398493
>> LinearSolve for s1 and κ jumps 0.283069
>> κ and s1 jumps 83.944697
4. Prepare grid and mode functions.
>> s=-2 MSTModes 0.197788
>> MMp2gridL 1.114482
>> MMp2gridR 4.040609
>> s=-1 MSTModes 0.090312
>> MMp1gridL 0.066362
>> MMp1gridR 0.235795
>> s=0 MSTModes 0.13895
A. Fill 1D grid.
>> s = 2, UP ... 25.259655
>> s = 1, UP ... 5.07142
>> s = 0, UP ... 10.177401
>> s = 2, IN ... 14.146736
>> s = 1, IN ... 1.695267
>> s = 0, IN ... 3.170262
1. Preliminaries.
Calculating B-matrices and Eigenvalues
2. Generate MSTModes
>> Generate s=-2 MSTModes 103.06318
>> Generate s=-1 MSTModes 103.365579
>> Generate hκModes 106.640797
3. Jumps
>> 0.284014
>> 1.116259
>> 4.010791
>> 5.363541
>> 37.687319
>> 22.055912
>> LinearSolve for s1 and κ jumps 0.010435
>> κ and s1 jumps 70.937089
4. Prepare grid and mode functions.
>> s=-2 MSTModes 0.192063
>> MMp2gridL 1.045812
>> MMp2gridR 3.861636
>> s=-1 MSTModes 0.085588
>> MMp1gridL 0.065112
>> MMp1gridR 0.229464
>> s=0 MSTModes 0.13643
A. Fill 1D grid.
>> s = 2, UP ... 23.067609
>> s = 1, UP ... 4.775092
>> s = 0, UP ... 9.666686
>> s = 2, IN ... 13.489579
>> s = 1, IN ... 1.560136
>> s = 0, IN ... 2.946966
1. Preliminaries.
Calculating B-matrices and Eigenvalues
2. Generate MSTModes
>> Generate s=-2 MSTModes 105.402933
>> Generate s=-1 MSTModes 105.464172
