Task 96 on node678.cluster: a=0.1 r0=10.0
Job started: a = 0.1, r0 = 10., savepath = /lustre/astro/dyson/DataFiles/KerrCircDiskData/h1_radial
Warning: rstarmin is outside the allowed range.
Now we Calculate the Radiative Solutions
1. Preliminaries.
Calculating B-matrices and Eigenvalues
2. Generate MSTModes
>> Generate s=-2 MSTModes 42.719319
>> Generate s=-1 MSTModes 41.739963
>> Generate hκModes 115.414233
3. Jumps
>> 0.358502
>> 1.972062
>> 3.387568
>> 3.560341
>> 45.949582
>> 16.816806
>> LinearSolve for s1 and κ jumps 0.004279
>> κ and s1 jumps 72.885345
4. Prepare grid and mode functions.
>> s=-2 MSTModes 0.203613
>> MMp2gridL 0.794735
>> MMp2gridR 4.933915
>> s=-1 MSTModes 0.063513
>> MMp1gridL 0.032967
>> MMp1gridR 0.163982
>> s=0 MSTModes 0.145759
A. Fill 1D grid.
>> s = 2, UP ... 34.506155
>> s = 1, UP ... 1.3189
>> s = 0, UP ... 7.915585
>> s = 2, IN ... 10.275043
>> s = 1, IN ... 0.821858
>> s = 0, IN ... 1.78284
1. Preliminaries.
Calculating B-matrices and Eigenvalues
2. Generate MSTModes
>> Generate s=-2 MSTModes 59.646315
>> Generate s=-1 MSTModes 61.165644
>> Generate hκModes 134.153842
3. Jumps
>> 0.398068
>> 2.470657
>> 4.732273
>> 4.125057
>> 53.04101
>> 18.320978
>> LinearSolve for s1 and κ jumps 1.241293
>> κ and s1 jumps 85.102788
4. Prepare grid and mode functions.
>> s=-2 MSTModes 0.223128
>> MMp2gridL 0.920963
>> MMp2gridR 5.780485
>> s=-1 MSTModes 0.112813
>> MMp1gridL 0.054624
>> MMp1gridR 0.329498
>> s=0 MSTModes 0.177052
A. Fill 1D grid.
>> s = 2, UP ... 39.741993
>> s = 1, UP ... 9.322413
>> s = 0, UP ... 13.237691
>> s = 2, IN ... 11.159703
>> s = 1, IN ... 1.450329
>> s = 0, IN ... 2.128196
1. Preliminaries.
Calculating B-matrices and Eigenvalues
2. Generate MSTModes
>> Generate s=-2 MSTModes 70.163623
>> Generate s=-1 MSTModes 67.791827
>> Generate hκModes 130.395204
3. Jumps
>> 0.368223
>> 2.211579
>> 4.840186
>> 3.340923
>> 45.709832
>> 14.91079
>> LinearSolve for s1 and κ jumps 0.822487
>> κ and s1 jumps 72.880016
4. Prepare grid and mode functions.
>> s=-2 MSTModes 0.239184
>> MMp2gridL 0.874552
>> MMp2gridR 5.471606
>> s=-1 MSTModes 0.11049
>> MMp1gridL 0.052696
>> MMp1gridR 0.319001
>> s=0 MSTModes 0.176161
A. Fill 1D grid.
>> s = 2, UP ... 37.786462
>> s = 1, UP ... 8.856192
>> s = 0, UP ... 12.131617
>> s = 2, IN ... 10.738027
>> s = 1, IN ... 1.371064
>> s = 0, IN ... 2.002122
1. Preliminaries.
Calculating B-matrices and Eigenvalues
2. Generate MSTModes
>> Generate s=-2 MSTModes 77.749661
>> Generate s=-1 MSTModes 76.28428
>> Generate hκModes 128.562089
3. Jumps
>> 0.34883
>> 1.900397
>> 5.196564
>> 2.959821
>> 41.00721
>> 13.385789
>> LinearSolve for s1 and κ jumps 0.882197
>> κ and s1 jumps 66.315915
4. Prepare grid and mode functions.
>> s=-2 MSTModes 0.198407
>> MMp2gridL 0.842746
>> MMp2gridR 5.25014
>> s=-1 MSTModes 0.105993
>> MMp1gridL 0.050943
>> MMp1gridR 0.301673
>> s=0 MSTModes 0.170025
A. Fill 1D grid.
>> s = 2, UP ... 34.769962
>> s = 1, UP ... 8.128779
>> s = 0, UP ... 11.731175
>> s = 2, IN ... 10.324186
>> s = 1, IN ... 1.307892
>> s = 0, IN ... 1.927277
1. Preliminaries.
Calculating B-matrices and Eigenvalues
2. Generate MSTModes
>> Generate s=-2 MSTModes 85.022992
>> Generate s=-1 MSTModes 82.810215
>> Generate hκModes 126.650386
3. Jumps
>> 0.332768
>> 1.718954
>> 4.812157
>> 2.586156
>> 36.314214
>> 11.5803
>> LinearSolve for s1 and κ jumps 0.873825
>> κ and s1 jumps 58.850205
4. Prepare grid and mode functions.
>> s=-2 MSTModes 0.219703
>> MMp2gridL 0.797195
>> MMp2gridR 4.947666
>> s=-1 MSTModes 0.100108
>> MMp1gridL 0.048181
>> MMp1gridR 0.286038
>> s=0 MSTModes 0.160303
A. Fill 1D grid.
>> s = 2, UP ... 32.094946
>> s = 1, UP ... 7.857413
>> s = 0, UP ... 11.029286
>> s = 2, IN ... 10.173317
>> s = 1, IN ... 1.251502
>> s = 0, IN ... 1.889221
1. Preliminaries.
Calculating B-matrices and Eigenvalues
2. Generate MSTModes
>> Generate s=-2 MSTModes 93.960928
>> Generate s=-1 MSTModes 91.63243
>> Generate hκModes 124.321084
3. Jumps
>> 0.315974
>> 1.551795
>> 4.606022
>> 2.258097
>> 31.757361
>> 10.147123
>> LinearSolve for s1 and κ jumps 0.645998
>> κ and s1 jumps 51.863189
4. Prepare grid and mode functions.
>> s=-2 MSTModes 0.185275
>> MMp2gridL 0.789053
>> MMp2gridR 4.751019
>> s=-1 MSTModes 0.096331
>> MMp1gridL 0.046627
>> MMp1gridR 0.276727
>> s=0 MSTModes 0.154913
A. Fill 1D grid.
>> s = 2, UP ... 30.563072
>> s = 1, UP ... 6.615896
>> s = 0, UP ... 10.124524
>> s = 2, IN ... 9.765084
>> s = 1, IN ... 1.211626
>> s = 0, IN ... 1.79504
1. Preliminaries.
Calculating B-matrices and Eigenvalues
2. Generate MSTModes
>> Generate s=-2 MSTModes 102.405291
>> Generate s=-1 MSTModes 100.177959
>> Generate hκModes 122.259845
3. Jumps
>> 0.303464
>> 1.407792
>> 4.545982
>> 1.943803
>> 28.684146
>> 8.667341
>> LinearSolve for s1 and κ jumps 1.032016
>> κ and s1 jumps 47.033602
4. Prepare grid and mode functions.
>> s=-2 MSTModes 0.213457
>> MMp2gridL 0.746148
>> MMp2gridR 4.563775
>> s=-1 MSTModes 0.094697
>> MMp1gridL 0.046207
>> MMp1gridR 0.2716
>> s=0 MSTModes 0.151827
A. Fill 1D grid.
>> s = 2, UP ... 28.158181
>> s = 1, UP ... 6.269408
>> s = 0, UP ... 9.063299
>> s = 2, IN ... 9.539489
>> s = 1, IN ... 1.115108
>> s = 0, IN ... 1.686542
1. Preliminaries.
Calculating B-matrices and Eigenvalues
2. Generate MSTModes
>> Generate s=-2 MSTModes 110.072096
>> Generate s=-1 MSTModes 108.506793
>> Generate hκModes 120.855755
3. Jumps
>> 0.290069
>> 1.259367
>> 4.314817
>> 1.666832
>> 24.894458
>> 7.235845
>> LinearSolve for s1 and κ jumps 1.418925
>> κ and s1 jumps 41.558347
4. Prepare grid and mode functions.
>> s=-2 MSTModes 0.167571
>> MMp2gridL 0.687412
>> MMp2gridR 4.316151
>> s=-1 MSTModes 0.087646
>> MMp1gridL 0.041581
>> MMp1gridR 0.245234
>> s=0 MSTModes 0.137083
A. Fill 1D grid.
>> s = 2, UP ... 25.652097
>> s = 1, UP ... 5.423128
>> s = 0, UP ... 8.190129
>> s = 2, IN ... 9.267561
>> s = 1, IN ... 1.080493
>> s = 0, IN ... 1.636712
1. Preliminaries.
Calculating B-matrices and Eigenvalues
2. Generate MSTModes
>> Generate s=-2 MSTModes 114.729414
>> Generate s=-1 MSTModes 113.127628
