Task 275 on node656.cluster: a=0.3 r0=11.5
Job started: a = 0.3, r0 = 11.5, savepath = /lustre/astro/dyson/DataFiles/KerrCircDiskData/h1_radial
Warning: rstarmin is outside the allowed range.
Now we Calculate the Radiative Solutions
1. Preliminaries.
Calculating B-matrices and Eigenvalues
2. Generate MSTModes
>> Generate s=-2 MSTModes 52.627529
>> Generate s=-1 MSTModes 52.822135
>> Generate hκModes 141.762424
3. Jumps
>> 0.425178
>> 2.443248
>> 4.146577
>> 4.537399
>> 55.112887
>> 20.380227
>> LinearSolve for s1 and κ jumps 0.004663
>> κ and s1 jumps 88.040263
4. Prepare grid and mode functions.
>> s=-2 MSTModes 0.227178
>> MMp2gridL 1.087319
>> MMp2gridR 5.500877
>> s=-1 MSTModes 0.070779
>> MMp1gridL 0.042233
>> MMp1gridR 0.180245
>> s=0 MSTModes 0.160333
A. Fill 1D grid.
>> s = 2, UP ... 37.925278
>> s = 1, UP ... 1.383425
>> s = 0, UP ... 8.500089
>> s = 2, IN ... 12.789624
>> s = 1, IN ... 0.979062
>> s = 0, IN ... 2.202297
1. Preliminaries.
Calculating B-matrices and Eigenvalues
2. Generate MSTModes
>> Generate s=-2 MSTModes 62.504827
>> Generate s=-1 MSTModes 60.750277
>> Generate hκModes 134.874709
3. Jumps
>> 0.389263
>> 2.537153
>> 4.638794
>> 4.143785
>> 53.746438
>> 18.233379
>> LinearSolve for s1 and κ jumps 0.850839
>> κ and s1 jumps 85.387679
4. Prepare grid and mode functions.
>> s=-2 MSTModes 0.227679
>> MMp2gridL 1.078571
>> MMp2gridR 5.532093
>> s=-1 MSTModes 0.113241
>> MMp1gridL 0.062931
>> MMp1gridR 0.321966
>> s=0 MSTModes 0.18431
A. Fill 1D grid.
>> s = 2, UP ... 37.276886
>> s = 1, UP ... 8.586531
>> s = 0, UP ... 11.854467
>> s = 2, IN ... 12.40737
>> s = 1, IN ... 1.628691
>> s = 0, IN ... 2.387377
1. Preliminaries.
Calculating B-matrices and Eigenvalues
2. Generate MSTModes
>> Generate s=-2 MSTModes 69.374956
>> Generate s=-1 MSTModes 67.776228
>> Generate hκModes 130.742368
3. Jumps
>> 0.380658
>> 2.235351
>> 4.72973
>> 3.448111
>> 47.117183
>> 15.559118
>> LinearSolve for s1 and κ jumps 0.829274
>> κ and s1 jumps 75.00063
4. Prepare grid and mode functions.
>> s=-2 MSTModes 0.240535
>> MMp2gridL 1.027514
>> MMp2gridR 5.277077
>> s=-1 MSTModes 0.107917
>> MMp1gridL 0.060615
>> MMp1gridR 0.302317
>> s=0 MSTModes 0.172741
A. Fill 1D grid.
>> s = 2, UP ... 35.107955
>> s = 1, UP ... 7.722974
>> s = 0, UP ... 11.007891
>> s = 2, IN ... 12.218554
>> s = 1, IN ... 1.581404
>> s = 0, IN ... 2.327708
1. Preliminaries.
Calculating B-matrices and Eigenvalues
2. Generate MSTModes
>> Generate s=-2 MSTModes 76.675619
>> Generate s=-1 MSTModes 74.751065
>> Generate hκModes 127.743167
3. Jumps
>> 0.349501
>> 1.949668
>> 4.701063
>> 2.996299
>> 41.503151
>> 13.916833
>> LinearSolve for s1 and κ jumps 0.543754
>> κ and s1 jumps 66.650189
4. Prepare grid and mode functions.
>> s=-2 MSTModes 0.194596
>> MMp2gridL 1.006039
>> MMp2gridR 5.132485
>> s=-1 MSTModes 0.104389
>> MMp1gridL 0.059552
>> MMp1gridR 0.293584
>> s=0 MSTModes 0.167494
A. Fill 1D grid.
>> s = 2, UP ... 33.013947
>> s = 1, UP ... 7.165276
>> s = 0, UP ... 10.332819
>> s = 2, IN ... 11.918524
>> s = 1, IN ... 1.519006
>> s = 0, IN ... 2.294191
1. Preliminaries.
Calculating B-matrices and Eigenvalues
2. Generate MSTModes
>> Generate s=-2 MSTModes 82.769609
>> Generate s=-1 MSTModes 82.597733
>> Generate hκModes 125.486544
3. Jumps
>> 0.337884
>> 1.765179
>> 4.945826
>> 10.070713
>> 67.722555
>> 41.236711
>> LinearSolve for s1 and κ jumps 0.507894
>> κ and s1 jumps 127.237265
4. Prepare grid and mode functions.
>> s=-2 MSTModes 0.182293
>> MMp2gridL 0.932581
>> MMp2gridR 4.713255
>> s=-1 MSTModes 0.097746
>> MMp1gridL 0.053966
>> MMp1gridR 0.272967
>> s=0 MSTModes 0.156158
A. Fill 1D grid.
>> s = 2, UP ... 30.002472
>> s = 1, UP ... 6.875047
>> s = 0, UP ... 13.893922
>> s = 2, IN ... 11.519202
>> s = 1, IN ... 1.488527
>> s = 0, IN ... 2.806607
1. Preliminaries.
Calculating B-matrices and Eigenvalues
2. Generate MSTModes
>> Generate s=-2 MSTModes 90.658385
>> Generate s=-1 MSTModes 91.36984
>> Generate hκModes 124.273219
3. Jumps
>> 0.313837
>> 1.569933
>> 4.683623
>> 8.166759
>> 56.807988
>> 34.005636
>> LinearSolve for s1 and κ jumps 0.531481
>> κ and s1 jumps 106.697923
4. Prepare grid and mode functions.
>> s=-2 MSTModes 0.181533
>> MMp2gridL 0.880827
>> MMp2gridR 4.647512
>> s=-1 MSTModes 0.097526
>> MMp1gridL 0.053325
>> MMp1gridR 0.2663
>> s=0 MSTModes 0.147473
A. Fill 1D grid.
>> s = 2, UP ... 28.816702
>> s = 1, UP ... 6.485847
>> s = 0, UP ... 12.801375
>> s = 2, IN ... 11.298105
>> s = 1, IN ... 1.408682
>> s = 0, IN ... 2.675008
1. Preliminaries.
Calculating B-matrices and Eigenvalues
2. Generate MSTModes
>> Generate s=-2 MSTModes 98.91715
>> Generate s=-1 MSTModes 98.541675
>> Generate hκModes 119.100475
3. Jumps
>> 0.29771
>> 1.327075
>> 4.387914
>> 7.145079
>> 48.583066
>> 29.20824
>> LinearSolve for s1 and κ jumps 0.287401
>> κ and s1 jumps 91.84733
4. Prepare grid and mode functions.
>> s=-2 MSTModes 0.178823
>> MMp2gridL 0.847808
>> MMp2gridR 4.389424
>> s=-1 MSTModes 0.091879
>> MMp1gridL 0.052109
>> MMp1gridR 0.252323
>> s=0 MSTModes 0.144467
A. Fill 1D grid.
>> s = 2, UP ... 27.358182
>> s = 1, UP ... 5.970565
>> s = 0, UP ... 12.296344
>> s = 2, IN ... 11.164378
>> s = 1, IN ... 1.334773
>> s = 0, IN ... 2.546914
1. Preliminaries.
Calculating B-matrices and Eigenvalues
2. Generate MSTModes
>> Generate s=-2 MSTModes 104.558634
>> Generate s=-1 MSTModes 103.608827
>> Generate hκModes 113.696682
3. Jumps
>> 0.283681
>> 1.203232
>> 4.307905
>> 5.86765
>> 42.319565
>> 25.186575
>> LinearSolve for s1 and κ jumps 0.288488
>> κ and s1 jumps 79.947421
4. Prepare grid and mode functions.
>> s=-2 MSTModes 0.175429
>> MMp2gridL 0.818079
>> MMp2gridR 4.178698
>> s=-1 MSTModes 0.087619
>> MMp1gridL 0.049977
>> MMp1gridR 0.2462
>> s=0 MSTModes 0.139505
A. Fill 1D grid.
>> s = 2, UP ... 25.890441
>> s = 1, UP ... 5.431423
>> s = 0, UP ... 11.078241
>> s = 2, IN ... 10.782295
>> s = 1, IN ... 1.26661
>> s = 0, IN ... 2.396306
1. Preliminaries.
Calculating B-matrices and Eigenvalues
2. Generate MSTModes
>> Generate s=-2 MSTModes 108.437072
>> Generate s=-1 MSTModes 106.498374
