Task 32 on node678.cluster: a=0.000000001 r0=22.0
Job started: a = 1.*^-9, r0 = 22., savepath = /lustre/astro/dyson/DataFiles/KerrCircDiskData/h1_radial
Warning: rstarmin is outside the allowed range.
Now we Calculate the Radiative Solutions
1. Preliminaries.
Calculating B-matrices and Eigenvalues
2. Generate MSTModes
>> Generate s=-2 MSTModes 0.998898
>> Generate s=-1 MSTModes 0.976872
>> Generate hκModes 9.45872
3. Jumps
>> 0.008657
>> 0.003635
>> 0.117601
>> 0.005112
>> 0.02541
>> 0.010246
>> LinearSolve for s1 and κ jumps 0.000363
>> κ and s1 jumps 0.178953
4. Prepare grid and mode functions.
>> s=-2 MSTModes 0.005156
>> MMp2gridL 0.061394
>> MMp2gridR 0.117832
>> s=-1 MSTModes 0.001943
>> MMp1gridL 0.004134
>> MMp1gridR 0.007225
>> s=0 MSTModes 0.007592
A. Fill 1D grid.
>> s = 2, UP ... 0.214003
>> s = 1, UP ... 0.034916
>> s = 0, UP ... 0.093881
>> s = 2, IN ... 0.120827
>> s = 1, IN ... 0.027906
>> s = 0, IN ... 0.056921
1. Preliminaries.
Calculating B-matrices and Eigenvalues
2. Generate MSTModes
>> Generate s=-2 MSTModes 1.031076
>> Generate s=-1 MSTModes 1.05268
>> Generate hκModes 4.735466
3. Jumps
>> 0.006558
>> 0.00277
>> 0.12401
>> 0.002869
>> 0.013218
>> 0.002527
>> LinearSolve for s1 and κ jumps 0.0003
>> κ and s1 jumps 0.157523
4. Prepare grid and mode functions.
>> s=-2 MSTModes 0.005701
>> MMp2gridL 0.061876
>> MMp2gridR 0.12006
>> s=-1 MSTModes 0.003082
>> MMp1gridL 0.003739
>> MMp1gridR 0.007146
>> s=0 MSTModes 0.004753
A. Fill 1D grid.
>> s = 2, UP ... 0.141205
>> s = 1, UP ... 0.038348
>> s = 0, UP ... 0.065756
>> s = 2, IN ... 0.09271
>> s = 1, IN ... 0.025426
>> s = 0, IN ... 0.042231
