Task 13 on node678.cluster: a=0.001 r0=12.5
Job started: a = 0.001, r0 = 12.5, savepath = /lustre/astro/dyson/DataFiles/KerrCircDiskData/h1_radial
Warning: rstarmin is outside the allowed range.
Now we Calculate the Radiative Solutions
1. Preliminaries.
Calculating B-matrices and Eigenvalues
2. Generate MSTModes
>> Generate s=-2 MSTModes 45.128755
>> Generate s=-1 MSTModes 46.27245
>> Generate hκModes 130.874701
3. Jumps
>> 0.415895
>> 2.359187
>> 3.873793
>> 15.9483
>> 103.17192
>> 69.578837
>> LinearSolve for s1 and κ jumps 0.003571
>> κ and s1 jumps 196.44851
4. Prepare grid and mode functions.
>> s=-2 MSTModes 0.213904
>> MMp2gridL 1.185347
>> MMp2gridR 5.332253
>> s=-1 MSTModes 0.071708
>> MMp1gridL 0.046989
>> MMp1gridR 0.177399
>> s=0 MSTModes 0.168379
A. Fill 1D grid.
>> s = 2, UP ... 37.377979
>> s = 1, UP ... 1.404053
>> s = 0, UP ... 11.649971
>> s = 2, IN ... 14.380487
>> s = 1, IN ... 1.098292
>> s = 0, IN ... 3.144527
1. Preliminaries.
Calculating B-matrices and Eigenvalues
2. Generate MSTModes
>> Generate s=-2 MSTModes 63.130098
>> Generate s=-1 MSTModes 62.624382
>> Generate hκModes 131.558719
3. Jumps
>> 0.383785
>> 2.47965
>> 4.345896
>> 4.072452
>> 51.966093
>> 17.948582
>> LinearSolve for s1 and κ jumps 0.862489
>> κ and s1 jumps 82.894824
4. Prepare grid and mode functions.
>> s=-2 MSTModes 0.195086
>> MMp2gridL 1.167101
>> MMp2gridR 5.231014
>> s=-1 MSTModes 0.109079
>> MMp1gridL 0.067826
>> MMp1gridR 0.305361
>> s=0 MSTModes 0.177134
A. Fill 1D grid.
>> s = 2, UP ... 34.834589
>> s = 1, UP ... 7.587136
>> s = 0, UP ... 10.845142
>> s = 2, IN ... 13.626863
>> s = 1, IN ... 1.806461
>> s = 0, IN ... 2.674209
1. Preliminaries.
Calculating B-matrices and Eigenvalues
2. Generate MSTModes
>> Generate s=-2 MSTModes 68.094173
>> Generate s=-1 MSTModes 68.257428
>> Generate hκModes 127.880889
3. Jumps
>> 0.367866
>> 2.19048
>> 4.583442
>> 3.382281
>> 46.092528
>> 15.18631
>> LinearSolve for s1 and κ jumps 0.805125
>> κ and s1 jumps 73.30318
4. Prepare grid and mode functions.
>> s=-2 MSTModes 0.216004
>> MMp2gridL 1.108528
>> MMp2gridR 5.011006
>> s=-1 MSTModes 0.108175
>> MMp1gridL 0.066269
>> MMp1gridR 0.292906
>> s=0 MSTModes 0.175788
A. Fill 1D grid.
>> s = 2, UP ... 32.944351
>> s = 1, UP ... 7.211114
>> s = 0, UP ... 10.31847
>> s = 2, IN ... 13.357953
>> s = 1, IN ... 1.72312
>> s = 0, IN ... 2.555483
1. Preliminaries.
Calculating B-matrices and Eigenvalues
2. Generate MSTModes
>> Generate s=-2 MSTModes 74.332744
>> Generate s=-1 MSTModes 73.382563
>> Generate hκModes 122.388009
3. Jumps
>> 0.346394
>> 1.935544
>> 4.607297
>> 3.000843
>> 40.491101
>> 13.285332
>> LinearSolve for s1 and κ jumps 0.612368
>> κ and s1 jumps 64.869449
4. Prepare grid and mode functions.
>> s=-2 MSTModes 0.195945
>> MMp2gridL 1.077596
>> MMp2gridR 4.879774
>> s=-1 MSTModes 0.105516
>> MMp1gridL 0.066586
>> MMp1gridR 0.290501
>> s=0 MSTModes 0.16832
A. Fill 1D grid.
>> s = 2, UP ... 31.621745
>> s = 1, UP ... 6.844694
>> s = 0, UP ... 9.983558
>> s = 2, IN ... 13.023909
>> s = 1, IN ... 1.66148
>> s = 0, IN ... 2.482584
1. Preliminaries.
Calculating B-matrices and Eigenvalues
2. Generate MSTModes
>> Generate s=-2 MSTModes 81.419818
>> Generate s=-1 MSTModes 79.898526
>> Generate hκModes 116.908877
3. Jumps
>> 0.325799
>> 1.710118
>> 4.539933
>> 2.576904
>> 35.872245
>> 11.57046
>> LinearSolve for s1 and κ jumps 1.009974
>> κ and s1 jumps 58.142277
4. Prepare grid and mode functions.
>> s=-2 MSTModes 0.21847
>> MMp2gridL 1.022
>> MMp2gridR 4.677842
>> s=-1 MSTModes 0.098421
>> MMp1gridL 0.062959
>> MMp1gridR 0.271851
>> s=0 MSTModes 0.155638
A. Fill 1D grid.
>> s = 2, UP ... 29.993492
>> s = 1, UP ... 6.460624
>> s = 0, UP ... 9.456829
>> s = 2, IN ... 12.854105
>> s = 1, IN ... 1.617788
>> s = 0, IN ... 2.384441
1. Preliminaries.
Calculating B-matrices and Eigenvalues
2. Generate MSTModes
>> Generate s=-2 MSTModes 89.108764
>> Generate s=-1 MSTModes 87.229817
>> Generate hκModes 113.586502
3. Jumps
>> 0.29418
>> 1.516127
>> 4.474445
>> 2.115131
>> 31.105983
>> 9.575022
>> LinearSolve for s1 and κ jumps 0.745588
>> κ and s1 jumps 50.42396
4. Prepare grid and mode functions.
>> s=-2 MSTModes 0.182185
>> MMp2gridL 0.954782
>> MMp2gridR 4.401812
>> s=-1 MSTModes 0.093723
>> MMp1gridL 0.057078
>> MMp1gridR 0.257525
>> s=0 MSTModes 0.146955
A. Fill 1D grid.
>> s = 2, UP ... 28.40983
>> s = 1, UP ... 6.093968
>> s = 0, UP ... 9.015002
>> s = 2, IN ... 12.436366
>> s = 1, IN ... 1.530468
>> s = 0, IN ... 2.297502
1. Preliminaries.
Calculating B-matrices and Eigenvalues
2. Generate MSTModes
>> Generate s=-2 MSTModes 95.99038
>> Generate s=-1 MSTModes 94.177226
>> Generate hκModes 109.857699
3. Jumps
>> 0.283875
>> 1.319767
>> 4.333834
>> 1.83559
>> 26.777285
>> 8.17016
>> LinearSolve for s1 and κ jumps 0.792493
>> κ and s1 jumps 43.991227
4. Prepare grid and mode functions.
>> s=-2 MSTModes 0.174631
>> MMp2gridL 0.907617
>> MMp2gridR 4.170574
>> s=-1 MSTModes 0.088508
>> MMp1gridL 0.054363
>> MMp1gridR 0.239198
>> s=0 MSTModes 0.137687
A. Fill 1D grid.
>> s = 2, UP ... 26.813919
>> s = 1, UP ... 5.84862
>> s = 0, UP ... 8.802617
>> s = 2, IN ... 12.179708
>> s = 1, IN ... 1.474194
>> s = 0, IN ... 2.229469
1. Preliminaries.
Calculating B-matrices and Eigenvalues
2. Generate MSTModes
>> Generate s=-2 MSTModes 101.397797
>> Generate s=-1 MSTModes 99.072646
>> Generate hκModes 107.598408
3. Jumps
>> 0.269769
>> 1.170204
>> 4.123191
>> 1.597455
>> 24.359905
>> 7.264763
>> LinearSolve for s1 and κ jumps 0.697861
>> κ and s1 jumps 39.881442
4. Prepare grid and mode functions.
>> s=-2 MSTModes 0.194983
>> MMp2gridL 0.881015
>> MMp2gridR 4.068948
>> s=-1 MSTModes 0.087381
>> MMp1gridL 0.055249
>> MMp1gridR 0.234853
>> s=0 MSTModes 0.133136
A. Fill 1D grid.
>> s = 2, UP ... 25.127048
>> s = 1, UP ... 5.436679
>> s = 0, UP ... 8.007286
>> s = 2, IN ... 11.79941
>> s = 1, IN ... 1.412413
>> s = 0, IN ... 2.095468
1. Preliminaries.
Calculating B-matrices and Eigenvalues
2. Generate MSTModes
>> Generate s=-2 MSTModes 104.973375
>> Generate s=-1 MSTModes 102.58873
>> Generate hκModes 105.763575
3. Jumps
>> 0.26665
>> 1.0325
>> 3.979662
>> 1.371095
>> 20.799443
>> 6.022146
>> LinearSolve for s1 and κ jumps 0.00718
>> κ and s1 jumps 33.830851
4. Prepare grid and mode functions.
>> s=-2 MSTModes 0.193619
>> MMp2gridL 0.852075
>> MMp2gridR 3.861721
>> s=-1 MSTModes 0.084072
>> MMp1gridL 0.052806
>> MMp1gridR 0.229052
>> s=0 MSTModes 0.133957
A. Fill 1D grid.
>> s = 2, UP ... 23.390004
>> s = 1, UP ... 4.920263
>> s = 0, UP ... 7.361926
>> s = 2, IN ... 11.376454
>> s = 1, IN ... 1.330247
