Task 15 on node678.cluster: a=0.001 r0=13.5
Job started: a = 0.001, r0 = 13.5, savepath = /lustre/astro/dyson/DataFiles/KerrCircDiskData/h1_radial
Warning: rstarmin is outside the allowed range.
Now we Calculate the Radiative Solutions
1. Preliminaries.
Calculating B-matrices and Eigenvalues
2. Generate MSTModes
>> Generate s=-2 MSTModes 44.321958
>> Generate s=-1 MSTModes 44.206241
>> Generate hκModes 125.166165
3. Jumps
>> 0.400592
>> 2.321039
>> 3.719108
>> 15.573748
>> 104.373976
>> 70.291138
>> LinearSolve for s1 and κ jumps 0.003618
>> κ and s1 jumps 197.734124
4. Prepare grid and mode functions.
>> s=-2 MSTModes 0.214361
>> MMp2gridL 1.269819
>> MMp2gridR 5.144738
>> s=-1 MSTModes 0.070604
>> MMp1gridL 0.049935
>> MMp1gridR 0.171493
>> s=0 MSTModes 0.162197
A. Fill 1D grid.
>> s = 2, UP ... 35.871894
>> s = 1, UP ... 1.354357
>> s = 0, UP ... 10.841408
>> s = 2, IN ... 15.363027
>> s = 1, IN ... 1.193163
>> s = 0, IN ... 3.393289
1. Preliminaries.
Calculating B-matrices and Eigenvalues
2. Generate MSTModes
>> Generate s=-2 MSTModes 64.106665
>> Generate s=-1 MSTModes 63.676997
>> Generate hκModes 133.760598
3. Jumps
>> 0.381223
>> 2.428349
>> 4.263016
>> 3.83689
>> 51.939859
>> 17.367556
>> LinearSolve for s1 and κ jumps 0.474333
>> κ and s1 jumps 81.507704
4. Prepare grid and mode functions.
>> s=-2 MSTModes 0.196459
>> MMp2gridL 1.260243
>> MMp2gridR 5.118687
>> s=-1 MSTModes 0.108321
>> MMp1gridL 0.072805
>> MMp1gridR 0.297876
>> s=0 MSTModes 0.173519
A. Fill 1D grid.
>> s = 2, UP ... 34.136367
>> s = 1, UP ... 7.419101
>> s = 0, UP ... 10.662945
>> s = 2, IN ... 14.730893
>> s = 1, IN ... 1.994969
>> s = 0, IN ... 2.891227
1. Preliminaries.
Calculating B-matrices and Eigenvalues
2. Generate MSTModes
>> Generate s=-2 MSTModes 69.215054
>> Generate s=-1 MSTModes 68.41499
>> Generate hκModes 128.178435
3. Jumps
>> 0.369417
>> 2.130709
>> 4.473115
>> 3.378333
>> 46.602022
>> 15.114001
>> LinearSolve for s1 and κ jumps 0.49316
>> κ and s1 jumps 73.326873
4. Prepare grid and mode functions.
>> s=-2 MSTModes 0.198161
>> MMp2gridL 1.219422
>> MMp2gridR 4.997321
>> s=-1 MSTModes 0.106389
>> MMp1gridL 0.071938
>> MMp1gridR 0.300601
>> s=0 MSTModes 0.17069
A. Fill 1D grid.
>> s = 2, UP ... 32.444222
>> s = 1, UP ... 6.958957
>> s = 0, UP ... 10.18399
>> s = 2, IN ... 14.394907
>> s = 1, IN ... 1.881607
>> s = 0, IN ... 2.775633
1. Preliminaries.
Calculating B-matrices and Eigenvalues
2. Generate MSTModes
>> Generate s=-2 MSTModes 75.118684
>> Generate s=-1 MSTModes 74.144736
>> Generate hκModes 121.028579
3. Jumps
>> 0.345781
>> 1.976802
>> 4.746376
>> 2.932052
>> 41.865033
>> 13.417389
>> LinearSolve for s1 and κ jumps 1.215553
>> κ and s1 jumps 67.091874
4. Prepare grid and mode functions.
>> s=-2 MSTModes 0.21735
>> MMp2gridL 1.177336
>> MMp2gridR 4.805172
>> s=-1 MSTModes 0.102744
>> MMp1gridL 0.068809
>> MMp1gridR 0.277475
>> s=0 MSTModes 0.170394
A. Fill 1D grid.
>> s = 2, UP ... 31.06811
>> s = 1, UP ... 6.753176
>> s = 0, UP ... 9.832123
>> s = 2, IN ... 14.250462
>> s = 1, IN ... 1.850572
>> s = 0, IN ... 2.697962
1. Preliminaries.
Calculating B-matrices and Eigenvalues
2. Generate MSTModes
>> Generate s=-2 MSTModes 82.094783
>> Generate s=-1 MSTModes 80.632718
>> Generate hκModes 116.149755
3. Jumps
>> 0.317343
>> 1.689112
>> 4.438025
>> 2.564196
>> 35.965504
>> 11.487957
>> LinearSolve for s1 and κ jumps 1.349499
>> κ and s1 jumps 58.348181
4. Prepare grid and mode functions.
>> s=-2 MSTModes 0.202405
>> MMp2gridL 1.095194
>> MMp2gridR 4.515844
>> s=-1 MSTModes 0.097969
>> MMp1gridL 0.064032
>> MMp1gridR 0.259593
>> s=0 MSTModes 0.154154
A. Fill 1D grid.
>> s = 2, UP ... 29.313145
>> s = 1, UP ... 6.73431
>> s = 0, UP ... 9.629295
>> s = 2, IN ... 13.968368
>> s = 1, IN ... 1.786512
>> s = 0, IN ... 2.620164
1. Preliminaries.
Calculating B-matrices and Eigenvalues
2. Generate MSTModes
>> Generate s=-2 MSTModes 88.735801
>> Generate s=-1 MSTModes 87.539177
>> Generate hκModes 113.590688
3. Jumps
>> 0.298398
>> 1.467155
>> 4.374857
>> 2.161965
>> 31.264747
>> 9.733262
>> LinearSolve for s1 and κ jumps 0.703681
>> κ and s1 jumps 50.612768
4. Prepare grid and mode functions.
>> s=-2 MSTModes 0.181412
>> MMp2gridL 1.040536
>> MMp2gridR 4.245344
>> s=-1 MSTModes 0.09513
>> MMp1gridL 0.064086
>> MMp1gridR 0.250365
>> s=0 MSTModes 0.152825
A. Fill 1D grid.
>> s = 2, UP ... 27.590355
>> s = 1, UP ... 6.098877
>> s = 0, UP ... 9.052032
>> s = 2, IN ... 13.367719
>> s = 1, IN ... 1.693727
>> s = 0, IN ... 2.501427
1. Preliminaries.
Calculating B-matrices and Eigenvalues
2. Generate MSTModes
>> Generate s=-2 MSTModes 95.160667
>> Generate s=-1 MSTModes 93.526882
>> Generate hκModes 110.35316
3. Jumps
>> 0.28337
>> 1.325466
>> 4.255209
>> 1.870417
>> 27.495183
>> 8.299844
>> LinearSolve for s1 and κ jumps 0.848125
>> κ and s1 jumps 44.88681
4. Prepare grid and mode functions.
>> s=-2 MSTModes 0.176013
>> MMp2gridL 0.989567
>> MMp2gridR 4.122231
>> s=-1 MSTModes 0.090951
>> MMp1gridL 0.06305
>> MMp1gridR 0.247439
>> s=0 MSTModes 0.1437
A. Fill 1D grid.
>> s = 2, UP ... 26.060171
>> s = 1, UP ... 5.782949
>> s = 0, UP ... 8.371507
>> s = 2, IN ... 12.773392
>> s = 1, IN ... 1.586915
>> s = 0, IN ... 2.366548
1. Preliminaries.
Calculating B-matrices and Eigenvalues
2. Generate MSTModes
>> Generate s=-2 MSTModes 100.554228
>> Generate s=-1 MSTModes 97.935793
>> Generate hκModes 107.188156
3. Jumps
>> 0.274409
>> 1.168439
>> 4.100759
>> 1.583725
>> 24.327705
>> 7.028356
>> LinearSolve for s1 and κ jumps 0.460538
>> κ and s1 jumps 39.416345
4. Prepare grid and mode functions.
>> s=-2 MSTModes 0.169769
>> MMp2gridL 0.948301
>> MMp2gridR 3.920952
>> s=-1 MSTModes 0.085531
>> MMp1gridL 0.05884
>> MMp1gridR 0.22538
>> s=0 MSTModes 0.131577
A. Fill 1D grid.
>> s = 2, UP ... 24.307544
>> s = 1, UP ... 5.311878
>> s = 0, UP ... 7.74816
>> s = 2, IN ... 12.451664
>> s = 1, IN ... 1.465829
>> s = 0, IN ... 2.289513
1. Preliminaries.
Calculating B-matrices and Eigenvalues
2. Generate MSTModes
>> Generate s=-2 MSTModes 103.869432
>> Generate s=-1 MSTModes 101.550006
>> Generate hκModes 104.901632
3. Jumps
>> 0.2628
>> 1.044517
>> 3.884587
>> 1.387348
>> 21.582211
>> 6.085136
>> LinearSolve for s1 and κ jumps 0.006983
>> κ and s1 jumps 34.598425
4. Prepare grid and mode functions.
>> s=-2 MSTModes 0.1937
>> MMp2gridL 0.921517
>> MMp2gridR 3.724346
>> s=-1 MSTModes 0.093448
>> MMp1gridL 0.05681
>> MMp1gridR 0.221895
>> s=0 MSTModes 0.130666
A. Fill 1D grid.
>> s = 2, UP ... 22.329115
>> s = 1, UP ... 4.815732
>> s = 0, UP ... 7.139289
>> s = 2, IN ... 12.375246
>> s = 1, IN ... 1.460587
>> s = 0, IN ... 2.150223
1. Preliminaries.
Calculating B-matrices and Eigenvalues
2. Generate MSTModes
>> Generate s=-2 MSTModes 107.042949
>> Generate s=-1 MSTModes 104.834726
