Task 355 on node656.cluster: a=0.6 r0=7.5
Job started: a = 0.6, r0 = 7.5, savepath = /lustre/astro/dyson/DataFiles/KerrCircDiskData/h1_radial
Warning: rstarmin is outside the allowed range.
Now we Calculate the Radiative Solutions
1. Preliminaries.
Calculating B-matrices and Eigenvalues
2. Generate MSTModes
>> Generate s=-2 MSTModes 43.041588
>> Generate s=-1 MSTModes 42.515617
>> Generate hκModes 116.668113
3. Jumps
>> 0.360996
>> 2.005949
>> 3.583398
>> 3.681588
>> 45.691549
>> 16.598057
>> LinearSolve for s1 and κ jumps 0.004942
>> κ and s1 jumps 72.777278
4. Prepare grid and mode functions.
>> s=-2 MSTModes 0.197282
>> MMp2gridL 0.535669
>> MMp2gridR 4.806845
>> s=-1 MSTModes 0.059297
>> MMp1gridL 0.022301
>> MMp1gridR 0.159315
>> s=0 MSTModes 0.138652
A. Fill 1D grid.
>> s = 2, UP ... 32.958884
>> s = 1, UP ... 1.232703
>> s = 0, UP ... 7.486494
>> s = 2, IN ... 6.69573
>> s = 1, IN ... 0.550468
>> s = 0, IN ... 1.12388
1. Preliminaries.
Calculating B-matrices and Eigenvalues
2. Generate MSTModes
>> Generate s=-2 MSTModes 55.347951
>> Generate s=-1 MSTModes 54.990988
>> Generate hκModes 131.734945
3. Jumps
>> 0.381242
>> 2.516272
>> 4.982798
>> 15.085899
>> 100.721881
>> 63.805345
>> LinearSolve for s1 and κ jumps 1.244758
>> κ and s1 jumps 189.674565
4. Prepare grid and mode functions.
>> s=-2 MSTModes 0.203382
>> MMp2gridL 0.653411
>> MMp2gridR 5.993908
>> s=-1 MSTModes 0.113623
>> MMp1gridL 0.038984
>> MMp1gridR 0.348376
>> s=0 MSTModes 0.183059
A. Fill 1D grid.
>> s = 2, UP ... 39.570736
>> s = 1, UP ... 8.456186
>> s = 0, UP ... 16.861778
>> s = 2, IN ... 7.771804
>> s = 1, IN ... 0.994295
>> s = 0, IN ... 1.821966
1. Preliminaries.
Calculating B-matrices and Eigenvalues
2. Generate MSTModes
>> Generate s=-2 MSTModes 74.034038
>> Generate s=-1 MSTModes 72.639904
>> Generate hκModes 142.148385
3. Jumps
>> 0.375681
>> 2.226097
>> 5.411172
>> 13.476308
>> 89.443668
>> 56.443011
>> LinearSolve for s1 and κ jumps 1.04558
>> κ and s1 jumps 169.211391
4. Prepare grid and mode functions.
>> s=-2 MSTModes 0.217781
>> MMp2gridL 0.619194
>> MMp2gridR 5.713396
>> s=-1 MSTModes 0.110631
>> MMp1gridL 0.03701
>> MMp1gridR 0.328851
>> s=0 MSTModes 0.171991
A. Fill 1D grid.
>> s = 2, UP ... 37.354862
>> s = 1, UP ... 8.414624
>> s = 0, UP ... 16.500888
>> s = 2, IN ... 7.399474
>> s = 1, IN ... 0.9389
>> s = 0, IN ... 1.759762
1. Preliminaries.
Calculating B-matrices and Eigenvalues
2. Generate MSTModes
>> Generate s=-2 MSTModes 83.301402
>> Generate s=-1 MSTModes 84.623191
>> Generate hκModes 145.275739
3. Jumps
>> 0.354374
>> 2.006611
>> 5.196942
>> 11.813423
>> 78.465853
>> 48.881226
>> LinearSolve for s1 and κ jumps 1.271145
>> κ and s1 jumps 148.725641
4. Prepare grid and mode functions.
>> s=-2 MSTModes 0.198476
>> MMp2gridL 0.578015
>> MMp2gridR 5.42553
>> s=-1 MSTModes 0.101728
>> MMp1gridL 0.035217
>> MMp1gridR 0.308576
>> s=0 MSTModes 0.162145
A. Fill 1D grid.
>> s = 2, UP ... 35.298821
>> s = 1, UP ... 7.798709
>> s = 0, UP ... 15.39083
>> s = 2, IN ... 7.440596
>> s = 1, IN ... 0.91751
>> s = 0, IN ... 1.698216
1. Preliminaries.
Calculating B-matrices and Eigenvalues
2. Generate MSTModes
>> Generate s=-2 MSTModes 96.383216
>> Generate s=-1 MSTModes 96.866897
>> Generate hκModes 141.880851
3. Jumps
>> 0.327781
>> 1.714276
>> 4.924703
>> 9.53025
>> 65.469684
>> 40.913216
>> LinearSolve for s1 and κ jumps 0.808037
>> κ and s1 jumps 124.338739
4. Prepare grid and mode functions.
>> s=-2 MSTModes 0.218893
>> MMp2gridL 0.565845
>> MMp2gridR 5.282659
>> s=-1 MSTModes 0.100557
>> MMp1gridL 0.03386
>> MMp1gridR 0.299271
>> s=0 MSTModes 0.159293
A. Fill 1D grid.
>> s = 2, UP ... 33.13456
>> s = 1, UP ... 7.143055
>> s = 0, UP ... 14.40122
>> s = 2, IN ... 7.354628
>> s = 1, IN ... 0.913009
>> s = 0, IN ... 1.635834
1. Preliminaries.
Calculating B-matrices and Eigenvalues
2. Generate MSTModes
>> Generate s=-2 MSTModes 109.717009
>> Generate s=-1 MSTModes 107.746461
>> Generate hκModes 138.386063
3. Jumps
>> 0.307411
>> 1.611229
>> 4.916586
>> 8.54318
>> 59.283623
>> 36.301388
>> LinearSolve for s1 and κ jumps 0.817355
>> κ and s1 jumps 112.37857
4. Prepare grid and mode functions.
>> s=-2 MSTModes 0.210966
>> MMp2gridL 0.556659
>> MMp2gridR 5.159679
>> s=-1 MSTModes 0.099206
>> MMp1gridL 0.033784
>> MMp1gridR 0.29543
>> s=0 MSTModes 0.154764
A. Fill 1D grid.
>> s = 2, UP ... 31.886967
>> s = 1, UP ... 7.082484
>> s = 0, UP ... 13.977026
>> s = 2, IN ... 7.188328
>> s = 1, IN ... 0.864692
>> s = 0, IN ... 1.606119
1. Preliminaries.
Calculating B-matrices and Eigenvalues
2. Generate MSTModes
>> Generate s=-2 MSTModes 120.840983
>> Generate s=-1 MSTModes 120.419091
