Task 689 on node678.cluster: a=0.9 r0=42.5
Job started: a = 0.9, r0 = 42.5, savepath = /lustre/astro/dyson/DataFiles/KerrCircDiskData/h1_radial
Warning: rstarmin is outside the allowed range.
Now we Calculate the Radiative Solutions
1. Preliminaries.
Calculating B-matrices and Eigenvalues
2. Generate MSTModes
>> Generate s=-2 MSTModes 57.716287
>> Generate s=-1 MSTModes 56.644434

MetricReconstructRadiative`Private`hκTSolve::icaccuraccy: Warning: asymptotic expansion of order 40 at r=4000.000000000000000000000000000000000000000000000000000000000000 provides insufficiently accurate initial conditions to meet PrecsionGoal, 24.

MetricReconstructRadiative`Private`hκTSolve::icaccuraccy: Warning: asymptotic expansion of order 40 at r=4000.000000000000000000000000000000000000000000000000000000000000 provides insufficiently accurate initial conditions to meet PrecsionGoal, 24.

MetricReconstructRadiative`Private`hκTSolve::icaccuraccy: Warning: asymptotic expansion of order 40 at r=4000.000000000000000000000000000000000000000000000000000000000000 provides insufficiently accurate initial conditions to meet PrecsionGoal, 24.

General::stop: Further output of MetricReconstructRadiative`Private`hκTSolve::icaccuraccy will be suppressed during this calculation.
>> Generate hκModes 144.093594
3. Jumps
>> 0.376274
>> 2.212431
>> 3.5438
>> 4.174263
>> 51.180453
>> 18.611208
>> LinearSolve for s1 and κ jumps 0.037684
>> κ and s1 jumps 81.05511
4. Prepare grid and mode functions.
>> s=-2 MSTModes 0.203423
>> MMp2gridL 4.214683
>> MMp2gridR 1.8961
>> s=-1 MSTModes 0.068678
>> MMp1gridL 0.140177
>> MMp1gridR 0.072792
>> s=0 MSTModes 0.157557
A. Fill 1D grid.
>> s = 2, UP ... 21.927144
>> s = 1, UP ... 1.618399
>> s = 0, UP ... 4.097403
>> s = 2, IN ... 29.538831
>> s = 1, IN ... 1.08917
>> s = 0, IN ... 6.402028
1. Preliminaries.
Calculating B-matrices and Eigenvalues
2. Generate MSTModes
>> Generate s=-2 MSTModes 68.811774
>> Generate s=-1 MSTModes 67.786954
>> Generate hκModes 124.744793
3. Jumps
>> 0.332929
>> 2.102192
>> 3.265959
>> 3.377786
>> 45.060227
>> 15.08963
>> LinearSolve for s1 and κ jumps 0.748028
>> κ and s1 jumps 70.727178
4. Prepare grid and mode functions.
>> s=-2 MSTModes 0.17484
>> MMp2gridL 3.838027
>> MMp2gridR 1.712513
>> s=-1 MSTModes 0.096399
>> MMp1gridL 0.220852
>> MMp1gridR 0.10053
>> s=0 MSTModes 0.156651
A. Fill 1D grid.
>> s = 2, UP ... 19.730197
>> s = 1, UP ... 2.642855
>> s = 0, UP ... 4.057805
>> s = 2, IN ... 26.568369
>> s = 1, IN ... 5.582239
>> s = 0, IN ... 7.84926
1. Preliminaries.
Calculating B-matrices and Eigenvalues
2. Generate MSTModes
>> Generate s=-2 MSTModes 73.242324
>> Generate s=-1 MSTModes 73.369439
>> Generate hκModes 115.650768
3. Jumps
>> 0.330342
>> 1.923895
>> 3.345931
>> 2.989621
>> 40.779161
>> 13.434058
>> LinearSolve for s1 and κ jumps 0.911199
>> κ and s1 jumps 64.409618
4. Prepare grid and mode functions.
>> s=-2 MSTModes 0.176459
>> MMp2gridL 3.700387
>> MMp2gridR 1.667595
>> s=-1 MSTModes 0.094469
>> MMp1gridL 0.217928
>> MMp1gridR 0.098564
>> s=0 MSTModes 0.155264
A. Fill 1D grid.
>> s = 2, UP ... 19.679852
>> s = 1, UP ... 2.623504
>> s = 0, UP ... 4.030197
>> s = 2, IN ... 25.608795
>> s = 1, IN ... 5.542265
>> s = 0, IN ... 7.622697
1. Preliminaries.
Calculating B-matrices and Eigenvalues
2. Generate MSTModes
>> Generate s=-2 MSTModes 81.406808
>> Generate s=-1 MSTModes 81.180701
>> Generate hκModes 109.671342
3. Jumps
>> 0.311027
>> 1.703708
>> 3.204319
>> 2.527896
>> 36.082382
>> 11.562173
>> LinearSolve for s1 and κ jumps 1.07261
>> κ and s1 jumps 57.092437
4. Prepare grid and mode functions.
>> s=-2 MSTModes 0.176597
>> MMp2gridL 3.555022
>> MMp2gridR 1.613401
>> s=-1 MSTModes 0.091644
>> MMp1gridL 0.210175
>> MMp1gridR 0.09466
>> s=0 MSTModes 0.148424
A. Fill 1D grid.
>> s = 2, UP ... 19.140787
>> s = 1, UP ... 2.533334
>> s = 0, UP ... 3.898994
>> s = 2, IN ... 24.552786
>> s = 1, IN ... 5.468195
>> s = 0, IN ... 7.2812
1. Preliminaries.
Calculating B-matrices and Eigenvalues
2. Generate MSTModes
>> Generate s=-2 MSTModes 86.573091
>> Generate s=-1 MSTModes 85.561604
>> Generate hκModes 104.279849
3. Jumps
>> 0.297946
>> 1.574413
>> 3.160922
>> 2.290266
>> 32.954504
>> 10.353859
>> LinearSolve for s1 and κ jumps 1.146257
>> κ and s1 jumps 52.338163
4. Prepare grid and mode functions.
>> s=-2 MSTModes 0.170094
>> MMp2gridL 3.425916
>> MMp2gridR 1.544005
>> s=-1 MSTModes 0.089943
>> MMp1gridL 0.207421
>> MMp1gridR 0.092589
>> s=0 MSTModes 0.1458
A. Fill 1D grid.
>> s = 2, UP ... 18.736516
>> s = 1, UP ... 2.409857
>> s = 0, UP ... 3.752167
>> s = 2, IN ... 22.762222
>> s = 1, IN ... 4.894478
>> s = 0, IN ... 6.851454
1. Preliminaries.
Calculating B-matrices and Eigenvalues
2. Generate MSTModes
>> Generate s=-2 MSTModes 92.147737
>> Generate s=-1 MSTModes 90.917355
>> Generate hκModes 99.141406
3. Jumps
>> 0.276311
>> 1.388856
>> 2.938392
>> 2.003559
>> 28.598451
>> 8.917338
>> LinearSolve for s1 and κ jumps 0.960613
>> κ and s1 jumps 45.623211
4. Prepare grid and mode functions.
>> s=-2 MSTModes 0.1615
>> MMp2gridL 3.337803
>> MMp2gridR 1.509952
>> s=-1 MSTModes 0.085897
>> MMp1gridL 0.199467
>> MMp1gridR 0.089952
>> s=0 MSTModes 0.136938
A. Fill 1D grid.
>> s = 2, UP ... 18.421017
>> s = 1, UP ... 2.334122
>> s = 0, UP ... 3.647486
>> s = 2, IN ... 21.659306
>> s = 1, IN ... 4.751501
>> s = 0, IN ... 6.572044
1. Preliminaries.
Calculating B-matrices and Eigenvalues
2. Generate MSTModes
>> Generate s=-2 MSTModes 96.362178
>> Generate s=-1 MSTModes 95.036948
>> Generate hκModes 93.643097
3. Jumps
>> 0.269048
>> 1.210057
>> 2.876563
>> 1.693935
>> 25.118693
>> 7.68787
>> LinearSolve for s1 and κ jumps 0.752931
>> κ and s1 jumps 40.037993
4. Prepare grid and mode functions.
>> s=-2 MSTModes 0.163285
>> MMp2gridL 3.213737
>> MMp2gridR 1.467796
>> s=-1 MSTModes 0.083207
>> MMp1gridL 0.19092
>> MMp1gridR 0.086023
>> s=0 MSTModes 0.13477
A. Fill 1D grid.
>> s = 2, UP ... 18.259192
>> s = 1, UP ... 2.25538
>> s = 0, UP ... 3.511902
>> s = 2, IN ... 20.643252
>> s = 1, IN ... 4.498886
>> s = 0, IN ... 6.122051
1. Preliminaries.
Calculating B-matrices and Eigenvalues
2. Generate MSTModes
>> Generate s=-2 MSTModes 99.193185
>> Generate s=-1 MSTModes 97.580012
>> Generate hκModes 89.121346
3. Jumps
>> 0.253054
>> 1.062872
>> 2.692317
>> 1.427004
>> 22.141575
>> 6.536739
>> LinearSolve for s1 and κ jumps 0.890981
>> κ and s1 jumps 35.378344
4. Prepare grid and mode functions.
>> s=-2 MSTModes 0.200727
>> MMp2gridL 3.087264
>> MMp2gridR 1.413641
>> s=-1 MSTModes 0.078397
>> MMp1gridL 0.185572
>> MMp1gridR 0.084024
>> s=0 MSTModes 0.128152
A. Fill 1D grid.
>> s = 2, UP ... 17.677502
>> s = 1, UP ... 2.151343
>> s = 0, UP ... 3.368457
>> s = 2, IN ... 19.31787
>> s = 1, IN ... 4.046713
>> s = 0, IN ... 5.747784
1. Preliminaries.
Calculating B-matrices and Eigenvalues
2. Generate MSTModes
>> Generate s=-2 MSTModes 101.240324
>> Generate s=-1 MSTModes 98.553177
>> Generate hκModes 82.435118
3. Jumps
>> 0.237056
>> 0.917081
>> 2.517217
>> 1.20394
>> 18.568151
>> 5.243391
>> LinearSolve for s1 and κ jumps 0.007369
>> κ and s1 jumps 29.003073
4. Prepare grid and mode functions.
>> s=-2 MSTModes 0.175138
>> MMp2gridL 2.77221
>> MMp2gridR 1.256188
>> s=-1 MSTModes 0.073541
>> MMp1gridL 0.171159
>> MMp1gridR 0.077855
>> s=0 MSTModes 0.118938
A. Fill 1D grid.
>> s = 2, UP ... 16.601714
>> s = 1, UP ... 1.944709
>> s = 0, UP ... 3.060562
>> s = 2, IN ... 17.033675
>> s = 1, IN ... 3.613085
>> s = 0, IN ... 5.193966
1. Preliminaries.
Calculating B-matrices and Eigenvalues
2. Generate MSTModes
>> Generate s=-2 MSTModes 99.250615
>> Generate s=-1 MSTModes 98.038734
>> Generate hκModes 78.729412
3. Jumps
>> 0.217851
>> 0.804912
>> 2.303744
>> 1.026023
