Task 90 on node678.cluster: a=0.1 r0=7.0
Job started: a = 0.1, r0 = 7., savepath = /lustre/astro/dyson/DataFiles/KerrCircDiskData/h1_radial
Warning: rstarmin is outside the allowed range.
Now we Calculate the Radiative Solutions
1. Preliminaries.
Calculating B-matrices and Eigenvalues
2. Generate MSTModes
>> Generate s=-2 MSTModes 44.176089
>> Generate s=-1 MSTModes 46.015092
>> Generate hκModes 135.48609
3. Jumps
>> 0.412238
>> 2.301173
>> 4.196299
>> 4.192352
>> 51.501522
>> 18.603438
>> LinearSolve for s1 and κ jumps 0.004404
>> κ and s1 jumps 82.173654
4. Prepare grid and mode functions.
>> s=-2 MSTModes 0.219835
>> MMp2gridL 0.591133
>> MMp2gridR 5.838073
>> s=-1 MSTModes 0.067416
>> MMp1gridL 0.024623
>> MMp1gridR 0.194314
>> s=0 MSTModes 0.155767
A. Fill 1D grid.
>> s = 2, UP ... 39.431922
>> s = 1, UP ... 1.468748
>> s = 0, UP ... 8.961451
>> s = 2, IN ... 7.289813
>> s = 1, IN ... 0.608242
>> s = 0, IN ... 1.212196
1. Preliminaries.
Calculating B-matrices and Eigenvalues
2. Generate MSTModes
>> Generate s=-2 MSTModes 62.950714
>> Generate s=-1 MSTModes 63.960598
>> Generate hκModes 143.515816
3. Jumps
>> 0.388786
>> 2.455423
>> 5.263812
>> 4.017918
>> 51.855307
>> 17.609389
>> LinearSolve for s1 and κ jumps 0.801347
>> κ and s1 jumps 83.177075
4. Prepare grid and mode functions.
>> s=-2 MSTModes 0.189128
>> MMp2gridL 0.57985
>> MMp2gridR 5.754203
>> s=-1 MSTModes 0.107112
>> MMp1gridL 0.034504
>> MMp1gridR 0.33347
>> s=0 MSTModes 0.169806
A. Fill 1D grid.
>> s = 2, UP ... 37.506812
>> s = 1, UP ... 8.268197
>> s = 0, UP ... 11.916838
>> s = 2, IN ... 7.131533
>> s = 1, IN ... 0.90634
>> s = 0, IN ... 1.324553
1. Preliminaries.
Calculating B-matrices and Eigenvalues
2. Generate MSTModes
>> Generate s=-2 MSTModes 70.404348
>> Generate s=-1 MSTModes 71.792595
>> Generate hκModes 144.261361
3. Jumps
>> 0.374027
>> 2.188634
>> 5.250242
>> 3.535419
>> 45.807975
>> 15.096089
>> LinearSolve for s1 and κ jumps 1.239089
>> κ and s1 jumps 74.213745
4. Prepare grid and mode functions.
>> s=-2 MSTModes 0.193111
>> MMp2gridL 0.572022
>> MMp2gridR 5.610674
>> s=-1 MSTModes 0.106727
>> MMp1gridL 0.03442
>> MMp1gridR 0.327061
>> s=0 MSTModes 0.171359
A. Fill 1D grid.
>> s = 2, UP ... 35.592041
>> s = 1, UP ... 7.703566
>> s = 0, UP ... 11.435836
>> s = 2, IN ... 6.971497
>> s = 1, IN ... 0.878386
>> s = 0, IN ... 1.270927
1. Preliminaries.
Calculating B-matrices and Eigenvalues
2. Generate MSTModes
>> Generate s=-2 MSTModes 80.719641
>> Generate s=-1 MSTModes 82.461643
>> Generate hκModes 142.480744
3. Jumps
>> 0.343441
>> 1.952436
>> 5.470635
>> 3.010946
>> 40.787326
>> 13.144144
>> LinearSolve for s1 and κ jumps 1.139922
>> κ and s1 jumps 66.498473
4. Prepare grid and mode functions.
>> s=-2 MSTModes 0.185389
>> MMp2gridL 0.534743
>> MMp2gridR 5.343603
>> s=-1 MSTModes 0.102887
>> MMp1gridL 0.032991
>> MMp1gridR 0.308105
>> s=0 MSTModes 0.159782
A. Fill 1D grid.
>> s = 2, UP ... 33.95664
>> s = 1, UP ... 7.519053
>> s = 0, UP ... 10.930362
>> s = 2, IN ... 6.877019
>> s = 1, IN ... 0.872137
>> s = 0, IN ... 1.246359
1. Preliminaries.
Calculating B-matrices and Eigenvalues
2. Generate MSTModes
>> Generate s=-2 MSTModes 93.207811
>> Generate s=-1 MSTModes 94.818159
>> Generate hκModes 141.28652
3. Jumps
>> 0.32461
>> 1.671204
>> 4.766554
>> 2.481328
>> 35.080674
>> 10.997366
>> LinearSolve for s1 and κ jumps 0.8358
>> κ and s1 jumps 56.706808
4. Prepare grid and mode functions.
>> s=-2 MSTModes 0.211405
>> MMp2gridL 0.509148
>> MMp2gridR 5.191543
>> s=-1 MSTModes 0.099165
>> MMp1gridL 0.032081
>> MMp1gridR 0.298949
>> s=0 MSTModes 0.155101
A. Fill 1D grid.
>> s = 2, UP ... 32.3124
>> s = 1, UP ... 7.037719
>> s = 0, UP ... 10.250781
>> s = 2, IN ... 6.659298
>> s = 1, IN ... 0.812402
>> s = 0, IN ... 1.207277
1. Preliminaries.
Calculating B-matrices and Eigenvalues
2. Generate MSTModes
>> Generate s=-2 MSTModes 106.645385
>> Generate s=-1 MSTModes 107.288984
>> Generate hκModes 140.018493
3. Jumps
>> 0.308178
>> 1.532047
>> 4.709267
>> 8.149076
>> 56.40427
>> 34.269147
>> LinearSolve for s1 and κ jumps 0.82568
>> κ and s1 jumps 106.780217
4. Prepare grid and mode functions.
>> s=-2 MSTModes 0.209097
>> MMp2gridL 0.510434
>> MMp2gridR 5.141943
>> s=-1 MSTModes 0.098663
>> MMp1gridL 0.031267
>> MMp1gridR 0.287402
>> s=0 MSTModes 0.152982
A. Fill 1D grid.
>> s = 2, UP ... 31.538137
>> s = 1, UP ... 6.887244
>> s = 0, UP ... 13.760117
>> s = 2, IN ... 6.543069
>> s = 1, IN ... 0.796051
>> s = 0, IN ... 1.432749
1. Preliminaries.
Calculating B-matrices and Eigenvalues
2. Generate MSTModes
>> Generate s=-2 MSTModes 120.097262
>> Generate s=-1 MSTModes 118.292062
