Task 9 on node723.cluster: a=0.6 r0=8.1
Job started: a = 0.6, r0 = 8.1, savepath = /lustre/astro/dyson/DataFiles/KerrCircSourceFiles/h1_radial
Warning: rstarmin is outside the allowed range.
Now we Calculate the Radiative Solutions
1. Preliminaries.
Calculating B-matrices and Eigenvalues
2. Generate MSTModes
>> Generate s=-2 MSTModes 193.274372
>> Generate s=-1 MSTModes 190.6577
>> Generate hκModes 547.77579
3. Jumps
>> 2.546997
>> 28.445223
>> 11.273735
>> 75.965009
>> 692.849232
>> 321.957693
>> LinearSolve for s1 and κ jumps 0.013082
>> κ and s1 jumps 1140.705029
4. Prepare grid and mode functions.
>> s=-2 MSTModes 0.422516
>> MMp2gridL 2.082149
>> MMp2gridR 14.755268
>> s=-1 MSTModes 0.161498
>> MMp1gridL 0.087782
>> MMp1gridR 0.543319
>> s=0 MSTModes 0.377934
A. Fill 1D grid.
>> s = 2, UP ... 181.954385
>> s = 1, UP ... 5.074435
>> s = 0, UP ... 37.434285
>> s = 2, IN ... 55.832378
>> s = 1, IN ... 3.167719
>> s = 0, IN ... 6.868975
1. Preliminaries.
Calculating B-matrices and Eigenvalues
2. Generate MSTModes
>> Generate s=-2 MSTModes 223.103244
>> Generate s=-1 MSTModes 219.979616
>> Generate hκModes 520.750193
3. Jumps
>> 2.396876
>> 27.943463
>> 12.359637
>> 278.087896
>> 1524.216787
>> 1158.946914
>> LinearSolve for s1 and κ jumps 0.491891
>> κ and s1 jumps 3010.760056
4. Prepare grid and mode functions.
>> s=-2 MSTModes 0.444701
>> MMp2gridL 2.097659
>> MMp2gridR 14.919214
>> s=-1 MSTModes 0.250901
>> MMp1gridL 0.122158
>> MMp1gridR 0.850222
>> s=0 MSTModes 0.418975
A. Fill 1D grid.
>> s = 2, UP ... 180.292764
>> s = 1, UP ... 35.849491
>> s = 0, UP ... 71.419904
>> s = 2, IN ... 54.968331
>> s = 1, IN ... 4.968753
>> s = 0, IN ... 9.673223
1. Preliminaries.
Calculating B-matrices and Eigenvalues
2. Generate MSTModes
>> Generate s=-2 MSTModes 250.653849
>> Generate s=-1 MSTModes 246.883627
>> Generate hκModes 519.009118
3. Jumps
>> 2.348157
>> 26.46449
>> 12.925497
>> 244.475414
>> 1345.184038
>> 1018.140137
>> LinearSolve for s1 and κ jumps 0.650326
>> κ and s1 jumps 2656.053253
4. Prepare grid and mode functions.
>> s=-2 MSTModes 0.429218
>> MMp2gridL 2.055541
>> MMp2gridR 14.471541
>> s=-1 MSTModes 0.2478
>> MMp1gridL 0.121419
>> MMp1gridR 0.826025
>> s=0 MSTModes 0.406753
A. Fill 1D grid.
>> s = 2, UP ... 169.404366
>> s = 1, UP ... 33.550381
>> s = 0, UP ... 70.941868
>> s = 2, IN ... 54.879598
>> s = 1, IN ... 4.888801
>> s = 0, IN ... 9.45268
1. Preliminaries.
Calculating B-matrices and Eigenvalues
2. Generate MSTModes
>> Generate s=-2 MSTModes 273.6911
>> Generate s=-1 MSTModes 269.864327
>> Generate hκModes 522.586243
3. Jumps
>> 2.228147
>> 24.852909
>> 13.073687
>> 239.673194
>> 1329.379568
>> 1005.397525
>> LinearSolve for s1 and κ jumps 0.753846
>> κ and s1 jumps 2621.013727
4. Prepare grid and mode functions.
>> s=-2 MSTModes 0.430111
>> MMp2gridL 2.028317
>> MMp2gridR 14.279698
>> s=-1 MSTModes 0.244998
>> MMp1gridL 0.120801
>> MMp1gridR 0.819022
>> s=0 MSTModes 0.402217
A. Fill 1D grid.
>> s = 2, UP ... 166.425341
>> s = 1, UP ... 33.084522
>> s = 0, UP ... 69.690823
>> s = 2, IN ... 54.602018
>> s = 1, IN ... 4.849564
>> s = 0, IN ... 9.353626
1. Preliminaries.
Calculating B-matrices and Eigenvalues
2. Generate MSTModes
>> Generate s=-2 MSTModes 300.184157
>> Generate s=-1 MSTModes 297.970879
>> Generate hκModes 528.71296
3. Jumps
>> 2.156463
>> 23.325043
>> 13.28928
>> 214.965905
>> 1209.557493
>> 865.840549
>> LinearSolve for s1 and κ jumps 0.751198
>> κ and s1 jumps 2335.188179
4. Prepare grid and mode functions.
>> s=-2 MSTModes 0.418396
>> MMp2gridL 2.030759
>> MMp2gridR 13.868613
>> s=-1 MSTModes 0.240523
>> MMp1gridL 0.118424
>> MMp1gridR 0.79706
>> s=0 MSTModes 0.395496
A. Fill 1D grid.
>> s = 2, UP ... 160.070742
>> s = 1, UP ... 31.215505
>> s = 0, UP ... 65.394706
>> s = 2, IN ... 54.152081
>> s = 1, IN ... 4.727461
>> s = 0, IN ... 9.071265
1. Preliminaries.
Calculating B-matrices and Eigenvalues
2. Generate MSTModes
>> Generate s=-2 MSTModes 329.606571
>> Generate s=-1 MSTModes 326.505242
>> Generate hκModes 533.037261
3. Jumps
>> 2.042046
>> 21.484414
>> 13.455381
>> 199.573792
>> 1132.836521
>> 851.112803
>> LinearSolve for s1 and κ jumps 0.727231
>> κ and s1 jumps 2226.207984
4. Prepare grid and mode functions.
>> s=-2 MSTModes 0.415042
>> MMp2gridL 2.005273
>> MMp2gridR 13.794393
>> s=-1 MSTModes 0.235759
>> MMp1gridL 0.116072
>> MMp1gridR 0.786703
>> s=0 MSTModes 0.389868
A. Fill 1D grid.
>> s = 2, UP ... 155.853581
>> s = 1, UP ... 30.594918
>> s = 0, UP ... 63.754763
>> s = 2, IN ... 54.072758
>> s = 1, IN ... 4.63423
>> s = 0, IN ... 8.860957
1. Preliminaries.
Calculating B-matrices and Eigenvalues
2. Generate MSTModes
>> Generate s=-2 MSTModes 360.61244
>> Generate s=-1 MSTModes 355.570671
>> Generate hκModes 539.89814
3. Jumps
>> 1.967992
>> 20.576551
>> 13.374729
>> 181.534864
>> 1035.711631
>> 766.711409
>> LinearSolve for s1 and κ jumps 0.573535
>> κ and s1 jumps 2025.155391
4. Prepare grid and mode functions.
>> s=-2 MSTModes 0.412551
>> MMp2gridL 1.978923
>> MMp2gridR 13.559645
>> s=-1 MSTModes 0.233047
>> MMp1gridL 0.11477
>> MMp1gridR 0.773224
>> s=0 MSTModes 0.384032
A. Fill 1D grid.
>> s = 2, UP ... 151.478076
>> s = 1, UP ... 28.857322
>> s = 0, UP ... 58.842539
>> s = 2, IN ... 53.346031
>> s = 1, IN ... 4.560859
>> s = 0, IN ... 8.655796
1. Preliminaries.
Calculating B-matrices and Eigenvalues
2. Generate MSTModes
>> Generate s=-2 MSTModes 391.333897
>> Generate s=-1 MSTModes 386.613896
>> Generate hκModes 547.549765
3. Jumps
>> 1.867624
>> 19.285342
>> 13.57309
>> 166.593737
>> 955.196732
>> 704.058219
>> LinearSolve for s1 and κ jumps 0.693316
>> κ and s1 jumps 1865.72049
4. Prepare grid and mode functions.
>> s=-2 MSTModes 0.405959
>> MMp2gridL 1.939252
>> MMp2gridR 13.405846
>> s=-1 MSTModes 0.22895
>> MMp1gridL 0.112181
>> MMp1gridR 0.761652
>> s=0 MSTModes 0.378615
A. Fill 1D grid.
>> s = 2, UP ... 147.253842
>> s = 1, UP ... 28.29568
>> s = 0, UP ... 56.636404
>> s = 2, IN ... 53.470937
>> s = 1, IN ... 4.488692
>> s = 0, IN ... 8.519723
1. Preliminaries.
Calculating B-matrices and Eigenvalues
2. Generate MSTModes
>> Generate s=-2 MSTModes 428.471326
>> Generate s=-1 MSTModes 423.995715
>> Generate hκModes 555.005739
3. Jumps
>> 1.830558
>> 17.828186
>> 13.479565
>> 158.137773
>> 885.068136
>> 655.741605
>> LinearSolve for s1 and κ jumps 0.776594
>> κ and s1 jumps 1737.080847
4. Prepare grid and mode functions.
>> s=-2 MSTModes 0.391477
>> MMp2gridL 1.88828
>> MMp2gridR 13.252646
>> s=-1 MSTModes 0.224724
>> MMp1gridL 0.109859
>> MMp1gridR 0.747714
>> s=0 MSTModes 0.362364
A. Fill 1D grid.
>> s = 2, UP ... 142.059874
>> s = 1, UP ... 25.842559
>> s = 0, UP ... 52.959063
>> s = 2, IN ... 52.259153
>> s = 1, IN ... 4.343638
>> s = 0, IN ... 8.223303
1. Preliminaries.
Calculating B-matrices and Eigenvalues
2. Generate MSTModes
>> Generate s=-2 MSTModes 461.483994
>> Generate s=-1 MSTModes 456.027455
>> Generate hκModes 559.461985
3. Jumps
>> 1.727693
>> 17.048527
>> 13.256682
>> 140.862177
>> 814.951848
>> 590.096764
>> LinearSolve for s1 and κ jumps 0.427427
>> κ and s1 jumps 1582.24319
4. Prepare grid and mode functions.
>> s=-2 MSTModes 0.389003
>> MMp2gridL 1.853244
>> MMp2gridR 13.056728
>> s=-1 MSTModes 0.220033
>> MMp1gridL 0.109556
>> MMp1gridR 0.73421
>> s=0 MSTModes 0.359824
A. Fill 1D grid.
>> s = 2, UP ... 137.871349
>> s = 1, UP ... 24.626639
>> s = 0, UP ... 51.291764
>> s = 2, IN ... 52.457848
>> s = 1, IN ... 4.280164
>> s = 0, IN ... 8.074651
1. Preliminaries.
Calculating B-matrices and Eigenvalues
2. Generate MSTModes
>> Generate s=-2 MSTModes 499.274616
>> Generate s=-1 MSTModes 493.976653
>> Generate hκModes 567.068294
3. Jumps
>> 1.688406
>> 15.618772
>> 14.122563
>> 128.999913
>> 736.265057
>> 534.545751
>> LinearSolve for s1 and κ jumps 0.615803
>> κ and s1 jumps 1435.55244
4. Prepare grid and mode functions.
>> s=-2 MSTModes 0.386245
>> MMp2gridL 1.809083
>> MMp2gridR 12.752231
>> s=-1 MSTModes 0.218351
>> MMp1gridL 0.107373
>> MMp1gridR 0.71897
>> s=0 MSTModes 0.362442
A. Fill 1D grid.
>> s = 2, UP ... 133.709492
>> s = 1, UP ... 24.418303
>> s = 0, UP ... 49.888745
>> s = 2, IN ... 52.043935
>> s = 1, IN ... 4.195109
>> s = 0, IN ... 7.865828
1. Preliminaries.
Calculating B-matrices and Eigenvalues
2. Generate MSTModes
>> Generate s=-2 MSTModes 550.999006
>> Generate s=-1 MSTModes 576.091031
>> Generate hκModes 3206.871072
3. Jumps
>> 1.603242
>> 14.766383
>> 13.083561
>> 461.925453
>> 4982.440036
