Task 642 on node678.cluster: a=0.9 r0=19.0
Job started: a = 0.9, r0 = 19., savepath = /lustre/astro/dyson/DataFiles/KerrCircDiskData/h1_radial
Warning: rstarmin is outside the allowed range.
Now we Calculate the Radiative Solutions
1. Preliminaries.
Calculating B-matrices and Eigenvalues
2. Generate MSTModes
>> Generate s=-2 MSTModes 56.562135
>> Generate s=-1 MSTModes 56.378818

MetricReconstructRadiative`Private`hκTSolve::icaccuraccy: Warning: asymptotic expansion of order 40 at r=4000.000000000000000000000000000000000000000000000000000000000000 provides insufficiently accurate initial conditions to meet PrecsionGoal, 24.
>> Generate hκModes 137.694476
3. Jumps
>> 0.403648
>> 2.284056
>> 3.584849
>> 4.12888
>> 50.398708
>> 18.674387
>> LinearSolve for s1 and κ jumps 0.004688
>> κ and s1 jumps 80.425866
4. Prepare grid and mode functions.
>> s=-2 MSTModes 0.215206
>> MMp2gridL 1.798295
>> MMp2gridR 4.429515
>> s=-1 MSTModes 0.067837
>> MMp1gridL 0.069352
>> MMp1gridR 0.147669
>> s=0 MSTModes 0.157773
A. Fill 1D grid.
>> s = 2, UP ... 31.137923
>> s = 1, UP ... 1.177699
>> s = 0, UP ... 6.917491
>> s = 2, IN ... 20.478774
>> s = 1, IN ... 1.516155
>> s = 0, IN ... 3.608088
1. Preliminaries.
Calculating B-matrices and Eigenvalues
2. Generate MSTModes
>> Generate s=-2 MSTModes 65.520258
>> Generate s=-1 MSTModes 64.426664
>> Generate hκModes 124.052563
3. Jumps
>> 0.35952
>> 2.248576
>> 3.853782
>> 3.807333
>> 47.993612
>> 16.725387
>> LinearSolve for s1 and κ jumps 0.637075
>> κ and s1 jumps 76.317841
4. Prepare grid and mode functions.
>> s=-2 MSTModes 0.185984
>> MMp2gridL 1.692208
>> MMp2gridR 4.139193
>> s=-1 MSTModes 0.101941
>> MMp1gridL 0.100265
>> MMp1gridR 0.238414
>> s=0 MSTModes 0.161045
A. Fill 1D grid.
>> s = 2, UP ... 27.999061
>> s = 1, UP ... 6.157243
>> s = 0, UP ... 8.639413
>> s = 2, IN ... 19.293859
>> s = 1, IN ... 2.567588
>> s = 0, IN ... 3.796657
1. Preliminaries.
Calculating B-matrices and Eigenvalues
2. Generate MSTModes
>> Generate s=-2 MSTModes 67.636857
>> Generate s=-1 MSTModes 65.544809
>> Generate hκModes 111.520949
3. Jumps
>> 0.341152
>> 1.987996
>> 3.741354
>> 11.491519
>> 77.534792
>> 49.36368
>> LinearSolve for s1 and κ jumps 0.827656
>> κ and s1 jumps 145.987281
4. Prepare grid and mode functions.
>> s=-2 MSTModes 0.18553
>> MMp2gridL 1.625234
>> MMp2gridR 3.928557
>> s=-1 MSTModes 0.097601
>> MMp1gridL 0.096981
>> MMp1gridR 0.232057
>> s=0 MSTModes 0.158312
A. Fill 1D grid.
>> s = 2, UP ... 26.449446
>> s = 1, UP ... 5.590499
>> s = 0, UP ... 10.990254
>> s = 2, IN ... 18.723966
>> s = 1, IN ... 2.468377
>> s = 0, IN ... 4.665601
1. Preliminaries.
Calculating B-matrices and Eigenvalues
2. Generate MSTModes
>> Generate s=-2 MSTModes 73.202416
>> Generate s=-1 MSTModes 71.863386
>> Generate hκModes 108.934631
3. Jumps
>> 0.32775
>> 1.821167
>> 3.788341
>> 9.917703
>> 67.374744
>> 41.49085
>> LinearSolve for s1 and κ jumps 1.143538
>> κ and s1 jumps 126.533297
4. Prepare grid and mode functions.
>> s=-2 MSTModes 0.168019
>> MMp2gridL 1.525094
>> MMp2gridR 3.727966
>> s=-1 MSTModes 0.09088
>> MMp1gridL 0.090005
>> MMp1gridR 0.217283
>> s=0 MSTModes 0.146149
A. Fill 1D grid.
>> s = 2, UP ... 24.594885
>> s = 1, UP ... 5.220888
>> s = 0, UP ... 10.368116
>> s = 2, IN ... 18.134168
>> s = 1, IN ... 2.320263
>> s = 0, IN ... 4.448999
1. Preliminaries.
Calculating B-matrices and Eigenvalues
2. Generate MSTModes
>> Generate s=-2 MSTModes 77.995371
>> Generate s=-1 MSTModes 77.425328
>> Generate hκModes 106.653212
3. Jumps
>> 0.30849
>> 1.637205
>> 3.996691
>> 8.760684
>> 59.089206
>> 36.002331
>> LinearSolve for s1 and κ jumps 0.765888
>> κ and s1 jumps 111.229461
4. Prepare grid and mode functions.
>> s=-2 MSTModes 0.16669
>> MMp2gridL 1.436825
>> MMp2gridR 3.527622
>> s=-1 MSTModes 0.088836
>> MMp1gridL 0.085884
>> MMp1gridR 0.207612
>> s=0 MSTModes 0.143277
A. Fill 1D grid.
>> s = 2, UP ... 23.180516
>> s = 1, UP ... 4.881497
>> s = 0, UP ... 9.555791
>> s = 2, IN ... 17.495613
>> s = 1, IN ... 2.171529
>> s = 0, IN ... 4.184567
1. Preliminaries.
Calculating B-matrices and Eigenvalues
2. Generate MSTModes
>> Generate s=-2 MSTModes 84.294573
>> Generate s=-1 MSTModes 83.338796
>> Generate hκModes 103.524623
3. Jumps
>> 0.285219
>> 1.386316
>> 3.616407
>> 7.302747
>> 50.399414
>> 30.094297
>> LinearSolve for s1 and κ jumps 0.68471
>> κ and s1 jumps 94.326307
4. Prepare grid and mode functions.
>> s=-2 MSTModes 0.177216
>> MMp2gridL 1.361378
>> MMp2gridR 3.352812
>> s=-1 MSTModes 0.084535
>> MMp1gridL 0.081685
>> MMp1gridR 0.193607
>> s=0 MSTModes 0.132834
A. Fill 1D grid.
>> s = 2, UP ... 21.585751
>> s = 1, UP ... 4.604785
>> s = 0, UP ... 9.189955
>> s = 2, IN ... 17.164868
>> s = 1, IN ... 2.129849
>> s = 0, IN ... 4.016266
1. Preliminaries.
Calculating B-matrices and Eigenvalues
2. Generate MSTModes
>> Generate s=-2 MSTModes 88.426696
>> Generate s=-1 MSTModes 89.904104
>> Generate hκModes 99.28886
3. Jumps
>> 0.279718
>> 1.26315
>> 3.532644
>> 6.504492
>> 44.385443
>> 26.290864
>> LinearSolve for s1 and κ jumps 0.70914
>> κ and s1 jumps 83.423681
4. Prepare grid and mode functions.
>> s=-2 MSTModes 0.243547
>> MMp2gridL 1.300008
>> MMp2gridR 3.183215
>> s=-1 MSTModes 0.080673
>> MMp1gridL 0.079452
>> MMp1gridR 0.188814
>> s=0 MSTModes 0.127394
A. Fill 1D grid.
>> s = 2, UP ... 20.54255
>> s = 1, UP ... 4.278965
>> s = 0, UP ... 8.501534
>> s = 2, IN ... 16.73564
>> s = 1, IN ... 2.02333
>> s = 0, IN ... 3.80401
1. Preliminaries.
Calculating B-matrices and Eigenvalues
2. Generate MSTModes
>> Generate s=-2 MSTModes 92.492281
>> Generate s=-1 MSTModes 95.164714
>> Generate hκModes 94.635449
3. Jumps
>> 0.251176
>> 1.100064
>> 3.410881
>> 5.446354
>> 38.1508
>> 22.706003
>> LinearSolve for s1 and κ jumps 0.774165
>> κ and s1 jumps 72.393776
4. Prepare grid and mode functions.
>> s=-2 MSTModes 0.148641
>> MMp2gridL 1.253017
>> MMp2gridR 3.062727
>> s=-1 MSTModes 0.079179
>> MMp1gridL 0.077034
>> MMp1gridR 0.18278
>> s=0 MSTModes 0.126079
A. Fill 1D grid.
>> s = 2, UP ... 19.500146
>> s = 1, UP ... 4.123165
>> s = 0, UP ... 8.014588
>> s = 2, IN ... 16.512808
>> s = 1, IN ... 1.974265
>> s = 0, IN ... 3.670913
1. Preliminaries.
Calculating B-matrices and Eigenvalues
2. Generate MSTModes
>> Generate s=-2 MSTModes 96.636305
>> Generate s=-1 MSTModes 92.621797
>> Generate hκModes 88.250546
3. Jumps
>> 0.24124
>> 0.946677
>> 3.390423
>> 4.490609
>> 32.388547
>> 18.932467
>> LinearSolve for s1 and κ jumps 0.009755
>> κ and s1 jumps 60.752367
4. Prepare grid and mode functions.
>> s=-2 MSTModes 0.172232
>> MMp2gridL 1.164337
>> MMp2gridR 2.851529
>> s=-1 MSTModes 0.073599
>> MMp1gridL 0.072779
>> MMp1gridR 0.172458
>> s=0 MSTModes 0.119915
A. Fill 1D grid.
>> s = 2, UP ... 17.728595
>> s = 1, UP ... 3.721466
>> s = 0, UP ... 7.186936
>> s = 2, IN ... 15.515477
>> s = 1, IN ... 1.826269
>> s = 0, IN ... 3.402654
1. Preliminaries.
Calculating B-matrices and Eigenvalues
2. Generate MSTModes
>> Generate s=-2 MSTModes 94.429679
>> Generate s=-1 MSTModes 91.135169
>> Generate hκModes 84.515979
3. Jumps
