Task 460 on node656.cluster: a=0.7 r0=16.0
Job started: a = 0.7, r0 = 16., savepath = /lustre/astro/dyson/DataFiles/KerrCircDiskData/h1_radial
Warning: rstarmin is outside the allowed range.
Now we Calculate the Radiative Solutions
1. Preliminaries.
Calculating B-matrices and Eigenvalues
2. Generate MSTModes
>> Generate s=-2 MSTModes 45.528494
>> Generate s=-1 MSTModes 44.305755
>> Generate hκModes 119.419885
3. Jumps
>> 0.354574
>> 2.107641
>> 3.197179
>> 3.757156
>> 47.884276
>> 17.909326
>> LinearSolve for s1 and κ jumps 0.004687
>> κ and s1 jumps 76.12801
4. Prepare grid and mode functions.
>> s=-2 MSTModes 0.210077
>> MMp2gridL 1.424837
>> MMp2gridR 4.448715
>> s=-1 MSTModes 0.065376
>> MMp1gridL 0.054812
>> MMp1gridR 0.14887
>> s=0 MSTModes 0.149577
A. Fill 1D grid.
>> s = 2, UP ... 32.084085
>> s = 1, UP ... 1.291055
>> s = 0, UP ... 7.481186
>> s = 2, IN ... 17.671026
>> s = 1, IN ... 1.310983
>> s = 0, IN ... 3.110137
1. Preliminaries.
Calculating B-matrices and Eigenvalues
2. Generate MSTModes
>> Generate s=-2 MSTModes 64.917755
>> Generate s=-1 MSTModes 62.76363
>> Generate hκModes 133.926663
3. Jumps
>> 0.382334
>> 2.444135
>> 4.350922
>> 4.074852
>> 52.46535
>> 17.918119
>> LinearSolve for s1 and κ jumps 1.06862
>> κ and s1 jumps 83.542621
4. Prepare grid and mode functions.
>> s=-2 MSTModes 0.224474
>> MMp2gridL 1.520058
>> MMp2gridR 4.861021
>> s=-1 MSTModes 0.109942
>> MMp1gridL 0.090263
>> MMp1gridR 0.282316
>> s=0 MSTModes 0.173249
A. Fill 1D grid.
>> s = 2, UP ... 32.569644
>> s = 1, UP ... 7.08374
>> s = 0, UP ... 10.052247
>> s = 2, IN ... 17.363729
>> s = 1, IN ... 2.313685
>> s = 0, IN ... 3.439635
1. Preliminaries.
Calculating B-matrices and Eigenvalues
2. Generate MSTModes
>> Generate s=-2 MSTModes 70.686689
>> Generate s=-1 MSTModes 68.598086
>> Generate hκModes 129.98953
3. Jumps
>> 0.372531
>> 2.172051
>> 4.678783
>> 13.054271
>> 85.299113
>> 53.242913
>> LinearSolve for s1 and κ jumps 1.046212
>> κ and s1 jumps 160.688869
4. Prepare grid and mode functions.
>> s=-2 MSTModes 0.190996
>> MMp2gridL 1.434319
>> MMp2gridR 4.612443
>> s=-1 MSTModes 0.104406
>> MMp1gridL 0.084499
>> MMp1gridR 0.263079
>> s=0 MSTModes 0.16906
A. Fill 1D grid.
>> s = 2, UP ... 30.77445
>> s = 1, UP ... 6.916383
>> s = 0, UP ... 13.383934
>> s = 2, IN ... 17.416889
>> s = 1, IN ... 2.292099
>> s = 0, IN ... 4.392066
1. Preliminaries.
Calculating B-matrices and Eigenvalues
2. Generate MSTModes
>> Generate s=-2 MSTModes 77.324649
>> Generate s=-1 MSTModes 75.895902
>> Generate hκModes 123.966924
3. Jumps
>> 0.34947
>> 1.955696
>> 4.408092
>> 11.781016
>> 76.917993
>> 49.101959
>> LinearSolve for s1 and κ jumps 1.080815
>> κ and s1 jumps 146.295806
4. Prepare grid and mode functions.
>> s=-2 MSTModes 0.19156
>> MMp2gridL 1.416527
>> MMp2gridR 4.501102
>> s=-1 MSTModes 0.101236
>> MMp1gridL 0.085211
>> MMp1gridR 0.260136
>> s=0 MSTModes 0.168548
A. Fill 1D grid.
>> s = 2, UP ... 29.999773
>> s = 1, UP ... 6.601248
>> s = 0, UP ... 13.284364
>> s = 2, IN ... 17.301348
>> s = 1, IN ... 2.221524
>> s = 0, IN ... 4.266034
1. Preliminaries.
Calculating B-matrices and Eigenvalues
2. Generate MSTModes
>> Generate s=-2 MSTModes 84.035765
>> Generate s=-1 MSTModes 82.17348
>> Generate hκModes 116.41584
3. Jumps
>> 0.326643
>> 1.667958
>> 4.655377
>> 9.341474
>> 64.729798
>> 40.750449
>> LinearSolve for s1 and κ jumps 0.773005
>> κ and s1 jumps 122.891277
4. Prepare grid and mode functions.
>> s=-2 MSTModes 0.217539
>> MMp2gridL 1.359667
>> MMp2gridR 4.32272
>> s=-1 MSTModes 0.099534
>> MMp1gridL 0.08076
>> MMp1gridR 0.252921
>> s=0 MSTModes 0.162951
A. Fill 1D grid.
>> s = 2, UP ... 28.61146
>> s = 1, UP ... 6.412571
>> s = 0, UP ... 12.77351
>> s = 2, IN ... 16.924056
>> s = 1, IN ... 2.197635
>> s = 0, IN ... 4.146061
1. Preliminaries.
Calculating B-matrices and Eigenvalues
2. Generate MSTModes
>> Generate s=-2 MSTModes 90.72666
>> Generate s=-1 MSTModes 86.865853
>> Generate hκModes 111.849972
3. Jumps
>> 0.302789
>> 1.501766
>> 4.34384
>> 8.023524
>> 57.279048
>> 35.243618
>> LinearSolve for s1 and κ jumps 1.022354
>> κ and s1 jumps 108.300766
4. Prepare grid and mode functions.
>> s=-2 MSTModes 0.221384
>> MMp2gridL 1.312915
>> MMp2gridR 4.197283
>> s=-1 MSTModes 0.0964
>> MMp1gridL 0.077662
>> MMp1gridR 0.242377
>> s=0 MSTModes 0.15911
A. Fill 1D grid.
>> s = 2, UP ... 27.226406
>> s = 1, UP ... 5.889715
>> s = 0, UP ... 11.959808
>> s = 2, IN ... 16.562284
>> s = 1, IN ... 2.082006
>> s = 0, IN ... 3.907734
1. Preliminaries.
Calculating B-matrices and Eigenvalues
2. Generate MSTModes
>> Generate s=-2 MSTModes 95.151067
>> Generate s=-1 MSTModes 92.618506
>> Generate hκModes 109.60412
3. Jumps
>> 0.301806
>> 1.443083
>> 4.260777
>> 7.074498
>> 50.611254
>> 29.827453
>> LinearSolve for s1 and κ jumps 1.033427
>> κ and s1 jumps 95.084182
4. Prepare grid and mode functions.
>> s=-2 MSTModes 0.212625
>> MMp2gridL 1.262273
>> MMp2gridR 4.023338
>> s=-1 MSTModes 0.092268
>> MMp1gridL 0.074159
>> MMp1gridR 0.230277
>> s=0 MSTModes 0.146079
A. Fill 1D grid.
>> s = 2, UP ... 25.848052
>> s = 1, UP ... 5.793485
>> s = 0, UP ... 10.868068
>> s = 2, IN ... 16.033883
>> s = 1, IN ... 1.985038
>> s = 0, IN ... 3.703592
1. Preliminaries.
Calculating B-matrices and Eigenvalues
2. Generate MSTModes
>> Generate s=-2 MSTModes 100.411432
>> Generate s=-1 MSTModes 97.840762
>> Generate hκModes 105.598624
3. Jumps
>> 0.283139
>> 1.222959
>> 4.508917
>> 6.293193
>> 44.40145
>> 26.481693
>> LinearSolve for s1 and κ jumps 1.255308
>> κ and s1 jumps 84.991933
4. Prepare grid and mode functions.
>> s=-2 MSTModes 0.170226
>> MMp2gridL 1.221817
>> MMp2gridR 3.881145
>> s=-1 MSTModes 0.090024
>> MMp1gridL 0.075141
>> MMp1gridR 0.232061
>> s=0 MSTModes 0.145193
A. Fill 1D grid.
>> s = 2, UP ... 24.65176
>> s = 1, UP ... 5.535678
>> s = 0, UP ... 10.554831
>> s = 2, IN ... 15.574541
>> s = 1, IN ... 1.867022
>> s = 0, IN ... 3.514581
1. Preliminaries.
Calculating B-matrices and Eigenvalues
2. Generate MSTModes
>> Generate s=-2 MSTModes 103.367699
>> Generate s=-1 MSTModes 101.234992
>> Generate hκModes 103.891333
3. Jumps
>> 0.278986
>> 1.099627
>> 4.17559
>> 5.207756
>> 37.713991
>> 21.798291
>> LinearSolve for s1 and κ jumps 0.009973
>> κ and s1 jumps 70.704031
4. Prepare grid and mode functions.
>> s=-2 MSTModes 0.187738
>> MMp2gridL 1.134537
>> MMp2gridR 3.626079
>> s=-1 MSTModes 0.082728
>> MMp1gridL 0.06951
>> MMp1gridR 0.212634
>> s=0 MSTModes 0.133984
A. Fill 1D grid.
>> s = 2, UP ... 21.955436
>> s = 1, UP ... 4.671911
>> s = 0, UP ... 8.96767
>> s = 2, IN ... 14.990077
>> s = 1, IN ... 1.739639
>> s = 0, IN ... 3.285666
1. Preliminaries.
Calculating B-matrices and Eigenvalues
2. Generate MSTModes
>> Generate s=-2 MSTModes 102.958157
>> Generate s=-1 MSTModes 100.957263
>> Generate hκModes 98.935492
3. Jumps
>> 0.237219
>> 0.896178
>> 3.557552
>> 3.965009
