Task 92 on node678.cluster: a=0.1 r0=8.0
Job started: a = 0.1, r0 = 8., savepath = /lustre/astro/dyson/DataFiles/KerrCircDiskData/h1_radial
Warning: rstarmin is outside the allowed range.
Now we Calculate the Radiative Solutions
1. Preliminaries.
Calculating B-matrices and Eigenvalues
2. Generate MSTModes
>> Generate s=-2 MSTModes 41.252365
>> Generate s=-1 MSTModes 40.39794
>> Generate hκModes 116.163596
3. Jumps
>> 0.356919
>> 2.025982
>> 3.468149
>> 3.649119
>> 46.454292
>> 17.146044
>> LinearSolve for s1 and κ jumps 0.004114
>> κ and s1 jumps 73.959948
4. Prepare grid and mode functions.
>> s=-2 MSTModes 0.204684
>> MMp2gridL 0.621295
>> MMp2gridR 5.211416
>> s=-1 MSTModes 0.063319
>> MMp1gridL 0.02586
>> MMp1gridR 0.171866
>> s=0 MSTModes 0.141686
A. Fill 1D grid.
>> s = 2, UP ... 36.068736
>> s = 1, UP ... 1.364257
>> s = 0, UP ... 8.346775
>> s = 2, IN ... 8.160371
>> s = 1, IN ... 0.664964
>> s = 0, IN ... 1.374364
1. Preliminaries.
Calculating B-matrices and Eigenvalues
2. Generate MSTModes
>> Generate s=-2 MSTModes 58.054727
>> Generate s=-1 MSTModes 60.236116
>> Generate hκModes 138.27211
3. Jumps
>> 0.393137
>> 2.538976
>> 5.019234
>> 3.950101
>> 53.241301
>> 18.279502
>> LinearSolve for s1 and κ jumps 0.721558
>> κ and s1 jumps 84.982699
4. Prepare grid and mode functions.
>> s=-2 MSTModes 0.198937
>> MMp2gridL 0.709692
>> MMp2gridR 5.983534
>> s=-1 MSTModes 0.11149
>> MMp1gridL 0.042339
>> MMp1gridR 0.346074
>> s=0 MSTModes 0.182948
A. Fill 1D grid.
>> s = 2, UP ... 41.303038
>> s = 1, UP ... 9.925842
>> s = 0, UP ... 13.373118
>> s = 2, IN ... 8.650085
>> s = 1, IN ... 1.118507
>> s = 0, IN ... 1.622322
1. Preliminaries.
Calculating B-matrices and Eigenvalues
2. Generate MSTModes
>> Generate s=-2 MSTModes 69.769231
>> Generate s=-1 MSTModes 66.364201
>> Generate hκModes 137.556515
3. Jumps
>> 0.371543
>> 2.133728
>> 5.144172
>> 3.273697
>> 44.99298
>> 14.965253
>> LinearSolve for s1 and κ jumps 1.037504
>> κ and s1 jumps 72.59408
4. Prepare grid and mode functions.
>> s=-2 MSTModes 0.217744
>> MMp2gridL 0.670662
>> MMp2gridR 5.834292
>> s=-1 MSTModes 0.10749
>> MMp1gridL 0.040037
>> MMp1gridR 0.327698
>> s=0 MSTModes 0.177226
A. Fill 1D grid.
>> s = 2, UP ... 39.425923
>> s = 1, UP ... 9.565924
>> s = 0, UP ... 12.437579
>> s = 2, IN ... 8.421431
>> s = 1, IN ... 1.055112
>> s = 0, IN ... 1.554824
1. Preliminaries.
Calculating B-matrices and Eigenvalues
2. Generate MSTModes
>> Generate s=-2 MSTModes 79.030398
>> Generate s=-1 MSTModes 77.048177
>> Generate hκModes 137.458509
3. Jumps
>> 0.348617
>> 1.899675
>> 5.074793
>> 2.913031
>> 40.430412
>> 13.227591
>> LinearSolve for s1 and κ jumps 1.342371
>> κ and s1 jumps 65.891898
4. Prepare grid and mode functions.
>> s=-2 MSTModes 0.194088
>> MMp2gridL 0.648666
>> MMp2gridR 5.468211
>> s=-1 MSTModes 0.105518
>> MMp1gridL 0.038148
>> MMp1gridR 0.31018
>> s=0 MSTModes 0.169852
A. Fill 1D grid.
>> s = 2, UP ... 36.602429
>> s = 1, UP ... 8.564072
>> s = 0, UP ... 11.598167
>> s = 2, IN ... 8.067309
>> s = 1, IN ... 0.994298
>> s = 0, IN ... 1.468954
1. Preliminaries.
Calculating B-matrices and Eigenvalues
2. Generate MSTModes
>> Generate s=-2 MSTModes 88.797953
>> Generate s=-1 MSTModes 86.693505
>> Generate hκModes 137.203801
3. Jumps
>> 0.332269
>> 1.758084
>> 4.946009
>> 2.539258
>> 36.648019
>> 11.57129
>> LinearSolve for s1 and κ jumps 1.149793
>> κ and s1 jumps 59.506912
4. Prepare grid and mode functions.
>> s=-2 MSTModes 0.20417
>> MMp2gridL 0.621435
>> MMp2gridR 5.263244
>> s=-1 MSTModes 0.100371
>> MMp1gridL 0.03707
>> MMp1gridR 0.298263
>> s=0 MSTModes 0.161638
A. Fill 1D grid.
>> s = 2, UP ... 34.324911
>> s = 1, UP ... 8.03803
>> s = 0, UP ... 11.215112
>> s = 2, IN ... 7.851677
>> s = 1, IN ... 0.948682
>> s = 0, IN ... 1.414104
1. Preliminaries.
Calculating B-matrices and Eigenvalues
2. Generate MSTModes
>> Generate s=-2 MSTModes 99.542551
>> Generate s=-1 MSTModes 96.352438
>> Generate hκModes 136.686451
3. Jumps
>> 0.308862
>> 1.537661
>> 4.870302
>> 2.267783
>> 32.418402
>> 10.040749
>> LinearSolve for s1 and κ jumps 1.061652
>> κ and s1 jumps 53.051636
4. Prepare grid and mode functions.
>> s=-2 MSTModes 0.17732
>> MMp2gridL 0.587872
>> MMp2gridR 4.99416
>> s=-1 MSTModes 0.09652
>> MMp1gridL 0.036712
>> MMp1gridR 0.290995
>> s=0 MSTModes 0.160751
A. Fill 1D grid.
>> s = 2, UP ... 31.577731
>> s = 1, UP ... 7.433675
>> s = 0, UP ... 10.431618
>> s = 2, IN ... 7.672272
>> s = 1, IN ... 0.922716
>> s = 0, IN ... 1.38502
1. Preliminaries.
Calculating B-matrices and Eigenvalues
2. Generate MSTModes
>> Generate s=-2 MSTModes 110.206347
>> Generate s=-1 MSTModes 106.361616
>> Generate hκModes 135.863337
3. Jumps
>> 0.298923
>> 1.453995
>> 4.653345
>> 1.883188
>> 28.310911
>> 8.317913
>> LinearSolve for s1 and κ jumps 0.83031
>> κ and s1 jumps 46.356143
4. Prepare grid and mode functions.
>> s=-2 MSTModes 0.173447
>> MMp2gridL 0.548192
>> MMp2gridR 4.76655
>> s=-1 MSTModes 0.090419
>> MMp1gridL 0.033087
>> MMp1gridR 0.273918
>> s=0 MSTModes 0.147893
A. Fill 1D grid.
>> s = 2, UP ... 29.232174
>> s = 1, UP ... 6.944717
>> s = 0, UP ... 9.445468
>> s = 2, IN ... 7.431819
>> s = 1, IN ... 0.888733
>> s = 0, IN ... 1.316564
1. Preliminaries.
Calculating B-matrices and Eigenvalues
2. Generate MSTModes
>> Generate s=-2 MSTModes 121.251253
>> Generate s=-1 MSTModes 116.929527
