Task 95 on node678.cluster: a=0.1 r0=9.5
Job started: a = 0.1, r0 = 9.5, savepath = /lustre/astro/dyson/DataFiles/KerrCircDiskData/h1_radial
Warning: rstarmin is outside the allowed range.
Now we Calculate the Radiative Solutions
1. Preliminaries.
Calculating B-matrices and Eigenvalues
2. Generate MSTModes
>> Generate s=-2 MSTModes 52.25347
>> Generate s=-1 MSTModes 53.143821
>> Generate hκModes 140.624634
3. Jumps
>> 0.413388
>> 2.335668
>> 4.046267
>> 4.274959
>> 53.755458
>> 19.829618
>> LinearSolve for s1 and κ jumps 0.004292
>> κ and s1 jumps 85.622443
4. Prepare grid and mode functions.
>> s=-2 MSTModes 0.227151
>> MMp2gridL 0.870287
>> MMp2gridR 5.718188
>> s=-1 MSTModes 0.069998
>> MMp1gridL 0.034635
>> MMp1gridR 0.188348
>> s=0 MSTModes 0.157277
A. Fill 1D grid.
>> s = 2, UP ... 39.64767
>> s = 1, UP ... 1.474166
>> s = 0, UP ... 9.738785
>> s = 2, IN ... 10.778876
>> s = 1, IN ... 0.856353
>> s = 0, IN ... 1.858795
1. Preliminaries.
Calculating B-matrices and Eigenvalues
2. Generate MSTModes
>> Generate s=-2 MSTModes 66.421681
>> Generate s=-1 MSTModes 63.826947
>> Generate hκModes 135.59218
3. Jumps
>> 0.378945
>> 2.36056
>> 4.61257
>> 3.845662
>> 51.288713
>> 17.570325
>> LinearSolve for s1 and κ jumps 0.64537
>> κ and s1 jumps 81.437341
4. Prepare grid and mode functions.
>> s=-2 MSTModes 0.198476
>> MMp2gridL 0.850824
>> MMp2gridR 5.589959
>> s=-1 MSTModes 0.113619
>> MMp1gridL 0.050765
>> MMp1gridR 0.327907
>> s=0 MSTModes 0.179594
A. Fill 1D grid.
>> s = 2, UP ... 37.187806
>> s = 1, UP ... 8.54831
>> s = 0, UP ... 13.096074
>> s = 2, IN ... 10.375127
>> s = 1, IN ... 1.349096
>> s = 0, IN ... 2.027148
1. Preliminaries.
Calculating B-matrices and Eigenvalues
2. Generate MSTModes
>> Generate s=-2 MSTModes 72.867625
>> Generate s=-1 MSTModes 71.19437
>> Generate hκModes 134.337272
3. Jumps
>> 0.364621
>> 2.12271
>> 4.804406
>> 3.302421
>> 44.760633
>> 15.041755
>> LinearSolve for s1 and κ jumps 1.022556
>> κ and s1 jumps 72.079358
4. Prepare grid and mode functions.
>> s=-2 MSTModes 0.209971
>> MMp2gridL 0.815053
>> MMp2gridR 5.354504
>> s=-1 MSTModes 0.106627
>> MMp1gridL 0.048476
>> MMp1gridR 0.310762
>> s=0 MSTModes 0.172798
A. Fill 1D grid.
>> s = 2, UP ... 35.293067
>> s = 1, UP ... 8.249177
>> s = 0, UP ... 11.679003
>> s = 2, IN ... 9.987978
>> s = 1, IN ... 1.307195
>> s = 0, IN ... 1.924102
1. Preliminaries.
Calculating B-matrices and Eigenvalues
2. Generate MSTModes
>> Generate s=-2 MSTModes 79.48426
>> Generate s=-1 MSTModes 78.114261
>> Generate hκModes 132.226577
3. Jumps
>> 0.342202
>> 1.958147
>> 4.952633
>> 2.93611
>> 41.39948
>> 13.272893
>> LinearSolve for s1 and κ jumps 1.081932
>> κ and s1 jumps 66.631236
4. Prepare grid and mode functions.
>> s=-2 MSTModes 0.192552
>> MMp2gridL 0.783194
>> MMp2gridR 5.127898
>> s=-1 MSTModes 0.101556
>> MMp1gridL 0.046922
>> MMp1gridR 0.293858
>> s=0 MSTModes 0.164081
A. Fill 1D grid.
>> s = 2, UP ... 33.355275
>> s = 1, UP ... 7.476804
>> s = 0, UP ... 11.092133
>> s = 2, IN ... 9.676019
>> s = 1, IN ... 1.236503
>> s = 0, IN ... 1.831676
1. Preliminaries.
Calculating B-matrices and Eigenvalues
2. Generate MSTModes
>> Generate s=-2 MSTModes 88.829275
>> Generate s=-1 MSTModes 86.367048
>> Generate hκModes 129.331585
3. Jumps
>> 0.33605
>> 1.726008
>> 5.135625
>> 2.507049
>> 35.702345
>> 11.435752
>> LinearSolve for s1 and κ jumps 1.022097
>> κ and s1 jumps 58.42599
4. Prepare grid and mode functions.
>> s=-2 MSTModes 0.207665
>> MMp2gridL 0.749108
>> MMp2gridR 4.952797
>> s=-1 MSTModes 0.102172
>> MMp1gridL 0.044931
>> MMp1gridR 0.296205
>> s=0 MSTModes 0.164738
A. Fill 1D grid.
>> s = 2, UP ... 31.502733
>> s = 1, UP ... 7.127214
>> s = 0, UP ... 10.138895
>> s = 2, IN ... 9.60771
>> s = 1, IN ... 1.208199
>> s = 0, IN ... 1.748034
1. Preliminaries.
Calculating B-matrices and Eigenvalues
2. Generate MSTModes
>> Generate s=-2 MSTModes 97.550809
>> Generate s=-1 MSTModes 96.044819
>> Generate hκModes 125.977933
3. Jumps
>> 0.305751
>> 1.532225
>> 4.686838
>> 2.232731
>> 31.871948
>> 10.213097
>> LinearSolve for s1 and κ jumps 1.211281
>> κ and s1 jumps 52.562656
4. Prepare grid and mode functions.
>> s=-2 MSTModes 0.199828
>> MMp2gridL 0.720167
>> MMp2gridR 4.856822
>> s=-1 MSTModes 0.098926
>> MMp1gridL 0.045391
>> MMp1gridR 0.28254
>> s=0 MSTModes 0.152867
A. Fill 1D grid.
>> s = 2, UP ... 30.171792
>> s = 1, UP ... 6.425425
>> s = 0, UP ... 9.671553
>> s = 2, IN ... 9.154013
>> s = 1, IN ... 1.090833
>> s = 0, IN ... 1.669203
1. Preliminaries.
Calculating B-matrices and Eigenvalues
2. Generate MSTModes
>> Generate s=-2 MSTModes 106.279461
>> Generate s=-1 MSTModes 104.733604
>> Generate hκModes 125.471029
3. Jumps
>> 0.298396
>> 1.343693
>> 4.614324
>> 1.87808
>> 27.865301
>> 8.425582
>> LinearSolve for s1 and κ jumps 0.939623
>> κ and s1 jumps 45.861424
4. Prepare grid and mode functions.
>> s=-2 MSTModes 0.175482
>> MMp2gridL 0.682065
>> MMp2gridR 4.600889
>> s=-1 MSTModes 0.092928
>> MMp1gridL 0.043467
>> MMp1gridR 0.26784
>> s=0 MSTModes 0.14929
A. Fill 1D grid.
>> s = 2, UP ... 28.086268
>> s = 1, UP ... 5.947145
>> s = 0, UP ... 8.758426
>> s = 2, IN ... 8.727503
>> s = 1, IN ... 1.082079
>> s = 0, IN ... 1.612256
1. Preliminaries.
Calculating B-matrices and Eigenvalues
2. Generate MSTModes
>> Generate s=-2 MSTModes 112.52647
>> Generate s=-1 MSTModes 111.76411
>> Generate hκModes 124.73096
3. Jumps
>> 0.274337
>> 1.240065
>> 4.311472
>> 1.596343
>> 25.021347
