Task 272 on node656.cluster: a=0.3 r0=10.0
Job started: a = 0.3, r0 = 10., savepath = /lustre/astro/dyson/DataFiles/KerrCircDiskData/h1_radial
Warning: rstarmin is outside the allowed range.
Now we Calculate the Radiative Solutions
1. Preliminaries.
Calculating B-matrices and Eigenvalues
2. Generate MSTModes
>> Generate s=-2 MSTModes 42.280173
>> Generate s=-1 MSTModes 41.461927
>> Generate hκModes 115.168916
3. Jumps
>> 0.353368
>> 2.003806
>> 3.335994
>> 3.649026
>> 45.505818
>> 16.549494
>> LinearSolve for s1 and κ jumps 0.004269
>> κ and s1 jumps 72.262503
4. Prepare grid and mode functions.
>> s=-2 MSTModes 0.199521
>> MMp2gridL 0.777139
>> MMp2gridR 4.756631
>> s=-1 MSTModes 0.062478
>> MMp1gridL 0.031609
>> MMp1gridR 0.158035
>> s=0 MSTModes 0.139209
A. Fill 1D grid.
>> s = 2, UP ... 32.023315
>> s = 1, UP ... 1.232239
>> s = 0, UP ... 7.087537
>> s = 2, IN ... 9.26263
>> s = 1, IN ... 0.757621
>> s = 0, IN ... 1.628536
1. Preliminaries.
Calculating B-matrices and Eigenvalues
2. Generate MSTModes
>> Generate s=-2 MSTModes 54.057829
>> Generate s=-1 MSTModes 53.858228
>> Generate hκModes 127.509411
3. Jumps
>> 0.377086
>> 2.447675
>> 4.591792
>> 3.925561
>> 52.224239
>> 17.865408
>> LinearSolve for s1 and κ jumps 0.80124
>> κ and s1 jumps 83.086375
4. Prepare grid and mode functions.
>> s=-2 MSTModes 0.202611
>> MMp2gridL 0.92584
>> MMp2gridR 5.691305
>> s=-1 MSTModes 0.113085
>> MMp1gridL 0.055235
>> MMp1gridR 0.334938
>> s=0 MSTModes 0.182739
A. Fill 1D grid.
>> s = 2, UP ... 37.378662
>> s = 1, UP ... 7.922191
>> s = 0, UP ... 11.658434
>> s = 2, IN ... 10.87095
>> s = 1, IN ... 1.422954
>> s = 0, IN ... 2.088485
1. Preliminaries.
Calculating B-matrices and Eigenvalues
2. Generate MSTModes
>> Generate s=-2 MSTModes 71.016879
>> Generate s=-1 MSTModes 70.229807
>> Generate hκModes 131.331902
3. Jumps
>> 0.372971
>> 2.188017
>> 4.800472
>> 3.462934
>> 46.516223
>> 15.893268
>> LinearSolve for s1 and κ jumps 0.630096
>> κ and s1 jumps 74.57392
4. Prepare grid and mode functions.
>> s=-2 MSTModes 0.196486
>> MMp2gridL 0.879519
>> MMp2gridR 5.465027
>> s=-1 MSTModes 0.10883
>> MMp1gridL 0.053318
>> MMp1gridR 0.320573
>> s=0 MSTModes 0.175121
A. Fill 1D grid.
>> s = 2, UP ... 35.491546
>> s = 1, UP ... 7.559839
>> s = 0, UP ... 11.120803
>> s = 2, IN ... 10.571285
>> s = 1, IN ... 1.397383
>> s = 0, IN ... 2.023689
1. Preliminaries.
Calculating B-matrices and Eigenvalues
2. Generate MSTModes
>> Generate s=-2 MSTModes 78.403396
>> Generate s=-1 MSTModes 78.020949
>> Generate hκModes 128.249255
3. Jumps
>> 0.338616
>> 2.03815
>> 4.865492
>> 11.350328
>> 78.485154
>> 49.367745
>> LinearSolve for s1 and κ jumps 1.008724
>> κ and s1 jumps 148.242072
4. Prepare grid and mode functions.
>> s=-2 MSTModes 0.19501
>> MMp2gridL 0.863463
>> MMp2gridR 5.287424
>> s=-1 MSTModes 0.104732
>> MMp1gridL 0.050748
>> MMp1gridR 0.305072
>> s=0 MSTModes 0.170793
A. Fill 1D grid.
>> s = 2, UP ... 33.668097
>> s = 1, UP ... 7.193124
>> s = 0, UP ... 14.762279
>> s = 2, IN ... 10.499398
>> s = 1, IN ... 1.321839
>> s = 0, IN ... 2.519161
1. Preliminaries.
Calculating B-matrices and Eigenvalues
2. Generate MSTModes
>> Generate s=-2 MSTModes 85.92043
>> Generate s=-1 MSTModes 84.582571
>> Generate hκModes 129.088073
3. Jumps
>> 0.349992
>> 1.726793
>> 4.953009
>> 10.373713
>> 68.385923
>> 42.995246
>> LinearSolve for s1 and κ jumps 0.99167
>> κ and s1 jumps 130.518787
4. Prepare grid and mode functions.
>> s=-2 MSTModes 0.189674
>> MMp2gridL 0.83926
>> MMp2gridR 5.136053
>> s=-1 MSTModes 0.101853
>> MMp1gridL 0.049871
>> MMp1gridR 0.296234
>> s=0 MSTModes 0.160568
A. Fill 1D grid.
>> s = 2, UP ... 32.258404
>> s = 1, UP ... 6.8237
>> s = 0, UP ... 14.141779
>> s = 2, IN ... 10.130895
>> s = 1, IN ... 1.24769
>> s = 0, IN ... 2.341238
1. Preliminaries.
Calculating B-matrices and Eigenvalues
2. Generate MSTModes
>> Generate s=-2 MSTModes 92.004693
>> Generate s=-1 MSTModes 92.390737
>> Generate hκModes 129.8094
3. Jumps
>> 0.319607
>> 1.54708
>> 4.973844
>> 8.496555
>> 58.676609
>> 35.204872
>> LinearSolve for s1 and κ jumps 0.823625
>> κ and s1 jumps 110.629896
4. Prepare grid and mode functions.
>> s=-2 MSTModes 0.205943
>> MMp2gridL 0.762623
>> MMp2gridR 4.713975
>> s=-1 MSTModes 0.09662
>> MMp1gridL 0.04808
>> MMp1gridR 0.278114
>> s=0 MSTModes 0.150079
A. Fill 1D grid.
>> s = 2, UP ... 29.148913
>> s = 1, UP ... 6.427229
>> s = 0, UP ... 13.396096
>> s = 2, IN ... 9.589361
>> s = 1, IN ... 1.194084
>> s = 0, IN ... 2.196779
1. Preliminaries.
Calculating B-matrices and Eigenvalues
2. Generate MSTModes
>> Generate s=-2 MSTModes 100.532839
>> Generate s=-1 MSTModes 101.928119
>> Generate hκModes 127.453167
3. Jumps
>> 0.29664
>> 1.391995
>> 4.523343
>> 7.091478
>> 49.03793
>> 29.1355
>> LinearSolve for s1 and κ jumps 1.054717
>> κ and s1 jumps 93.114525
4. Prepare grid and mode functions.
>> s=-2 MSTModes 0.17115
>> MMp2gridL 0.71676
>> MMp2gridR 4.604886
>> s=-1 MSTModes 0.09081
>> MMp1gridL 0.044265
>> MMp1gridR 0.260197
>> s=0 MSTModes 0.143976
A. Fill 1D grid.
>> s = 2, UP ... 27.960264
>> s = 1, UP ... 6.159279
>> s = 0, UP ... 12.328296
>> s = 2, IN ... 9.426499
>> s = 1, IN ... 1.14073
>> s = 0, IN ... 2.112509
1. Preliminaries.
Calculating B-matrices and Eigenvalues
2. Generate MSTModes
>> Generate s=-2 MSTModes 109.091622
>> Generate s=-1 MSTModes 109.357687
>> Generate hκModes 123.156657
3. Jumps
>> 0.271513
>> 1.183571
>> 4.23278
>> 5.866592
