Task 373 on node656.cluster: a=0.6 r0=16.5
Job started: a = 0.6, r0 = 16.5, savepath = /lustre/astro/dyson/DataFiles/KerrCircDiskData/h1_radial
Warning: rstarmin is outside the allowed range.
Now we Calculate the Radiative Solutions
1. Preliminaries.
Calculating B-matrices and Eigenvalues
2. Generate MSTModes
>> Generate s=-2 MSTModes 45.565806
>> Generate s=-1 MSTModes 45.29849
>> Generate hκModes 119.319028
3. Jumps
>> 0.352204
>> 1.998538
>> 3.350179
>> 3.695337
>> 45.913952
>> 16.961936
>> LinearSolve for s1 and κ jumps 0.00426
>> κ and s1 jumps 73.118581
4. Prepare grid and mode functions.
>> s=-2 MSTModes 0.198141
>> MMp2gridL 1.37271
>> MMp2gridR 4.12886
>> s=-1 MSTModes 0.060628
>> MMp1gridL 0.052914
>> MMp1gridR 0.138646
>> s=0 MSTModes 0.140359
A. Fill 1D grid.
>> s = 2, UP ... 28.77572
>> s = 1, UP ... 1.132315
>> s = 0, UP ... 6.619432
>> s = 2, IN ... 16.85498
>> s = 1, IN ... 1.239218
>> s = 0, IN ... 2.973072
1. Preliminaries.
Calculating B-matrices and Eigenvalues
2. Generate MSTModes
>> Generate s=-2 MSTModes 62.738528
>> Generate s=-1 MSTModes 63.837191
>> Generate hκModes 134.69996
3. Jumps
>> 0.386648
>> 2.452255
>> 4.320829
>> 3.967934
>> 53.163797
>> 17.522801
>> LinearSolve for s1 and κ jumps 1.085926
>> κ and s1 jumps 83.737369
4. Prepare grid and mode functions.
>> s=-2 MSTModes 0.201277
>> MMp2gridL 1.605337
>> MMp2gridR 4.85876
>> s=-1 MSTModes 0.111244
>> MMp1gridL 0.094199
>> MMp1gridR 0.286131
>> s=0 MSTModes 0.182272
A. Fill 1D grid.
>> s = 2, UP ... 33.231816
>> s = 1, UP ... 7.445722
>> s = 0, UP ... 10.220079
>> s = 2, IN ... 18.082939
>> s = 1, IN ... 2.421039
>> s = 0, IN ... 3.597699
1. Preliminaries.
Calculating B-matrices and Eigenvalues
2. Generate MSTModes
>> Generate s=-2 MSTModes 69.80273
>> Generate s=-1 MSTModes 69.463725
>> Generate hκModes 129.603198
3. Jumps
>> 0.381379
>> 2.23704
>> 4.398539
>> 3.531446
>> 47.830216
>> 15.673272
>> LinearSolve for s1 and κ jumps 1.077897
>> κ and s1 jumps 75.830721
4. Prepare grid and mode functions.
>> s=-2 MSTModes 0.22557
>> MMp2gridL 1.562494
>> MMp2gridR 4.749001
>> s=-1 MSTModes 0.107699
>> MMp1gridL 0.090627
>> MMp1gridR 0.273869
>> s=0 MSTModes 0.174069
A. Fill 1D grid.
>> s = 2, UP ... 31.921069
>> s = 1, UP ... 7.379248
>> s = 0, UP ... 9.953958
>> s = 2, IN ... 17.826799
>> s = 1, IN ... 2.350926
>> s = 0, IN ... 3.485678
1. Preliminaries.
Calculating B-matrices and Eigenvalues
2. Generate MSTModes
>> Generate s=-2 MSTModes 75.874921
>> Generate s=-1 MSTModes 74.802429
>> Generate hκModes 124.034737
3. Jumps
>> 0.359707
>> 2.003337
>> 4.542131
>> 11.928688
>> 78.941025
>> 49.025068
>> LinearSolve for s1 and κ jumps 0.887305
>> κ and s1 jumps 148.432937
4. Prepare grid and mode functions.
>> s=-2 MSTModes 0.191368
>> MMp2gridL 1.448286
>> MMp2gridR 4.422469
>> s=-1 MSTModes 0.102124
>> MMp1gridL 0.08595
>> MMp1gridR 0.256701
>> s=0 MSTModes 0.164797
A. Fill 1D grid.
>> s = 2, UP ... 29.625861
>> s = 1, UP ... 6.500925
>> s = 0, UP ... 12.738924
>> s = 2, IN ... 17.382284
>> s = 1, IN ... 2.294431
>> s = 0, IN ... 4.347278
1. Preliminaries.
Calculating B-matrices and Eigenvalues
2. Generate MSTModes
>> Generate s=-2 MSTModes 82.118197
>> Generate s=-1 MSTModes 80.07207
>> Generate hκModes 120.579412
3. Jumps
>> 0.340811
>> 1.819604
>> 4.488401
>> 10.185517
>> 67.308308
>> 41.241047
>> LinearSolve for s1 and κ jumps 1.028478
>> κ and s1 jumps 127.042402
4. Prepare grid and mode functions.
>> s=-2 MSTModes 0.210004
>> MMp2gridL 1.369803
>> MMp2gridR 4.22983
>> s=-1 MSTModes 0.096887
>> MMp1gridL 0.082084
>> MMp1gridR 0.241555
>> s=0 MSTModes 0.155466
A. Fill 1D grid.
>> s = 2, UP ... 27.780733
>> s = 1, UP ... 6.120439
>> s = 0, UP ... 12.207459
>> s = 2, IN ... 17.077005
>> s = 1, IN ... 2.177425
>> s = 0, IN ... 4.198843
1. Preliminaries.
Calculating B-matrices and Eigenvalues
2. Generate MSTModes
>> Generate s=-2 MSTModes 87.978227
>> Generate s=-1 MSTModes 87.324556
>> Generate hκModes 115.777658
3. Jumps
>> 0.312586
>> 1.500321
>> 4.232215
>> 8.314095
>> 56.613968
>> 34.501435
>> LinearSolve for s1 and κ jumps 0.890154
>> κ and s1 jumps 106.982082
4. Prepare grid and mode functions.
>> s=-2 MSTModes 0.178427
>> MMp2gridL 1.317743
>> MMp2gridR 4.059972
>> s=-1 MSTModes 0.093752
>> MMp1gridL 0.080488
>> MMp1gridR 0.235441
>> s=0 MSTModes 0.147672
A. Fill 1D grid.
>> s = 2, UP ... 26.473998
>> s = 1, UP ... 5.784025
>> s = 0, UP ... 11.63764
>> s = 2, IN ... 16.80791
>> s = 1, IN ... 2.142034
>> s = 0, IN ... 4.135252
1. Preliminaries.
Calculating B-matrices and Eigenvalues
2. Generate MSTModes
>> Generate s=-2 MSTModes 93.63178
>> Generate s=-1 MSTModes 92.279102
>> Generate hκModes 109.648722
3. Jumps
>> 0.293123
>> 1.311868
>> 4.207664
>> 6.976725
>> 48.889705
>> 29.603923
>> LinearSolve for s1 and κ jumps 1.298037
>> κ and s1 jumps 93.093769
4. Prepare grid and mode functions.
>> s=-2 MSTModes 0.204003
>> MMp2gridL 1.300829
>> MMp2gridR 4.002675
>> s=-1 MSTModes 0.089954
>> MMp1gridL 0.076635
>> MMp1gridR 0.228103
>> s=0 MSTModes 0.14556
A. Fill 1D grid.
>> s = 2, UP ... 25.079664
>> s = 1, UP ... 5.454814
>> s = 0, UP ... 10.811208
>> s = 2, IN ... 16.680729
>> s = 1, IN ... 2.067834
>> s = 0, IN ... 3.868753
1. Preliminaries.
Calculating B-matrices and Eigenvalues
2. Generate MSTModes
>> Generate s=-2 MSTModes 99.295514
>> Generate s=-1 MSTModes 96.745867
>> Generate hκModes 104.078409
3. Jumps
>> 0.28119
>> 1.172466
>> 4.055073
>> 6.079592
>> 42.74929
>> 25.436621
>> LinearSolve for s1 and κ jumps 1.290522
>> κ and s1 jumps 81.525158
4. Prepare grid and mode functions.
>> s=-2 MSTModes 0.174672
>> MMp2gridL 1.249835
>> MMp2gridR 3.74887
>> s=-1 MSTModes 0.089379
>> MMp1gridL 0.077351
>> MMp1gridR 0.222796
>> s=0 MSTModes 0.141255
A. Fill 1D grid.
>> s = 2, UP ... 23.489997
>> s = 1, UP ... 4.975585
>> s = 0, UP ... 10.083909
>> s = 2, IN ... 16.171675
>> s = 1, IN ... 1.965021
>> s = 0, IN ... 3.690484
1. Preliminaries.
Calculating B-matrices and Eigenvalues
2. Generate MSTModes
>> Generate s=-2 MSTModes 103.026358
>> Generate s=-1 MSTModes 98.860946
>> Generate hκModes 102.855776
3. Jumps
>> 0.276058
>> 1.056655
>> 3.986322
>> 5.166682
>> 37.355615
>> 21.690798
>> LinearSolve for s1 and κ jumps 0.009581
>> κ and s1 jumps 69.955655
4. Prepare grid and mode functions.
>> s=-2 MSTModes 0.196363
>> MMp2gridL 1.18893
>> MMp2gridR 3.604686
>> s=-1 MSTModes 0.085068
>> MMp1gridL 0.071917
>> MMp1gridR 0.210781
>> s=0 MSTModes 0.133996
A. Fill 1D grid.
>> s = 2, UP ... 22.500921
>> s = 1, UP ... 4.803041
>> s = 0, UP ... 9.546549
>> s = 2, IN ... 16.180308
>> s = 1, IN ... 1.872912
>> s = 0, IN ... 3.532604
1. Preliminaries.
Calculating B-matrices and Eigenvalues
2. Generate MSTModes
>> Generate s=-2 MSTModes 104.482446
>> Generate s=-1 MSTModes 98.800288
>> Generate hκModes 97.701964
3. Jumps
