Task 27 on node678.cluster: a=0.000000001 r0=19.5
Job started: a = 1.*^-9, r0 = 19.5, savepath = /lustre/astro/dyson/DataFiles/KerrCircDiskData/h1_radial
Warning: rstarmin is outside the allowed range.
Now we Calculate the Radiative Solutions
1. Preliminaries.
Calculating B-matrices and Eigenvalues
2. Generate MSTModes
>> Generate s=-2 MSTModes 1.052928
>> Generate s=-1 MSTModes 1.035062
>> Generate hκModes 9.512843
3. Jumps
>> 0.008516
>> 0.00365
>> 0.129908
>> 0.005019
>> 0.025886
>> 0.010431
>> LinearSolve for s1 and κ jumps 0.000359
>> κ and s1 jumps 0.191679
4. Prepare grid and mode functions.
>> s=-2 MSTModes 0.005154
>> MMp2gridL 0.053624
>> MMp2gridR 0.125373
>> s=-1 MSTModes 0.001923
>> MMp1gridL 0.003683
>> MMp1gridR 0.007484
>> s=0 MSTModes 0.007459
A. Fill 1D grid.
>> s = 2, UP ... 0.225105
>> s = 1, UP ... 0.036282
>> s = 0, UP ... 0.098522
>> s = 2, IN ... 0.106421
>> s = 1, IN ... 0.024823
>> s = 0, IN ... 0.050412
1. Preliminaries.
Calculating B-matrices and Eigenvalues
2. Generate MSTModes
>> Generate s=-2 MSTModes 1.069356
>> Generate s=-1 MSTModes 1.075647
>> Generate hκModes 4.850067
3. Jumps
>> 0.006499
>> 0.002768
>> 0.124646
>> 0.002791
>> 0.013222
>> 0.002643
>> LinearSolve for s1 and κ jumps 0.000307
>> κ and s1 jumps 0.158187
4. Prepare grid and mode functions.
>> s=-2 MSTModes 0.005745
>> MMp2gridL 0.054357
>> MMp2gridR 0.12731
>> s=-1 MSTModes 0.00312
>> MMp1gridL 0.003252
>> MMp1gridR 0.007629
>> s=0 MSTModes 0.004748
A. Fill 1D grid.
>> s = 2, UP ... 0.149062
>> s = 1, UP ... 0.0409
>> s = 0, UP ... 0.069502
>> s = 2, IN ... 0.082368
>> s = 1, IN ... 0.02292
>> s = 0, IN ... 0.037678
