Task 94 on node678.cluster: a=0.1 r0=9.0
Job started: a = 0.1, r0 = 9., savepath = /lustre/astro/dyson/DataFiles/KerrCircDiskData/h1_radial
Warning: rstarmin is outside the allowed range.
Now we Calculate the Radiative Solutions
1. Preliminaries.
Calculating B-matrices and Eigenvalues
2. Generate MSTModes
>> Generate s=-2 MSTModes 46.645716
>> Generate s=-1 MSTModes 48.705468
>> Generate hκModes 137.609792
3. Jumps
>> 0.415647
>> 2.361299
>> 4.012541
>> 4.40732
>> 53.735599
>> 20.221181
>> LinearSolve for s1 and κ jumps 0.003973
>> κ and s1 jumps 86.134033
4. Prepare grid and mode functions.
>> s=-2 MSTModes 0.218324
>> MMp2gridL 0.801226
>> MMp2gridR 5.674243
>> s=-1 MSTModes 0.067981
>> MMp1gridL 0.032985
>> MMp1gridR 0.188747
>> s=0 MSTModes 0.16181
A. Fill 1D grid.
>> s = 2, UP ... 39.305184
>> s = 1, UP ... 1.495077
>> s = 0, UP ... 8.752167
>> s = 2, IN ... 9.848215
>> s = 1, IN ... 0.77565
>> s = 0, IN ... 1.686236
1. Preliminaries.
Calculating B-matrices and Eigenvalues
2. Generate MSTModes
>> Generate s=-2 MSTModes 63.431026
>> Generate s=-1 MSTModes 63.767638
>> Generate hκModes 136.196328
3. Jumps
>> 0.384019
>> 2.547609
>> 4.589626
>> 3.977653
>> 51.335032
>> 17.670283
>> LinearSolve for s1 and κ jumps 1.053193
>> κ and s1 jumps 82.388854
4. Prepare grid and mode functions.
>> s=-2 MSTModes 0.19383
>> MMp2gridL 0.788036
>> MMp2gridR 5.585073
>> s=-1 MSTModes 0.108589
>> MMp1gridL 0.046615
>> MMp1gridR 0.322371
>> s=0 MSTModes 0.17082
A. Fill 1D grid.
>> s = 2, UP ... 37.360537
>> s = 1, UP ... 8.059183
>> s = 0, UP ... 11.635758
>> s = 2, IN ... 9.54342
>> s = 1, IN ... 1.229012
>> s = 0, IN ... 1.821425
1. Preliminaries.
Calculating B-matrices and Eigenvalues
2. Generate MSTModes
>> Generate s=-2 MSTModes 69.508966
>> Generate s=-1 MSTModes 69.782695
>> Generate hκModes 135.347541
3. Jumps
>> 0.368305
>> 2.147401
>> 4.850689
>> 3.373617
>> 44.854118
>> 14.984082
>> LinearSolve for s1 and κ jumps 0.628761
>> κ and s1 jumps 71.885639
4. Prepare grid and mode functions.
>> s=-2 MSTModes 0.222329
>> MMp2gridL 0.748353
>> MMp2gridR 5.345559
>> s=-1 MSTModes 0.102179
>> MMp1gridL 0.044311
>> MMp1gridR 0.308755
>> s=0 MSTModes 0.171378
A. Fill 1D grid.
>> s = 2, UP ... 34.810692
>> s = 1, UP ... 7.603021
>> s = 0, UP ... 10.962624
>> s = 2, IN ... 9.196079
>> s = 1, IN ... 1.16734
>> s = 0, IN ... 1.723898
1. Preliminaries.
Calculating B-matrices and Eigenvalues
2. Generate MSTModes
>> Generate s=-2 MSTModes 77.186642
>> Generate s=-1 MSTModes 77.258858
>> Generate hκModes 131.995357
3. Jumps
>> 0.346176
>> 1.910711
>> 4.939576
>> 3.071577
>> 40.010435
>> 13.289065
>> LinearSolve for s1 and κ jumps 0.672881
>> κ and s1 jumps 64.918459
4. Prepare grid and mode functions.
>> s=-2 MSTModes 0.189503
>> MMp2gridL 0.729732
>> MMp2gridR 5.178513
>> s=-1 MSTModes 0.101442
>> MMp1gridL 0.043763
>> MMp1gridR 0.301687
>> s=0 MSTModes 0.163934
A. Fill 1D grid.
>> s = 2, UP ... 33.363298
>> s = 1, UP ... 7.246698
>> s = 0, UP ... 10.488956
>> s = 2, IN ... 9.018677
>> s = 1, IN ... 1.138928
>> s = 0, IN ... 1.671695
1. Preliminaries.
Calculating B-matrices and Eigenvalues
2. Generate MSTModes
>> Generate s=-2 MSTModes 86.177152
>> Generate s=-1 MSTModes 86.627665
>> Generate hκModes 128.239159
3. Jumps
>> 0.311281
>> 1.65387
>> 4.637179
>> 2.426132
>> 34.965648
>> 11.169436
>> LinearSolve for s1 and κ jumps 0.854181
>> κ and s1 jumps 56.564341
4. Prepare grid and mode functions.
>> s=-2 MSTModes 0.211677
>> MMp2gridL 0.6998
>> MMp2gridR 4.8846
>> s=-1 MSTModes 0.098653
>> MMp1gridL 0.041106
>> MMp1gridR 0.286741
>> s=0 MSTModes 0.155597
A. Fill 1D grid.
>> s = 2, UP ... 31.225919
>> s = 1, UP ... 6.759596
>> s = 0, UP ... 9.902934
>> s = 2, IN ... 8.786017
>> s = 1, IN ... 1.057558
>> s = 0, IN ... 1.60217
1. Preliminaries.
Calculating B-matrices and Eigenvalues
2. Generate MSTModes
>> Generate s=-2 MSTModes 95.74679
>> Generate s=-1 MSTModes 96.168385
>> Generate hκModes 125.237236
3. Jumps
>> 0.292483
>> 1.571811
>> 4.604253
>> 2.144574
>> 31.974003
>> 9.787509
>> LinearSolve for s1 and κ jumps 1.237199
>> κ and s1 jumps 52.153791
4. Prepare grid and mode functions.
>> s=-2 MSTModes 0.178045
>> MMp2gridL 0.674477
>> MMp2gridR 4.735856
>> s=-1 MSTModes 0.096962
>> MMp1gridL 0.041109
>> MMp1gridR 0.27577
>> s=0 MSTModes 0.147885
A. Fill 1D grid.
>> s = 2, UP ... 29.822556
>> s = 1, UP ... 6.258795
>> s = 0, UP ... 9.333746
>> s = 2, IN ... 8.615502
>> s = 1, IN ... 1.031229
>> s = 0, IN ... 1.53937
1. Preliminaries.
Calculating B-matrices and Eigenvalues
2. Generate MSTModes
>> Generate s=-2 MSTModes 103.995799
>> Generate s=-1 MSTModes 105.235682
>> Generate hκModes 123.305083
3. Jumps
>> 0.294728
>> 1.341055
>> 4.441456
>> 1.876349
>> 27.916501
>> 8.382273
>> LinearSolve for s1 and κ jumps 1.196105
>> κ and s1 jumps 45.961763
4. Prepare grid and mode functions.
>> s=-2 MSTModes 0.171831
>> MMp2gridL 0.661294
>> MMp2gridR 4.564543
>> s=-1 MSTModes 0.093361
>> MMp1gridL 0.040491
>> MMp1gridR 0.272066
>> s=0 MSTModes 0.145197
A. Fill 1D grid.
>> s = 2, UP ... 27.943334
>> s = 1, UP ... 5.942069
>> s = 0, UP ... 9.067884
>> s = 2, IN ... 8.531772
>> s = 1, IN ... 1.003925
>> s = 0, IN ... 1.521021
1. Preliminaries.
Calculating B-matrices and Eigenvalues
2. Generate MSTModes
>> Generate s=-2 MSTModes 110.941534
>> Generate s=-1 MSTModes 111.368882
>> Generate hκModes 123.123428
3. Jumps
