Task 789 on node678.cluster: a=0.999 r0=48.5
Job started: a = 0.999, r0 = 48.5, savepath = /lustre/astro/dyson/DataFiles/KerrCircDiskData/h1_radial
Warning: rstarmin is outside the allowed range.
Now we Calculate the Radiative Solutions
1. Preliminaries.
Calculating B-matrices and Eigenvalues
2. Generate MSTModes
>> Generate s=-2 MSTModes 59.786452
>> Generate s=-1 MSTModes 56.851833

MetricReconstructRadiative`Private`hκTSolve::icaccuraccy: Warning: asymptotic expansion of order 40 at r=4000.000000000000000000000000000000000000000000000000000000000000 provides insufficiently accurate initial conditions to meet PrecsionGoal, 24.

MetricReconstructRadiative`Private`hκTSolve::icaccuraccy: Warning: asymptotic expansion of order 40 at r=4000.000000000000000000000000000000000000000000000000000000000000 provides insufficiently accurate initial conditions to meet PrecsionGoal, 24.

MetricReconstructRadiative`Private`hκTSolve::icaccuraccy: Warning: asymptotic expansion of order 40 at r=4000.000000000000000000000000000000000000000000000000000000000000 provides insufficiently accurate initial conditions to meet PrecsionGoal, 24.

General::stop: Further output of MetricReconstructRadiative`Private`hκTSolve::icaccuraccy will be suppressed during this calculation.
>> Generate hκModes 152.933492
3. Jumps
>> 0.366247
>> 2.099242
>> 3.153621
>> 3.907216
>> 48.252068
>> 17.554404
>> LinearSolve for s1 and κ jumps 0.035978
>> κ and s1 jumps 76.217847
4. Prepare grid and mode functions.
>> s=-2 MSTModes 0.195261
>> MMp2gridL 4.529402
>> MMp2gridR 1.225135
>> s=-1 MSTModes 0.065277
>> MMp1gridL 0.150853
>> MMp1gridR 0.047883
>> s=0 MSTModes 0.150637
A. Fill 1D grid.
>> s = 2, UP ... 14.362649
>> s = 1, UP ... 1.12937
>> s = 0, UP ... 2.715198
>> s = 2, IN ... 30.684647
>> s = 1, IN ... 1.136497
>> s = 0, IN ... 6.705849
1. Preliminaries.
Calculating B-matrices and Eigenvalues
2. Generate MSTModes
>> Generate s=-2 MSTModes 68.452711
>> Generate s=-1 MSTModes 66.249178
>> Generate hκModes 128.437557
3. Jumps
>> 0.34943
>> 2.250882
>> 3.201816
>> 3.401864
>> 47.342259
>> 15.729296
>> LinearSolve for s1 and κ jumps 0.872074
>> κ and s1 jumps 73.85819
4. Prepare grid and mode functions.
>> s=-2 MSTModes 0.176859
>> MMp2gridL 4.536978
>> MMp2gridR 1.220607
>> s=-1 MSTModes 0.098136
>> MMp1gridL 0.263606
>> MMp1gridR 0.071128
>> s=0 MSTModes 0.1634
A. Fill 1D grid.
>> s = 2, UP ... 14.183797
>> s = 1, UP ... 1.89949
>> s = 0, UP ... 2.927543
>> s = 2, IN ... 30.46919
>> s = 1, IN ... 6.351476
>> s = 0, IN ... 8.904688
1. Preliminaries.
Calculating B-matrices and Eigenvalues
2. Generate MSTModes
>> Generate s=-2 MSTModes 79.111168
>> Generate s=-1 MSTModes 76.4828
>> Generate hκModes 120.28354
3. Jumps
>> 0.322429
>> 1.919671
>> 3.213924
>> 3.058724
>> 41.002428
>> 13.796979
>> LinearSolve for s1 and κ jumps 0.777094
>> κ and s1 jumps 64.778556
4. Prepare grid and mode functions.
>> s=-2 MSTModes 0.176156
>> MMp2gridL 4.334152
>> MMp2gridR 1.169623
>> s=-1 MSTModes 0.095663
>> MMp1gridL 0.254826
>> MMp1gridR 0.06888
>> s=0 MSTModes 0.154029
A. Fill 1D grid.
>> s = 2, UP ... 13.814549
>> s = 1, UP ... 1.812957
>> s = 0, UP ... 2.814624
>> s = 2, IN ... 28.745713
>> s = 1, IN ... 6.125469
>> s = 0, IN ... 8.549601
1. Preliminaries.
Calculating B-matrices and Eigenvalues
2. Generate MSTModes
>> Generate s=-2 MSTModes 88.781705
>> Generate s=-1 MSTModes 85.280491
>> Generate hκModes 114.936266
3. Jumps
>> 0.304715
>> 1.698634
>> 3.320061
>> 2.567861
>> 36.447647
>> 11.718976
>> LinearSolve for s1 and κ jumps 0.940351
>> κ and s1 jumps 57.557743
4. Prepare grid and mode functions.
>> s=-2 MSTModes 0.179537
>> MMp2gridL 4.142848
>> MMp2gridR 1.126259
>> s=-1 MSTModes 0.092913
>> MMp1gridL 0.246122
>> MMp1gridR 0.065958
>> s=0 MSTModes 0.150237
A. Fill 1D grid.
>> s = 2, UP ... 13.59874
>> s = 1, UP ... 1.767614
>> s = 0, UP ... 2.729959
>> s = 2, IN ... 27.366299
>> s = 1, IN ... 5.894177
>> s = 0, IN ... 8.205508
1. Preliminaries.
Calculating B-matrices and Eigenvalues
2. Generate MSTModes
>> Generate s=-2 MSTModes 96.38183
>> Generate s=-1 MSTModes 92.670958
>> Generate hκModes 109.667155
3. Jumps
>> 0.299544
>> 1.580903
>> 3.040964
>> 2.373873
>> 33.068658
>> 10.655088
>> LinearSolve for s1 and κ jumps 1.148529
>> κ and s1 jumps 52.679116
4. Prepare grid and mode functions.
>> s=-2 MSTModes 0.170401
>> MMp2gridL 4.003323
>> MMp2gridR 1.068822
>> s=-1 MSTModes 0.088457
>> MMp1gridL 0.235463
>> MMp1gridR 0.064138
>> s=0 MSTModes 0.140708
A. Fill 1D grid.
>> s = 2, UP ... 13.183848
>> s = 1, UP ... 1.674606
>> s = 0, UP ... 2.650082
>> s = 2, IN ... 25.765874
>> s = 1, IN ... 5.50406
>> s = 0, IN ... 7.726844
1. Preliminaries.
Calculating B-matrices and Eigenvalues
2. Generate MSTModes
>> Generate s=-2 MSTModes 102.563604
>> Generate s=-1 MSTModes 99.721558
>> Generate hκModes 106.295008
3. Jumps
>> 0.28028
>> 1.395767
>> 2.914527
>> 1.998599
>> 28.912244
>> 8.962837
>> LinearSolve for s1 and κ jumps 0.685635
>> κ and s1 jumps 45.652461
4. Prepare grid and mode functions.
>> s=-2 MSTModes 0.163282
>> MMp2gridL 3.806109
>> MMp2gridR 1.032633
>> s=-1 MSTModes 0.085776
>> MMp1gridL 0.22743
>> MMp1gridR 0.060564
>> s=0 MSTModes 0.139412
A. Fill 1D grid.
>> s = 2, UP ... 12.947267
>> s = 1, UP ... 1.609751
>> s = 0, UP ... 2.542514
>> s = 2, IN ... 24.380939
>> s = 1, IN ... 5.220903
>> s = 0, IN ... 7.251262
1. Preliminaries.
Calculating B-matrices and Eigenvalues
2. Generate MSTModes
>> Generate s=-2 MSTModes 107.357514
>> Generate s=-1 MSTModes 104.91216
>> Generate hκModes 101.605178
3. Jumps
>> 0.268738
>> 1.236565
>> 2.757819
>> 1.708269
>> 25.163667
>> 7.650888
>> LinearSolve for s1 and κ jumps 0.673439
>> κ and s1 jumps 39.911822
4. Prepare grid and mode functions.
>> s=-2 MSTModes 0.151718
>> MMp2gridL 3.590885
>> MMp2gridR 0.973625
>> s=-1 MSTModes 0.082149
>> MMp1gridL 0.217984
>> MMp1gridR 0.059132
>> s=0 MSTModes 0.131438
A. Fill 1D grid.
>> s = 2, UP ... 12.428562
>> s = 1, UP ... 1.508624
>> s = 0, UP ... 2.410126
>> s = 2, IN ... 22.297666
>> s = 1, IN ... 4.7301
>> s = 0, IN ... 6.663161
1. Preliminaries.
Calculating B-matrices and Eigenvalues
2. Generate MSTModes
>> Generate s=-2 MSTModes 111.421349
>> Generate s=-1 MSTModes 107.636633
