Task 448 on node656.cluster: a=0.7 r0=10.0
Job started: a = 0.7, r0 = 10., savepath = /lustre/astro/dyson/DataFiles/KerrCircDiskData/h1_radial
Warning: rstarmin is outside the allowed range.
Now we Calculate the Radiative Solutions
1. Preliminaries.
Calculating B-matrices and Eigenvalues
2. Generate MSTModes
>> Generate s=-2 MSTModes 45.667068
>> Generate s=-1 MSTModes 46.585915
>> Generate hκModes 136.115379
3. Jumps
>> 0.423723
>> 2.419202
>> 4.363428
>> 4.68376
>> 55.057408
>> 20.581138
>> LinearSolve for s1 and κ jumps 0.005231
>> κ and s1 jumps 88.530486
4. Prepare grid and mode functions.
>> s=-2 MSTModes 0.224314
>> MMp2gridL 0.919775
>> MMp2gridR 5.620869
>> s=-1 MSTModes 0.069295
>> MMp1gridL 0.036801
>> MMp1gridR 0.182408
>> s=0 MSTModes 0.158937
A. Fill 1D grid.
>> s = 2, UP ... 38.268995
>> s = 1, UP ... 1.424007
>> s = 0, UP ... 8.563456
>> s = 2, IN ... 11.031738
>> s = 1, IN ... 0.871672
>> s = 0, IN ... 1.897395
1. Preliminaries.
Calculating B-matrices and Eigenvalues
2. Generate MSTModes
>> Generate s=-2 MSTModes 63.688296
>> Generate s=-1 MSTModes 63.685242
>> Generate hκModes 131.442446
3. Jumps
>> 0.38894
>> 2.459311
>> 4.589758
>> 14.878287
>> 99.703949
>> 64.321172
>> LinearSolve for s1 and κ jumps 1.238887
>> κ and s1 jumps 188.50925
4. Prepare grid and mode functions.
>> s=-2 MSTModes 0.19814
>> MMp2gridL 0.928167
>> MMp2gridR 5.652974
>> s=-1 MSTModes 0.113107
>> MMp1gridL 0.054999
>> MMp1gridR 0.326492
>> s=0 MSTModes 0.175927
A. Fill 1D grid.
>> s = 2, UP ... 37.405305
>> s = 1, UP ... 8.106878
>> s = 0, UP ... 15.924478
>> s = 2, IN ... 10.577851
>> s = 1, IN ... 1.397764
>> s = 0, IN ... 2.63033
1. Preliminaries.
Calculating B-matrices and Eigenvalues
2. Generate MSTModes
>> Generate s=-2 MSTModes 69.862138
>> Generate s=-1 MSTModes 69.686245
>> Generate hκModes 132.669955
3. Jumps
>> 0.375743
>> 2.212736
>> 4.837254
>> 13.3039
>> 87.694228
>> 55.678934
>> LinearSolve for s1 and κ jumps 1.069925
>> κ and s1 jumps 166.021885
4. Prepare grid and mode functions.
>> s=-2 MSTModes 0.191488
>> MMp2gridL 0.861631
>> MMp2gridR 5.270654
>> s=-1 MSTModes 0.106591
>> MMp1gridL 0.052313
>> MMp1gridR 0.305189
>> s=0 MSTModes 0.166157
A. Fill 1D grid.
>> s = 2, UP ... 34.222415
>> s = 1, UP ... 7.343039
>> s = 0, UP ... 14.566067
>> s = 2, IN ... 10.026241
>> s = 1, IN ... 1.304181
>> s = 0, IN ... 2.447903
1. Preliminaries.
Calculating B-matrices and Eigenvalues
2. Generate MSTModes
>> Generate s=-2 MSTModes 76.865512
>> Generate s=-1 MSTModes 78.360749
>> Generate hκModes 132.453619
3. Jumps
>> 0.349911
>> 1.975254
>> 4.930228
>> 11.303067
>> 74.975196
>> 45.715603
>> LinearSolve for s1 and κ jumps 1.216722
>> κ and s1 jumps 141.189593
4. Prepare grid and mode functions.
>> s=-2 MSTModes 0.18013
>> MMp2gridL 0.800264
>> MMp2gridR 4.928706
>> s=-1 MSTModes 0.09848
>> MMp1gridL 0.046945
>> MMp1gridR 0.279854
>> s=0 MSTModes 0.160263
A. Fill 1D grid.
>> s = 2, UP ... 31.759943
>> s = 1, UP ... 7.080195
>> s = 0, UP ... 13.805221
>> s = 2, IN ... 9.846991
>> s = 1, IN ... 1.250135
>> s = 0, IN ... 2.361183
1. Preliminaries.
Calculating B-matrices and Eigenvalues
2. Generate MSTModes
>> Generate s=-2 MSTModes 86.190314
>> Generate s=-1 MSTModes 87.221961
>> Generate hκModes 129.787205
3. Jumps
>> 0.319196
>> 1.670607
>> 4.724434
>> 9.565505
>> 63.895817
>> 39.711565
>> LinearSolve for s1 and κ jumps 0.624245
>> κ and s1 jumps 121.16699
4. Prepare grid and mode functions.
>> s=-2 MSTModes 0.182546
>> MMp2gridL 0.763757
>> MMp2gridR 4.724155
>> s=-1 MSTModes 0.096171
>> MMp1gridL 0.048152
>> MMp1gridR 0.275549
>> s=0 MSTModes 0.151947
A. Fill 1D grid.
>> s = 2, UP ... 30.509366
>> s = 1, UP ... 6.703421
>> s = 0, UP ... 13.263891
>> s = 2, IN ... 9.852777
>> s = 1, IN ... 1.235307
>> s = 0, IN ... 2.293883
1. Preliminaries.
Calculating B-matrices and Eigenvalues
2. Generate MSTModes
>> Generate s=-2 MSTModes 95.816084
>> Generate s=-1 MSTModes 96.034607
>> Generate hκModes 124.412141
3. Jumps
>> 0.303478
>> 1.488041
>> 4.830375
>> 8.220331
>> 56.849245
>> 34.952514
>> LinearSolve for s1 and κ jumps 0.429511
>> κ and s1 jumps 107.628517
4. Prepare grid and mode functions.
>> s=-2 MSTModes 0.197615
>> MMp2gridL 0.749299
>> MMp2gridR 4.671057
>> s=-1 MSTModes 0.092681
>> MMp1gridL 0.046902
>> MMp1gridR 0.268981
>> s=0 MSTModes 0.147157
A. Fill 1D grid.
>> s = 2, UP ... 29.269542
>> s = 1, UP ... 6.443209
>> s = 0, UP ... 12.607932
>> s = 2, IN ... 9.757266
>> s = 1, IN ... 1.212715
>> s = 0, IN ... 2.211676
1. Preliminaries.
Calculating B-matrices and Eigenvalues
2. Generate MSTModes
>> Generate s=-2 MSTModes 104.524124
>> Generate s=-1 MSTModes 104.046272
>> Generate hκModes 121.163476
3. Jumps
>> 0.296411
>> 1.399465
>> 4.789164
>> 6.844193
>> 48.710003
>> 29.212604
>> LinearSolve for s1 and κ jumps 0.299237
>> κ and s1 jumps 92.092522
4. Prepare grid and mode functions.
>> s=-2 MSTModes 0.17405
>> MMp2gridL 0.715311
>> MMp2gridR 4.38837
>> s=-1 MSTModes 0.087727
>> MMp1gridL 0.043416
>> MMp1gridR 0.253118
>> s=0 MSTModes 0.143777
A. Fill 1D grid.
>> s = 2, UP ... 27.146904
>> s = 1, UP ... 5.704836
>> s = 0, UP ... 11.639074
>> s = 2, IN ... 9.439999
>> s = 1, IN ... 1.124411
>> s = 0, IN ... 2.119811
1. Preliminaries.
Calculating B-matrices and Eigenvalues
2. Generate MSTModes
>> Generate s=-2 MSTModes 109.830891
>> Generate s=-1 MSTModes 110.601499
>> Generate hκModes 122.212203
3. Jumps
