Task 277 on node656.cluster: a=0.3 r0=12.5
Job started: a = 0.3, r0 = 12.5, savepath = /lustre/astro/dyson/DataFiles/KerrCircDiskData/h1_radial
Warning: rstarmin is outside the allowed range.
Now we Calculate the Radiative Solutions
1. Preliminaries.
Calculating B-matrices and Eigenvalues
2. Generate MSTModes
>> Generate s=-2 MSTModes 44.501457
>> Generate s=-1 MSTModes 44.346283
>> Generate hκModes 115.015363
3. Jumps
>> 0.354533
>> 1.985715
>> 3.25331
>> 3.602566
>> 45.478021
>> 16.748816
>> LinearSolve for s1 and κ jumps 0.00435
>> κ and s1 jumps 72.263265
4. Prepare grid and mode functions.
>> s=-2 MSTModes 0.202659
>> MMp2gridL 0.996496
>> MMp2gridR 4.471402
>> s=-1 MSTModes 0.062127
>> MMp1gridL 0.039929
>> MMp1gridR 0.150482
>> s=0 MSTModes 0.14398
A. Fill 1D grid.
>> s = 2, UP ... 32.273948
>> s = 1, UP ... 1.200764
>> s = 0, UP ... 7.216252
>> s = 2, IN ... 11.938128
>> s = 1, IN ... 0.905815
>> s = 0, IN ... 2.084307
1. Preliminaries.
Calculating B-matrices and Eigenvalues
2. Generate MSTModes
>> Generate s=-2 MSTModes 56.70446
>> Generate s=-1 MSTModes 55.982955
>> Generate hκModes 127.071101
3. Jumps
>> 0.382136
>> 2.451583
>> 4.501777
>> 4.013085
>> 52.729629
>> 18.061517
>> LinearSolve for s1 and κ jumps 0.662915
>> κ and s1 jumps 83.659051
4. Prepare grid and mode functions.
>> s=-2 MSTModes 0.200393
>> MMp2gridL 1.1943
>> MMp2gridR 5.357085
>> s=-1 MSTModes 0.111881
>> MMp1gridL 0.070148
>> MMp1gridR 0.313194
>> s=0 MSTModes 0.176173
A. Fill 1D grid.
>> s = 2, UP ... 36.30132
>> s = 1, UP ... 8.7295
>> s = 0, UP ... 12.172406
>> s = 2, IN ... 14.007208
>> s = 1, IN ... 1.847509
>> s = 0, IN ... 2.725542
1. Preliminaries.
Calculating B-matrices and Eigenvalues
2. Generate MSTModes
>> Generate s=-2 MSTModes 71.430718
>> Generate s=-1 MSTModes 70.150239
>> Generate hκModes 126.148267
3. Jumps
>> 0.374028
>> 2.186991
>> 4.618232
>> 3.446968
>> 46.10406
>> 15.53881
>> LinearSolve for s1 and κ jumps 0.639462
>> κ and s1 jumps 73.672611
4. Prepare grid and mode functions.
>> s=-2 MSTModes 0.238299
>> MMp2gridL 1.138868
>> MMp2gridR 5.205866
>> s=-1 MSTModes 0.108954
>> MMp1gridL 0.068534
>> MMp1gridR 0.306265
>> s=0 MSTModes 0.174783
A. Fill 1D grid.
>> s = 2, UP ... 34.328293
>> s = 1, UP ... 7.945003
>> s = 0, UP ... 11.468955
>> s = 2, IN ... 13.778196
>> s = 1, IN ... 1.78333
>> s = 0, IN ... 2.647706
1. Preliminaries.
Calculating B-matrices and Eigenvalues
2. Generate MSTModes
>> Generate s=-2 MSTModes 78.32154
>> Generate s=-1 MSTModes 76.972485
>> Generate hκModes 121.84871
3. Jumps
>> 0.348045
>> 2.153868
>> 4.718953
>> 3.111514
>> 43.463481
>> 13.889766
>> LinearSolve for s1 and κ jumps 0.695233
>> κ and s1 jumps 69.065916
4. Prepare grid and mode functions.
>> s=-2 MSTModes 0.205496
>> MMp2gridL 1.102353
>> MMp2gridR 5.000418
>> s=-1 MSTModes 0.104423
>> MMp1gridL 0.06713
>> MMp1gridR 0.293307
>> s=0 MSTModes 0.169624
A. Fill 1D grid.
>> s = 2, UP ... 32.588158
>> s = 1, UP ... 7.479026
>> s = 0, UP ... 10.579837
>> s = 2, IN ... 13.412766
>> s = 1, IN ... 1.679498
>> s = 0, IN ... 2.531676
1. Preliminaries.
Calculating B-matrices and Eigenvalues
2. Generate MSTModes
>> Generate s=-2 MSTModes 84.616619
>> Generate s=-1 MSTModes 83.610082
>> Generate hκModes 119.574196
3. Jumps
>> 0.336926
>> 1.702259
>> 4.675355
>> 9.799657
>> 67.674496
>> 42.76792
>> LinearSolve for s1 and κ jumps 1.021104
>> κ and s1 jumps 128.628828
4. Prepare grid and mode functions.
>> s=-2 MSTModes 0.189461
>> MMp2gridL 1.047964
>> MMp2gridR 4.73207
>> s=-1 MSTModes 0.099439
>> MMp1gridL 0.061409
>> MMp1gridR 0.27393
>> s=0 MSTModes 0.161597
A. Fill 1D grid.
>> s = 2, UP ... 30.902179
>> s = 1, UP ... 6.727233
>> s = 0, UP ... 14.147809
>> s = 2, IN ... 13.126277
>> s = 1, IN ... 1.67742
>> s = 0, IN ... 3.168899
1. Preliminaries.
Calculating B-matrices and Eigenvalues
2. Generate MSTModes
>> Generate s=-2 MSTModes 90.780668
>> Generate s=-1 MSTModes 87.274468
>> Generate hκModes 119.130392
3. Jumps
>> 0.310124
>> 1.570389
>> 4.911766
>> 8.418953
>> 57.847557
>> 35.160231
>> LinearSolve for s1 and κ jumps 0.811455
>> κ and s1 jumps 109.609168
4. Prepare grid and mode functions.
>> s=-2 MSTModes 0.198212
>> MMp2gridL 1.041623
>> MMp2gridR 4.64679
>> s=-1 MSTModes 0.098165
>> MMp1gridL 0.062266
>> MMp1gridR 0.272549
>> s=0 MSTModes 0.1576
A. Fill 1D grid.
>> s = 2, UP ... 29.677516
>> s = 1, UP ... 6.901766
>> s = 0, UP ... 14.030774
>> s = 2, IN ... 12.798263
>> s = 1, IN ... 1.573476
>> s = 0, IN ... 2.971298
1. Preliminaries.
Calculating B-matrices and Eigenvalues
2. Generate MSTModes
>> Generate s=-2 MSTModes 96.436073
>> Generate s=-1 MSTModes 94.113783
>> Generate hκModes 117.851664
3. Jumps
>> 0.300049
>> 1.470013
>> 4.52337
>> 7.598841
>> 52.467858
>> 31.489848
>> LinearSolve for s1 and κ jumps 1.028709
>> κ and s1 jumps 99.441857
4. Prepare grid and mode functions.
>> s=-2 MSTModes 0.175392
>> MMp2gridL 0.958952
>> MMp2gridR 4.375116
>> s=-1 MSTModes 0.090587
>> MMp1gridL 0.058494
>> MMp1gridR 0.252912
>> s=0 MSTModes 0.143419
A. Fill 1D grid.
>> s = 2, UP ... 27.484272
>> s = 1, UP ... 6.143377
>> s = 0, UP ... 12.27671
>> s = 2, IN ... 12.112195
>> s = 1, IN ... 1.472487
>> s = 0, IN ... 2.793451
1. Preliminaries.
Calculating B-matrices and Eigenvalues
2. Generate MSTModes
>> Generate s=-2 MSTModes 102.369646
>> Generate s=-1 MSTModes 101.05895
>> Generate hκModes 115.24351
3. Jumps
>> 0.292219
>> 1.278001
>> 4.743586
>> 6.236181
>> 44.211144
>> 25.804417
>> LinearSolve for s1 and κ jumps 1.196337
>> κ and s1 jumps 84.227318
4. Prepare grid and mode functions.
>> s=-2 MSTModes 0.19332
>> MMp2gridL 0.890286
>> MMp2gridR 4.096204
>> s=-1 MSTModes 0.087555
>> MMp1gridL 0.056453
>> MMp1gridR 0.246068
>> s=0 MSTModes 0.137546
A. Fill 1D grid.
>> s = 2, UP ... 25.725702
>> s = 1, UP ... 5.735226
>> s = 0, UP ... 11.641187
>> s = 2, IN ... 11.759129
>> s = 1, IN ... 1.426854
>> s = 0, IN ... 2.682573
1. Preliminaries.
Calculating B-matrices and Eigenvalues
2. Generate MSTModes
>> Generate s=-2 MSTModes 108.387021
>> Generate s=-1 MSTModes 105.726989
>> Generate hκModes 112.237067
3. Jumps
>> 0.267739
>> 1.080731
>> 4.018291
>> 5.162564
>> 36.928989
