Task 284 on node656.cluster: a=0.3 r0=16.0
Job started: a = 0.3, r0 = 16., savepath = /lustre/astro/dyson/DataFiles/KerrCircDiskData/h1_radial
Warning: rstarmin is outside the allowed range.
Now we Calculate the Radiative Solutions
1. Preliminaries.
Calculating B-matrices and Eigenvalues
2. Generate MSTModes
>> Generate s=-2 MSTModes 53.218379
>> Generate s=-1 MSTModes 54.954711
>> Generate hκModes 142.798901
3. Jumps
>> 0.426174
>> 2.406154
>> 3.913578
>> 4.296756
>> 54.348763
>> 19.408949
>> LinearSolve for s1 and κ jumps 0.004717
>> κ and s1 jumps 85.783263
4. Prepare grid and mode functions.
>> s=-2 MSTModes 0.222525
>> MMp2gridL 1.560479
>> MMp2gridR 4.943841
>> s=-1 MSTModes 0.069556
>> MMp1gridL 0.059584
>> MMp1gridR 0.164253
>> s=0 MSTModes 0.159911
A. Fill 1D grid.
>> s = 2, UP ... 34.939017
>> s = 1, UP ... 1.282905
>> s = 0, UP ... 7.879799
>> s = 2, IN ... 17.971582
>> s = 1, IN ... 1.328894
>> s = 0, IN ... 3.104759
1. Preliminaries.
Calculating B-matrices and Eigenvalues
2. Generate MSTModes
>> Generate s=-2 MSTModes 61.878694
>> Generate s=-1 MSTModes 62.90752
>> Generate hκModes 133.517421
3. Jumps
>> 0.38813
>> 2.520105
>> 4.267584
>> 3.888254
>> 52.563742
>> 17.417928
>> LinearSolve for s1 and κ jumps 0.727998
>> κ and s1 jumps 82.539034
4. Prepare grid and mode functions.
>> s=-2 MSTModes 0.203919
>> MMp2gridL 1.565727
>> MMp2gridR 5.019427
>> s=-1 MSTModes 0.110028
>> MMp1gridL 0.090942
>> MMp1gridR 0.284619
>> s=0 MSTModes 0.18286
A. Fill 1D grid.
>> s = 2, UP ... 34.021313
>> s = 1, UP ... 8.009714
>> s = 0, UP ... 10.876635
>> s = 2, IN ... 17.850994
>> s = 1, IN ... 2.354141
>> s = 0, IN ... 3.46721
1. Preliminaries.
Calculating B-matrices and Eigenvalues
2. Generate MSTModes
>> Generate s=-2 MSTModes 68.266543
>> Generate s=-1 MSTModes 68.307888
>> Generate hκModes 126.398013
3. Jumps
>> 0.371312
>> 2.301903
>> 4.429502
>> 3.573953
>> 47.772241
>> 16.094214
>> LinearSolve for s1 and κ jumps 0.819937
>> κ and s1 jumps 76.070801
4. Prepare grid and mode functions.
>> s=-2 MSTModes 0.23862
>> MMp2gridL 1.517042
>> MMp2gridR 4.813805
>> s=-1 MSTModes 0.108135
>> MMp1gridL 0.087837
>> MMp1gridR 0.281888
>> s=0 MSTModes 0.170619
A. Fill 1D grid.
>> s = 2, UP ... 32.495275
>> s = 1, UP ... 7.743643
>> s = 0, UP ... 10.549111
>> s = 2, IN ... 17.608928
>> s = 1, IN ... 2.295236
>> s = 0, IN ... 3.408091
1. Preliminaries.
Calculating B-matrices and Eigenvalues
2. Generate MSTModes
>> Generate s=-2 MSTModes 75.09545
>> Generate s=-1 MSTModes 73.941726
>> Generate hκModes 122.062983
3. Jumps
>> 0.350022
>> 2.021708
>> 4.524146
>> 3.053839
>> 42.20177
>> 13.838129
>> LinearSolve for s1 and κ jumps 0.354947
>> κ and s1 jumps 66.991276
4. Prepare grid and mode functions.
>> s=-2 MSTModes 0.232688
>> MMp2gridL 1.444804
>> MMp2gridR 4.630503
>> s=-1 MSTModes 0.104977
>> MMp1gridL 0.086689
>> MMp1gridR 0.269748
>> s=0 MSTModes 0.164619
A. Fill 1D grid.
>> s = 2, UP ... 31.019538
>> s = 1, UP ... 7.322048
>> s = 0, UP ... 10.124031
>> s = 2, IN ... 17.283094
>> s = 1, IN ... 2.259032
>> s = 0, IN ... 3.331348
1. Preliminaries.
Calculating B-matrices and Eigenvalues
2. Generate MSTModes
>> Generate s=-2 MSTModes 80.958008
>> Generate s=-1 MSTModes 79.379029
>> Generate hκModes 117.708679
3. Jumps
>> 0.336761
>> 1.754253
>> 4.431567
>> 2.64867
>> 36.876176
>> 11.975232
>> LinearSolve for s1 and κ jumps 0.312665
>> κ and s1 jumps 58.929015
4. Prepare grid and mode functions.
>> s=-2 MSTModes 0.202385
>> MMp2gridL 1.406444
>> MMp2gridR 4.462946
>> s=-1 MSTModes 0.101542
>> MMp1gridL 0.092954
>> MMp1gridR 0.25883
>> s=0 MSTModes 0.163934
A. Fill 1D grid.
>> s = 2, UP ... 29.579838
>> s = 1, UP ... 6.781837
>> s = 0, UP ... 9.436709
>> s = 2, IN ... 16.933757
>> s = 1, IN ... 2.11658
>> s = 0, IN ... 3.217344
1. Preliminaries.
Calculating B-matrices and Eigenvalues
2. Generate MSTModes
>> Generate s=-2 MSTModes 87.686019
>> Generate s=-1 MSTModes 85.870534
>> Generate hκModes 114.174894
3. Jumps
>> 0.313427
>> 1.627147
>> 4.310846
>> 2.245694
>> 33.593684
>> 10.249746
>> LinearSolve for s1 and κ jumps 0.311924
>> κ and s1 jumps 53.204934
4. Prepare grid and mode functions.
>> s=-2 MSTModes 0.191284
>> MMp2gridL 1.316951
>> MMp2gridR 4.245215
>> s=-1 MSTModes 0.097616
>> MMp1gridL 0.080502
>> MMp1gridR 0.24702
>> s=0 MSTModes 0.154657
A. Fill 1D grid.
>> s = 2, UP ... 27.348924
>> s = 1, UP ... 5.894802
>> s = 0, UP ... 8.453143
>> s = 2, IN ... 16.512669
>> s = 1, IN ... 2.052616
>> s = 0, IN ... 3.087905
1. Preliminaries.
Calculating B-matrices and Eigenvalues
2. Generate MSTModes
>> Generate s=-2 MSTModes 93.488418
>> Generate s=-1 MSTModes 91.818322
>> Generate hκModes 109.940364
3. Jumps
>> 0.307823
>> 1.380519
>> 4.232285
>> 7.296685
>> 50.883992
>> 30.719059
>> LinearSolve for s1 and κ jumps 0.227668
>> κ and s1 jumps 95.613302
4. Prepare grid and mode functions.
>> s=-2 MSTModes 0.187111
>> MMp2gridL 1.235418
>> MMp2gridR 3.992237
>> s=-1 MSTModes 0.093643
>> MMp1gridL 0.086138
>> MMp1gridR 0.239249
>> s=0 MSTModes 0.149007
A. Fill 1D grid.
>> s = 2, UP ... 24.99705
>> s = 1, UP ... 5.399779
>> s = 0, UP ... 10.556291
>> s = 2, IN ... 15.967756
>> s = 1, IN ... 1.945215
>> s = 0, IN ... 3.719953
1. Preliminaries.
Calculating B-matrices and Eigenvalues
2. Generate MSTModes
>> Generate s=-2 MSTModes 97.873726
>> Generate s=-1 MSTModes 96.82569
>> Generate hκModes 107.193323
3. Jumps
>> 0.284094
>> 1.201461
>> 4.084981
>> 6.162043
>> 43.594064
>> 25.473698
>> LinearSolve for s1 and κ jumps 0.889736
>> κ and s1 jumps 82.257568
4. Prepare grid and mode functions.
>> s=-2 MSTModes 0.162058
>> MMp2gridL 1.185885
>> MMp2gridR 3.768392
>> s=-1 MSTModes 0.086687
>> MMp1gridL 0.071749
>> MMp1gridR 0.220356
>> s=0 MSTModes 0.139557
A. Fill 1D grid.
>> s = 2, UP ... 23.182414
>> s = 1, UP ... 5.012194
>> s = 0, UP ... 9.981773
>> s = 2, IN ... 15.304206
>> s = 1, IN ... 1.818985
>> s = 0, IN ... 3.40767
1. Preliminaries.
Calculating B-matrices and Eigenvalues
2. Generate MSTModes
>> Generate s=-2 MSTModes 100.925194
>> Generate s=-1 MSTModes 99.53675
>> Generate hκModes 104.06461
3. Jumps
>> 0.276263
>> 1.103888
>> 3.914307
>> 5.257796
>> 37.610723
>> 21.993452
>> LinearSolve for s1 and κ jumps 0.008928
>> κ and s1 jumps 70.553525
4. Prepare grid and mode functions.
>> s=-2 MSTModes 0.185774
>> MMp2gridL 1.150475
>> MMp2gridR 3.509787
>> s=-1 MSTModes 0.083183
>> MMp1gridL 0.069183
>> MMp1gridR 0.208579
>> s=0 MSTModes 0.132149
A. Fill 1D grid.
>> s = 2, UP ... 21.521239
>> s = 1, UP ... 4.454635
>> s = 0, UP ... 8.871748
>> s = 2, IN ... 15.048108
>> s = 1, IN ... 1.724995
>> s = 0, IN ... 3.252207
1. Preliminaries.
Calculating B-matrices and Eigenvalues
2. Generate MSTModes
>> Generate s=-2 MSTModes 101.968931
>> Generate s=-1 MSTModes 104.60489
>> Generate hκModes 98.174849
3. Jumps
>> 0.247803
>> 0.940973
>> 3.738019
>> 4.237501
