Task 279 on node656.cluster: a=0.3 r0=13.5
Job started: a = 0.3, r0 = 13.5, savepath = /lustre/astro/dyson/DataFiles/KerrCircDiskData/h1_radial
Warning: rstarmin is outside the allowed range.
Now we Calculate the Radiative Solutions
1. Preliminaries.
Calculating B-matrices and Eigenvalues
2. Generate MSTModes
>> Generate s=-2 MSTModes 53.032511
>> Generate s=-1 MSTModes 54.511996
>> Generate hκModes 141.931892
3. Jumps
>> 0.414278
>> 2.378608
>> 3.977796
>> 4.286647
>> 53.919713
>> 19.48239
>> LinearSolve for s1 and κ jumps 0.004533
>> κ and s1 jumps 85.427815
4. Prepare grid and mode functions.
>> s=-2 MSTModes 0.223985
>> MMp2gridL 1.280119
>> MMp2gridR 5.174619
>> s=-1 MSTModes 0.069751
>> MMp1gridL 0.049471
>> MMp1gridR 0.170642
>> s=0 MSTModes 0.157229
A. Fill 1D grid.
>> s = 2, UP ... 37.071712
>> s = 1, UP ... 1.359586
>> s = 0, UP ... 7.907847
>> s = 2, IN ... 14.712944
>> s = 1, IN ... 1.117259
>> s = 0, IN ... 2.605262
1. Preliminaries.
Calculating B-matrices and Eigenvalues
2. Generate MSTModes
>> Generate s=-2 MSTModes 60.86094
>> Generate s=-1 MSTModes 62.139323
>> Generate hκModes 134.16702
3. Jumps
>> 0.386441
>> 2.428644
>> 4.413175
>> 4.105064
>> 53.087864
>> 18.141811
>> LinearSolve for s1 and κ jumps 0.842195
>> κ and s1 jumps 84.177756
4. Prepare grid and mode functions.
>> s=-2 MSTModes 0.205008
>> MMp2gridL 1.30392
>> MMp2gridR 5.304707
>> s=-1 MSTModes 0.111114
>> MMp1gridL 0.076045
>> MMp1gridR 0.303492
>> s=0 MSTModes 0.172166
A. Fill 1D grid.
>> s = 2, UP ... 35.975173
>> s = 1, UP ... 8.430269
>> s = 0, UP ... 11.15429
>> s = 2, IN ... 14.752105
>> s = 1, IN ... 1.937601
>> s = 0, IN ... 2.835383
1. Preliminaries.
Calculating B-matrices and Eigenvalues
2. Generate MSTModes
>> Generate s=-2 MSTModes 67.746339
>> Generate s=-1 MSTModes 67.504435
>> Generate hκModes 128.235705
3. Jumps
>> 0.370308
>> 2.087702
>> 4.553661
>> 3.524029
>> 46.257094
>> 15.709549
>> LinearSolve for s1 and κ jumps 1.212788
>> κ and s1 jumps 74.418031
4. Prepare grid and mode functions.
>> s=-2 MSTModes 0.212269
>> MMp2gridL 1.242124
>> MMp2gridR 5.022661
>> s=-1 MSTModes 0.106245
>> MMp1gridL 0.071051
>> MMp1gridR 0.289602
>> s=0 MSTModes 0.175474
A. Fill 1D grid.
>> s = 2, UP ... 34.297851
>> s = 1, UP ... 8.081519
>> s = 0, UP ... 10.810011
>> s = 2, IN ... 14.510491
>> s = 1, IN ... 1.893004
>> s = 0, IN ... 2.782124
1. Preliminaries.
Calculating B-matrices and Eigenvalues
2. Generate MSTModes
>> Generate s=-2 MSTModes 74.493664
>> Generate s=-1 MSTModes 73.608732
>> Generate hκModes 124.064568
3. Jumps
>> 0.344572
>> 1.982579
>> 4.631506
>> 3.030782
>> 41.876788
>> 13.688705
>> LinearSolve for s1 and κ jumps 1.215436
>> κ and s1 jumps 67.409438
4. Prepare grid and mode functions.
>> s=-2 MSTModes 0.232205
>> MMp2gridL 1.177707
>> MMp2gridR 4.943
>> s=-1 MSTModes 0.103802
>> MMp1gridL 0.070158
>> MMp1gridR 0.278961
>> s=0 MSTModes 0.165638
A. Fill 1D grid.
>> s = 2, UP ... 32.558688
>> s = 1, UP ... 7.477056
>> s = 0, UP ... 10.455975
>> s = 2, IN ... 14.265025
>> s = 1, IN ... 1.838755
>> s = 0, IN ... 2.716081
1. Preliminaries.
Calculating B-matrices and Eigenvalues
2. Generate MSTModes
>> Generate s=-2 MSTModes 81.399879
>> Generate s=-1 MSTModes 79.78235
>> Generate hκModes 120.619947
3. Jumps
>> 0.3238
>> 1.715648
>> 4.599318
>> 2.667085
>> 36.630352
>> 12.231753
>> LinearSolve for s1 and κ jumps 1.166121
>> κ and s1 jumps 59.966143
4. Prepare grid and mode functions.
>> s=-2 MSTModes 0.1939
>> MMp2gridL 1.163315
>> MMp2gridR 4.792119
>> s=-1 MSTModes 0.101314
>> MMp1gridL 0.068079
>> MMp1gridR 0.269163
>> s=0 MSTModes 0.158038
A. Fill 1D grid.
>> s = 2, UP ... 31.112754
>> s = 1, UP ... 7.04901
>> s = 0, UP ... 9.641653
>> s = 2, IN ... 14.026501
>> s = 1, IN ... 1.770306
>> s = 0, IN ... 2.628312
1. Preliminaries.
Calculating B-matrices and Eigenvalues
2. Generate MSTModes
>> Generate s=-2 MSTModes 88.925669
>> Generate s=-1 MSTModes 86.994852
>> Generate hκModes 117.013388
3. Jumps
>> 0.310566
>> 1.561868
>> 4.553282
>> 8.374897
>> 58.221116
>> 34.785234
>> LinearSolve for s1 and κ jumps 1.204097
>> κ and s1 jumps 109.618708
4. Prepare grid and mode functions.
>> s=-2 MSTModes 0.178371
>> MMp2gridL 1.077669
>> MMp2gridR 4.467379
>> s=-1 MSTModes 0.096418
>> MMp1gridL 0.064986
>> MMp1gridR 0.257549
>> s=0 MSTModes 0.153825
A. Fill 1D grid.
>> s = 2, UP ... 28.713245
>> s = 1, UP ... 6.375609
>> s = 0, UP ... 12.959895
>> s = 2, IN ... 13.513559
>> s = 1, IN ... 1.696752
>> s = 0, IN ... 3.205064
1. Preliminaries.
Calculating B-matrices and Eigenvalues
2. Generate MSTModes
>> Generate s=-2 MSTModes 95.04883
>> Generate s=-1 MSTModes 93.681484
>> Generate hκModes 115.250638
3. Jumps
>> 0.3023
>> 1.347234
>> 4.421929
>> 7.024487
>> 48.931848
>> 29.240851
>> LinearSolve for s1 and κ jumps 1.103242
>> κ and s1 jumps 92.853804
4. Prepare grid and mode functions.
>> s=-2 MSTModes 0.175998
>> MMp2gridL 1.012126
>> MMp2gridR 4.203157
>> s=-1 MSTModes 0.090155
>> MMp1gridL 0.061203
>> MMp1gridR 0.240005
>> s=0 MSTModes 0.144902
A. Fill 1D grid.
>> s = 2, UP ... 26.828675
>> s = 1, UP ... 5.911004
>> s = 0, UP ... 11.862102
>> s = 2, IN ... 13.09615
>> s = 1, IN ... 1.625772
>> s = 0, IN ... 2.998207
1. Preliminaries.
Calculating B-matrices and Eigenvalues
2. Generate MSTModes
>> Generate s=-2 MSTModes 100.927538
>> Generate s=-1 MSTModes 99.057498
>> Generate hκModes 111.498014
3. Jumps
>> 0.274563
>> 1.198841
>> 4.133491
>> 6.091734
>> 42.85071
>> 25.414559
>> LinearSolve for s1 and κ jumps 1.070208
>> κ and s1 jumps 81.565464
4. Prepare grid and mode functions.
>> s=-2 MSTModes 0.166883
>> MMp2gridL 0.950856
>> MMp2gridR 3.935004
>> s=-1 MSTModes 0.085082
>> MMp1gridL 0.057791
>> MMp1gridR 0.224227
>> s=0 MSTModes 0.132659
A. Fill 1D grid.
>> s = 2, UP ... 25.092322
>> s = 1, UP ... 5.381701
>> s = 0, UP ... 10.90803
>> s = 2, IN ... 12.765605
>> s = 1, IN ... 1.56713
>> s = 0, IN ... 2.935909
1. Preliminaries.
Calculating B-matrices and Eigenvalues
2. Generate MSTModes
>> Generate s=-2 MSTModes 104.060445
>> Generate s=-1 MSTModes 102.184565
>> Generate hκModes 105.961738
3. Jumps
>> 0.267667
>> 1.072999
>> 3.958384
>> 4.857086
>> 36.372693
>> 21.01025
>> LinearSolve for s1 and κ jumps 0.009153
>> κ and s1 jumps 67.947321
4. Prepare grid and mode functions.
>> s=-2 MSTModes 0.189604
>> MMp2gridL 0.929534
>> MMp2gridR 3.732272
>> s=-1 MSTModes 0.083421
>> MMp1gridL 0.057929
>> MMp1gridR 0.222634
>> s=0 MSTModes 0.131204
A. Fill 1D grid.
>> s = 2, UP ... 23.132243
>> s = 1, UP ... 4.777878
>> s = 0, UP ... 9.500109
