Task 199 on node678.cluster: a=0.2 r0=17.5
Job started: a = 0.2, r0 = 17.5, savepath = /lustre/astro/dyson/DataFiles/KerrCircDiskData/h1_radial
Warning: rstarmin is outside the allowed range.
Now we Calculate the Radiative Solutions
1. Preliminaries.
Calculating B-matrices and Eigenvalues
2. Generate MSTModes
>> Generate s=-2 MSTModes 45.973866
>> Generate s=-1 MSTModes 46.030099
>> Generate hκModes 128.994175
3. Jumps
>> 0.396748
>> 2.252031
>> 3.584606
>> 4.18106
>> 50.679502
>> 19.037486
>> LinearSolve for s1 and κ jumps 0.004661
>> κ and s1 jumps 81.076245
4. Prepare grid and mode functions.
>> s=-2 MSTModes 0.218417
>> MMp2gridL 1.666138
>> MMp2gridR 4.593915
>> s=-1 MSTModes 0.069645
>> MMp1gridL 0.063965
>> MMp1gridR 0.153844
>> s=0 MSTModes 0.157564
A. Fill 1D grid.
>> s = 2, UP ... 31.979459
>> s = 1, UP ... 1.236325
>> s = 0, UP ... 7.258455
>> s = 2, IN ... 19.813744
>> s = 1, IN ... 1.465059
>> s = 0, IN ... 3.536209
1. Preliminaries.
Calculating B-matrices and Eigenvalues
2. Generate MSTModes
>> Generate s=-2 MSTModes 66.081695
>> Generate s=-1 MSTModes 66.426227
>> Generate hκModes 134.629712
3. Jumps
>> 0.384444
>> 2.359097
>> 4.185188
>> 4.063883
>> 51.383087
>> 17.56017
>> LinearSolve for s1 and κ jumps 0.399521
>> κ and s1 jumps 81.134947
4. Prepare grid and mode functions.
>> s=-2 MSTModes 0.201083
>> MMp2gridL 1.684596
>> MMp2gridR 4.716927
>> s=-1 MSTModes 0.111413
>> MMp1gridL 0.09848
>> MMp1gridR 0.27101
>> s=0 MSTModes 0.175226
A. Fill 1D grid.
>> s = 2, UP ... 31.297253
>> s = 1, UP ... 6.901456
>> s = 0, UP ... 9.723354
>> s = 2, IN ... 19.765146
>> s = 1, IN ... 2.641841
>> s = 0, IN ... 3.904659
1. Preliminaries.
Calculating B-matrices and Eigenvalues
2. Generate MSTModes
>> Generate s=-2 MSTModes 72.931324
>> Generate s=-1 MSTModes 72.498162
>> Generate hκModes 128.081928
3. Jumps
>> 0.373178
>> 2.219171
>> 4.249153
>> 3.406991
>> 45.813009
>> 15.301003
>> LinearSolve for s1 and κ jumps 1.229646
>> κ and s1 jumps 73.347295
4. Prepare grid and mode functions.
>> s=-2 MSTModes 0.196797
>> MMp2gridL 1.632662
>> MMp2gridR 4.527686
>> s=-1 MSTModes 0.106467
>> MMp1gridL 0.094499
>> MMp1gridR 0.260556
>> s=0 MSTModes 0.169694
A. Fill 1D grid.
>> s = 2, UP ... 29.799971
>> s = 1, UP ... 6.65637
>> s = 0, UP ... 9.333734
>> s = 2, IN ... 19.232534
>> s = 1, IN ... 2.549038
>> s = 0, IN ... 3.760798
1. Preliminaries.
Calculating B-matrices and Eigenvalues
2. Generate MSTModes
>> Generate s=-2 MSTModes 78.787337
>> Generate s=-1 MSTModes 77.769895
>> Generate hκModes 122.865263
3. Jumps
>> 0.352753
>> 2.016764
>> 4.290204
>> 3.072868
>> 41.712092
>> 13.651743
>> LinearSolve for s1 and κ jumps 0.876249
>> κ and s1 jumps 66.619612
4. Prepare grid and mode functions.
>> s=-2 MSTModes 0.197909
>> MMp2gridL 1.548236
>> MMp2gridR 4.313545
>> s=-1 MSTModes 0.10164
>> MMp1gridL 0.091877
>> MMp1gridR 0.248216
>> s=0 MSTModes 0.163944
A. Fill 1D grid.
>> s = 2, UP ... 28.167567
>> s = 1, UP ... 6.217605
>> s = 0, UP ... 8.812786
>> s = 2, IN ... 18.490703
>> s = 1, IN ... 2.407922
>> s = 0, IN ... 3.618087
1. Preliminaries.
Calculating B-matrices and Eigenvalues
2. Generate MSTModes
>> Generate s=-2 MSTModes 84.045363
>> Generate s=-1 MSTModes 83.464747
>> Generate hκModes 116.785332
3. Jumps
>> 0.325801
>> 1.734136
>> 4.272509
>> 2.524752
>> 35.815206
>> 11.294328
>> LinearSolve for s1 and κ jumps 0.830865
>> κ and s1 jumps 57.392324
4. Prepare grid and mode functions.
>> s=-2 MSTModes 0.186176
>> MMp2gridL 1.480352
>> MMp2gridR 4.129637
>> s=-1 MSTModes 0.097677
>> MMp1gridL 0.086526
>> MMp1gridR 0.236229
>> s=0 MSTModes 0.156396
A. Fill 1D grid.
>> s = 2, UP ... 26.677703
>> s = 1, UP ... 5.834004
>> s = 0, UP ... 8.496678
>> s = 2, IN ... 18.173511
>> s = 1, IN ... 2.281912
>> s = 0, IN ... 3.450878
1. Preliminaries.
Calculating B-matrices and Eigenvalues
2. Generate MSTModes
>> Generate s=-2 MSTModes 88.326543
>> Generate s=-1 MSTModes 88.35521
>> Generate hκModes 113.372999
3. Jumps
>> 0.305346
>> 1.59316
>> 4.198371
>> 2.233836
>> 31.900044
>> 9.963552
>> LinearSolve for s1 and κ jumps 1.053606
>> κ and s1 jumps 51.823276
4. Prepare grid and mode functions.
>> s=-2 MSTModes 0.182455
>> MMp2gridL 1.429107
>> MMp2gridR 3.960492
>> s=-1 MSTModes 0.093458
>> MMp1gridL 0.084142
>> MMp1gridR 0.225833
>> s=0 MSTModes 0.144828
A. Fill 1D grid.
>> s = 2, UP ... 25.337966
>> s = 1, UP ... 5.325809
>> s = 0, UP ... 7.990251
>> s = 2, IN ... 17.654312
>> s = 1, IN ... 2.225398
>> s = 0, IN ... 3.318392
1. Preliminaries.
Calculating B-matrices and Eigenvalues
2. Generate MSTModes
>> Generate s=-2 MSTModes 93.161629
>> Generate s=-1 MSTModes 93.865977
>> Generate hκModes 109.264001
3. Jumps
>> 0.293179
>> 1.338052
>> 4.084352
>> 1.883619
>> 27.443044
>> 8.414086
>> LinearSolve for s1 and κ jumps 1.03766
>> κ and s1 jumps 45.024436
4. Prepare grid and mode functions.
>> s=-2 MSTModes 0.175937
>> MMp2gridL 1.351687
>> MMp2gridR 3.805371
>> s=-1 MSTModes 0.090541
>> MMp1gridL 0.082958
>> MMp1gridR 0.222886
>> s=0 MSTModes 0.140406
A. Fill 1D grid.
>> s = 2, UP ... 24.075032
>> s = 1, UP ... 5.180087
>> s = 0, UP ... 7.703538
>> s = 2, IN ... 17.133997
>> s = 1, IN ... 2.113279
>> s = 0, IN ... 3.188146
1. Preliminaries.
Calculating B-matrices and Eigenvalues
2. Generate MSTModes
>> Generate s=-2 MSTModes 96.48788
>> Generate s=-1 MSTModes 97.304883
>> Generate hκModes 104.924716
3. Jumps
>> 0.281737
>> 1.192948
>> 4.025973
>> 1.617785
>> 24.091342
>> 7.130416
>> LinearSolve for s1 and κ jumps 0.827807
>> κ and s1 jumps 39.575221
4. Prepare grid and mode functions.
>> s=-2 MSTModes 0.206301
>> MMp2gridL 1.314508
>> MMp2gridR 3.687704
>> s=-1 MSTModes 0.08799
>> MMp1gridL 0.081065
>> MMp1gridR 0.216929
>> s=0 MSTModes 0.139193
A. Fill 1D grid.
>> s = 2, UP ... 22.878516
>> s = 1, UP ... 4.923224
>> s = 0, UP ... 7.257827
>> s = 2, IN ... 16.979929
>> s = 1, IN ... 2.010469
>> s = 0, IN ... 3.052662
1. Preliminaries.
Calculating B-matrices and Eigenvalues
2. Generate MSTModes
>> Generate s=-2 MSTModes 99.360474
>> Generate s=-1 MSTModes 100.11453
>> Generate hκModes 99.862686
3. Jumps
>> 0.269948
>> 1.052933
>> 3.823729
>> 1.404681
>> 21.555941
>> 6.252851
>> LinearSolve for s1 and κ jumps 0.010236
>> κ and s1 jumps 34.734314
4. Prepare grid and mode functions.
>> s=-2 MSTModes 0.193779
>> MMp2gridL 1.234388
>> MMp2gridR 3.563765
>> s=-1 MSTModes 0.083781
>> MMp1gridL 0.075713
>> MMp1gridR 0.204845
>> s=0 MSTModes 0.135184
A. Fill 1D grid.
>> s = 2, UP ... 21.593107
>> s = 1, UP ... 4.600861
>> s = 0, UP ... 6.686319
>> s = 2, IN ... 16.504044
>> s = 1, IN ... 1.939297
>> s = 0, IN ... 2.948335
1. Preliminaries.
Calculating B-matrices and Eigenvalues
2. Generate MSTModes
>> Generate s=-2 MSTModes 105.204154
>> Generate s=-1 MSTModes 102.637013
>> Generate hκModes 97.934546
3. Jumps
>> 0.261093
>> 0.978013
>> 3.702424
>> 1.268765
>> 19.27906
>> 5.555949
>> LinearSolve for s1 and κ jumps 0.008447
>> κ and s1 jumps 31.386751
4. Prepare grid and mode functions.
>> s=-2 MSTModes 0.190227
>> MMp2gridL 1.235523
>> MMp2gridR 3.373123
>> s=-1 MSTModes 0.080639
>> MMp1gridL 0.074098
>> MMp1gridR 0.198725
>> s=0 MSTModes 0.123774
A. Fill 1D grid.
>> s = 2, UP ... 20.297
>> s = 1, UP ... 4.219192
>> s = 0, UP ... 6.357334
