Task 7 on node678.cluster: a=0.001 r0=9.5
Job started: a = 0.001, r0 = 9.5, savepath = /lustre/astro/dyson/DataFiles/KerrCircDiskData/h1_radial
Warning: rstarmin is outside the allowed range.
Now we Calculate the Radiative Solutions
1. Preliminaries.
Calculating B-matrices and Eigenvalues
2. Generate MSTModes
>> Generate s=-2 MSTModes 53.053412
>> Generate s=-1 MSTModes 51.449338
>> Generate hκModes 141.946378
3. Jumps
>> 0.43058
>> 2.369838
>> 4.326959
>> 4.379014
>> 54.331022
>> 19.473327
>> LinearSolve for s1 and κ jumps 0.003965
>> κ and s1 jumps 86.281939
4. Prepare grid and mode functions.
>> s=-2 MSTModes 0.226414
>> MMp2gridL 0.86644
>> MMp2gridR 5.779104
>> s=-1 MSTModes 0.070264
>> MMp1gridL 0.034459
>> MMp1gridR 0.183629
>> s=0 MSTModes 0.159277
A. Fill 1D grid.
>> s = 2, UP ... 40.410756
>> s = 1, UP ... 1.452989
>> s = 0, UP ... 9.190954
>> s = 2, IN ... 10.530836
>> s = 1, IN ... 0.840013
>> s = 0, IN ... 1.793909
1. Preliminaries.
Calculating B-matrices and Eigenvalues
2. Generate MSTModes
>> Generate s=-2 MSTModes 62.161666
>> Generate s=-1 MSTModes 60.008448
>> Generate hκModes 134.301156
3. Jumps
>> 0.383788
>> 2.397904
>> 4.722448
>> 3.94269
>> 52.254226
>> 17.733039
>> LinearSolve for s1 and κ jumps 0.456088
>> κ and s1 jumps 82.64093
4. Prepare grid and mode functions.
>> s=-2 MSTModes 0.200409
>> MMp2gridL 0.854185
>> MMp2gridR 5.716289
>> s=-1 MSTModes 0.110828
>> MMp1gridL 0.049802
>> MMp1gridR 0.325668
>> s=0 MSTModes 0.178013
A. Fill 1D grid.
>> s = 2, UP ... 38.600825
>> s = 1, UP ... 8.89154
>> s = 0, UP ... 12.49511
>> s = 2, IN ... 10.463315
>> s = 1, IN ... 1.366124
>> s = 0, IN ... 1.994303
1. Preliminaries.
Calculating B-matrices and Eigenvalues
2. Generate MSTModes
>> Generate s=-2 MSTModes 69.954649
>> Generate s=-1 MSTModes 67.877466
>> Generate hκModes 131.285192
3. Jumps
>> 0.366878
>> 2.138251
>> 4.873646
>> 3.350416
>> 45.09434
>> 14.893361
>> LinearSolve for s1 and κ jumps 0.566605
>> κ and s1 jumps 72.004097
4. Prepare grid and mode functions.
>> s=-2 MSTModes 0.195598
>> MMp2gridL 0.801602
>> MMp2gridR 5.397171
>> s=-1 MSTModes 0.107341
>> MMp1gridL 0.048323
>> MMp1gridR 0.312653
>> s=0 MSTModes 0.176203
A. Fill 1D grid.
>> s = 2, UP ... 35.641486
>> s = 1, UP ... 8.294994
>> s = 0, UP ... 11.795113
>> s = 2, IN ... 9.951011
>> s = 1, IN ... 1.30256
>> s = 0, IN ... 1.911192
1. Preliminaries.
Calculating B-matrices and Eigenvalues
2. Generate MSTModes
>> Generate s=-2 MSTModes 78.179938
>> Generate s=-1 MSTModes 76.453776
>> Generate hκModes 131.360812
3. Jumps
>> 0.346385
>> 1.90081
>> 5.04008
>> 2.943276
>> 40.052635
>> 12.917277
>> LinearSolve for s1 and κ jumps 0.617199
>> κ and s1 jumps 64.463738
4. Prepare grid and mode functions.
>> s=-2 MSTModes 0.192427
>> MMp2gridL 0.762488
>> MMp2gridR 5.116295
>> s=-1 MSTModes 0.103816
>> MMp1gridL 0.045656
>> MMp1gridR 0.296241
>> s=0 MSTModes 0.167026
A. Fill 1D grid.
>> s = 2, UP ... 33.463981
>> s = 1, UP ... 7.661796
>> s = 0, UP ... 11.029883
>> s = 2, IN ... 9.452959
>> s = 1, IN ... 1.219129
>> s = 0, IN ... 1.790249
1. Preliminaries.
Calculating B-matrices and Eigenvalues
2. Generate MSTModes
>> Generate s=-2 MSTModes 86.553447
>> Generate s=-1 MSTModes 85.198667
>> Generate hκModes 130.072599
3. Jumps
>> 0.330501
>> 1.724836
>> 5.267888
>> 2.580634
>> 35.799258
>> 11.199988
>> LinearSolve for s1 and κ jumps 0.318264
>> κ and s1 jumps 57.849234
4. Prepare grid and mode functions.
>> s=-2 MSTModes 0.18539
>> MMp2gridL 0.736216
>> MMp2gridR 4.937327
>> s=-1 MSTModes 0.097329
>> MMp1gridL 0.044007
>> MMp1gridR 0.282166
>> s=0 MSTModes 0.15719
A. Fill 1D grid.
>> s = 2, UP ... 31.227005
>> s = 1, UP ... 7.139539
>> s = 0, UP ... 10.331478
>> s = 2, IN ... 9.213546
>> s = 1, IN ... 1.164802
>> s = 0, IN ... 1.701578
1. Preliminaries.
Calculating B-matrices and Eigenvalues
2. Generate MSTModes
>> Generate s=-2 MSTModes 95.807562
>> Generate s=-1 MSTModes 95.205907
>> Generate hκModes 128.699494
3. Jumps
>> 0.301454
>> 1.507361
>> 5.071597
>> 2.144116
>> 31.332723
>> 9.511763
>> LinearSolve for s1 and κ jumps 1.244842
>> κ and s1 jumps 51.706514
4. Prepare grid and mode functions.
>> s=-2 MSTModes 0.194574
>> MMp2gridL 0.700205
>> MMp2gridR 4.759543
>> s=-1 MSTModes 0.09321
>> MMp1gridL 0.042386
>> MMp1gridR 0.273634
>> s=0 MSTModes 0.148391
A. Fill 1D grid.
>> s = 2, UP ... 29.69606
>> s = 1, UP ... 6.76964
>> s = 0, UP ... 9.568077
>> s = 2, IN ... 8.871775
>> s = 1, IN ... 1.085063
>> s = 0, IN ... 1.633804
1. Preliminaries.
Calculating B-matrices and Eigenvalues
2. Generate MSTModes
>> Generate s=-2 MSTModes 104.428392
>> Generate s=-1 MSTModes 104.269246
>> Generate hκModes 126.313427
3. Jumps
>> 0.294451
>> 1.318601
>> 4.463642
>> 1.872755
>> 27.312528
>> 8.223512
>> LinearSolve for s1 and κ jumps 1.018628
>> κ and s1 jumps 44.94433
4. Prepare grid and mode functions.
>> s=-2 MSTModes 0.203018
>> MMp2gridL 0.655491
>> MMp2gridR 4.407162
>> s=-1 MSTModes 0.091146
>> MMp1gridL 0.040853
>> MMp1gridR 0.255674
>> s=0 MSTModes 0.145607
A. Fill 1D grid.
>> s = 2, UP ... 27.131994
>> s = 1, UP ... 5.865007
>> s = 0, UP ... 8.884379
>> s = 2, IN ... 8.571361
>> s = 1, IN ... 1.034348
>> s = 0, IN ... 1.527617
1. Preliminaries.
Calculating B-matrices and Eigenvalues
2. Generate MSTModes
>> Generate s=-2 MSTModes 110.982946
>> Generate s=-1 MSTModes 110.070492
>> Generate hκModes 123.900075
3. Jumps
>> 0.271774
>> 1.199093
>> 4.359263
>> 1.577416
