Task 635 on node656.cluster: a=0.9 r0=15.5
Job started: a = 0.9, r0 = 15.5, savepath = /lustre/astro/dyson/DataFiles/KerrCircDiskData/h1_radial
Warning: rstarmin is outside the allowed range.
Now we Calculate the Radiative Solutions
1. Preliminaries.
Calculating B-matrices and Eigenvalues
2. Generate MSTModes
>> Generate s=-2 MSTModes 53.552336
>> Generate s=-1 MSTModes 53.185787
>> Generate hκModes 131.404636
3. Jumps
>> 0.400293
>> 2.252092
>> 3.640591
>> 4.166672
>> 50.719204
>> 18.249497
>> LinearSolve for s1 and κ jumps 0.004777
>> κ and s1 jumps 80.32374
4. Prepare grid and mode functions.
>> s=-2 MSTModes 0.2051
>> MMp2gridL 1.349143
>> MMp2gridR 4.49776
>> s=-1 MSTModes 0.063877
>> MMp1gridL 0.052699
>> MMp1gridR 0.147737
>> s=0 MSTModes 0.145515
A. Fill 1D grid.
>> s = 2, UP ... 31.56544
>> s = 1, UP ... 1.189215
>> s = 0, UP ... 6.954751
>> s = 2, IN ... 15.532695
>> s = 1, IN ... 1.135833
>> s = 0, IN ... 2.729287
1. Preliminaries.
Calculating B-matrices and Eigenvalues
2. Generate MSTModes
>> Generate s=-2 MSTModes 59.109252
>> Generate s=-1 MSTModes 57.139474
>> Generate hκModes 113.059
3. Jumps
>> 0.320475
>> 1.998424
>> 3.551027
>> 3.260904
>> 42.867158
>> 14.665018
>> LinearSolve for s1 and κ jumps 0.870536
>> κ and s1 jumps 68.240541
4. Prepare grid and mode functions.
>> s=-2 MSTModes 0.167865
>> MMp2gridL 1.24055
>> MMp2gridR 4.114916
>> s=-1 MSTModes 0.093995
>> MMp1gridL 0.073185
>> MMp1gridR 0.241015
>> s=0 MSTModes 0.151131
A. Fill 1D grid.
>> s = 2, UP ... 27.875497
>> s = 1, UP ... 5.978298
>> s = 0, UP ... 8.63517
>> s = 2, IN ... 14.374208
>> s = 1, IN ... 1.902918
>> s = 0, IN ... 2.842839
1. Preliminaries.
Calculating B-matrices and Eigenvalues
2. Generate MSTModes
>> Generate s=-2 MSTModes 60.993439
>> Generate s=-1 MSTModes 60.050303
>> Generate hκModes 106.996559
3. Jumps
>> 0.312436
>> 1.859439
>> 3.528806
>> 10.808052
>> 73.643791
>> 47.015377
>> LinearSolve for s1 and κ jumps 0.976136
>> κ and s1 jumps 138.89958
4. Prepare grid and mode functions.
>> s=-2 MSTModes 0.164053
>> MMp2gridL 1.19873
>> MMp2gridR 3.950406
>> s=-1 MSTModes 0.089272
>> MMp1gridL 0.070216
>> MMp1gridR 0.23029
>> s=0 MSTModes 0.147948
A. Fill 1D grid.
>> s = 2, UP ... 25.783587
>> s = 1, UP ... 5.494762
>> s = 0, UP ... 11.206842
>> s = 2, IN ... 14.017695
>> s = 1, IN ... 1.8112
>> s = 0, IN ... 3.520415
1. Preliminaries.
Calculating B-matrices and Eigenvalues
2. Generate MSTModes
>> Generate s=-2 MSTModes 66.793129
>> Generate s=-1 MSTModes 66.160283
>> Generate hκModes 104.822407
3. Jumps
>> 0.289731
>> 1.618027
>> 3.623184
>> 9.369901
>> 63.645533
>> 40.125651
>> LinearSolve for s1 and κ jumps 1.383238
>> κ and s1 jumps 120.681502
4. Prepare grid and mode functions.
>> s=-2 MSTModes 0.159956
>> MMp2gridL 1.155868
>> MMp2gridR 3.821326
>> s=-1 MSTModes 0.087619
>> MMp1gridL 0.069743
>> MMp1gridR 0.225174
>> s=0 MSTModes 0.144934
A. Fill 1D grid.
>> s = 2, UP ... 24.734998
>> s = 1, UP ... 5.317179
>> s = 0, UP ... 10.722439
>> s = 2, IN ... 13.8782
>> s = 1, IN ... 1.778518
>> s = 0, IN ... 3.426103
1. Preliminaries.
Calculating B-matrices and Eigenvalues
2. Generate MSTModes
>> Generate s=-2 MSTModes 73.663036
>> Generate s=-1 MSTModes 73.499766
>> Generate hκModes 102.639855
3. Jumps
>> 0.277025
>> 1.499442
>> 3.667837
>> 7.94688
>> 55.719491
>> 34.841396
>> LinearSolve for s1 and κ jumps 1.125253
>> κ and s1 jumps 105.663992
4. Prepare grid and mode functions.
>> s=-2 MSTModes 0.157063
>> MMp2gridL 1.108712
>> MMp2gridR 3.664878
>> s=-1 MSTModes 0.084425
>> MMp1gridL 0.067908
>> MMp1gridR 0.214629
>> s=0 MSTModes 0.13559
A. Fill 1D grid.
>> s = 2, UP ... 23.496633
>> s = 1, UP ... 4.994733
>> s = 0, UP ... 10.015255
>> s = 2, IN ... 13.522031
>> s = 1, IN ... 1.687688
>> s = 0, IN ... 3.28843
1. Preliminaries.
Calculating B-matrices and Eigenvalues
2. Generate MSTModes
>> Generate s=-2 MSTModes 80.607533
>> Generate s=-1 MSTModes 79.349295
>> Generate hκModes 100.336755
3. Jumps
>> 0.258488
>> 1.336383
>> 3.601
>> 6.969927
>> 48.887819
>> 29.781206
>> LinearSolve for s1 and κ jumps 1.169599
>> κ and s1 jumps 92.518537
4. Prepare grid and mode functions.
>> s=-2 MSTModes 0.153251
>> MMp2gridL 1.078514
>> MMp2gridR 3.539368
>> s=-1 MSTModes 0.082491
>> MMp1gridL 0.06611
>> MMp1gridR 0.208768
>> s=0 MSTModes 0.134427
A. Fill 1D grid.
>> s = 2, UP ... 22.339677
>> s = 1, UP ... 4.735717
>> s = 0, UP ... 9.614006
>> s = 2, IN ... 13.361048
>> s = 1, IN ... 1.662912
>> s = 0, IN ... 3.145853
1. Preliminaries.
Calculating B-matrices and Eigenvalues
2. Generate MSTModes
>> Generate s=-2 MSTModes 85.619782
>> Generate s=-1 MSTModes 85.31748
>> Generate hκModes 97.641135
3. Jumps
>> 0.255083
>> 1.189305
>> 3.561615
>> 5.963922
>> 42.571472
>> 25.611144
>> LinearSolve for s1 and κ jumps 1.131671
>> κ and s1 jumps 80.87924
4. Prepare grid and mode functions.
>> s=-2 MSTModes 0.147576
>> MMp2gridL 1.029326
>> MMp2gridR 3.391426
>> s=-1 MSTModes 0.079204
>> MMp1gridL 0.063545
>> MMp1gridR 0.202464
>> s=0 MSTModes 0.128601
A. Fill 1D grid.
>> s = 2, UP ... 21.398053
>> s = 1, UP ... 4.519689
>> s = 0, UP ... 8.954819
>> s = 2, IN ... 13.144086
>> s = 1, IN ... 1.594727
>> s = 0, IN ... 3.025689
1. Preliminaries.
Calculating B-matrices and Eigenvalues
2. Generate MSTModes
>> Generate s=-2 MSTModes 90.709262
>> Generate s=-1 MSTModes 89.426197
>> Generate hκModes 95.143251
3. Jumps
>> 0.240307
>> 1.028225
>> 3.459027
>> 5.169594
>> 37.389503
>> 22.251647
>> LinearSolve for s1 and κ jumps 1.004468
>> κ and s1 jumps 70.944461
4. Prepare grid and mode functions.
>> s=-2 MSTModes 0.176797
>> MMp2gridL 0.983702
>> MMp2gridR 3.270612
>> s=-1 MSTModes 0.076657
>> MMp1gridL 0.061787
>> MMp1gridR 0.194444
>> s=0 MSTModes 0.123299
A. Fill 1D grid.
>> s = 2, UP ... 20.05128
>> s = 1, UP ... 4.190679
>> s = 0, UP ... 8.414878
>> s = 2, IN ... 12.846011
>> s = 1, IN ... 1.521349
>> s = 0, IN ... 2.864656
1. Preliminaries.
Calculating B-matrices and Eigenvalues
2. Generate MSTModes
>> Generate s=-2 MSTModes 93.994935
>> Generate s=-1 MSTModes 91.584756
>> Generate hκModes 92.014406
3. Jumps
>> 0.234154
>> 0.936021
>> 3.39819
>> 4.369764
>> 32.129262
>> 18.759062
>> LinearSolve for s1 and κ jumps 0.007548
>> κ and s1 jumps 60.181031
4. Prepare grid and mode functions.
>> s=-2 MSTModes 0.169496
>> MMp2gridL 0.949507
>> MMp2gridR 3.098489
>> s=-1 MSTModes 0.07241
>> MMp1gridL 0.058791
>> MMp1gridR 0.186016
>> s=0 MSTModes 0.116372
A. Fill 1D grid.
>> s = 2, UP ... 18.829378
>> s = 1, UP ... 3.901425
>> s = 0, UP ... 7.766567
>> s = 2, IN ... 12.513554
>> s = 1, IN ... 1.438656
>> s = 0, IN ... 2.733488
1. Preliminaries.
Calculating B-matrices and Eigenvalues
2. Generate MSTModes
