Task 6 on node678.cluster: a=0.001 r0=9.0
Job started: a = 0.001, r0 = 9., savepath = /lustre/astro/dyson/DataFiles/KerrCircDiskData/h1_radial
Warning: rstarmin is outside the allowed range.
Now we Calculate the Radiative Solutions
1. Preliminaries.
Calculating B-matrices and Eigenvalues
2. Generate MSTModes
>> Generate s=-2 MSTModes 42.199876
>> Generate s=-1 MSTModes 41.521007
>> Generate hκModes 115.718431
3. Jumps
>> 0.352665
>> 2.017106
>> 3.561977
>> 3.803001
>> 45.13359
>> 17.181727
>> LinearSolve for s1 and κ jumps 0.002916
>> κ and s1 jumps 72.872597
4. Prepare grid and mode functions.
>> s=-2 MSTModes 0.20794
>> MMp2gridL 0.720996
>> MMp2gridR 5.014309
>> s=-1 MSTModes 0.063397
>> MMp1gridL 0.028804
>> MMp1gridR 0.166016
>> s=0 MSTModes 0.146394
A. Fill 1D grid.
>> s = 2, UP ... 34.400967
>> s = 1, UP ... 1.342197
>> s = 0, UP ... 7.895947
>> s = 2, IN ... 9.091774
>> s = 1, IN ... 0.745907
>> s = 0, IN ... 1.56678
1. Preliminaries.
Calculating B-matrices and Eigenvalues
2. Generate MSTModes
>> Generate s=-2 MSTModes 59.539914
>> Generate s=-1 MSTModes 61.182499
>> Generate hκModes 136.210574
3. Jumps
>> 0.387696
>> 2.563314
>> 5.139561
>> 4.074816
>> 52.603361
>> 17.983232
>> LinearSolve for s1 and κ jumps 1.331639
>> κ and s1 jumps 84.823768
4. Prepare grid and mode functions.
>> s=-2 MSTModes 0.210967
>> MMp2gridL 0.812323
>> MMp2gridR 5.816925
>> s=-1 MSTModes 0.112497
>> MMp1gridL 0.049002
>> MMp1gridR 0.335134
>> s=0 MSTModes 0.178324
A. Fill 1D grid.
>> s = 2, UP ... 39.071428
>> s = 1, UP ... 8.48921
>> s = 0, UP ... 12.257061
>> s = 2, IN ... 9.952882
>> s = 1, IN ... 1.290454
>> s = 0, IN ... 1.866619
1. Preliminaries.
Calculating B-matrices and Eigenvalues
2. Generate MSTModes
>> Generate s=-2 MSTModes 70.633121
>> Generate s=-1 MSTModes 69.411349
>> Generate hκModes 133.695388
3. Jumps
>> 0.3672
>> 2.216788
>> 4.86957
>> 3.594685
>> 45.487456
>> 15.706573
>> LinearSolve for s1 and κ jumps 1.218794
>> κ and s1 jumps 74.111376
4. Prepare grid and mode functions.
>> s=-2 MSTModes 0.203016
>> MMp2gridL 0.766119
>> MMp2gridR 5.489691
>> s=-1 MSTModes 0.107024
>> MMp1gridL 0.045957
>> MMp1gridR 0.315154
>> s=0 MSTModes 0.173846
A. Fill 1D grid.
>> s = 2, UP ... 36.321035
>> s = 1, UP ... 7.810583
>> s = 0, UP ... 11.543322
>> s = 2, IN ... 9.568501
>> s = 1, IN ... 1.21956
>> s = 0, IN ... 1.776605
1. Preliminaries.
Calculating B-matrices and Eigenvalues
2. Generate MSTModes
>> Generate s=-2 MSTModes 78.876065
>> Generate s=-1 MSTModes 78.258436
>> Generate hκModes 133.69823
3. Jumps
>> 0.342919
>> 1.951739
>> 4.895244
>> 2.915894
>> 40.226136
>> 13.200904
>> LinearSolve for s1 and κ jumps 0.615177
>> κ and s1 jumps 64.789273
4. Prepare grid and mode functions.
>> s=-2 MSTModes 0.191198
>> MMp2gridL 0.737636
>> MMp2gridR 5.202381
>> s=-1 MSTModes 0.101411
>> MMp1gridL 0.046051
>> MMp1gridR 0.299816
>> s=0 MSTModes 0.159791
A. Fill 1D grid.
>> s = 2, UP ... 33.859572
>> s = 1, UP ... 7.450848
>> s = 0, UP ... 10.662975
>> s = 2, IN ... 9.020556
>> s = 1, IN ... 1.124818
>> s = 0, IN ... 1.670469
1. Preliminaries.
Calculating B-matrices and Eigenvalues
2. Generate MSTModes
>> Generate s=-2 MSTModes 86.527551
>> Generate s=-1 MSTModes 86.385105
>> Generate hκModes 132.934775
3. Jumps
>> 0.339882
>> 1.792011
>> 4.807735
>> 2.494236
>> 35.594648
>> 11.121295
>> LinearSolve for s1 and κ jumps 0.614809
>> κ and s1 jumps 57.304864
4. Prepare grid and mode functions.
>> s=-2 MSTModes 0.207975
>> MMp2gridL 0.700106
>> MMp2gridR 5.033465
>> s=-1 MSTModes 0.099301
>> MMp1gridL 0.043029
>> MMp1gridR 0.287665
>> s=0 MSTModes 0.156339
A. Fill 1D grid.
>> s = 2, UP ... 32.016367
>> s = 1, UP ... 6.964221
>> s = 0, UP ... 9.830178
>> s = 2, IN ... 8.82082
>> s = 1, IN ... 1.082593
>> s = 0, IN ... 1.613886
1. Preliminaries.
Calculating B-matrices and Eigenvalues
2. Generate MSTModes
>> Generate s=-2 MSTModes 96.023869
>> Generate s=-1 MSTModes 95.75579
>> Generate hκModes 130.887915
3. Jumps
>> 0.314049
>> 1.59837
>> 4.699814
>> 2.189142
>> 32.229303
>> 9.928809
>> LinearSolve for s1 and κ jumps 0.400585
>> κ and s1 jumps 51.85588
4. Prepare grid and mode functions.
>> s=-2 MSTModes 0.212293
>> MMp2gridL 0.675519
>> MMp2gridR 4.868171
>> s=-1 MSTModes 0.097928
>> MMp1gridL 0.042568
>> MMp1gridR 0.284013
>> s=0 MSTModes 0.159879
A. Fill 1D grid.
>> s = 2, UP ... 30.066362
>> s = 1, UP ... 6.400751
>> s = 0, UP ... 9.632115
>> s = 2, IN ... 8.489094
>> s = 1, IN ... 1.047981
>> s = 0, IN ... 1.536733
1. Preliminaries.
Calculating B-matrices and Eigenvalues
2. Generate MSTModes
>> Generate s=-2 MSTModes 104.658664
>> Generate s=-1 MSTModes 105.385536
>> Generate hκModes 129.636373
3. Jumps
>> 0.302251
>> 1.405741
>> 4.563495
>> 1.943527
>> 27.995577
>> 8.386624
>> LinearSolve for s1 and κ jumps 1.215792
>> κ and s1 jumps 46.257453
4. Prepare grid and mode functions.
>> s=-2 MSTModes 0.216343
>> MMp2gridL 0.644756
>> MMp2gridR 4.566207
>> s=-1 MSTModes 0.091709
>> MMp1gridL 0.039767
>> MMp1gridR 0.270054
>> s=0 MSTModes 0.143266
A. Fill 1D grid.
>> s = 2, UP ... 28.226897
>> s = 1, UP ... 6.057295
>> s = 0, UP ... 8.94705
>> s = 2, IN ... 8.462997
>> s = 1, IN ... 1.005077
>> s = 0, IN ... 1.496831
1. Preliminaries.
Calculating B-matrices and Eigenvalues
2. Generate MSTModes
>> Generate s=-2 MSTModes 113.418427
>> Generate s=-1 MSTModes 114.080521
