Task 114 on node678.cluster: a=0.1 r0=19.0
Job started: a = 0.1, r0 = 19., savepath = /lustre/astro/dyson/DataFiles/KerrCircDiskData/h1_radial
Warning: rstarmin is outside the allowed range.
Now we Calculate the Radiative Solutions
1. Preliminaries.
Calculating B-matrices and Eigenvalues
2. Generate MSTModes
>> Generate s=-2 MSTModes 45.552195
>> Generate s=-1 MSTModes 44.74677

MetricReconstructRadiative`Private`hκTSolve::icaccuraccy: Warning: asymptotic expansion of order 40 at r=4000.000000000000000000000000000000000000000000000000000000000000 provides insufficiently accurate initial conditions to meet PrecsionGoal, 24.
>> Generate hκModes 118.257262
3. Jumps
>> 0.368009
>> 2.070943
>> 3.478894
>> 3.823937
>> 47.803898
>> 17.742787
>> LinearSolve for s1 and κ jumps 0.004435
>> κ and s1 jumps 76.201845
4. Prepare grid and mode functions.
>> s=-2 MSTModes 0.209723
>> MMp2gridL 1.731975
>> MMp2gridR 4.245331
>> s=-1 MSTModes 0.066289
>> MMp1gridL 0.066929
>> MMp1gridR 0.140359
>> s=0 MSTModes 0.147821
A. Fill 1D grid.
>> s = 2, UP ... 30.249901
>> s = 1, UP ... 1.141845
>> s = 0, UP ... 6.708918
>> s = 2, IN ... 20.518181
>> s = 1, IN ... 1.490285
>> s = 0, IN ... 3.681324
1. Preliminaries.
Calculating B-matrices and Eigenvalues
2. Generate MSTModes
>> Generate s=-2 MSTModes 63.171529
>> Generate s=-1 MSTModes 64.094132
>> Generate hκModes 131.174415
3. Jumps
>> 0.387869
>> 2.489307
>> 4.052279
>> 3.985281
>> 52.549187
>> 17.793285
>> LinearSolve for s1 and κ jumps 1.277163
>> κ and s1 jumps 83.382366
4. Prepare grid and mode functions.
>> s=-2 MSTModes 0.202962
>> MMp2gridL 1.901822
>> MMp2gridR 4.649466
>> s=-1 MSTModes 0.113257
>> MMp1gridL 0.112339
>> MMp1gridR 0.273928
>> s=0 MSTModes 0.183469
A. Fill 1D grid.
>> s = 2, UP ... 31.653254
>> s = 1, UP ... 7.132313
>> s = 0, UP ... 9.762025
>> s = 2, IN ... 21.622041
>> s = 1, IN ... 2.87037
>> s = 0, IN ... 4.176066
1. Preliminaries.
Calculating B-matrices and Eigenvalues
2. Generate MSTModes
>> Generate s=-2 MSTModes 71.674929
>> Generate s=-1 MSTModes 70.556973
>> Generate hκModes 124.917237
3. Jumps
>> 0.37847
>> 2.229488
>> 4.176182
>> 3.480772
>> 46.462217
>> 15.427491
>> LinearSolve for s1 and κ jumps 0.839704
>> κ and s1 jumps 73.668138
4. Prepare grid and mode functions.
>> s=-2 MSTModes 0.231067
>> MMp2gridL 1.826007
>> MMp2gridR 4.487399
>> s=-1 MSTModes 0.108863
>> MMp1gridL 0.107832
>> MMp1gridR 0.263103
>> s=0 MSTModes 0.175149
A. Fill 1D grid.
>> s = 2, UP ... 30.00301
>> s = 1, UP ... 6.619102
>> s = 0, UP ... 9.18886
>> s = 2, IN ... 20.808065
>> s = 1, IN ... 2.772756
>> s = 0, IN ... 4.101217
1. Preliminaries.
Calculating B-matrices and Eigenvalues
2. Generate MSTModes
>> Generate s=-2 MSTModes 76.690827
>> Generate s=-1 MSTModes 75.443674
>> Generate hκModes 118.698014
3. Jumps
>> 0.36244
>> 1.963403
>> 4.223809
>> 3.057548
>> 41.022815
>> 13.588275
>> LinearSolve for s1 and κ jumps 1.185831
>> κ and s1 jumps 66.034157
4. Prepare grid and mode functions.
>> s=-2 MSTModes 0.201478
>> MMp2gridL 1.773593
>> MMp2gridR 4.327701
>> s=-1 MSTModes 0.10502
>> MMp1gridL 0.105482
>> MMp1gridR 0.252502
>> s=0 MSTModes 0.168651
A. Fill 1D grid.
>> s = 2, UP ... 28.431117
>> s = 1, UP ... 6.240712
>> s = 0, UP ... 8.872733
>> s = 2, IN ... 20.455377
>> s = 1, IN ... 2.623523
>> s = 0, IN ... 3.937098
1. Preliminaries.
Calculating B-matrices and Eigenvalues
2. Generate MSTModes
>> Generate s=-2 MSTModes 81.217618
>> Generate s=-1 MSTModes 80.150172
>> Generate hκModes 114.075347
3. Jumps
>> 0.336683
>> 1.802345
>> 4.261755
>> 2.616274
>> 37.711438
>> 11.518349
>> LinearSolve for s1 and κ jumps 0.601302
>> κ and s1 jumps 59.444341
4. Prepare grid and mode functions.
>> s=-2 MSTModes 0.190337
>> MMp2gridL 1.67934
>> MMp2gridR 4.139188
>> s=-1 MSTModes 0.102456
>> MMp1gridL 0.10219
>> MMp1gridR 0.241508
>> s=0 MSTModes 0.162483
A. Fill 1D grid.
>> s = 2, UP ... 26.743724
>> s = 1, UP ... 5.747318
>> s = 0, UP ... 8.316427
>> s = 2, IN ... 20.186158
>> s = 1, IN ... 2.565931
>> s = 0, IN ... 3.758657
1. Preliminaries.
Calculating B-matrices and Eigenvalues
2. Generate MSTModes
>> Generate s=-2 MSTModes 86.162583
>> Generate s=-1 MSTModes 84.960926
>> Generate hκModes 109.877308
3. Jumps
>> 0.316973
>> 1.504749
>> 4.142362
>> 2.2824
>> 31.943508
>> 10.168519
>> LinearSolve for s1 and κ jumps 0.871181
>> κ and s1 jumps 51.797164
4. Prepare grid and mode functions.
>> s=-2 MSTModes 0.183644
>> MMp2gridL 1.608575
>> MMp2gridR 3.989262
>> s=-1 MSTModes 0.098983
>> MMp1gridL 0.098602
>> MMp1gridR 0.233354
>> s=0 MSTModes 0.157103
A. Fill 1D grid.
>> s = 2, UP ... 25.452652
>> s = 1, UP ... 5.411657
>> s = 0, UP ... 7.850533
>> s = 2, IN ... 19.604736
>> s = 1, IN ... 2.467698
>> s = 0, IN ... 3.651216
1. Preliminaries.
Calculating B-matrices and Eigenvalues
2. Generate MSTModes
>> Generate s=-2 MSTModes 90.76156
>> Generate s=-1 MSTModes 89.130054
>> Generate hκModes 104.844325
3. Jumps
>> 0.305038
>> 1.375898
>> 4.077183
>> 1.944538
>> 28.22298
>> 8.678096
>> LinearSolve for s1 and κ jumps 0.78581
>> κ and s1 jumps 45.898116
4. Prepare grid and mode functions.
>> s=-2 MSTModes 0.175217
>> MMp2gridL 1.53817
>> MMp2gridR 3.806531
>> s=-1 MSTModes 0.095423
>> MMp1gridL 0.096336
>> MMp1gridR 0.228302
>> s=0 MSTModes 0.146315
A. Fill 1D grid.
>> s = 2, UP ... 23.844461
>> s = 1, UP ... 5.106966
>> s = 0, UP ... 7.479412
>> s = 2, IN ... 19.315788
>> s = 1, IN ... 2.367551
>> s = 0, IN ... 3.513722
1. Preliminaries.
Calculating B-matrices and Eigenvalues
2. Generate MSTModes
>> Generate s=-2 MSTModes 94.683986
>> Generate s=-1 MSTModes 94.036093
>> Generate hκModes 100.998937
3. Jumps
>> 0.288548
>> 1.254957
>> 3.904296
>> 1.67324
>> 25.069113
>> 7.311034
>> LinearSolve for s1 and κ jumps 1.098011
>> κ and s1 jumps 41.099567
4. Prepare grid and mode functions.
>> s=-2 MSTModes 0.167563
>> MMp2gridL 1.440557
>> MMp2gridR 3.587999
>> s=-1 MSTModes 0.088561
>> MMp1gridL 0.089993
>> MMp1gridR 0.208453
>> s=0 MSTModes 0.141456
A. Fill 1D grid.
>> s = 2, UP ... 22.480721
>> s = 1, UP ... 4.775977
>> s = 0, UP ... 7.004674
>> s = 2, IN ... 18.779336
>> s = 1, IN ... 2.236894
>> s = 0, IN ... 3.397454
1. Preliminaries.
Calculating B-matrices and Eigenvalues
2. Generate MSTModes
>> Generate s=-2 MSTModes 95.949367
>> Generate s=-1 MSTModes 94.799605
>> Generate hκModes 97.469709
3. Jumps
>> 0.276903
>> 1.091143
>> 3.856352
>> 1.4229
>> 21.979756
>> 6.253271
>> LinearSolve for s1 and κ jumps 0.008694
>> κ and s1 jumps 35.248727
4. Prepare grid and mode functions.
>> s=-2 MSTModes 0.197712
>> MMp2gridL 1.364124
>> MMp2gridR 3.388877
>> s=-1 MSTModes 0.084025
>> MMp1gridL 0.084318
>> MMp1gridR 0.199958
>> s=0 MSTModes 0.134713
A. Fill 1D grid.
>> s = 2, UP ... 21.144985
>> s = 1, UP ... 4.518052
>> s = 0, UP ... 6.624782
>> s = 2, IN ... 18.324872
>> s = 1, IN ... 2.163256
>> s = 0, IN ... 3.248023
1. Preliminaries.
Calculating B-matrices and Eigenvalues
2. Generate MSTModes
>> Generate s=-2 MSTModes 100.683352
>> Generate s=-1 MSTModes 99.614811
>> Generate hκModes 93.82433
3. Jumps
>> 0.260391
>> 0.958195
>> 3.666446
>> 1.241773
>> 19.333799
>> 5.42656
>> LinearSolve for s1 and κ jumps 0.008171
>> κ and s1 jumps 31.217483
4. Prepare grid and mode functions.
>> s=-2 MSTModes 0.190432
>> MMp2gridL 1.310684
>> MMp2gridR 3.233329
>> s=-1 MSTModes 0.079562
>> MMp1gridL 0.080324
>> MMp1gridR 0.190092
>> s=0 MSTModes 0.121935
A. Fill 1D grid.
>> s = 2, UP ... 19.624604
>> s = 1, UP ... 4.194342
>> s = 0, UP ... 6.1067
>> s = 2, IN ... 17.937748
>> s = 1, IN ... 2.01604
>> s = 0, IN ... 3.144207
1. Preliminaries.
Calculating B-matrices and Eigenvalues
2. Generate MSTModes
>> Generate s=-2 MSTModes 99.587437
>> Generate s=-1 MSTModes 99.020616
>> Generate hκModes 91.445151
3. Jumps
