Task 634 on node656.cluster: a=0.9 r0=15.0
Job started: a = 0.9, r0 = 15., savepath = /lustre/astro/dyson/DataFiles/KerrCircDiskData/h1_radial
Warning: rstarmin is outside the allowed range.
Now we Calculate the Radiative Solutions
1. Preliminaries.
Calculating B-matrices and Eigenvalues
2. Generate MSTModes
>> Generate s=-2 MSTModes 53.535199
>> Generate s=-1 MSTModes 52.593546
>> Generate hκModes 132.057837
3. Jumps
>> 0.382248
>> 2.21619
>> 3.586441
>> 4.04509
>> 49.455908
>> 17.748706
>> LinearSolve for s1 and κ jumps 0.004772
>> κ and s1 jumps 78.335105
4. Prepare grid and mode functions.
>> s=-2 MSTModes 0.207484
>> MMp2gridL 1.300462
>> MMp2gridR 4.597837
>> s=-1 MSTModes 0.063601
>> MMp1gridL 0.049493
>> MMp1gridR 0.149739
>> s=0 MSTModes 0.145942
A. Fill 1D grid.
>> s = 2, UP ... 31.31384
>> s = 1, UP ... 1.17516
>> s = 0, UP ... 6.82596
>> s = 2, IN ... 15.007392
>> s = 1, IN ... 1.107891
>> s = 0, IN ... 2.626834
1. Preliminaries.
Calculating B-matrices and Eigenvalues
2. Generate MSTModes
>> Generate s=-2 MSTModes 58.93325
>> Generate s=-1 MSTModes 57.27986
>> Generate hκModes 112.636663
3. Jumps
>> 0.315691
>> 2.137325
>> 3.605378
>> 3.245945
>> 44.922439
>> 14.967277
>> LinearSolve for s1 and κ jumps 0.787502
>> κ and s1 jumps 70.62412
4. Prepare grid and mode functions.
>> s=-2 MSTModes 0.174938
>> MMp2gridL 1.206756
>> MMp2gridR 4.173364
>> s=-1 MSTModes 0.094632
>> MMp1gridL 0.071466
>> MMp1gridR 0.246765
>> s=0 MSTModes 0.151925
A. Fill 1D grid.
>> s = 2, UP ... 28.056757
>> s = 1, UP ... 5.878305
>> s = 0, UP ... 8.63157
>> s = 2, IN ... 13.991165
>> s = 1, IN ... 1.863772
>> s = 0, IN ... 2.745102
1. Preliminaries.
Calculating B-matrices and Eigenvalues
2. Generate MSTModes
>> Generate s=-2 MSTModes 60.760911
>> Generate s=-1 MSTModes 59.487115
>> Generate hκModes 107.197533
3. Jumps
>> 0.310777
>> 1.835341
>> 3.487957
>> 10.488536
>> 71.894953
>> 45.281253
>> LinearSolve for s1 and κ jumps 1.037708
>> κ and s1 jumps 135.103764
4. Prepare grid and mode functions.
>> s=-2 MSTModes 0.165004
>> MMp2gridL 1.162062
>> MMp2gridR 4.006746
>> s=-1 MSTModes 0.091697
>> MMp1gridL 0.069897
>> MMp1gridR 0.236294
>> s=0 MSTModes 0.147362
A. Fill 1D grid.
>> s = 2, UP ... 26.09166
>> s = 1, UP ... 5.587948
>> s = 0, UP ... 11.103605
>> s = 2, IN ... 13.499767
>> s = 1, IN ... 1.815276
>> s = 0, IN ... 3.428573
1. Preliminaries.
Calculating B-matrices and Eigenvalues
2. Generate MSTModes
>> Generate s=-2 MSTModes 66.768926
>> Generate s=-1 MSTModes 66.108866
>> Generate hκModes 104.592478
3. Jumps
>> 0.293413
>> 1.647536
>> 3.855367
>> 9.440464
>> 64.542875
>> 40.862467
>> LinearSolve for s1 and κ jumps 0.552915
>> κ and s1 jumps 121.858894
4. Prepare grid and mode functions.
>> s=-2 MSTModes 0.159274
>> MMp2gridL 1.11511
>> MMp2gridR 3.85276
>> s=-1 MSTModes 0.08977
>> MMp1gridL 0.067556
>> MMp1gridR 0.22886
>> s=0 MSTModes 0.145967
A. Fill 1D grid.
>> s = 2, UP ... 25.200156
>> s = 1, UP ... 5.314478
>> s = 0, UP ... 10.6467
>> s = 2, IN ... 13.386526
>> s = 1, IN ... 1.720677
>> s = 0, IN ... 3.328302
1. Preliminaries.
Calculating B-matrices and Eigenvalues
2. Generate MSTModes
>> Generate s=-2 MSTModes 74.483399
>> Generate s=-1 MSTModes 73.544928
>> Generate hκModes 102.732478
3. Jumps
>> 0.279715
>> 1.447575
>> 3.577024
>> 7.983666
>> 54.923529
>> 33.929169
>> LinearSolve for s1 and κ jumps 0.611897
>> κ and s1 jumps 103.351932
4. Prepare grid and mode functions.
>> s=-2 MSTModes 0.156184
>> MMp2gridL 1.071249
>> MMp2gridR 3.695915
>> s=-1 MSTModes 0.086043
>> MMp1gridL 0.065039
>> MMp1gridR 0.219465
>> s=0 MSTModes 0.137784
A. Fill 1D grid.
>> s = 2, UP ... 23.690755
>> s = 1, UP ... 5.050464
>> s = 0, UP ... 10.05996
>> s = 2, IN ... 13.034388
>> s = 1, IN ... 1.687813
>> s = 0, IN ... 3.159634
1. Preliminaries.
Calculating B-matrices and Eigenvalues
2. Generate MSTModes
>> Generate s=-2 MSTModes 81.245448
>> Generate s=-1 MSTModes 79.927574
>> Generate hκModes 100.585445
3. Jumps
>> 0.260837
>> 1.313972
>> 3.586945
>> 6.782614
>> 47.448743
>> 28.99904
>> LinearSolve for s1 and κ jumps 1.151759
>> κ and s1 jumps 90.066751
4. Prepare grid and mode functions.
>> s=-2 MSTModes 0.15504
>> MMp2gridL 1.040021
>> MMp2gridR 3.565874
>> s=-1 MSTModes 0.082278
>> MMp1gridL 0.063962
>> MMp1gridR 0.211327
>> s=0 MSTModes 0.133644
A. Fill 1D grid.
>> s = 2, UP ... 22.713043
>> s = 1, UP ... 4.841731
>> s = 0, UP ... 9.496676
>> s = 2, IN ... 12.84323
>> s = 1, IN ... 1.611489
>> s = 0, IN ... 3.062501
1. Preliminaries.
Calculating B-matrices and Eigenvalues
2. Generate MSTModes
>> Generate s=-2 MSTModes 86.702859
>> Generate s=-1 MSTModes 85.802227
>> Generate hκModes 98.06053
3. Jumps
>> 0.253937
>> 1.17388
>> 3.564179
>> 6.149249
>> 43.148324
>> 26.383377
>> LinearSolve for s1 and κ jumps 1.031442
>> κ and s1 jumps 82.169553
4. Prepare grid and mode functions.
>> s=-2 MSTModes 0.21167
>> MMp2gridL 0.996456
>> MMp2gridR 3.457607
>> s=-1 MSTModes 0.079538
>> MMp1gridL 0.061195
>> MMp1gridR 0.205258
>> s=0 MSTModes 0.130294
A. Fill 1D grid.
>> s = 2, UP ... 21.490091
>> s = 1, UP ... 4.492639
>> s = 0, UP ... 8.910052
>> s = 2, IN ... 12.707663
>> s = 1, IN ... 1.549851
>> s = 0, IN ... 2.921369
1. Preliminaries.
Calculating B-matrices and Eigenvalues
2. Generate MSTModes
>> Generate s=-2 MSTModes 91.687133
>> Generate s=-1 MSTModes 89.942374
>> Generate hκModes 95.545556
3. Jumps
>> 0.245537
>> 1.065422
>> 3.51814
>> 5.144392
>> 37.404703
>> 21.924353
>> LinearSolve for s1 and κ jumps 1.231198
>> κ and s1 jumps 71.003599
4. Prepare grid and mode functions.
>> s=-2 MSTModes 0.145682
>> MMp2gridL 0.967775
>> MMp2gridR 3.293484
>> s=-1 MSTModes 0.076225
>> MMp1gridL 0.059621
>> MMp1gridR 0.197476
>> s=0 MSTModes 0.125376
A. Fill 1D grid.
>> s = 2, UP ... 20.279721
>> s = 1, UP ... 4.225221
>> s = 0, UP ... 8.440396
>> s = 2, IN ... 12.417072
>> s = 1, IN ... 1.492314
>> s = 0, IN ... 2.779712
1. Preliminaries.
Calculating B-matrices and Eigenvalues
2. Generate MSTModes
>> Generate s=-2 MSTModes 95.291084
>> Generate s=-1 MSTModes 92.792186
>> Generate hκModes 92.778156
3. Jumps
>> 0.236618
>> 0.917623
>> 3.604807
>> 4.32119
>> 31.842144
