Task 707 on node657.cluster: a=0.999 r0=7.5
Job started: a = 0.999, r0 = 7.5, savepath = /lustre/astro/dyson/DataFiles/KerrCircDiskData/h1_radial
Warning: rstarmin is outside the allowed range.
Now we Calculate the Radiative Solutions
1. Preliminaries.
Calculating B-matrices and Eigenvalues
2. Generate MSTModes
>> Generate s=-2 MSTModes 48.905254
>> Generate s=-1 MSTModes 47.155579
>> Generate hκModes 121.53769
3. Jumps
>> 0.339143
>> 1.88618
>> 3.48149
>> 13.051268
>> 85.695133
>> 57.545373
>> LinearSolve for s1 and κ jumps 0.004659
>> κ and s1 jumps 162.939795
4. Prepare grid and mode functions.
>> s=-2 MSTModes 0.189827
>> MMp2gridL 0.536462
>> MMp2gridR 4.872613
>> s=-1 MSTModes 0.060406
>> MMp1gridL 0.022083
>> MMp1gridR 0.158577
>> s=0 MSTModes 0.148584
A. Fill 1D grid.
>> s = 2, UP ... 35.705532
>> s = 1, UP ... 1.25304
>> s = 0, UP ... 12.696114
>> s = 2, IN ... 6.770361
>> s = 1, IN ... 0.567296
>> s = 0, IN ... 1.421446
1. Preliminaries.
Calculating B-matrices and Eigenvalues
2. Generate MSTModes
>> Generate s=-2 MSTModes 60.096457
>> Generate s=-1 MSTModes 57.756788
>> Generate hκModes 121.612334
3. Jumps
>> 0.31603
>> 1.992044
>> 4.36115
>> 12.117773
>> 80.849244
>> 52.692694
>> LinearSolve for s1 and κ jumps 1.080219
>> κ and s1 jumps 154.173995
4. Prepare grid and mode functions.
>> s=-2 MSTModes 0.175061
>> MMp2gridL 0.549774
>> MMp2gridR 4.966744
>> s=-1 MSTModes 0.094491
>> MMp1gridL 0.032774
>> MMp1gridR 0.283675
>> s=0 MSTModes 0.151626
A. Fill 1D grid.
>> s = 2, UP ... 34.02585
>> s = 1, UP ... 8.092011
>> s = 0, UP ... 16.535593
>> s = 2, IN ... 6.698742
>> s = 1, IN ... 0.875002
>> s = 0, IN ... 1.578582
1. Preliminaries.
Calculating B-matrices and Eigenvalues
2. Generate MSTModes
>> Generate s=-2 MSTModes 68.953403
>> Generate s=-1 MSTModes 67.492897
>> Generate hκModes 123.246447
3. Jumps
>> 0.307143
>> 1.877555
>> 4.379808
>> 10.710893
>> 74.639992
>> 46.41274
>> LinearSolve for s1 and κ jumps 1.119656
>> κ and s1 jumps 140.124667
4. Prepare grid and mode functions.
>> s=-2 MSTModes 0.186506
>> MMp2gridL 0.521466
>> MMp2gridR 4.814758
>> s=-1 MSTModes 0.094625
>> MMp1gridL 0.031113
>> MMp1gridR 0.282868
>> s=0 MSTModes 0.151601
A. Fill 1D grid.
>> s = 2, UP ... 32.644544
>> s = 1, UP ... 8.029923
>> s = 0, UP ... 16.898897
>> s = 2, IN ... 6.624083
>> s = 1, IN ... 0.856582
>> s = 0, IN ... 1.535091
1. Preliminaries.
Calculating B-matrices and Eigenvalues
2. Generate MSTModes
>> Generate s=-2 MSTModes 80.28546
>> Generate s=-1 MSTModes 78.05605
>> Generate hκModes 125.449218
3. Jumps
>> 0.293952
>> 1.63728
>> 4.574178
>> 9.257489
>> 62.926255
>> 39.433965
>> LinearSolve for s1 and κ jumps 0.872551
>> κ and s1 jumps 119.633643
4. Prepare grid and mode functions.
>> s=-2 MSTModes 0.170094
>> MMp2gridL 0.502359
>> MMp2gridR 4.74225
>> s=-1 MSTModes 0.089285
>> MMp1gridL 0.030409
>> MMp1gridR 0.269182
>> s=0 MSTModes 0.143324
A. Fill 1D grid.
>> s = 2, UP ... 32.419489
>> s = 1, UP ... 8.17324
>> s = 0, UP ... 17.349208
>> s = 2, IN ... 6.504397
>> s = 1, IN ... 0.81613
>> s = 0, IN ... 1.476422
1. Preliminaries.
Calculating B-matrices and Eigenvalues
2. Generate MSTModes
>> Generate s=-2 MSTModes 93.503085
>> Generate s=-1 MSTModes 91.444935
>> Generate hκModes 127.249608
3. Jumps
>> 0.280895
>> 1.474804
>> 4.287992
>> 7.867358
>> 55.785313
>> 34.203199
>> LinearSolve for s1 and κ jumps 0.813635
>> κ and s1 jumps 105.274838
4. Prepare grid and mode functions.
>> s=-2 MSTModes 0.166715
>> MMp2gridL 0.483396
>> MMp2gridR 4.673065
>> s=-1 MSTModes 0.089086
>> MMp1gridL 0.030564
>> MMp1gridR 0.264333
>> s=0 MSTModes 0.140778
A. Fill 1D grid.
>> s = 2, UP ... 30.479321
>> s = 1, UP ... 7.470622
>> s = 0, UP ... 14.751949
>> s = 2, IN ... 6.258631
>> s = 1, IN ... 0.776335
>> s = 0, IN ... 1.389689
1. Preliminaries.
Calculating B-matrices and Eigenvalues
2. Generate MSTModes
>> Generate s=-2 MSTModes 106.733215
>> Generate s=-1 MSTModes 104.63869
>> Generate hκModes 128.937615
3. Jumps
>> 0.267445
>> 1.320135
>> 4.112274
>> 7.085755
