Task 709 on node656.cluster: a=0.999 r0=8.5
Job started: a = 0.999, r0 = 8.5, savepath = /lustre/astro/dyson/DataFiles/KerrCircDiskData/h1_radial
Warning: rstarmin is outside the allowed range.
Now we Calculate the Radiative Solutions
1. Preliminaries.
Calculating B-matrices and Eigenvalues
2. Generate MSTModes
>> Generate s=-2 MSTModes 59.089808
>> Generate s=-1 MSTModes 55.403779
>> Generate hκModes 136.897917
3. Jumps
>> 0.396176
>> 2.279713
>> 3.976375
>> 15.539559
>> 97.709625
>> 63.329029
>> LinearSolve for s1 and κ jumps 0.005123
>> κ and s1 jumps 184.249
4. Prepare grid and mode functions.
>> s=-2 MSTModes 0.202459
>> MMp2gridL 0.680927
>> MMp2gridR 5.29936
>> s=-1 MSTModes 0.065454
>> MMp1gridL 0.027464
>> MMp1gridR 0.171578
>> s=0 MSTModes 0.161562
A. Fill 1D grid.
>> s = 2, UP ... 37.7486
>> s = 1, UP ... 1.336716
>> s = 0, UP ... 12.067312
>> s = 2, IN ... 8.186064
>> s = 1, IN ... 0.669723
>> s = 0, IN ... 1.768838
1. Preliminaries.
Calculating B-matrices and Eigenvalues
2. Generate MSTModes
>> Generate s=-2 MSTModes 61.964624
>> Generate s=-1 MSTModes 60.941621
>> Generate hκModes 121.209762
3. Jumps
>> 0.316601
>> 1.97756
>> 3.937022
>> 11.88687
>> 80.764148
>> 52.156253
>> LinearSolve for s1 and κ jumps 0.641591
>> κ and s1 jumps 152.491253
4. Prepare grid and mode functions.
>> s=-2 MSTModes 0.172518
>> MMp2gridL 0.629117
>> MMp2gridR 4.816075
>> s=-1 MSTModes 0.100053
>> MMp1gridL 0.038699
>> MMp1gridR 0.284006
>> s=0 MSTModes 0.159098
A. Fill 1D grid.
>> s = 2, UP ... 32.58533
>> s = 1, UP ... 7.517774
>> s = 0, UP ... 15.729822
>> s = 2, IN ... 7.672027
>> s = 1, IN ... 0.998594
>> s = 0, IN ... 1.862571
1. Preliminaries.
Calculating B-matrices and Eigenvalues
2. Generate MSTModes
>> Generate s=-2 MSTModes 67.709538
>> Generate s=-1 MSTModes 65.792105
>> Generate hκModes 119.953263
3. Jumps
>> 0.307155
>> 1.817881
>> 4.053314
>> 10.719402
>> 72.548371
>> 46.153408
>> LinearSolve for s1 and κ jumps 0.78091
>> κ and s1 jumps 137.056367
4. Prepare grid and mode functions.
>> s=-2 MSTModes 0.171819
>> MMp2gridL 0.61418
>> MMp2gridR 4.699162
>> s=-1 MSTModes 0.095921
>> MMp1gridL 0.037565
>> MMp1gridR 0.275322
>> s=0 MSTModes 0.148022
A. Fill 1D grid.
>> s = 2, UP ... 31.532756
>> s = 1, UP ... 7.484737
>> s = 0, UP ... 14.521125
>> s = 2, IN ... 7.463639
>> s = 1, IN ... 0.955599
>> s = 0, IN ... 1.779597
1. Preliminaries.
Calculating B-matrices and Eigenvalues
2. Generate MSTModes
>> Generate s=-2 MSTModes 77.025976
>> Generate s=-1 MSTModes 75.139462
>> Generate hκModes 122.123023
3. Jumps
>> 0.28883
>> 1.6964
>> 4.206998
>> 9.402205
>> 64.833759
>> 40.319684
>> LinearSolve for s1 and κ jumps 1.058318
>> κ and s1 jumps 122.443128
4. Prepare grid and mode functions.
>> s=-2 MSTModes 0.167233
>> MMp2gridL 0.581068
>> MMp2gridR 4.478463
>> s=-1 MSTModes 0.089394
>> MMp1gridL 0.035374
>> MMp1gridR 0.262791
>> s=0 MSTModes 0.143118
A. Fill 1D grid.
>> s = 2, UP ... 29.259961
>> s = 1, UP ... 6.556066
>> s = 0, UP ... 13.402031
>> s = 2, IN ... 7.343165
>> s = 1, IN ... 0.931961
>> s = 0, IN ... 1.696197
1. Preliminaries.
Calculating B-matrices and Eigenvalues
2. Generate MSTModes
>> Generate s=-2 MSTModes 88.453593
>> Generate s=-1 MSTModes 85.935576
>> Generate hκModes 123.581905
3. Jumps
>> 0.277553
>> 1.435979
>> 4.140533
>> 8.266301
>> 56.215745
>> 34.779297
>> LinearSolve for s1 and κ jumps 1.011127
>> κ and s1 jumps 106.748518
4. Prepare grid and mode functions.
>> s=-2 MSTModes 0.161279
>> MMp2gridL 0.561215
>> MMp2gridR 4.370303
>> s=-1 MSTModes 0.086768
>> MMp1gridL 0.034933
>> MMp1gridR 0.251276
>> s=0 MSTModes 0.141966
A. Fill 1D grid.
>> s = 2, UP ... 27.884999
>> s = 1, UP ... 6.173893
>> s = 0, UP ... 12.115435
>> s = 2, IN ... 7.19546
>> s = 1, IN ... 0.888151
>> s = 0, IN ... 1.621784
1. Preliminaries.
Calculating B-matrices and Eigenvalues
2. Generate MSTModes
>> Generate s=-2 MSTModes 99.420725
>> Generate s=-1 MSTModes 98.193293
>> Generate hκModes 123.594571
3. Jumps
>> 0.263526
>> 1.277311
>> 4.01247
>> 6.976307
>> 48.47728
>> 29.684903
>> LinearSolve for s1 and κ jumps 1.111001
>> κ and s1 jumps 92.367716
4. Prepare grid and mode functions.
>> s=-2 MSTModes 0.155872
>> MMp2gridL 0.541658
>> MMp2gridR 4.139299
>> s=-1 MSTModes 0.084766
>> MMp1gridL 0.034161
>> MMp1gridR 0.246607
>> s=0 MSTModes 0.138443
A. Fill 1D grid.
>> s = 2, UP ... 26.224492
>> s = 1, UP ... 5.636604
>> s = 0, UP ... 11.152613
>> s = 2, IN ... 6.954388
>> s = 1, IN ... 0.831114
>> s = 0, IN ... 1.535497
1. Preliminaries.
Calculating B-matrices and Eigenvalues
2. Generate MSTModes
>> Generate s=-2 MSTModes 109.217818
>> Generate s=-1 MSTModes 108.768073
