Task 712 on node657.cluster: a=0.999 r0=10.0
Job started: a = 0.999, r0 = 10., savepath = /lustre/astro/dyson/DataFiles/KerrCircDiskData/h1_radial
Warning: rstarmin is outside the allowed range.
Now we Calculate the Radiative Solutions
1. Preliminaries.
Calculating B-matrices and Eigenvalues
2. Generate MSTModes
>> Generate s=-2 MSTModes 51.401522
>> Generate s=-1 MSTModes 48.942928
>> Generate hκModes 121.909708
3. Jumps
>> 0.343098
>> 1.932925
>> 3.273976
>> 3.513985
>> 44.328981
>> 16.053364
>> LinearSolve for s1 and κ jumps 0.004796
>> κ and s1 jumps 70.271931
4. Prepare grid and mode functions.
>> s=-2 MSTModes 0.194818
>> MMp2gridL 0.761408
>> MMp2gridR 4.643389
>> s=-1 MSTModes 0.058465
>> MMp1gridL 0.030186
>> MMp1gridR 0.153566
>> s=0 MSTModes 0.13424
A. Fill 1D grid.
>> s = 2, UP ... 32.302158
>> s = 1, UP ... 1.206096
>> s = 0, UP ... 7.358291
>> s = 2, IN ... 9.227701
>> s = 1, IN ... 0.726828
>> s = 0, IN ... 1.580705
1. Preliminaries.
Calculating B-matrices and Eigenvalues
2. Generate MSTModes
>> Generate s=-2 MSTModes 62.452885
>> Generate s=-1 MSTModes 60.239653
>> Generate hκModes 117.149552
3. Jumps
>> 0.31319
>> 1.963002
>> 3.705918
>> 11.873729
>> 80.98731
>> 52.73563
>> LinearSolve for s1 and κ jumps 1.064854
>> κ and s1 jumps 153.358745
4. Prepare grid and mode functions.
>> s=-2 MSTModes 0.177005
>> MMp2gridL 0.768721
>> MMp2gridR 4.729912
>> s=-1 MSTModes 0.095088
>> MMp1gridL 0.046082
>> MMp1gridR 0.275844
>> s=0 MSTModes 0.154544
A. Fill 1D grid.
>> s = 2, UP ... 31.556672
>> s = 1, UP ... 7.341784
>> s = 0, UP ... 14.220158
>> s = 2, IN ... 9.154722
>> s = 1, IN ... 1.207457
>> s = 0, IN ... 2.280503
1. Preliminaries.
Calculating B-matrices and Eigenvalues
2. Generate MSTModes
>> Generate s=-2 MSTModes 69.467007
>> Generate s=-1 MSTModes 67.472454
>> Generate hκModes 117.240495
3. Jumps
>> 0.313085
>> 1.835491
>> 4.013604
>> 11.165282
>> 75.109594
>> 48.814316
>> LinearSolve for s1 and κ jumps 0.784557
>> κ and s1 jumps 142.726106
4. Prepare grid and mode functions.
>> s=-2 MSTModes 0.170758
>> MMp2gridL 0.739264
>> MMp2gridR 4.540677
>> s=-1 MSTModes 0.092517
>> MMp1gridL 0.044518
>> MMp1gridR 0.263712
>> s=0 MSTModes 0.153742
A. Fill 1D grid.
>> s = 2, UP ... 29.802196
>> s = 1, UP ... 6.249613
>> s = 0, UP ... 12.853335
>> s = 2, IN ... 8.932687
>> s = 1, IN ... 1.166614
>> s = 0, IN ... 2.187256
1. Preliminaries.
Calculating B-matrices and Eigenvalues
2. Generate MSTModes
>> Generate s=-2 MSTModes 78.693659
>> Generate s=-1 MSTModes 77.815814
>> Generate hκModes 117.812967
3. Jumps
>> 0.293192
>> 1.700489
>> 4.146877
>> 9.564091
>> 65.733512
>> 41.03728
>> LinearSolve for s1 and κ jumps 0.682484
>> κ and s1 jumps 123.794209
4. Prepare grid and mode functions.
>> s=-2 MSTModes 0.1674
>> MMp2gridL 0.708609
>> MMp2gridR 4.377246
>> s=-1 MSTModes 0.091171
>> MMp1gridL 0.043586
>> MMp1gridR 0.253524
>> s=0 MSTModes 0.145039
A. Fill 1D grid.
>> s = 2, UP ... 28.260095
>> s = 1, UP ... 6.084754
>> s = 0, UP ... 12.562871
>> s = 2, IN ... 8.721016
>> s = 1, IN ... 1.121492
>> s = 0, IN ... 2.090711
1. Preliminaries.
Calculating B-matrices and Eigenvalues
2. Generate MSTModes
>> Generate s=-2 MSTModes 88.839478
>> Generate s=-1 MSTModes 87.401889
>> Generate hκModes 118.7205
3. Jumps
>> 0.277363
>> 1.51523
>> 4.148852
>> 8.136793
>> 56.636588
>> 35.117571
>> LinearSolve for s1 and κ jumps 1.00536
>> κ and s1 jumps 107.468489
4. Prepare grid and mode functions.
>> s=-2 MSTModes 0.161261
>> MMp2gridL 0.678817
>> MMp2gridR 4.225172
>> s=-1 MSTModes 0.085461
>> MMp1gridL 0.040891
>> MMp1gridR 0.247873
>> s=0 MSTModes 0.137769
A. Fill 1D grid.
>> s = 2, UP ... 27.118723
>> s = 1, UP ... 5.969105
>> s = 0, UP ... 12.444735
>> s = 2, IN ... 8.687827
>> s = 1, IN ... 1.110357
>> s = 0, IN ... 2.055644
1. Preliminaries.
Calculating B-matrices and Eigenvalues
2. Generate MSTModes
>> Generate s=-2 MSTModes 99.966493
>> Generate s=-1 MSTModes 97.792472
>> Generate hκModes 119.155943
3. Jumps
>> 0.267557
>> 1.36824
>> 4.081705
>> 6.877474
>> 49.1246
>> 29.507305
>> LinearSolve for s1 and κ jumps 0.643458
>> κ and s1 jumps 92.406395
4. Prepare grid and mode functions.
>> s=-2 MSTModes 0.162406
>> MMp2gridL 0.658701
>> MMp2gridR 4.148697
>> s=-1 MSTModes 0.085297
>> MMp1gridL 0.041088
>> MMp1gridR 0.239848
>> s=0 MSTModes 0.135401
A. Fill 1D grid.
>> s = 2, UP ... 26.770457
>> s = 1, UP ... 6.12222
>> s = 0, UP ... 12.342061
>> s = 2, IN ... 8.548907
>> s = 1, IN ... 1.086103
>> s = 0, IN ... 2.005632
1. Preliminaries.
Calculating B-matrices and Eigenvalues
2. Generate MSTModes
>> Generate s=-2 MSTModes 108.943531
>> Generate s=-1 MSTModes 104.902991
>> Generate hκModes 118.317121
3. Jumps
