Task 22 on node678.cluster: a=0.000000001 r0=17.0
Job started: a = 1.*^-9, r0 = 17., savepath = /lustre/astro/dyson/DataFiles/KerrCircDiskData/h1_radial
Warning: rstarmin is outside the allowed range.
Now we Calculate the Radiative Solutions
1. Preliminaries.
Calculating B-matrices and Eigenvalues
2. Generate MSTModes
>> Generate s=-2 MSTModes 1.030706
>> Generate s=-1 MSTModes 0.998856
>> Generate hκModes 9.621091
3. Jumps
>> 0.008735
>> 0.003632
>> 0.121399
>> 0.005098
>> 0.0247
>> 0.010386
>> LinearSolve for s1 and κ jumps 0.000357
>> κ and s1 jumps 0.182357
4. Prepare grid and mode functions.
>> s=-2 MSTModes 0.00515
>> MMp2gridL 0.046391
>> MMp2gridR 0.133499
>> s=-1 MSTModes 0.002002
>> MMp1gridL 0.003184
>> MMp1gridR 0.007938
>> s=0 MSTModes 0.007733
A. Fill 1D grid.
>> s = 2, UP ... 0.237542
>> s = 1, UP ... 0.038443
>> s = 0, UP ... 0.104187
>> s = 2, IN ... 0.09266
>> s = 1, IN ... 0.021925
>> s = 0, IN ... 0.044011
1. Preliminaries.
Calculating B-matrices and Eigenvalues
2. Generate MSTModes
>> Generate s=-2 MSTModes 1.093023
>> Generate s=-1 MSTModes 1.074846
>> Generate hκModes 4.933432
3. Jumps
>> 0.006636
>> 0.003026
>> 0.127262
>> 0.002869
>> 0.013467
>> 0.002572
>> LinearSolve for s1 and κ jumps 0.000286
>> κ and s1 jumps 0.161675
4. Prepare grid and mode functions.
>> s=-2 MSTModes 0.006
>> MMp2gridL 0.046788
>> MMp2gridR 0.136359
>> s=-1 MSTModes 0.003104
>> MMp1gridL 0.002874
>> MMp1gridR 0.008139
>> s=0 MSTModes 0.00491
A. Fill 1D grid.
>> s = 2, UP ... 0.157195
>> s = 1, UP ... 0.043018
>> s = 0, UP ... 0.073468
>> s = 2, IN ... 0.072079
>> s = 1, IN ... 0.02006
>> s = 0, IN ... 0.033218
