Task 455 on node656.cluster: a=0.7 r0=13.5
Job started: a = 0.7, r0 = 13.5, savepath = /lustre/astro/dyson/DataFiles/KerrCircDiskData/h1_radial
Warning: rstarmin is outside the allowed range.
Now we Calculate the Radiative Solutions
1. Preliminaries.
Calculating B-matrices and Eigenvalues
2. Generate MSTModes
>> Generate s=-2 MSTModes 52.110177
>> Generate s=-1 MSTModes 53.342531
>> Generate hκModes 142.625827
3. Jumps
>> 0.418526
>> 2.387453
>> 3.908166
>> 4.371153
>> 53.597297
>> 19.948484
>> LinearSolve for s1 and κ jumps 0.005237
>> κ and s1 jumps 85.608254
4. Prepare grid and mode functions.
>> s=-2 MSTModes 0.220213
>> MMp2gridL 1.286699
>> MMp2gridR 5.156356
>> s=-1 MSTModes 0.068463
>> MMp1gridL 0.049115
>> MMp1gridR 0.169515
>> s=0 MSTModes 0.161478
A. Fill 1D grid.
>> s = 2, UP ... 36.397774
>> s = 1, UP ... 1.357919
>> s = 0, UP ... 8.415001
>> s = 2, IN ... 15.161829
>> s = 1, IN ... 1.153841
>> s = 0, IN ... 2.658613
1. Preliminaries.
Calculating B-matrices and Eigenvalues
2. Generate MSTModes
>> Generate s=-2 MSTModes 63.634203
>> Generate s=-1 MSTModes 62.357344
>> Generate hκModes 134.363391
3. Jumps
>> 0.38422
>> 2.429168
>> 4.374755
>> 4.015335
>> 52.987359
>> 18.277629
>> LinearSolve for s1 and κ jumps 0.832856
>> κ and s1 jumps 84.061731
4. Prepare grid and mode functions.
>> s=-2 MSTModes 0.195049
>> MMp2gridL 1.293112
>> MMp2gridR 5.219787
>> s=-1 MSTModes 0.110863
>> MMp1gridL 0.076386
>> MMp1gridR 0.303113
>> s=0 MSTModes 0.182356
A. Fill 1D grid.
>> s = 2, UP ... 34.928872
>> s = 1, UP ... 7.981838
>> s = 0, UP ... 11.15246
>> s = 2, IN ... 14.85774
>> s = 1, IN ... 1.978073
>> s = 0, IN ... 2.91029
1. Preliminaries.
Calculating B-matrices and Eigenvalues
2. Generate MSTModes
>> Generate s=-2 MSTModes 69.75029
>> Generate s=-1 MSTModes 68.878476
>> Generate hκModes 129.203987
3. Jumps
>> 0.372203
>> 2.225795
>> 4.519669
>> 13.31913
>> 88.204544
>> 55.847805
>> LinearSolve for s1 and κ jumps 1.163832
>> κ and s1 jumps 166.446799
4. Prepare grid and mode functions.
>> s=-2 MSTModes 0.192032
>> MMp2gridL 1.206991
>> MMp2gridR 4.840136
>> s=-1 MSTModes 0.104344
>> MMp1gridL 0.071953
>> MMp1gridR 0.282862
>> s=0 MSTModes 0.169119
A. Fill 1D grid.
>> s = 2, UP ... 32.327443
>> s = 1, UP ... 7.393994
>> s = 0, UP ... 14.48235
>> s = 2, IN ... 14.27268
>> s = 1, IN ... 1.865246
>> s = 0, IN ... 3.564552
1. Preliminaries.
Calculating B-matrices and Eigenvalues
2. Generate MSTModes
>> Generate s=-2 MSTModes 76.453608
>> Generate s=-1 MSTModes 76.648218
>> Generate hκModes 126.723078
3. Jumps
>> 0.349019
>> 1.982815
>> 4.618202
>> 12.16025
>> 78.221264
>> 48.918718
>> LinearSolve for s1 and κ jumps 1.315356
>> κ and s1 jumps 148.284994
4. Prepare grid and mode functions.
>> s=-2 MSTModes 0.182079
>> MMp2gridL 1.113886
>> MMp2gridR 4.547949
>> s=-1 MSTModes 0.097653
>> MMp1gridL 0.06746
>> MMp1gridR 0.263558
>> s=0 MSTModes 0.166419
A. Fill 1D grid.
>> s = 2, UP ... 30.261579
>> s = 1, UP ... 6.900816
>> s = 0, UP ... 13.645325
>> s = 2, IN ... 13.948659
>> s = 1, IN ... 1.788236
>> s = 0, IN ... 3.422615
1. Preliminaries.
Calculating B-matrices and Eigenvalues
2. Generate MSTModes
>> Generate s=-2 MSTModes 84.630034
>> Generate s=-1 MSTModes 84.218388
>> Generate hκModes 123.069312
3. Jumps
>> 0.319639
>> 1.707529
>> 4.710562
>> 9.213827
>> 63.372648
>> 39.15027
>> LinearSolve for s1 and κ jumps 1.084584
>> κ and s1 jumps 120.188885
4. Prepare grid and mode functions.
>> s=-2 MSTModes 0.19666
>> MMp2gridL 1.092627
>> MMp2gridR 4.412005
>> s=-1 MSTModes 0.095806
>> MMp1gridL 0.065261
>> MMp1gridR 0.263594
>> s=0 MSTModes 0.157309
A. Fill 1D grid.
>> s = 2, UP ... 28.72913
>> s = 1, UP ... 6.347053
>> s = 0, UP ... 13.070668
>> s = 2, IN ... 13.704515
>> s = 1, IN ... 1.72961
>> s = 0, IN ... 3.315674
1. Preliminaries.
Calculating B-matrices and Eigenvalues
2. Generate MSTModes
>> Generate s=-2 MSTModes 92.163269
>> Generate s=-1 MSTModes 90.82493
>> Generate hκModes 117.084606
3. Jumps
>> 0.297016
>> 1.505774
>> 4.330815
>> 7.904825
>> 55.764871
>> 34.124569
>> LinearSolve for s1 and κ jumps 0.827059
>> κ and s1 jumps 105.404176
4. Prepare grid and mode functions.
>> s=-2 MSTModes 0.175951
>> MMp2gridL 1.050862
>> MMp2gridR 4.310997
>> s=-1 MSTModes 0.092704
>> MMp1gridL 0.065913
>> MMp1gridR 0.251189
>> s=0 MSTModes 0.146444
A. Fill 1D grid.
>> s = 2, UP ... 27.497889
>> s = 1, UP ... 6.052604
>> s = 0, UP ... 12.086431
>> s = 2, IN ... 13.530341
>> s = 1, IN ... 1.668734
>> s = 0, IN ... 3.172149
1. Preliminaries.
Calculating B-matrices and Eigenvalues
2. Generate MSTModes
>> Generate s=-2 MSTModes 99.288859
>> Generate s=-1 MSTModes 96.156015
>> Generate hκModes 111.986117
3. Jumps
>> 0.293507
>> 1.373153
>> 4.269603
>> 6.957361
>> 49.232595
>> 29.87068
>> LinearSolve for s1 and κ jumps 0.514339
>> κ and s1 jumps 93.10547
4. Prepare grid and mode functions.
>> s=-2 MSTModes 0.170169
>> MMp2gridL 1.007839
>> MMp2gridR 4.056645
>> s=-1 MSTModes 0.089859
>> MMp1gridL 0.063341
>> MMp1gridR 0.244418
>> s=0 MSTModes 0.144436
A. Fill 1D grid.
>> s = 2, UP ... 26.070334
>> s = 1, UP ... 5.555604
>> s = 0, UP ... 11.250159
>> s = 2, IN ... 13.382416
>> s = 1, IN ... 1.624844
>> s = 0, IN ... 2.998936
1. Preliminaries.
Calculating B-matrices and Eigenvalues
2. Generate MSTModes
>> Generate s=-2 MSTModes 104.120206
>> Generate s=-1 MSTModes 100.693
>> Generate hκModes 111.70702
3. Jumps
>> 0.278164
>> 1.217102
>> 4.236133
>> 6.001961
>> 43.031534
>> 25.486771
>> LinearSolve for s1 and κ jumps 0.59165
>> κ and s1 jumps 81.386714
4. Prepare grid and mode functions.
>> s=-2 MSTModes 0.168367
>> MMp2gridL 0.979294
>> MMp2gridR 3.984643
>> s=-1 MSTModes 0.087238
>> MMp1gridL 0.062108
>> MMp1gridR 0.234686
>> s=0 MSTModes 0.138473
A. Fill 1D grid.
>> s = 2, UP ... 24.821474
>> s = 1, UP ... 5.200262
>> s = 0, UP ... 10.270256
>> s = 2, IN ... 12.91197
>> s = 1, IN ... 1.534874
>> s = 0, IN ... 2.865687
1. Preliminaries.
Calculating B-matrices and Eigenvalues
2. Generate MSTModes
>> Generate s=-2 MSTModes 104.343835
>> Generate s=-1 MSTModes 102.640487
>> Generate hκModes 107.795994
3. Jumps
>> 0.266825
>> 1.103394
>> 3.888974
>> 5.03428
