Task 2 on node678.cluster: a=0.001 r0=7.0
Job started: a = 0.001, r0 = 7., savepath = /lustre/astro/dyson/DataFiles/KerrCircDiskData/h1_radial
Warning: rstarmin is outside the allowed range.
Now we Calculate the Radiative Solutions
1. Preliminaries.
Calculating B-matrices and Eigenvalues
2. Generate MSTModes
>> Generate s=-2 MSTModes 41.494105
>> Generate s=-1 MSTModes 41.410013
>> Generate hκModes 120.81479
3. Jumps
>> 0.374741
>> 2.059594
>> 3.873476
>> 3.764193
>> 48.388184
>> 18.257754
>> LinearSolve for s1 and κ jumps 0.003608
>> κ and s1 jumps 77.619203
4. Prepare grid and mode functions.
>> s=-2 MSTModes 0.213928
>> MMp2gridL 0.564788
>> MMp2gridR 5.650801
>> s=-1 MSTModes 0.066322
>> MMp1gridL 0.024566
>> MMp1gridR 0.187115
>> s=0 MSTModes 0.151267
A. Fill 1D grid.
>> s = 2, UP ... 39.414743
>> s = 1, UP ... 1.455677
>> s = 0, UP ... 8.985168
>> s = 2, IN ... 7.319194
>> s = 1, IN ... 0.621599
>> s = 0, IN ... 1.248386
1. Preliminaries.
Calculating B-matrices and Eigenvalues
2. Generate MSTModes
>> Generate s=-2 MSTModes 61.165433
>> Generate s=-1 MSTModes 59.631712
>> Generate hκModes 143.88644
3. Jumps
>> 0.394726
>> 2.705308
>> 5.259753
>> 4.104672
>> 54.838112
>> 18.171721
>> LinearSolve for s1 and κ jumps 0.821353
>> κ and s1 jumps 87.028964
4. Prepare grid and mode functions.
>> s=-2 MSTModes 0.240573
>> MMp2gridL 0.595983
>> MMp2gridR 6.014841
>> s=-1 MSTModes 0.110386
>> MMp1gridL 0.035161
>> MMp1gridR 0.341753
>> s=0 MSTModes 0.179122
A. Fill 1D grid.
>> s = 2, UP ... 40.156309
>> s = 1, UP ... 9.175795
>> s = 0, UP ... 13.156923
>> s = 2, IN ... 7.3246
>> s = 1, IN ... 0.940723
>> s = 0, IN ... 1.351675
1. Preliminaries.
Calculating B-matrices and Eigenvalues
2. Generate MSTModes
>> Generate s=-2 MSTModes 69.647637
>> Generate s=-1 MSTModes 68.082762
>> Generate hκModes 143.332739
3. Jumps
>> 0.378344
>> 2.142925
>> 5.351962
>> 3.457521
>> 46.275729
>> 15.272313
>> LinearSolve for s1 and κ jumps 0.806594
>> κ and s1 jumps 74.34465
4. Prepare grid and mode functions.
>> s=-2 MSTModes 0.24179
>> MMp2gridL 0.585209
>> MMp2gridR 5.886442
>> s=-1 MSTModes 0.108589
>> MMp1gridL 0.034809
>> MMp1gridR 0.334827
>> s=0 MSTModes 0.172513
A. Fill 1D grid.
>> s = 2, UP ... 38.553303
>> s = 1, UP ... 8.928013
>> s = 0, UP ... 12.488114
>> s = 2, IN ... 7.214631
>> s = 1, IN ... 0.910849
>> s = 0, IN ... 1.347583
1. Preliminaries.
Calculating B-matrices and Eigenvalues
2. Generate MSTModes
>> Generate s=-2 MSTModes 81.410699
>> Generate s=-1 MSTModes 78.717323
>> Generate hκModes 142.185457
3. Jumps
>> 0.342656
>> 1.919634
>> 5.069845
>> 3.004381
>> 41.086467
>> 13.419597
>> LinearSolve for s1 and κ jumps 1.113856
>> κ and s1 jumps 66.576012
4. Prepare grid and mode functions.
>> s=-2 MSTModes 0.187654
>> MMp2gridL 0.547934
>> MMp2gridR 5.562998
>> s=-1 MSTModes 0.104554
>> MMp1gridL 0.032741
>> MMp1gridR 0.320771
>> s=0 MSTModes 0.166608
A. Fill 1D grid.
>> s = 2, UP ... 35.973352
>> s = 1, UP ... 8.68641
>> s = 0, UP ... 12.081421
>> s = 2, IN ... 6.989431
>> s = 1, IN ... 0.850959
>> s = 0, IN ... 1.26016
1. Preliminaries.
Calculating B-matrices and Eigenvalues
2. Generate MSTModes
>> Generate s=-2 MSTModes 93.658978
>> Generate s=-1 MSTModes 91.571027
>> Generate hκModes 143.941314
3. Jumps
>> 0.320914
>> 1.698763
>> 4.921954
>> 2.594399
>> 35.871049
>> 11.346663
>> LinearSolve for s1 and κ jumps 0.514766
>> κ and s1 jumps 57.799489
4. Prepare grid and mode functions.
>> s=-2 MSTModes 0.222901
>> MMp2gridL 0.501243
>> MMp2gridR 5.216832
>> s=-1 MSTModes 0.097148
>> MMp1gridL 0.030869
>> MMp1gridR 0.295851
>> s=0 MSTModes 0.152767
A. Fill 1D grid.
>> s = 2, UP ... 33.439032
>> s = 1, UP ... 7.770908
>> s = 0, UP ... 11.055149
>> s = 2, IN ... 6.686056
>> s = 1, IN ... 0.813612
>> s = 0, IN ... 1.205115
1. Preliminaries.
Calculating B-matrices and Eigenvalues
2. Generate MSTModes
>> Generate s=-2 MSTModes 106.325048
>> Generate s=-1 MSTModes 104.212137
>> Generate hκModes 142.760831
3. Jumps
>> 0.297891
>> 1.511149
>> 4.72532
>> 2.234502
>> 31.495692
>> 10.119863
>> LinearSolve for s1 and κ jumps 1.004551
>> κ and s1 jumps 51.928527
4. Prepare grid and mode functions.
>> s=-2 MSTModes 0.183362
>> MMp2gridL 0.48534
>> MMp2gridR 5.040384
>> s=-1 MSTModes 0.096067
>> MMp1gridL 0.029699
>> MMp1gridR 0.29186
>> s=0 MSTModes 0.156261
A. Fill 1D grid.
>> s = 2, UP ... 31.490388
>> s = 1, UP ... 7.527453
>> s = 0, UP ... 10.487638
>> s = 2, IN ... 6.402495
>> s = 1, IN ... 0.774693
>> s = 0, IN ... 1.149616
1. Preliminaries.
Calculating B-matrices and Eigenvalues
2. Generate MSTModes
>> Generate s=-2 MSTModes 118.384914
>> Generate s=-1 MSTModes 116.577336
