Task 190 on node678.cluster: a=0.2 r0=13.0
Job started: a = 0.2, r0 = 13., savepath = /lustre/astro/dyson/DataFiles/KerrCircDiskData/h1_radial
Warning: rstarmin is outside the allowed range.
Now we Calculate the Radiative Solutions
1. Preliminaries.
Calculating B-matrices and Eigenvalues
2. Generate MSTModes
>> Generate s=-2 MSTModes 51.970733
>> Generate s=-1 MSTModes 52.691201
>> Generate hκModes 138.761739
3. Jumps
>> 0.415576
>> 2.402173
>> 3.836214
>> 4.467416
>> 55.488526
>> 20.043081
>> LinearSolve for s1 and κ jumps 0.004503
>> κ and s1 jumps 87.609662
4. Prepare grid and mode functions.
>> s=-2 MSTModes 0.221774
>> MMp2gridL 1.221792
>> MMp2gridR 5.159903
>> s=-1 MSTModes 0.069823
>> MMp1gridL 0.047518
>> MMp1gridR 0.173121
>> s=0 MSTModes 0.158365
A. Fill 1D grid.
>> s = 2, UP ... 36.759896
>> s = 1, UP ... 1.364947
>> s = 0, UP ... 8.241606
>> s = 2, IN ... 14.313279
>> s = 1, IN ... 1.077948
>> s = 0, IN ... 2.483614
1. Preliminaries.
Calculating B-matrices and Eigenvalues
2. Generate MSTModes
>> Generate s=-2 MSTModes 63.880519
>> Generate s=-1 MSTModes 63.639785
>> Generate hκModes 130.479285
3. Jumps
>> 0.389942
>> 2.448253
>> 4.385753
>> 3.887912
>> 52.164472
>> 17.644049
>> LinearSolve for s1 and κ jumps 1.196061
>> κ and s1 jumps 82.887762
4. Prepare grid and mode functions.
>> s=-2 MSTModes 0.213221
>> MMp2gridL 1.211597
>> MMp2gridR 5.217887
>> s=-1 MSTModes 0.1105
>> MMp1gridL 0.071238
>> MMp1gridR 0.300054
>> s=0 MSTModes 0.177023
A. Fill 1D grid.
>> s = 2, UP ... 35.592815
>> s = 1, UP ... 8.430066
>> s = 0, UP ... 11.684111
>> s = 2, IN ... 14.110961
>> s = 1, IN ... 1.851347
>> s = 0, IN ... 2.764465
1. Preliminaries.
Calculating B-matrices and Eigenvalues
2. Generate MSTModes
>> Generate s=-2 MSTModes 69.912722
>> Generate s=-1 MSTModes 70.118929
>> Generate hκModes 126.350919
3. Jumps
>> 0.368901
>> 2.193361
>> 4.529199
>> 3.423138
>> 46.480013
>> 15.296023
>> LinearSolve for s1 and κ jumps 0.940435
>> κ and s1 jumps 73.941378
4. Prepare grid and mode functions.
>> s=-2 MSTModes 0.195121
>> MMp2gridL 1.164168
>> MMp2gridR 4.963939
>> s=-1 MSTModes 0.107403
>> MMp1gridL 0.069177
>> MMp1gridR 0.290019
>> s=0 MSTModes 0.173875
A. Fill 1D grid.
>> s = 2, UP ... 33.674022
>> s = 1, UP ... 7.82475
>> s = 0, UP ... 11.113849
>> s = 2, IN ... 13.762986
>> s = 1, IN ... 1.781327
>> s = 0, IN ... 2.62709
1. Preliminaries.
Calculating B-matrices and Eigenvalues
2. Generate MSTModes
>> Generate s=-2 MSTModes 75.781032
>> Generate s=-1 MSTModes 75.334488
>> Generate hκModes 122.225051
3. Jumps
>> 0.342739
>> 1.890089
>> 4.640107
>> 2.937922
>> 40.473108
>> 12.996772
>> LinearSolve for s1 and κ jumps 1.024896
>> κ and s1 jumps 64.930448
4. Prepare grid and mode functions.
>> s=-2 MSTModes 0.23109
>> MMp2gridL 1.122458
>> MMp2gridR 4.774372
>> s=-1 MSTModes 0.103201
>> MMp1gridL 0.067025
>> MMp1gridR 0.280922
>> s=0 MSTModes 0.167403
A. Fill 1D grid.
>> s = 2, UP ... 31.45668
>> s = 1, UP ... 7.274554
>> s = 0, UP ... 10.444991
>> s = 2, IN ... 13.40357
>> s = 1, IN ... 1.709154
>> s = 0, IN ... 2.592916
1. Preliminaries.
Calculating B-matrices and Eigenvalues
2. Generate MSTModes
>> Generate s=-2 MSTModes 82.774424
>> Generate s=-1 MSTModes 82.040258
>> Generate hκModes 119.6849
3. Jumps
>> 0.332323
>> 1.756455
>> 4.61087
>> 2.565541
>> 36.686334
>> 11.735282
>> LinearSolve for s1 and κ jumps 1.027284
>> κ and s1 jumps 59.286207
4. Prepare grid and mode functions.
>> s=-2 MSTModes 0.207357
>> MMp2gridL 1.069116
>> MMp2gridR 4.580987
>> s=-1 MSTModes 0.097865
>> MMp1gridL 0.064144
>> MMp1gridR 0.261098
>> s=0 MSTModes 0.156353
A. Fill 1D grid.
>> s = 2, UP ... 29.596268
>> s = 1, UP ... 6.838547
>> s = 0, UP ... 9.602936
>> s = 2, IN ... 12.95678
>> s = 1, IN ... 1.646552
>> s = 0, IN ... 2.427057
1. Preliminaries.
Calculating B-matrices and Eigenvalues
2. Generate MSTModes
>> Generate s=-2 MSTModes 89.626687
>> Generate s=-1 MSTModes 88.830459
>> Generate hκModes 116.533496
3. Jumps
>> 0.316716
>> 1.499223
>> 4.512353
>> 2.249477
>> 31.6018
>> 9.855866
>> LinearSolve for s1 and κ jumps 0.641919
>> κ and s1 jumps 51.192667
4. Prepare grid and mode functions.
>> s=-2 MSTModes 0.193499
>> MMp2gridL 1.004451
>> MMp2gridR 4.332039
>> s=-1 MSTModes 0.094165
>> MMp1gridL 0.060741
>> MMp1gridR 0.255206
>> s=0 MSTModes 0.152679
A. Fill 1D grid.
>> s = 2, UP ... 27.948326
>> s = 1, UP ... 6.312435
>> s = 0, UP ... 9.101262
>> s = 2, IN ... 12.667166
>> s = 1, IN ... 1.569016
>> s = 0, IN ... 2.343125
1. Preliminaries.
Calculating B-matrices and Eigenvalues
2. Generate MSTModes
>> Generate s=-2 MSTModes 96.456872
>> Generate s=-1 MSTModes 95.306108
>> Generate hκModes 113.07979
3. Jumps
>> 0.299328
>> 1.349588
>> 4.356584
>> 1.878862
>> 27.638823
>> 8.436536
>> LinearSolve for s1 and κ jumps 0.447899
>> κ and s1 jumps 44.904318
4. Prepare grid and mode functions.
>> s=-2 MSTModes 0.177592
>> MMp2gridL 0.977745
>> MMp2gridR 4.163826
>> s=-1 MSTModes 0.090001
>> MMp1gridL 0.061763
>> MMp1gridR 0.249417
>> s=0 MSTModes 0.144951
A. Fill 1D grid.
>> s = 2, UP ... 26.479769
>> s = 1, UP ... 6.004895
>> s = 0, UP ... 8.364292
>> s = 2, IN ... 12.376116
>> s = 1, IN ... 1.470661
>> s = 0, IN ... 2.238737
1. Preliminaries.
Calculating B-matrices and Eigenvalues
2. Generate MSTModes
>> Generate s=-2 MSTModes 98.824903
>> Generate s=-1 MSTModes 99.636243
>> Generate hκModes 110.845338
3. Jumps
>> 0.284226
>> 1.216195
>> 4.142048
>> 6.071745
>> 42.602188
>> 25.077229
>> LinearSolve for s1 and κ jumps 1.257779
>> κ and s1 jumps 81.223385
4. Prepare grid and mode functions.
>> s=-2 MSTModes 0.164335
>> MMp2gridL 0.90138
>> MMp2gridR 3.977904
>> s=-1 MSTModes 0.086154
>> MMp1gridL 0.05684
>> MMp1gridR 0.229461
>> s=0 MSTModes 0.139694
A. Fill 1D grid.
>> s = 2, UP ... 24.579364
>> s = 1, UP ... 5.318895
>> s = 0, UP ... 10.597857
>> s = 2, IN ... 12.162734
>> s = 1, IN ... 1.4473
>> s = 0, IN ... 2.678674
1. Preliminaries.
Calculating B-matrices and Eigenvalues
2. Generate MSTModes
>> Generate s=-2 MSTModes 106.630525
>> Generate s=-1 MSTModes 105.906183
>> Generate hκModes 107.626522
3. Jumps
>> 0.2732
>> 1.087948
>> 4.016659
>> 4.923265
