Task 110 on node678.cluster: a=0.1 r0=17.0
Job started: a = 0.1, r0 = 17., savepath = /lustre/astro/dyson/DataFiles/KerrCircDiskData/h1_radial
Warning: rstarmin is outside the allowed range.
Now we Calculate the Radiative Solutions
1. Preliminaries.
Calculating B-matrices and Eigenvalues
2. Generate MSTModes
>> Generate s=-2 MSTModes 45.277266
>> Generate s=-1 MSTModes 44.572654
>> Generate hκModes 121.732359
3. Jumps
>> 0.376403
>> 2.135591
>> 3.679745
>> 3.896783
>> 49.303261
>> 18.199934
>> LinearSolve for s1 and κ jumps 0.004252
>> κ and s1 jumps 78.520671
4. Prepare grid and mode functions.
>> s=-2 MSTModes 0.215765
>> MMp2gridL 1.574834
>> MMp2gridR 4.583238
>> s=-1 MSTModes 0.067407
>> MMp1gridL 0.059642
>> MMp1gridR 0.149218
>> s=0 MSTModes 0.15158
A. Fill 1D grid.
>> s = 2, UP ... 32.090221
>> s = 1, UP ... 1.202952
>> s = 0, UP ... 6.978743
>> s = 2, IN ... 18.446942
>> s = 1, IN ... 1.376844
>> s = 0, IN ... 3.263736
1. Preliminaries.
Calculating B-matrices and Eigenvalues
2. Generate MSTModes
>> Generate s=-2 MSTModes 63.895176
>> Generate s=-1 MSTModes 64.204453
>> Generate hκModes 132.940483
3. Jumps
>> 0.384492
>> 2.387807
>> 4.237738
>> 3.972145
>> 51.861473
>> 17.654989
>> LinearSolve for s1 and κ jumps 0.578796
>> κ and s1 jumps 81.818594
4. Prepare grid and mode functions.
>> s=-2 MSTModes 0.217591
>> MMp2gridL 1.652796
>> MMp2gridR 4.824367
>> s=-1 MSTModes 0.111133
>> MMp1gridL 0.097622
>> MMp1gridR 0.281923
>> s=0 MSTModes 0.175127
A. Fill 1D grid.
>> s = 2, UP ... 32.738075
>> s = 1, UP ... 6.922852
>> s = 0, UP ... 9.995015
>> s = 2, IN ... 18.752838
>> s = 1, IN ... 2.492698
>> s = 0, IN ... 3.725668
1. Preliminaries.
Calculating B-matrices and Eigenvalues
2. Generate MSTModes
>> Generate s=-2 MSTModes 70.837681
>> Generate s=-1 MSTModes 70.465412
>> Generate hκModes 127.317045
3. Jumps
>> 0.379912
>> 2.199546
>> 4.749842
>> 3.351071
>> 46.232719
>> 15.194875
>> LinearSolve for s1 and κ jumps 0.425624
>> κ and s1 jumps 73.2176
4. Prepare grid and mode functions.
>> s=-2 MSTModes 0.210736
>> MMp2gridL 1.569832
>> MMp2gridR 4.551299
>> s=-1 MSTModes 0.107231
>> MMp1gridL 0.093425
>> MMp1gridR 0.268714
>> s=0 MSTModes 0.172599
A. Fill 1D grid.
>> s = 2, UP ... 31.079713
>> s = 1, UP ... 6.582233
>> s = 0, UP ... 9.629743
>> s = 2, IN ... 18.588853
>> s = 1, IN ... 2.429504
>> s = 0, IN ... 3.597108
1. Preliminaries.
Calculating B-matrices and Eigenvalues
2. Generate MSTModes
>> Generate s=-2 MSTModes 75.945107
>> Generate s=-1 MSTModes 75.882825
>> Generate hκModes 121.564498
3. Jumps
>> 0.353025
>> 1.950765
>> 4.485747
>> 3.021286
>> 41.522319
>> 13.502813
>> LinearSolve for s1 and κ jumps 1.087627
>> κ and s1 jumps 66.603625
4. Prepare grid and mode functions.
>> s=-2 MSTModes 0.198047
>> MMp2gridL 1.522025
>> MMp2gridR 4.435546
>> s=-1 MSTModes 0.102889
>> MMp1gridL 0.089414
>> MMp1gridR 0.25737
>> s=0 MSTModes 0.163484
A. Fill 1D grid.
>> s = 2, UP ... 29.557111
>> s = 1, UP ... 6.332784
>> s = 0, UP ... 9.218137
>> s = 2, IN ... 18.334971
>> s = 1, IN ... 2.410275
>> s = 0, IN ... 3.543282
1. Preliminaries.
Calculating B-matrices and Eigenvalues
2. Generate MSTModes
>> Generate s=-2 MSTModes 81.681354
>> Generate s=-1 MSTModes 81.259193
>> Generate hκModes 117.000316
3. Jumps
>> 0.341701
>> 1.740931
>> 4.463914
>> 2.664624
>> 36.563874
>> 11.701644
>> LinearSolve for s1 and κ jumps 1.191116
>> κ and s1 jumps 59.286248
4. Prepare grid and mode functions.
>> s=-2 MSTModes 0.186849
>> MMp2gridL 1.45341
>> MMp2gridR 4.248528
>> s=-1 MSTModes 0.099606
>> MMp1gridL 0.085693
>> MMp1gridR 0.244532
>> s=0 MSTModes 0.157151
A. Fill 1D grid.
>> s = 2, UP ... 27.752149
>> s = 1, UP ... 6.042159
>> s = 0, UP ... 8.640059
>> s = 2, IN ... 17.793031
>> s = 1, IN ... 2.288705
>> s = 0, IN ... 3.412561
1. Preliminaries.
Calculating B-matrices and Eigenvalues
2. Generate MSTModes
>> Generate s=-2 MSTModes 86.856029
>> Generate s=-1 MSTModes 86.200919
>> Generate hκModes 112.668506
3. Jumps
>> 0.326551
>> 1.572053
>> 4.366865
>> 2.235727
>> 32.282382
>> 9.902908
>> LinearSolve for s1 and κ jumps 0.773796
>> κ and s1 jumps 52.045903
4. Prepare grid and mode functions.
>> s=-2 MSTModes 0.181739
>> MMp2gridL 1.399265
>> MMp2gridR 4.092358
>> s=-1 MSTModes 0.095568
>> MMp1gridL 0.083671
>> MMp1gridR 0.236308
>> s=0 MSTModes 0.150988
A. Fill 1D grid.
>> s = 2, UP ... 26.318807
>> s = 1, UP ... 5.663108
>> s = 0, UP ... 8.317873
>> s = 2, IN ... 17.409073
>> s = 1, IN ... 2.150783
>> s = 0, IN ... 3.307176
1. Preliminaries.
Calculating B-matrices and Eigenvalues
2. Generate MSTModes
>> Generate s=-2 MSTModes 92.211426
>> Generate s=-1 MSTModes 90.844005
>> Generate hκModes 108.516521
3. Jumps
>> 0.306962
>> 1.40462
>> 4.199695
>> 1.944969
>> 28.615683
>> 8.695244
>> LinearSolve for s1 and κ jumps 0.642948
>> κ and s1 jumps 46.331487
4. Prepare grid and mode functions.
>> s=-2 MSTModes 0.175085
>> MMp2gridL 1.339116
>> MMp2gridR 3.925364
>> s=-1 MSTModes 0.089823
>> MMp1gridL 0.079405
>> MMp1gridR 0.224257
>> s=0 MSTModes 0.143823
A. Fill 1D grid.
>> s = 2, UP ... 24.887226
>> s = 1, UP ... 5.386022
>> s = 0, UP ... 7.86667
>> s = 2, IN ... 16.943868
>> s = 1, IN ... 2.115318
>> s = 0, IN ... 3.150292
1. Preliminaries.
Calculating B-matrices and Eigenvalues
2. Generate MSTModes
>> Generate s=-2 MSTModes 97.433703
>> Generate s=-1 MSTModes 94.334717
>> Generate hκModes 104.337133
3. Jumps
>> 0.287725
>> 1.209464
>> 4.064596
>> 1.678569
>> 25.040806
>> 7.57401
>> LinearSolve for s1 and κ jumps 1.242331
>> κ and s1 jumps 41.575188
4. Prepare grid and mode functions.
>> s=-2 MSTModes 0.223859
>> MMp2gridL 1.342408
>> MMp2gridR 3.757439
>> s=-1 MSTModes 0.089716
>> MMp1gridL 0.080196
>> MMp1gridR 0.222116
>> s=0 MSTModes 0.138927
A. Fill 1D grid.
>> s = 2, UP ... 23.487487
>> s = 1, UP ... 5.060456
>> s = 0, UP ... 7.382455
>> s = 2, IN ... 16.478105
>> s = 1, IN ... 2.033343
>> s = 0, IN ... 3.072874
1. Preliminaries.
Calculating B-matrices and Eigenvalues
2. Generate MSTModes
>> Generate s=-2 MSTModes 98.720599
>> Generate s=-1 MSTModes 97.167607
>> Generate hκModes 101.220346
3. Jumps
>> 0.275318
>> 1.077349
>> 3.92841
>> 1.435332
>> 21.679145
>> 6.244594
>> LinearSolve for s1 and κ jumps 0.008607
>> κ and s1 jumps 35.019239
4. Prepare grid and mode functions.
>> s=-2 MSTModes 0.19777
>> MMp2gridL 1.203073
>> MMp2gridR 3.526692
>> s=-1 MSTModes 0.08343
>> MMp1gridL 0.073791
>> MMp1gridR 0.20373
>> s=0 MSTModes 0.129307
A. Fill 1D grid.
>> s = 2, UP ... 22.281996
>> s = 1, UP ... 4.753005
>> s = 0, UP ... 6.924546
>> s = 2, IN ... 16.204407
>> s = 1, IN ... 1.912025
>> s = 0, IN ... 2.924535
1. Preliminaries.
Calculating B-matrices and Eigenvalues
2. Generate MSTModes
>> Generate s=-2 MSTModes 104.123714
>> Generate s=-1 MSTModes 102.246324
>> Generate hκModes 97.433215
3. Jumps
>> 0.26309
>> 0.997604
>> 3.9562
>> 1.216116
>> 19.151835
>> 5.382073
>> LinearSolve for s1 and κ jumps 0.008149
>> κ and s1 jumps 31.304348
4. Prepare grid and mode functions.
>> s=-2 MSTModes 0.193106
>> MMp2gridL 1.219346
>> MMp2gridR 3.447554
>> s=-1 MSTModes 0.080585
>> MMp1gridL 0.071988
>> MMp1gridR 0.202492
>> s=0 MSTModes 0.127247
A. Fill 1D grid.
>> s = 2, UP ... 20.552797
>> s = 1, UP ... 4.285356
>> s = 0, UP ... 6.390728
>> s = 2, IN ... 15.856129
>> s = 1, IN ... 1.832317
>> s = 0, IN ... 2.791909
1. Preliminaries.
Calculating B-matrices and Eigenvalues
2. Generate MSTModes
>> Generate s=-2 MSTModes 102.139596
>> Generate s=-1 MSTModes 100.502386
>> Generate hκModes 94.405485
3. Jumps
