Task 618 on node657.cluster: a=0.9 r0=7.0
Job started: a = 0.9, r0 = 7., savepath = /lustre/astro/dyson/DataFiles/KerrCircDiskData/h1_radial
Warning: rstarmin is outside the allowed range.
Now we Calculate the Radiative Solutions
1. Preliminaries.
Calculating B-matrices and Eigenvalues
2. Generate MSTModes
>> Generate s=-2 MSTModes 43.43633
>> Generate s=-1 MSTModes 42.93841
>> Generate hκModes 116.37189
3. Jumps
>> 0.344402
>> 1.979058
>> 3.469214
>> 14.523968
>> 92.700569
>> 64.422922
>> LinearSolve for s1 and κ jumps 0.004866
>> κ and s1 jumps 178.390927
4. Prepare grid and mode functions.
>> s=-2 MSTModes 0.186612
>> MMp2gridL 0.49024
>> MMp2gridR 4.876667
>> s=-1 MSTModes 0.058627
>> MMp1gridL 0.020663
>> MMp1gridR 0.159251
>> s=0 MSTModes 0.144068
A. Fill 1D grid.
>> s = 2, UP ... 34.707931
>> s = 1, UP ... 1.254454
>> s = 0, UP ... 10.84414
>> s = 2, IN ... 6.055293
>> s = 1, IN ... 0.521377
>> s = 0, IN ... 1.284886
1. Preliminaries.
Calculating B-matrices and Eigenvalues
2. Generate MSTModes
>> Generate s=-2 MSTModes 54.125167
>> Generate s=-1 MSTModes 54.387769
>> Generate hκModes 119.018487
3. Jumps
>> 0.330207
>> 2.118179
>> 4.193917
>> 12.48601
>> 84.284242
>> 53.694446
>> LinearSolve for s1 and κ jumps 0.939682
>> κ and s1 jumps 158.827114
4. Prepare grid and mode functions.
>> s=-2 MSTModes 0.171132
>> MMp2gridL 0.494101
>> MMp2gridR 4.91583
>> s=-1 MSTModes 0.093049
>> MMp1gridL 0.029324
>> MMp1gridR 0.284989
>> s=0 MSTModes 0.149844
A. Fill 1D grid.
>> s = 2, UP ... 33.722778
>> s = 1, UP ... 7.415297
>> s = 0, UP ... 14.673659
>> s = 2, IN ... 5.995584
>> s = 1, IN ... 0.774072
>> s = 0, IN ... 1.399363
1. Preliminaries.
Calculating B-matrices and Eigenvalues
2. Generate MSTModes
>> Generate s=-2 MSTModes 64.202643
>> Generate s=-1 MSTModes 63.973283
>> Generate hκModes 121.703403
3. Jumps
>> 0.315762
>> 1.867296
>> 4.428299
>> 11.09541
>> 75.013445
>> 48.221793
>> LinearSolve for s1 and κ jumps 0.69058
>> κ and s1 jumps 142.314025
4. Prepare grid and mode functions.
>> s=-2 MSTModes 0.172184
>> MMp2gridL 0.476695
>> MMp2gridR 4.844293
>> s=-1 MSTModes 0.091527
>> MMp1gridL 0.028525
>> MMp1gridR 0.274291
>> s=0 MSTModes 0.14648
A. Fill 1D grid.
>> s = 2, UP ... 32.746574
>> s = 1, UP ... 7.645939
>> s = 0, UP ... 15.097088
>> s = 2, IN ... 5.961439
>> s = 1, IN ... 0.750958
>> s = 0, IN ... 1.378281
1. Preliminaries.
Calculating B-matrices and Eigenvalues
2. Generate MSTModes
>> Generate s=-2 MSTModes 75.745988
>> Generate s=-1 MSTModes 75.014458
>> Generate hκModes 123.821062
3. Jumps
>> 0.293283
>> 1.722102
>> 4.311079
>> 9.420822
>> 64.928969
>> 40.435263
>> LinearSolve for s1 and κ jumps 0.403909
>> κ and s1 jumps 122.221605
4. Prepare grid and mode functions.
>> s=-2 MSTModes 0.182716
>> MMp2gridL 0.463843
>> MMp2gridR 4.863246
>> s=-1 MSTModes 0.090787
>> MMp1gridL 0.028275
>> MMp1gridR 0.271493
>> s=0 MSTModes 0.145406
A. Fill 1D grid.
>> s = 2, UP ... 32.31096
>> s = 1, UP ... 7.659167
>> s = 0, UP ... 14.963719
>> s = 2, IN ... 5.873498
>> s = 1, IN ... 0.740985
>> s = 0, IN ... 1.334002
1. Preliminaries.
Calculating B-matrices and Eigenvalues
2. Generate MSTModes
>> Generate s=-2 MSTModes 88.581992
>> Generate s=-1 MSTModes 87.08488
>> Generate hκModes 124.926231
3. Jumps
>> 0.287325
>> 1.483794
>> 4.314516
>> 8.364446
>> 57.3409
>> 35.478372
>> LinearSolve for s1 and κ jumps 1.051534
>> κ and s1 jumps 108.960745
4. Prepare grid and mode functions.
>> s=-2 MSTModes 0.168576
>> MMp2gridL 0.449537
>> MMp2gridR 4.807265
>> s=-1 MSTModes 0.089714
>> MMp1gridL 0.028267
>> MMp1gridR 0.265305
>> s=0 MSTModes 0.140208
A. Fill 1D grid.
>> s = 2, UP ... 30.219246
>> s = 1, UP ... 6.770817
>> s = 0, UP ... 13.009205
>> s = 2, IN ... 5.716607
>> s = 1, IN ... 0.704448
>> s = 0, IN ... 1.265824
1. Preliminaries.
Calculating B-matrices and Eigenvalues
2. Generate MSTModes
>> Generate s=-2 MSTModes 100.126298
>> Generate s=-1 MSTModes 100.711954
>> Generate hκModes 125.373314
3. Jumps
>> 0.268804
>> 1.345626
>> 4.161029
>> 7.063994
>> 49.821336
>> 30.427024
>> LinearSolve for s1 and κ jumps 0.835196
>> κ and s1 jumps 94.444532
4. Prepare grid and mode functions.
>> s=-2 MSTModes 0.243694
>> MMp2gridL 0.429488
>> MMp2gridR 4.392122
>> s=-1 MSTModes 0.085614
>> MMp1gridL 0.026984
>> MMp1gridR 0.252574
>> s=0 MSTModes 0.134081
A. Fill 1D grid.
>> s = 2, UP ... 27.283335
>> s = 1, UP ... 6.162228
>> s = 0, UP ... 11.93474
>> s = 2, IN ... 5.653456
>> s = 1, IN ... 0.690152
>> s = 0, IN ... 1.222308
1. Preliminaries.
Calculating B-matrices and Eigenvalues
2. Generate MSTModes
>> Generate s=-2 MSTModes 114.890128
>> Generate s=-1 MSTModes 116.866538
