Task 45 on node678.cluster: a=0.000000001 r0=28.5
Job started: a = 1.*^-9, r0 = 28.5, savepath = /lustre/astro/dyson/DataFiles/KerrCircDiskData/h1_radial
Warning: rstarmin is outside the allowed range.
Now we Calculate the Radiative Solutions
1. Preliminaries.
Calculating B-matrices and Eigenvalues
2. Generate MSTModes
>> Generate s=-2 MSTModes 1.031724
>> Generate s=-1 MSTModes 0.99844
>> Generate hκModes 9.481226
3. Jumps
>> 0.008654
>> 0.003709
>> 0.113608
>> 0.0039
>> 0.019454
>> 0.006996
>> LinearSolve for s1 and κ jumps 0.000365
>> κ and s1 jumps 0.164614
4. Prepare grid and mode functions.
>> s=-2 MSTModes 0.005193
>> MMp2gridL 0.081109
>> MMp2gridR 0.098547
>> s=-1 MSTModes 0.001985
>> MMp1gridL 0.005073
>> MMp1gridR 0.005922
>> s=0 MSTModes 0.007544
A. Fill 1D grid.
>> s = 2, UP ... 0.182332
>> s = 1, UP ... 0.02998
>> s = 0, UP ... 0.073549
>> s = 2, IN ... 0.141477
>> s = 1, IN ... 0.023896
>> s = 0, IN ... 0.055992
1. Preliminaries.
Calculating B-matrices and Eigenvalues
2. Generate MSTModes
>> Generate s=-2 MSTModes 1.073232
>> Generate s=-1 MSTModes 1.083602
>> Generate hκModes 4.725043
3. Jumps
>> 0.006699
>> 0.002791
>> 0.125122
>> 0.002847
>> 0.013186
>> 0.002537
>> LinearSolve for s1 and κ jumps 0.000304
>> κ and s1 jumps 0.158905
4. Prepare grid and mode functions.
>> s=-2 MSTModes 0.005644
>> MMp2gridL 0.0811
>> MMp2gridR 0.09886
>> s=-1 MSTModes 0.003154
>> MMp1gridL 0.004856
>> MMp1gridR 0.005924
>> s=0 MSTModes 0.004804
A. Fill 1D grid.
>> s = 2, UP ... 0.120862
>> s = 1, UP ... 0.032781
>> s = 0, UP ... 0.056406
>> s = 2, IN ... 0.093311
>> s = 1, IN ... 0.026416
>> s = 0, IN ... 0.04292
