Task 6 on node723.cluster: a=0.6 r0=7.8
Job started: a = 0.6, r0 = 7.8, savepath = /lustre/astro/dyson/DataFiles/KerrCircSourceFiles/h1_radial
Warning: rstarmin is outside the allowed range.
Now we Calculate the Radiative Solutions
1. Preliminaries.
Calculating B-matrices and Eigenvalues
2. Generate MSTModes
>> Generate s=-2 MSTModes 192.46819
>> Generate s=-1 MSTModes 190.466769
>> Generate hκModes 548.678201
3. Jumps
>> 2.678487
>> 27.591982
>> 11.190116
>> 74.820989
>> 683.415326
>> 326.775085
>> LinearSolve for s1 and κ jumps 0.01377
>> κ and s1 jumps 1134.301915
4. Prepare grid and mode functions.
>> s=-2 MSTModes 0.429229
>> MMp2gridL 2.052097
>> MMp2gridR 15.117465
>> s=-1 MSTModes 0.163916
>> MMp1gridL 0.085979
>> MMp1gridR 0.550027
>> s=0 MSTModes 0.381582
A. Fill 1D grid.
>> s = 2, UP ... 183.737477
>> s = 1, UP ... 5.182649
>> s = 0, UP ... 36.873481
>> s = 2, IN ... 54.527929
>> s = 1, IN ... 3.135434
>> s = 0, IN ... 6.689138
1. Preliminaries.
Calculating B-matrices and Eigenvalues
2. Generate MSTModes
>> Generate s=-2 MSTModes 223.607361
>> Generate s=-1 MSTModes 220.21543
>> Generate hκModes 525.228487
3. Jumps
>> 2.420622
>> 27.958943
>> 12.275937
>> 270.767499
>> 1519.252434
>> 1154.797692
>> LinearSolve for s1 and κ jumps 0.736036
>> κ and s1 jumps 2994.484244
4. Prepare grid and mode functions.
>> s=-2 MSTModes 0.432244
>> MMp2gridL 2.049754
>> MMp2gridR 15.040245
>> s=-1 MSTModes 0.249779
>> MMp1gridL 0.118265
>> MMp1gridR 0.846501
>> s=0 MSTModes 0.413331
A. Fill 1D grid.
>> s = 2, UP ... 180.516468
>> s = 1, UP ... 36.555626
>> s = 0, UP ... 71.972273
>> s = 2, IN ... 53.641506
>> s = 1, IN ... 4.786898
>> s = 0, IN ... 9.327584
1. Preliminaries.
Calculating B-matrices and Eigenvalues
2. Generate MSTModes
>> Generate s=-2 MSTModes 247.815708
>> Generate s=-1 MSTModes 244.184244
>> Generate hκModes 521.826489
3. Jumps
>> 2.38378
>> 27.427576
>> 13.016896
>> 258.393003
>> 1459.287798
>> 1090.999944
>> LinearSolve for s1 and κ jumps 0.485078
>> κ and s1 jumps 2857.980401
4. Prepare grid and mode functions.
>> s=-2 MSTModes 0.438348
>> MMp2gridL 2.003142
>> MMp2gridR 14.846663
>> s=-1 MSTModes 0.248102
>> MMp1gridL 0.118374
>> MMp1gridR 0.837589
>> s=0 MSTModes 0.410062
A. Fill 1D grid.
>> s = 2, UP ... 174.161057
>> s = 1, UP ... 32.605199
>> s = 0, UP ... 66.051601
>> s = 2, IN ... 53.078461
>> s = 1, IN ... 4.730594
>> s = 0, IN ... 9.118963
1. Preliminaries.
Calculating B-matrices and Eigenvalues
2. Generate MSTModes
>> Generate s=-2 MSTModes 274.98062
>> Generate s=-1 MSTModes 269.604207
>> Generate hκModes 529.178081
3. Jumps
>> 2.209812
>> 24.885868
>> 13.220202
>> 231.027196
>> 1304.156494
>> 981.508474
>> LinearSolve for s1 and κ jumps 0.715113
>> κ and s1 jumps 2563.377838
4. Prepare grid and mode functions.
>> s=-2 MSTModes 0.429755
>> MMp2gridL 1.964218
>> MMp2gridR 14.536695
>> s=-1 MSTModes 0.245061
>> MMp1gridL 0.117115
>> MMp1gridR 0.825438
>> s=0 MSTModes 0.403134
A. Fill 1D grid.
>> s = 2, UP ... 169.946749
>> s = 1, UP ... 32.052826
>> s = 0, UP ... 63.741977
>> s = 2, IN ... 52.752437
>> s = 1, IN ... 4.633226
>> s = 0, IN ... 8.876325
1. Preliminaries.
Calculating B-matrices and Eigenvalues
2. Generate MSTModes
>> Generate s=-2 MSTModes 303.646675
>> Generate s=-1 MSTModes 298.677546
>> Generate hκModes 536.20897
3. Jumps
>> 2.176474
>> 23.239433
>> 14.753403
>> 214.409763
>> 1212.257928
>> 908.598972
>> LinearSolve for s1 and κ jumps 0.622148
>> κ and s1 jumps 2381.39934
4. Prepare grid and mode functions.
>> s=-2 MSTModes 0.429907
>> MMp2gridL 1.991315
>> MMp2gridR 14.346566
>> s=-1 MSTModes 0.23969
>> MMp1gridL 0.115584
>> MMp1gridR 0.8073
>> s=0 MSTModes 0.394307
A. Fill 1D grid.
>> s = 2, UP ... 164.096015
>> s = 1, UP ... 30.244466
>> s = 0, UP ... 61.750255
>> s = 2, IN ... 52.424106
>> s = 1, IN ... 4.548407
>> s = 0, IN ... 8.693902
1. Preliminaries.
Calculating B-matrices and Eigenvalues
2. Generate MSTModes
>> Generate s=-2 MSTModes 336.221352
>> Generate s=-1 MSTModes 331.123557
>> Generate hκModes 542.294447
3. Jumps
>> 2.030963
>> 21.9884
>> 13.581848
>> 198.725705
>> 1132.179255
>> 845.384473
>> LinearSolve for s1 and κ jumps 0.437334
>> κ and s1 jumps 2219.460416
4. Prepare grid and mode functions.
>> s=-2 MSTModes 0.422543
>> MMp2gridL 1.957922
>> MMp2gridR 14.247215
>> s=-1 MSTModes 0.238653
>> MMp1gridL 0.112977
>> MMp1gridR 0.797284
>> s=0 MSTModes 0.39191
A. Fill 1D grid.
>> s = 2, UP ... 158.313348
>> s = 1, UP ... 28.953479
>> s = 0, UP ... 59.639589
>> s = 2, IN ... 52.015536
>> s = 1, IN ... 4.442521
>> s = 0, IN ... 8.499818
1. Preliminaries.
Calculating B-matrices and Eigenvalues
2. Generate MSTModes
>> Generate s=-2 MSTModes 369.373867
>> Generate s=-1 MSTModes 363.952573
>> Generate hκModes 549.983151
3. Jumps
>> 1.961747
>> 20.434874
>> 13.713187
>> 184.967027
>> 1043.576773
>> 778.197777
>> LinearSolve for s1 and κ jumps 0.639379
>> κ and s1 jumps 2048.22749
4. Prepare grid and mode functions.
>> s=-2 MSTModes 0.413751
>> MMp2gridL 1.904016
>> MMp2gridR 13.991486
>> s=-1 MSTModes 0.234852
>> MMp1gridL 0.111561
>> MMp1gridR 0.778768
>> s=0 MSTModes 0.384409
A. Fill 1D grid.
>> s = 2, UP ... 152.404793
>> s = 1, UP ... 27.994142
>> s = 0, UP ... 57.628126
>> s = 2, IN ... 51.662943
>> s = 1, IN ... 4.362315
>> s = 0, IN ... 8.275792
1. Preliminaries.
Calculating B-matrices and Eigenvalues
2. Generate MSTModes
>> Generate s=-2 MSTModes 405.998783
>> Generate s=-1 MSTModes 399.569246
>> Generate hκModes 558.304468
3. Jumps
>> 1.917863
>> 19.288509
>> 13.768137
>> 169.06772
>> 960.538952
>> 711.758711
>> LinearSolve for s1 and κ jumps 0.624904
>> κ and s1 jumps 1881.3751
4. Prepare grid and mode functions.
>> s=-2 MSTModes 0.407194
>> MMp2gridL 1.875247
>> MMp2gridR 13.662294
>> s=-1 MSTModes 0.226694
>> MMp1gridL 0.109359
>> MMp1gridR 0.761788
>> s=0 MSTModes 0.377646
A. Fill 1D grid.
>> s = 2, UP ... 147.698737
>> s = 1, UP ... 27.055124
>> s = 0, UP ... 55.725031
>> s = 2, IN ... 51.092097
>> s = 1, IN ... 4.278365
>> s = 0, IN ... 8.021074
1. Preliminaries.
Calculating B-matrices and Eigenvalues
2. Generate MSTModes
>> Generate s=-2 MSTModes 444.805725
>> Generate s=-1 MSTModes 437.246316
>> Generate hκModes 565.617652
3. Jumps
>> 1.843384
>> 17.961175
>> 13.87717
>> 153.423983
>> 876.66667
>> 644.627891
>> LinearSolve for s1 and κ jumps 0.61301
>> κ and s1 jumps 1713.157289
4. Prepare grid and mode functions.
>> s=-2 MSTModes 0.401115
>> MMp2gridL 1.858573
>> MMp2gridR 13.481062
>> s=-1 MSTModes 0.226646
>> MMp1gridL 0.106923
>> MMp1gridR 0.750147
>> s=0 MSTModes 0.370083
A. Fill 1D grid.
>> s = 2, UP ... 142.835508
>> s = 1, UP ... 25.799695
>> s = 0, UP ... 52.76027
>> s = 2, IN ... 50.876519
>> s = 1, IN ... 4.175535
>> s = 0, IN ... 7.830623
1. Preliminaries.
Calculating B-matrices and Eigenvalues
2. Generate MSTModes
>> Generate s=-2 MSTModes 485.454908
>> Generate s=-1 MSTModes 475.9446
>> Generate hκModes 572.256094
3. Jumps
>> 1.744046
>> 16.911209
>> 13.57166
>> 139.737469
>> 806.031531
>> 587.775583
>> LinearSolve for s1 and κ jumps 0.728428
>> κ and s1 jumps 1570.387111
4. Prepare grid and mode functions.
>> s=-2 MSTModes 0.39238
>> MMp2gridL 1.801967
>> MMp2gridR 13.17444
>> s=-1 MSTModes 0.222961
>> MMp1gridL 0.105877
>> MMp1gridR 0.738485
>> s=0 MSTModes 0.362935
A. Fill 1D grid.
>> s = 2, UP ... 138.565436
>> s = 1, UP ... 25.04834
>> s = 0, UP ... 51.435369
>> s = 2, IN ... 50.631737
>> s = 1, IN ... 4.151987
>> s = 0, IN ... 7.691561
1. Preliminaries.
Calculating B-matrices and Eigenvalues
2. Generate MSTModes
>> Generate s=-2 MSTModes 526.636647
>> Generate s=-1 MSTModes 513.750512
>> Generate hκModes 578.014739
3. Jumps
>> 1.701545
>> 15.791256
>> 13.01992
>> 129.371815
