Task 629 on node656.cluster: a=0.9 r0=12.5
Job started: a = 0.9, r0 = 12.5, savepath = /lustre/astro/dyson/DataFiles/KerrCircDiskData/h1_radial
Warning: rstarmin is outside the allowed range.
Now we Calculate the Radiative Solutions
1. Preliminaries.
Calculating B-matrices and Eigenvalues
2. Generate MSTModes
>> Generate s=-2 MSTModes 51.030461
>> Generate s=-1 MSTModes 51.314699
>> Generate hκModes 129.219143
3. Jumps
>> 0.391941
>> 2.245043
>> 3.728456
>> 4.120448
>> 49.805001
>> 18.1166
>> LinearSolve for s1 and κ jumps 0.004885
>> κ and s1 jumps 79.340066
4. Prepare grid and mode functions.
>> s=-2 MSTModes 0.210781
>> MMp2gridL 1.089369
>> MMp2gridR 4.902522
>> s=-1 MSTModes 0.064672
>> MMp1gridL 0.042682
>> MMp1gridR 0.159852
>> s=0 MSTModes 0.143142
A. Fill 1D grid.
>> s = 2, UP ... 33.067832
>> s = 1, UP ... 1.238694
>> s = 0, UP ... 7.279047
>> s = 2, IN ... 12.30267
>> s = 1, IN ... 0.946558
>> s = 0, IN ... 2.152401
1. Preliminaries.
Calculating B-matrices and Eigenvalues
2. Generate MSTModes
>> Generate s=-2 MSTModes 59.508701
>> Generate s=-1 MSTModes 58.000872
>> Generate hκModes 114.718675
3. Jumps
>> 0.319454
>> 2.032525
>> 3.683736
>> 12.087517
>> 81.316945
>> 52.502689
>> LinearSolve for s1 and κ jumps 0.238698
>> κ and s1 jumps 152.924972
4. Prepare grid and mode functions.
>> s=-2 MSTModes 0.19855
>> MMp2gridL 0.981979
>> MMp2gridR 4.428443
>> s=-1 MSTModes 0.095177
>> MMp1gridL 0.057988
>> MMp1gridR 0.257232
>> s=0 MSTModes 0.155022
A. Fill 1D grid.
>> s = 2, UP ... 30.023503
>> s = 1, UP ... 6.446293
>> s = 0, UP ... 13.184555
>> s = 2, IN ... 11.542432
>> s = 1, IN ... 1.534876
>> s = 0, IN ... 2.957938
1. Preliminaries.
Calculating B-matrices and Eigenvalues
2. Generate MSTModes
>> Generate s=-2 MSTModes 63.582921
>> Generate s=-1 MSTModes 63.597064
>> Generate hκModes 109.06141
3. Jumps
>> 0.313209
>> 1.79533
>> 3.78744
>> 10.664901
>> 72.912262
>> 46.485857
>> LinearSolve for s1 and κ jumps 0.233907
>> κ and s1 jumps 136.87633
4. Prepare grid and mode functions.
>> s=-2 MSTModes 0.196928
>> MMp2gridL 0.946594
>> MMp2gridR 4.251206
>> s=-1 MSTModes 0.09504
>> MMp1gridL 0.057184
>> MMp1gridR 0.249617
>> s=0 MSTModes 0.149582
A. Fill 1D grid.
>> s = 2, UP ... 29.038016
>> s = 1, UP ... 6.448016
>> s = 0, UP ... 13.261413
>> s = 2, IN ... 11.516572
>> s = 1, IN ... 1.516258
>> s = 0, IN ... 2.860267
1. Preliminaries.
Calculating B-matrices and Eigenvalues
2. Generate MSTModes
>> Generate s=-2 MSTModes 70.853487
>> Generate s=-1 MSTModes 69.754381
>> Generate hκModes 107.52493
3. Jumps
>> 0.29061
>> 1.587245
>> 3.785847
>> 9.210668
>> 64.570219
>> 41.070877
>> LinearSolve for s1 and κ jumps 0.228784
>> κ and s1 jumps 121.358334
4. Prepare grid and mode functions.
>> s=-2 MSTModes 0.194456
>> MMp2gridL 0.913538
>> MMp2gridR 4.157323
>> s=-1 MSTModes 0.089046
>> MMp1gridL 0.054849
>> MMp1gridR 0.241444
>> s=0 MSTModes 0.146628
A. Fill 1D grid.
>> s = 2, UP ... 27.948605
>> s = 1, UP ... 6.157617
>> s = 0, UP ... 12.765775
>> s = 2, IN ... 11.323577
>> s = 1, IN ... 1.466324
>> s = 0, IN ... 2.762465
1. Preliminaries.
Calculating B-matrices and Eigenvalues
2. Generate MSTModes
>> Generate s=-2 MSTModes 78.1626
>> Generate s=-1 MSTModes 75.467956
>> Generate hκModes 106.1219
3. Jumps
>> 0.28192
>> 1.50232
>> 3.957912
>> 8.109383
>> 56.468415
>> 34.78374
>> LinearSolve for s1 and κ jumps 0.258021
>> κ and s1 jumps 105.943214
4. Prepare grid and mode functions.
>> s=-2 MSTModes 0.180967
>> MMp2gridL 0.881994
>> MMp2gridR 4.019489
>> s=-1 MSTModes 0.0861
>> MMp1gridL 0.053226
>> MMp1gridR 0.234635
>> s=0 MSTModes 0.141731
A. Fill 1D grid.
>> s = 2, UP ... 26.711411
>> s = 1, UP ... 6.013079
>> s = 0, UP ... 12.144241
>> s = 2, IN ... 11.141153
>> s = 1, IN ... 1.409398
>> s = 0, IN ... 2.645038
1. Preliminaries.
Calculating B-matrices and Eigenvalues
2. Generate MSTModes
>> Generate s=-2 MSTModes 85.241127
>> Generate s=-1 MSTModes 83.23113
>> Generate hκModes 104.711584
3. Jumps
>> 0.265203
>> 1.289409
>> 3.837776
>> 7.199697
>> 49.760472
>> 30.572998
>> LinearSolve for s1 and κ jumps 0.489933
>> κ and s1 jumps 93.994439
4. Prepare grid and mode functions.
>> s=-2 MSTModes 0.158597
>> MMp2gridL 0.850653
>> MMp2gridR 3.838851
>> s=-1 MSTModes 0.083608
>> MMp1gridL 0.050538
>> MMp1gridR 0.225309
>> s=0 MSTModes 0.135002
A. Fill 1D grid.
>> s = 2, UP ... 24.960443
>> s = 1, UP ... 5.418887
>> s = 0, UP ... 11.024323
>> s = 2, IN ... 10.811645
>> s = 1, IN ... 1.339766
>> s = 0, IN ... 2.50509
1. Preliminaries.
Calculating B-matrices and Eigenvalues
2. Generate MSTModes
>> Generate s=-2 MSTModes 92.038715
>> Generate s=-1 MSTModes 90.270978
>> Generate hκModes 102.516639
3. Jumps
>> 0.257061
>> 1.177985
>> 3.795456
>> 5.963014
>> 43.203626
>> 25.670721
>> LinearSolve for s1 and κ jumps 0.514251
>> κ and s1 jumps 81.093071
4. Prepare grid and mode functions.
>> s=-2 MSTModes 0.151338
>> MMp2gridL 0.811232
>> MMp2gridR 3.658831
>> s=-1 MSTModes 0.079608
>> MMp1gridL 0.049187
>> MMp1gridR 0.215836
>> s=0 MSTModes 0.133204
A. Fill 1D grid.
>> s = 2, UP ... 23.363651
>> s = 1, UP ... 4.982414
>> s = 0, UP ... 9.988684
>> s = 2, IN ... 10.63556
>> s = 1, IN ... 1.284945
>> s = 0, IN ... 2.406307
1. Preliminaries.
Calculating B-matrices and Eigenvalues
2. Generate MSTModes
>> Generate s=-2 MSTModes 97.699903
>> Generate s=-1 MSTModes 96.965613
>> Generate hκModes 100.98556
3. Jumps
>> 0.245409
>> 1.031818
>> 3.669866
>> 5.299372
>> 37.989528
>> 22.692784
>> LinearSolve for s1 and κ jumps 0.392992
>> κ and s1 jumps 71.830549
4. Prepare grid and mode functions.
>> s=-2 MSTModes 0.147486
>> MMp2gridL 0.774874
>> MMp2gridR 3.513541
>> s=-1 MSTModes 0.077826
>> MMp1gridL 0.048339
>> MMp1gridR 0.210762
>> s=0 MSTModes 0.128196
A. Fill 1D grid.
>> s = 2, UP ... 21.780628
>> s = 1, UP ... 4.530637
>> s = 0, UP ... 8.935447
>> s = 2, IN ... 10.240952
>> s = 1, IN ... 1.217312
>> s = 0, IN ... 2.278364
1. Preliminaries.
Calculating B-matrices and Eigenvalues
2. Generate MSTModes
>> Generate s=-2 MSTModes 100.793273
>> Generate s=-1 MSTModes 100.471035
