Task 365 on node656.cluster: a=0.6 r0=12.5
Job started: a = 0.6, r0 = 12.5, savepath = /lustre/astro/dyson/DataFiles/KerrCircDiskData/h1_radial
Warning: rstarmin is outside the allowed range.
Now we Calculate the Radiative Solutions
1. Preliminaries.
Calculating B-matrices and Eigenvalues
2. Generate MSTModes
>> Generate s=-2 MSTModes 42.712928
>> Generate s=-1 MSTModes 42.585902
>> Generate hκModes 115.539291
3. Jumps
>> 0.356525
>> 2.076971
>> 3.421815
>> 3.696209
>> 45.979916
>> 16.581398
>> LinearSolve for s1 and κ jumps 0.004297
>> κ and s1 jumps 72.957088
4. Prepare grid and mode functions.
>> s=-2 MSTModes 0.194613
>> MMp2gridL 0.996327
>> MMp2gridR 4.417291
>> s=-1 MSTModes 0.059584
>> MMp1gridL 0.038764
>> MMp1gridR 0.147407
>> s=0 MSTModes 0.133955
A. Fill 1D grid.
>> s = 2, UP ... 30.468022
>> s = 1, UP ... 1.18857
>> s = 0, UP ... 6.807956
>> s = 2, IN ... 11.786656
>> s = 1, IN ... 0.906709
>> s = 0, IN ... 2.049872
1. Preliminaries.
Calculating B-matrices and Eigenvalues
2. Generate MSTModes
>> Generate s=-2 MSTModes 53.884805
>> Generate s=-1 MSTModes 54.382346
>> Generate hκModes 123.289136
3. Jumps
>> 0.389276
>> 2.394094
>> 4.354524
>> 3.916069
>> 52.078836
>> 18.016915
>> LinearSolve for s1 and κ jumps 0.543904
>> κ and s1 jumps 82.489672
4. Prepare grid and mode functions.
>> s=-2 MSTModes 0.194655
>> MMp2gridL 1.177445
>> MMp2gridR 5.365652
>> s=-1 MSTModes 0.112603
>> MMp1gridL 0.07111
>> MMp1gridR 0.314394
>> s=0 MSTModes 0.182707
A. Fill 1D grid.
>> s = 2, UP ... 35.27885
>> s = 1, UP ... 7.846659
>> s = 0, UP ... 11.036318
>> s = 2, IN ... 13.980246
>> s = 1, IN ... 1.84025
>> s = 0, IN ... 2.741164
1. Preliminaries.
Calculating B-matrices and Eigenvalues
2. Generate MSTModes
>> Generate s=-2 MSTModes 70.478752
>> Generate s=-1 MSTModes 69.435944
>> Generate hκModes 126.981911
3. Jumps
>> 0.358606
>> 2.079942
>> 4.5276
>> 12.609276
>> 86.998671
>> 55.798561
>> LinearSolve for s1 and κ jumps 0.308259
>> κ and s1 jumps 163.474304
4. Prepare grid and mode functions.
>> s=-2 MSTModes 0.196465
>> MMp2gridL 1.144213
>> MMp2gridR 5.117746
>> s=-1 MSTModes 0.107914
>> MMp1gridL 0.067824
>> MMp1gridR 0.301095
>> s=0 MSTModes 0.176291
A. Fill 1D grid.
>> s = 2, UP ... 34.504556
>> s = 1, UP ... 7.446566
>> s = 0, UP ... 15.155332
>> s = 2, IN ... 13.943636
>> s = 1, IN ... 1.795838
>> s = 0, IN ... 3.459316
1. Preliminaries.
Calculating B-matrices and Eigenvalues
2. Generate MSTModes
>> Generate s=-2 MSTModes 77.595068
>> Generate s=-1 MSTModes 75.350207
>> Generate hκModes 123.327149
3. Jumps
>> 0.348463
>> 1.922569
>> 5.020627
>> 11.240537
>> 76.442557
>> 48.953246
>> LinearSolve for s1 and κ jumps 1.453082
>> κ and s1 jumps 146.088603
4. Prepare grid and mode functions.
>> s=-2 MSTModes 0.199536
>> MMp2gridL 1.109269
>> MMp2gridR 5.00518
>> s=-1 MSTModes 0.103307
>> MMp1gridL 0.065044
>> MMp1gridR 0.288734
>> s=0 MSTModes 0.167861
A. Fill 1D grid.
>> s = 2, UP ... 32.322102
>> s = 1, UP ... 7.328383
>> s = 0, UP ... 14.679349
>> s = 2, IN ... 13.475875
>> s = 1, IN ... 1.714745
>> s = 0, IN ... 3.287212
1. Preliminaries.
Calculating B-matrices and Eigenvalues
2. Generate MSTModes
>> Generate s=-2 MSTModes 83.460061
>> Generate s=-1 MSTModes 82.196037
>> Generate hκModes 122.947247
3. Jumps
>> 0.339666
>> 1.787671
>> 4.548416
>> 9.748907
>> 66.876834
>> 40.926165
>> LinearSolve for s1 and κ jumps 0.832358
>> κ and s1 jumps 125.688792
4. Prepare grid and mode functions.
>> s=-2 MSTModes 0.21685
>> MMp2gridL 1.031328
>> MMp2gridR 4.712278
>> s=-1 MSTModes 0.099769
>> MMp1gridL 0.06301
>> MMp1gridR 0.273477
>> s=0 MSTModes 0.15831
A. Fill 1D grid.
>> s = 2, UP ... 29.608971
>> s = 1, UP ... 6.561415
>> s = 0, UP ... 13.180973
>> s = 2, IN ... 12.716756
>> s = 1, IN ... 1.602667
>> s = 0, IN ... 3.034717
1. Preliminaries.
Calculating B-matrices and Eigenvalues
2. Generate MSTModes
>> Generate s=-2 MSTModes 91.171504
>> Generate s=-1 MSTModes 90.815564
>> Generate hκModes 121.565004
3. Jumps
>> 0.318078
>> 1.605589
>> 4.773306
>> 8.443373
>> 58.621216
>> 35.093444
>> LinearSolve for s1 and κ jumps 0.709977
>> κ and s1 jumps 110.133975
4. Prepare grid and mode functions.
>> s=-2 MSTModes 0.214488
>> MMp2gridL 0.968833
>> MMp2gridR 4.385531
>> s=-1 MSTModes 0.092848
>> MMp1gridL 0.059112
>> MMp1gridR 0.255004
>> s=0 MSTModes 0.149428
A. Fill 1D grid.
>> s = 2, UP ... 28.116767
>> s = 1, UP ... 6.109445
>> s = 0, UP ... 12.350298
>> s = 2, IN ... 12.409897
>> s = 1, IN ... 1.521763
>> s = 0, IN ... 2.877566
1. Preliminaries.
Calculating B-matrices and Eigenvalues
2. Generate MSTModes
>> Generate s=-2 MSTModes 98.341009
>> Generate s=-1 MSTModes 98.425116
>> Generate hκModes 118.04096
3. Jumps
>> 0.29866
>> 1.384085
>> 4.456634
>> 6.93823
>> 49.318994
>> 29.005707
>> LinearSolve for s1 and κ jumps 0.803336
>> κ and s1 jumps 92.718018
4. Prepare grid and mode functions.
>> s=-2 MSTModes 0.196125
>> MMp2gridL 0.919426
>> MMp2gridR 4.183836
>> s=-1 MSTModes 0.089007
>> MMp1gridL 0.056804
>> MMp1gridR 0.240654
>> s=0 MSTModes 0.143623
A. Fill 1D grid.
>> s = 2, UP ... 26.724667
>> s = 1, UP ... 6.021755
>> s = 0, UP ... 11.998901
>> s = 2, IN ... 12.281155
>> s = 1, IN ... 1.469896
>> s = 0, IN ... 2.810713
1. Preliminaries.
Calculating B-matrices and Eigenvalues
2. Generate MSTModes
>> Generate s=-2 MSTModes 103.117788
>> Generate s=-1 MSTModes 104.526958
>> Generate hκModes 112.979557
3. Jumps
>> 0.284145
>> 1.197611
>> 4.215311
>> 6.005633
>> 42.371294
>> 25.092691
>> LinearSolve for s1 and κ jumps 1.079457
>> κ and s1 jumps 80.70411
4. Prepare grid and mode functions.
>> s=-2 MSTModes 0.198774
>> MMp2gridL 0.900087
>> MMp2gridR 4.089465
>> s=-1 MSTModes 0.085716
>> MMp1gridL 0.054749
>> MMp1gridR 0.235826
>> s=0 MSTModes 0.137278
A. Fill 1D grid.
>> s = 2, UP ... 25.098544
>> s = 1, UP ... 5.532769
>> s = 0, UP ... 11.325204
>> s = 2, IN ... 11.828172
>> s = 1, IN ... 1.388754
>> s = 0, IN ... 2.667786
1. Preliminaries.
Calculating B-matrices and Eigenvalues
2. Generate MSTModes
>> Generate s=-2 MSTModes 110.971183
>> Generate s=-1 MSTModes 108.239347
>> Generate hκModes 111.624031
3. Jumps
>> 0.272881
