Task 21 on node678.cluster: a=0.001 r0=16.5
Job started: a = 0.001, r0 = 16.5, savepath = /lustre/astro/dyson/DataFiles/KerrCircDiskData/h1_radial
Warning: rstarmin is outside the allowed range.
Now we Calculate the Radiative Solutions
1. Preliminaries.
Calculating B-matrices and Eigenvalues
2. Generate MSTModes
>> Generate s=-2 MSTModes 44.802424
>> Generate s=-1 MSTModes 44.552014
>> Generate hκModes 122.028996
3. Jumps
>> 0.387485
>> 2.098519
>> 3.410931
>> 15.217647
>> 101.655452
>> 70.257537
>> LinearSolve for s1 and κ jumps 0.003546
>> κ and s1 jumps 194.090196
4. Prepare grid and mode functions.
>> s=-2 MSTModes 0.212067
>> MMp2gridL 1.593713
>> MMp2gridR 4.839519
>> s=-1 MSTModes 0.069104
>> MMp1gridL 0.062242
>> MMp1gridR 0.159082
>> s=0 MSTModes 0.151877
A. Fill 1D grid.
>> s = 2, UP ... 33.424151
>> s = 1, UP ... 1.274153
>> s = 0, UP ... 10.194992
>> s = 2, IN ... 18.959141
>> s = 1, IN ... 1.403579
>> s = 0, IN ... 4.194945
1. Preliminaries.
Calculating B-matrices and Eigenvalues
2. Generate MSTModes
>> Generate s=-2 MSTModes 65.218276
>> Generate s=-1 MSTModes 65.069396
>> Generate hκModes 133.698861
3. Jumps
>> 0.382783
>> 2.403388
>> 4.303878
>> 3.969967
>> 50.911403
>> 17.178548
>> LinearSolve for s1 and κ jumps 1.070783
>> κ and s1 jumps 80.951448
4. Prepare grid and mode functions.
>> s=-2 MSTModes 0.194365
>> MMp2gridL 1.570854
>> MMp2gridR 4.805501
>> s=-1 MSTModes 0.109795
>> MMp1gridL 0.093699
>> MMp1gridR 0.279049
>> s=0 MSTModes 0.175193
A. Fill 1D grid.
>> s = 2, UP ... 31.746942
>> s = 1, UP ... 6.738936
>> s = 0, UP ... 9.819605
>> s = 2, IN ... 18.556744
>> s = 1, IN ... 2.427629
>> s = 0, IN ... 3.621941
1. Preliminaries.
Calculating B-matrices and Eigenvalues
2. Generate MSTModes
>> Generate s=-2 MSTModes 69.273533
>> Generate s=-1 MSTModes 69.143254
>> Generate hκModes 126.438457
3. Jumps
>> 0.370548
>> 2.219078
>> 4.383318
>> 3.43218
>> 46.142947
>> 15.043667
>> LinearSolve for s1 and κ jumps 0.84043
>> κ and s1 jumps 73.167834
4. Prepare grid and mode functions.
>> s=-2 MSTModes 0.212225
>> MMp2gridL 1.534
>> MMp2gridR 4.653897
>> s=-1 MSTModes 0.108229
>> MMp1gridL 0.090995
>> MMp1gridR 0.277249
>> s=0 MSTModes 0.17135
A. Fill 1D grid.
>> s = 2, UP ... 30.867193
>> s = 1, UP ... 6.691909
>> s = 0, UP ... 9.497164
>> s = 2, IN ... 18.18376
>> s = 1, IN ... 2.351927
>> s = 0, IN ... 3.481038
1. Preliminaries.
Calculating B-matrices and Eigenvalues
2. Generate MSTModes
>> Generate s=-2 MSTModes 74.795551
>> Generate s=-1 MSTModes 74.412009
>> Generate hκModes 118.510004
3. Jumps
>> 0.340344
>> 1.977101
>> 4.315183
>> 3.106529
>> 41.284084
>> 13.990191
>> LinearSolve for s1 and κ jumps 1.121938
>> κ and s1 jumps 66.788398
4. Prepare grid and mode functions.
>> s=-2 MSTModes 0.230955
>> MMp2gridL 1.460684
>> MMp2gridR 4.455801
>> s=-1 MSTModes 0.102697
>> MMp1gridL 0.086825
>> MMp1gridR 0.258018
>> s=0 MSTModes 0.162118
A. Fill 1D grid.
>> s = 2, UP ... 29.414547
>> s = 1, UP ... 6.470016
>> s = 0, UP ... 9.195206
>> s = 2, IN ... 17.973749
>> s = 1, IN ... 2.285758
>> s = 0, IN ... 3.377689
1. Preliminaries.
Calculating B-matrices and Eigenvalues
2. Generate MSTModes
>> Generate s=-2 MSTModes 81.252583
>> Generate s=-1 MSTModes 80.319548
>> Generate hκModes 113.758444
3. Jumps
>> 0.320264
>> 1.678855
>> 4.182283
>> 2.541079
>> 35.069937
>> 11.270662
>> LinearSolve for s1 and κ jumps 1.010189
>> κ and s1 jumps 56.60372
4. Prepare grid and mode functions.
>> s=-2 MSTModes 0.201137
>> MMp2gridL 1.358877
>> MMp2gridR 4.157065
>> s=-1 MSTModes 0.09781
>> MMp1gridL 0.081132
>> MMp1gridR 0.24252
>> s=0 MSTModes 0.157861
A. Fill 1D grid.
>> s = 2, UP ... 27.335802
>> s = 1, UP ... 6.190625
>> s = 0, UP ... 8.718185
>> s = 2, IN ... 17.261394
>> s = 1, IN ... 2.188115
>> s = 0, IN ... 3.285378
1. Preliminaries.
Calculating B-matrices and Eigenvalues
2. Generate MSTModes
>> Generate s=-2 MSTModes 86.26449
>> Generate s=-1 MSTModes 85.666501
>> Generate hκModes 110.966652
3. Jumps
>> 0.301719
>> 1.4548
>> 4.169456
>> 2.16415
>> 30.589167
>> 9.582999
>> LinearSolve for s1 and κ jumps 1.021998
>> κ and s1 jumps 49.768398
4. Prepare grid and mode functions.
>> s=-2 MSTModes 0.214027
>> MMp2gridL 1.29593
>> MMp2gridR 3.952618
>> s=-1 MSTModes 0.092515
>> MMp1gridL 0.079132
>> MMp1gridR 0.228732
>> s=0 MSTModes 0.145161
A. Fill 1D grid.
>> s = 2, UP ... 25.531218
>> s = 1, UP ... 5.445861
>> s = 0, UP ... 8.092377
>> s = 2, IN ... 16.492412
>> s = 1, IN ... 2.04202
>> s = 0, IN ... 3.067623
1. Preliminaries.
Calculating B-matrices and Eigenvalues
2. Generate MSTModes
>> Generate s=-2 MSTModes 91.179727
>> Generate s=-1 MSTModes 91.009767
>> Generate hκModes 107.344493
3. Jumps
>> 0.295297
>> 1.339492
>> 4.069276
>> 1.877988
>> 27.250759
>> 8.140203
>> LinearSolve for s1 and κ jumps 0.649708
>> κ and s1 jumps 44.132673
4. Prepare grid and mode functions.
>> s=-2 MSTModes 0.175096
>> MMp2gridL 1.224358
>> MMp2gridR 3.775949
>> s=-1 MSTModes 0.088112
>> MMp1gridL 0.073781
>> MMp1gridR 0.220103
>> s=0 MSTModes 0.138478
A. Fill 1D grid.
>> s = 2, UP ... 23.945317
>> s = 1, UP ... 5.256109
>> s = 0, UP ... 7.751706
>> s = 2, IN ... 16.415754
>> s = 1, IN ... 1.997527
>> s = 0, IN ... 2.979627
1. Preliminaries.
Calculating B-matrices and Eigenvalues
2. Generate MSTModes
>> Generate s=-2 MSTModes 94.595544
>> Generate s=-1 MSTModes 94.744161
>> Generate hκModes 104.105184
3. Jumps
>> 0.281548
>> 1.187892
>> 3.987905
>> 1.629389
>> 24.164044
>> 7.115169
>> LinearSolve for s1 and κ jumps 1.022501
>> κ and s1 jumps 39.78162
4. Prepare grid and mode functions.
>> s=-2 MSTModes 0.199772
>> MMp2gridL 1.184998
>> MMp2gridR 3.623175
>> s=-1 MSTModes 0.087128
>> MMp1gridL 0.071478
>> MMp1gridR 0.214441
>> s=0 MSTModes 0.136391
A. Fill 1D grid.
>> s = 2, UP ... 22.609038
>> s = 1, UP ... 4.737475
>> s = 0, UP ... 7.094522
>> s = 2, IN ... 15.763725
>> s = 1, IN ... 1.848029
>> s = 0, IN ... 2.843403
1. Preliminaries.
Calculating B-matrices and Eigenvalues
2. Generate MSTModes
>> Generate s=-2 MSTModes 98.040062
>> Generate s=-1 MSTModes 97.873377
>> Generate hκModes 101.839409
3. Jumps
>> 0.274616
>> 1.066409
>> 3.991781
>> 1.371966
>> 21.557537
>> 6.079313
>> LinearSolve for s1 and κ jumps 0.007095
>> κ and s1 jumps 34.708134
4. Prepare grid and mode functions.
>> s=-2 MSTModes 0.188918
>> MMp2gridL 1.165314
>> MMp2gridR 3.499456
>> s=-1 MSTModes 0.083185
>> MMp1gridL 0.071505
>> MMp1gridR 0.212927
>> s=0 MSTModes 0.135565
A. Fill 1D grid.
>> s = 2, UP ... 21.561898
>> s = 1, UP ... 4.416063
>> s = 0, UP ... 6.629839
>> s = 2, IN ... 15.683729
>> s = 1, IN ... 1.765357
>> s = 0, IN ... 2.714028
1. Preliminaries.
Calculating B-matrices and Eigenvalues
2. Generate MSTModes
>> Generate s=-2 MSTModes 100.61578
>> Generate s=-1 MSTModes 100.526973
>> Generate hκModes 97.657659
3. Jumps
>> 0.261666
>> 0.952296
>> 3.826096
>> 1.20287
>> 18.702631
>> 5.21364
>> LinearSolve for s1 and κ jumps 0.006573
>> κ and s1 jumps 30.479487
4. Prepare grid and mode functions.
>> s=-2 MSTModes 0.184312
>> MMp2gridL 1.125275
>> MMp2gridR 3.377299
>> s=-1 MSTModes 0.07999
>> MMp1gridL 0.066798
>> MMp1gridR 0.198263
>> s=0 MSTModes 0.12527
A. Fill 1D grid.
>> s = 2, UP ... 20.347962
>> s = 1, UP ... 4.176869
>> s = 0, UP ... 6.304647
