Task 540 on node656.cluster: a=0.8 r0=12.0
Job started: a = 0.8, r0 = 12., savepath = /lustre/astro/dyson/DataFiles/KerrCircDiskData/h1_radial
Warning: rstarmin is outside the allowed range.
Now we Calculate the Radiative Solutions
1. Preliminaries.
Calculating B-matrices and Eigenvalues
2. Generate MSTModes
>> Generate s=-2 MSTModes 53.710128
>> Generate s=-1 MSTModes 53.11789
>> Generate hκModes 131.644663
3. Jumps
>> 0.399009
>> 2.248292
>> 3.741273
>> 4.08243
>> 50.930457
>> 18.232489
>> LinearSolve for s1 and κ jumps 0.004821
>> κ and s1 jumps 80.576407
4. Prepare grid and mode functions.
>> s=-2 MSTModes 0.216249
>> MMp2gridL 1.081395
>> MMp2gridR 5.227066
>> s=-1 MSTModes 0.066978
>> MMp1gridL 0.041562
>> MMp1gridR 0.167747
>> s=0 MSTModes 0.157236
A. Fill 1D grid.
>> s = 2, UP ... 35.336294
>> s = 1, UP ... 1.291497
>> s = 0, UP ... 7.834197
>> s = 2, IN ... 12.850665
>> s = 1, IN ... 0.976079
>> s = 0, IN ... 2.219352
1. Preliminaries.
Calculating B-matrices and Eigenvalues
2. Generate MSTModes
>> Generate s=-2 MSTModes 59.614032
>> Generate s=-1 MSTModes 57.314545
>> Generate hκModes 123.069266
3. Jumps
>> 0.346627
>> 2.206635
>> 4.088692
>> 13.866927
>> 92.34021
>> 58.927145
>> LinearSolve for s1 and κ jumps 1.22221
>> κ and s1 jumps 173.77529
4. Prepare grid and mode functions.
>> s=-2 MSTModes 0.18312
>> MMp2gridL 1.000479
>> MMp2gridR 4.789018
>> s=-1 MSTModes 0.102963
>> MMp1gridL 0.06188
>> MMp1gridR 0.28803
>> s=0 MSTModes 0.15634
A. Fill 1D grid.
>> s = 2, UP ... 31.236151
>> s = 1, UP ... 6.554089
>> s = 0, UP ... 13.121325
>> s = 2, IN ... 11.190601
>> s = 1, IN ... 1.491906
>> s = 0, IN ... 2.845581
1. Preliminaries.
Calculating B-matrices and Eigenvalues
2. Generate MSTModes
>> Generate s=-2 MSTModes 57.380608
>> Generate s=-1 MSTModes 57.645009
>> Generate hκModes 110.999269
3. Jumps
>> 0.310421
>> 1.760239
>> 3.754283
>> 10.711597
>> 71.998315
>> 46.743686
>> LinearSolve for s1 and κ jumps 0.9378
>> κ and s1 jumps 136.903259
4. Prepare grid and mode functions.
>> s=-2 MSTModes 0.162625
>> MMp2gridL 0.891498
>> MMp2gridR 4.199019
>> s=-1 MSTModes 0.089004
>> MMp1gridL 0.053138
>> MMp1gridR 0.24615
>> s=0 MSTModes 0.146085
A. Fill 1D grid.
>> s = 2, UP ... 26.99413
>> s = 1, UP ... 5.740001
>> s = 0, UP ... 11.65202
>> s = 2, IN ... 10.462327
>> s = 1, IN ... 1.338532
>> s = 0, IN ... 2.594297
1. Preliminaries.
Calculating B-matrices and Eigenvalues
2. Generate MSTModes
>> Generate s=-2 MSTModes 62.724658
>> Generate s=-1 MSTModes 62.607495
>> Generate hκModes 106.463058
3. Jumps
>> 0.282815
>> 1.628228
>> 3.766173
>> 9.251676
>> 63.6863
>> 39.641405
>> LinearSolve for s1 and κ jumps 1.012006
>> κ and s1 jumps 119.905065
4. Prepare grid and mode functions.
>> s=-2 MSTModes 0.157805
>> MMp2gridL 0.859862
>> MMp2gridR 4.056189
>> s=-1 MSTModes 0.087258
>> MMp1gridL 0.05174
>> MMp1gridR 0.2403
>> s=0 MSTModes 0.140249
A. Fill 1D grid.
>> s = 2, UP ... 25.881339
>> s = 1, UP ... 5.500741
>> s = 0, UP ... 11.177174
>> s = 2, IN ... 10.319425
>> s = 1, IN ... 1.302476
>> s = 0, IN ... 2.49295
1. Preliminaries.
Calculating B-matrices and Eigenvalues
2. Generate MSTModes
>> Generate s=-2 MSTModes 70.393026
>> Generate s=-1 MSTModes 72.389855
>> Generate hκModes 105.116544
3. Jumps
>> 0.281258
>> 1.433994
>> 3.698459
>> 8.040512
>> 55.234331
>> 34.602165
>> LinearSolve for s1 and κ jumps 0.936191
>> κ and s1 jumps 104.814048
4. Prepare grid and mode functions.
>> s=-2 MSTModes 0.157283
>> MMp2gridL 0.835139
>> MMp2gridR 3.9341
>> s=-1 MSTModes 0.083351
>> MMp1gridL 0.050797
>> MMp1gridR 0.232381
>> s=0 MSTModes 0.137011
A. Fill 1D grid.
>> s = 2, UP ... 24.426087
>> s = 1, UP ... 5.19817
>> s = 0, UP ... 10.500576
>> s = 2, IN ... 10.078111
>> s = 1, IN ... 1.259269
>> s = 0, IN ... 2.383113
1. Preliminaries.
Calculating B-matrices and Eigenvalues
2. Generate MSTModes
>> Generate s=-2 MSTModes 80.180684
>> Generate s=-1 MSTModes 79.157766
>> Generate hκModes 103.609486
3. Jumps
>> 0.256186
>> 1.297412
>> 3.725351
>> 6.823662
>> 48.516376
>> 29.581574
>> LinearSolve for s1 and κ jumps 0.725611
>> κ and s1 jumps 91.476606
4. Prepare grid and mode functions.
>> s=-2 MSTModes 0.186002
>> MMp2gridL 0.795889
>> MMp2gridR 3.79288
>> s=-1 MSTModes 0.080908
>> MMp1gridL 0.049048
>> MMp1gridR 0.222813
>> s=0 MSTModes 0.132799
A. Fill 1D grid.
>> s = 2, UP ... 23.490328
>> s = 1, UP ... 5.027004
>> s = 0, UP ... 10.15618
>> s = 2, IN ... 10.067015
>> s = 1, IN ... 1.252914
>> s = 0, IN ... 2.326396
1. Preliminaries.
Calculating B-matrices and Eigenvalues
2. Generate MSTModes
>> Generate s=-2 MSTModes 86.606089
>> Generate s=-1 MSTModes 85.207468
>> Generate hκModes 102.32558
3. Jumps
>> 0.24954
>> 1.222303
>> 3.690982
>> 5.836505
>> 42.434504
>> 25.601531
>> LinearSolve for s1 and κ jumps 0.643373
>> κ and s1 jumps 80.254721
4. Prepare grid and mode functions.
>> s=-2 MSTModes 0.147467
>> MMp2gridL 0.778063
>> MMp2gridR 3.67745
>> s=-1 MSTModes 0.080397
>> MMp1gridL 0.048582
>> MMp1gridR 0.220259
>> s=0 MSTModes 0.130092
A. Fill 1D grid.
>> s = 2, UP ... 22.609304
>> s = 1, UP ... 4.825068
>> s = 0, UP ... 9.493784
>> s = 2, IN ... 9.94888
>> s = 1, IN ... 1.197268
>> s = 0, IN ... 2.241989
1. Preliminaries.
Calculating B-matrices and Eigenvalues
2. Generate MSTModes
>> Generate s=-2 MSTModes 92.331771
>> Generate s=-1 MSTModes 88.697764
>> Generate hκModes 99.654542
3. Jumps
>> 0.241132
>> 1.038648
>> 3.638596
>> 5.109784
>> 37.262913
>> 22.15137
>> LinearSolve for s1 and κ jumps 0.359793
>> κ and s1 jumps 70.228859
4. Prepare grid and mode functions.
>> s=-2 MSTModes 0.143172
>> MMp2gridL 0.741075
>> MMp2gridR 3.541489
>> s=-1 MSTModes 0.075798
>> MMp1gridL 0.045964
>> MMp1gridR 0.207489
>> s=0 MSTModes 0.124283
A. Fill 1D grid.
>> s = 2, UP ... 21.369078
>> s = 1, UP ... 4.454869
>> s = 0, UP ... 8.900596
>> s = 2, IN ... 9.862483
>> s = 1, IN ... 1.17767
>> s = 0, IN ... 2.154125
1. Preliminaries.
Calculating B-matrices and Eigenvalues
2. Generate MSTModes
>> Generate s=-2 MSTModes 95.235061
>> Generate s=-1 MSTModes 94.042483
