Task 14 on node678.cluster: a=0.001 r0=13.0
Job started: a = 0.001, r0 = 13., savepath = /lustre/astro/dyson/DataFiles/KerrCircDiskData/h1_radial
Warning: rstarmin is outside the allowed range.
Now we Calculate the Radiative Solutions
1. Preliminaries.
Calculating B-matrices and Eigenvalues
2. Generate MSTModes
>> Generate s=-2 MSTModes 43.530879
>> Generate s=-1 MSTModes 43.040664
>> Generate hκModes 117.96507
3. Jumps
>> 0.371513
>> 2.075281
>> 3.425191
>> 14.768561
>> 97.432774
>> 68.854027
>> LinearSolve for s1 and κ jumps 0.003534
>> κ and s1 jumps 187.990166
4. Prepare grid and mode functions.
>> s=-2 MSTModes 0.211529
>> MMp2gridL 1.208998
>> MMp2gridR 5.150978
>> s=-1 MSTModes 0.070219
>> MMp1gridL 0.048778
>> MMp1gridR 0.17621
>> s=0 MSTModes 0.157389
A. Fill 1D grid.
>> s = 2, UP ... 35.697304
>> s = 1, UP ... 1.359856
>> s = 0, UP ... 10.89619
>> s = 2, IN ... 14.595146
>> s = 1, IN ... 1.119221
>> s = 0, IN ... 3.18488
1. Preliminaries.
Calculating B-matrices and Eigenvalues
2. Generate MSTModes
>> Generate s=-2 MSTModes 61.899082
>> Generate s=-1 MSTModes 62.162493
>> Generate hκModes 135.26749
3. Jumps
>> 0.385635
>> 2.554577
>> 4.386948
>> 3.963705
>> 51.827114
>> 17.343229
>> LinearSolve for s1 and κ jumps 0.891505
>> κ and s1 jumps 82.135963
4. Prepare grid and mode functions.
>> s=-2 MSTModes 0.195021
>> MMp2gridL 1.199731
>> MMp2gridR 5.163147
>> s=-1 MSTModes 0.108026
>> MMp1gridL 0.070638
>> MMp1gridR 0.300761
>> s=0 MSTModes 0.180926
A. Fill 1D grid.
>> s = 2, UP ... 34.432863
>> s = 1, UP ... 7.493017
>> s = 0, UP ... 10.728526
>> s = 2, IN ... 14.098018
>> s = 1, IN ... 1.845868
>> s = 0, IN ... 2.743757
1. Preliminaries.
Calculating B-matrices and Eigenvalues
2. Generate MSTModes
>> Generate s=-2 MSTModes 67.929456
>> Generate s=-1 MSTModes 67.515746
>> Generate hκModes 127.673944
3. Jumps
>> 0.367586
>> 2.108623
>> 4.539707
>> 3.410147
>> 45.216456
>> 14.969875
>> LinearSolve for s1 and κ jumps 0.562892
>> κ and s1 jumps 71.863531
4. Prepare grid and mode functions.
>> s=-2 MSTModes 0.195069
>> MMp2gridL 1.184573
>> MMp2gridR 5.113829
>> s=-1 MSTModes 0.108096
>> MMp1gridL 0.071666
>> MMp1gridR 0.298365
>> s=0 MSTModes 0.174788
A. Fill 1D grid.
>> s = 2, UP ... 33.145843
>> s = 1, UP ... 7.113495
>> s = 0, UP ... 10.250025
>> s = 2, IN ... 13.903674
>> s = 1, IN ... 1.821731
>> s = 0, IN ... 2.688097
1. Preliminaries.
Calculating B-matrices and Eigenvalues
2. Generate MSTModes
>> Generate s=-2 MSTModes 74.542942
>> Generate s=-1 MSTModes 73.036608
>> Generate hκModes 122.086514
3. Jumps
>> 0.348064
>> 1.945569
>> 4.586238
>> 2.952034
>> 40.264597
>> 13.197485
>> LinearSolve for s1 and κ jumps 1.231945
>> κ and s1 jumps 65.168025
4. Prepare grid and mode functions.
>> s=-2 MSTModes 0.193009
>> MMp2gridL 1.111526
>> MMp2gridR 4.807054
>> s=-1 MSTModes 0.102482
>> MMp1gridL 0.065411
>> MMp1gridR 0.278071
>> s=0 MSTModes 0.159503
A. Fill 1D grid.
>> s = 2, UP ... 30.967353
>> s = 1, UP ... 6.679234
>> s = 0, UP ... 9.72162
>> s = 2, IN ... 13.502631
>> s = 1, IN ... 1.736575
>> s = 0, IN ... 2.552967
1. Preliminaries.
Calculating B-matrices and Eigenvalues
2. Generate MSTModes
>> Generate s=-2 MSTModes 81.408726
>> Generate s=-1 MSTModes 79.925453
>> Generate hκModes 119.526719
3. Jumps
>> 0.325013
>> 1.704089
>> 4.534347
>> 2.536085
>> 35.299435
>> 11.554451
>> LinearSolve for s1 and κ jumps 1.013798
>> κ and s1 jumps 57.490224
4. Prepare grid and mode functions.
>> s=-2 MSTModes 0.205412
>> MMp2gridL 1.050148
>> MMp2gridR 4.524193
>> s=-1 MSTModes 0.09838
>> MMp1gridL 0.062892
>> MMp1gridR 0.26179
>> s=0 MSTModes 0.151911
A. Fill 1D grid.
>> s = 2, UP ... 28.950373
>> s = 1, UP ... 6.442526
>> s = 0, UP ... 9.191331
>> s = 2, IN ... 12.892239
>> s = 1, IN ... 1.630479
>> s = 0, IN ... 2.412221
1. Preliminaries.
Calculating B-matrices and Eigenvalues
2. Generate MSTModes
>> Generate s=-2 MSTModes 87.404471
>> Generate s=-1 MSTModes 86.949972
>> Generate hκModes 117.344017
3. Jumps
>> 0.303178
>> 1.540571
>> 4.465188
>> 2.19698
>> 30.80067
>> 9.699655
>> LinearSolve for s1 and κ jumps 1.02021
>> κ and s1 jumps 50.505734
4. Prepare grid and mode functions.
>> s=-2 MSTModes 0.2089
>> MMp2gridL 1.00031
>> MMp2gridR 4.302287
>> s=-1 MSTModes 0.094324
>> MMp1gridL 0.061669
>> MMp1gridR 0.252756
>> s=0 MSTModes 0.144852
A. Fill 1D grid.
>> s = 2, UP ... 27.68496
>> s = 1, UP ... 6.003242
>> s = 0, UP ... 8.81287
>> s = 2, IN ... 12.538972
>> s = 1, IN ... 1.536675
>> s = 0, IN ... 2.330443
1. Preliminaries.
Calculating B-matrices and Eigenvalues
2. Generate MSTModes
>> Generate s=-2 MSTModes 93.137348
>> Generate s=-1 MSTModes 93.30175
>> Generate hκModes 114.00264
3. Jumps
>> 0.296026
>> 1.362976
>> 4.345497
>> 1.873645
>> 27.582367
>> 8.319787
>> LinearSolve for s1 and κ jumps 1.03495
>> κ and s1 jumps 45.252558
4. Prepare grid and mode functions.
>> s=-2 MSTModes 0.204032
>> MMp2gridL 0.956734
>> MMp2gridR 4.155004
>> s=-1 MSTModes 0.089807
>> MMp1gridL 0.059492
>> MMp1gridR 0.24326
>> s=0 MSTModes 0.13874
A. Fill 1D grid.
>> s = 2, UP ... 25.939238
>> s = 1, UP ... 5.603689
>> s = 0, UP ... 8.270149
>> s = 2, IN ... 12.193734
>> s = 1, IN ... 1.483508
>> s = 0, IN ... 2.22697
1. Preliminaries.
Calculating B-matrices and Eigenvalues
2. Generate MSTModes
>> Generate s=-2 MSTModes 98.486294
>> Generate s=-1 MSTModes 99.445652
>> Generate hκModes 112.24389
3. Jumps
>> 0.275773
>> 1.249688
>> 4.116071
>> 1.637777
>> 25.036809
>> 7.32542
>> LinearSolve for s1 and κ jumps 1.017253
>> κ and s1 jumps 41.180705
4. Prepare grid and mode functions.
>> s=-2 MSTModes 0.162677
>> MMp2gridL 0.922262
>> MMp2gridR 3.977211
>> s=-1 MSTModes 0.084719
>> MMp1gridL 0.056113
>> MMp1gridR 0.233154
>> s=0 MSTModes 0.132651
A. Fill 1D grid.
>> s = 2, UP ... 24.131162
>> s = 1, UP ... 5.251739
>> s = 0, UP ... 7.608429
>> s = 2, IN ... 11.948017
>> s = 1, IN ... 1.408906
>> s = 0, IN ... 2.151109
1. Preliminaries.
Calculating B-matrices and Eigenvalues
2. Generate MSTModes
>> Generate s=-2 MSTModes 102.6036
>> Generate s=-1 MSTModes 102.967799
>> Generate hκModes 108.820694
3. Jumps
>> 0.27387
>> 1.11592
>> 3.983748
>> 1.363978
>> 21.452449
>> 6.00134
>> LinearSolve for s1 and κ jumps 0.00707
>> κ and s1 jumps 34.548184
4. Prepare grid and mode functions.
>> s=-2 MSTModes 0.19095
>> MMp2gridL 0.88966
>> MMp2gridR 3.823467
>> s=-1 MSTModes 0.083194
>> MMp1gridL 0.054557
>> MMp1gridR 0.228506
>> s=0 MSTModes 0.134252
A. Fill 1D grid.
>> s = 2, UP ... 22.441361
>> s = 1, UP ... 4.645683
