Task 768 on node678.cluster: a=0.999 r0=38.0
Job started: a = 0.999, r0 = 38., savepath = /lustre/astro/dyson/DataFiles/KerrCircDiskData/h1_radial
Warning: rstarmin is outside the allowed range.
Now we Calculate the Radiative Solutions
1. Preliminaries.
Calculating B-matrices and Eigenvalues
2. Generate MSTModes
>> Generate s=-2 MSTModes 67.102159
>> Generate s=-1 MSTModes 62.798623

MetricReconstructRadiative`Private`hκTSolve::icaccuraccy: Warning: asymptotic expansion of order 40 at r=4000.000000000000000000000000000000000000000000000000000000000000 provides insufficiently accurate initial conditions to meet PrecsionGoal, 24.

MetricReconstructRadiative`Private`hκTSolve::icaccuraccy: Warning: asymptotic expansion of order 40 at r=4000.000000000000000000000000000000000000000000000000000000000000 provides insufficiently accurate initial conditions to meet PrecsionGoal, 24.

MetricReconstructRadiative`Private`hκTSolve::icaccuraccy: Warning: asymptotic expansion of order 40 at r=4000.000000000000000000000000000000000000000000000000000000000000 provides insufficiently accurate initial conditions to meet PrecsionGoal, 24.

General::stop: Further output of MetricReconstructRadiative`Private`hκTSolve::icaccuraccy will be suppressed during this calculation.
>> Generate hκModes 151.072973
3. Jumps
>> 0.37487
>> 2.169974
>> 3.294313
>> 4.112515
>> 49.80623
>> 17.989709
>> LinearSolve for s1 and κ jumps 0.036802
>> κ and s1 jumps 78.668028
4. Prepare grid and mode functions.
>> s=-2 MSTModes 0.200475
>> MMp2gridL 3.619072
>> MMp2gridR 2.272709
>> s=-1 MSTModes 0.065692
>> MMp1gridL 0.121826
>> MMp1gridR 0.086604
>> s=0 MSTModes 0.15074
A. Fill 1D grid.
>> s = 2, UP ... 25.773547
>> s = 1, UP ... 1.900226
>> s = 0, UP ... 4.833473
>> s = 2, IN ... 24.698295
>> s = 1, IN ... 0.924474
>> s = 0, IN ... 5.332635
1. Preliminaries.
Calculating B-matrices and Eigenvalues
2. Generate MSTModes
>> Generate s=-2 MSTModes 68.553841
>> Generate s=-1 MSTModes 63.457103
>> Generate hκModes 124.672172
3. Jumps
>> 0.328397
>> 2.116234
>> 3.43487
>> 3.446705
>> 46.158943
>> 15.687482
>> LinearSolve for s1 and κ jumps 0.83542
>> κ and s1 jumps 72.704002
4. Prepare grid and mode functions.
>> s=-2 MSTModes 0.205233
>> MMp2gridL 3.473093
>> MMp2gridR 2.211435
>> s=-1 MSTModes 0.099962
>> MMp1gridL 0.205399
>> MMp1gridR 0.128759
>> s=0 MSTModes 0.156821
A. Fill 1D grid.
>> s = 2, UP ... 24.902634
>> s = 1, UP ... 3.364686
>> s = 0, UP ... 5.050034
>> s = 2, IN ... 23.203334
>> s = 1, IN ... 4.898018
>> s = 0, IN ... 6.939272
1. Preliminaries.
Calculating B-matrices and Eigenvalues
2. Generate MSTModes
>> Generate s=-2 MSTModes 75.259381
>> Generate s=-1 MSTModes 70.942729
>> Generate hκModes 116.765951
3. Jumps
>> 0.308569
>> 1.862016
>> 3.215771
>> 2.981391
>> 39.994231
>> 13.401117
>> LinearSolve for s1 and κ jumps 1.023848
>> κ and s1 jumps 63.382022
4. Prepare grid and mode functions.
>> s=-2 MSTModes 0.21831
>> MMp2gridL 3.336046
>> MMp2gridR 2.113576
>> s=-1 MSTModes 0.095775
>> MMp1gridL 0.196837
>> MMp1gridR 0.124612
>> s=0 MSTModes 0.1532
A. Fill 1D grid.
>> s = 2, UP ... 23.990782
>> s = 1, UP ... 3.290143
>> s = 0, UP ... 4.898654
>> s = 2, IN ... 22.203327
>> s = 1, IN ... 4.696603
>> s = 0, IN ... 6.670984
1. Preliminaries.
Calculating B-matrices and Eigenvalues
2. Generate MSTModes
>> Generate s=-2 MSTModes 84.53497
>> Generate s=-1 MSTModes 80.766961
>> Generate hκModes 111.427174
3. Jumps
>> 0.295843
>> 1.714097
>> 3.391131
>> 2.590441
>> 35.632437
>> 11.520804
>> LinearSolve for s1 and κ jumps 0.853104
>> κ and s1 jumps 56.538156
4. Prepare grid and mode functions.
>> s=-2 MSTModes 0.209295
>> MMp2gridL 3.170252
>> MMp2gridR 2.017757
>> s=-1 MSTModes 0.091489
>> MMp1gridL 0.186201
>> MMp1gridR 0.118064
>> s=0 MSTModes 0.148833
A. Fill 1D grid.
>> s = 2, UP ... 23.139669
>> s = 1, UP ... 3.051206
>> s = 0, UP ... 4.688084
>> s = 2, IN ... 20.913353
>> s = 1, IN ... 4.480408
>> s = 0, IN ... 6.425012
1. Preliminaries.
Calculating B-matrices and Eigenvalues
2. Generate MSTModes
>> Generate s=-2 MSTModes 91.747197
>> Generate s=-1 MSTModes 88.577537
>> Generate hκModes 107.204055
3. Jumps
>> 0.289619
>> 1.523348
>> 3.022595
>> 2.232685
>> 31.356618
>> 10.045167
>> LinearSolve for s1 and κ jumps 1.128176
>> κ and s1 jumps 50.120243
4. Prepare grid and mode functions.
>> s=-2 MSTModes 0.166863
>> MMp2gridL 3.079966
>> MMp2gridR 1.945395
>> s=-1 MSTModes 0.088251
>> MMp1gridL 0.179796
>> MMp1gridR 0.114452
>> s=0 MSTModes 0.141261
A. Fill 1D grid.
>> s = 2, UP ... 22.722915
>> s = 1, UP ... 2.883367
>> s = 0, UP ... 4.466282
>> s = 2, IN ... 19.8915
>> s = 1, IN ... 4.137459
>> s = 0, IN ... 5.917076
1. Preliminaries.
Calculating B-matrices and Eigenvalues
2. Generate MSTModes
>> Generate s=-2 MSTModes 96.950542
>> Generate s=-1 MSTModes 94.516245
>> Generate hκModes 103.122743
3. Jumps
>> 0.267726
>> 1.362742
>> 2.906223
>> 1.96491
>> 28.216404
>> 8.736147
>> LinearSolve for s1 and κ jumps 0.831443
>> κ and s1 jumps 44.790154
4. Prepare grid and mode functions.
>> s=-2 MSTModes 0.158054
>> MMp2gridL 2.913225
>> MMp2gridR 1.848711
>> s=-1 MSTModes 0.085373
>> MMp1gridL 0.175674
>> MMp1gridR 0.110754
>> s=0 MSTModes 0.135436
A. Fill 1D grid.
>> s = 2, UP ... 22.227594
>> s = 1, UP ... 2.781074
>> s = 0, UP ... 4.258988
>> s = 2, IN ... 18.706419
>> s = 1, IN ... 4.004554
>> s = 0, IN ... 5.595019
1. Preliminaries.
Calculating B-matrices and Eigenvalues
2. Generate MSTModes
>> Generate s=-2 MSTModes 102.529889
>> Generate s=-1 MSTModes 99.551213
>> Generate hκModes 100.029981
3. Jumps
>> 0.259691
>> 1.185169
>> 2.791737
>> 1.669786
>> 24.353462
>> 7.441821
>> LinearSolve for s1 and κ jumps 0.804021
>> κ and s1 jumps 39.001431
4. Prepare grid and mode functions.
>> s=-2 MSTModes 0.157391
>> MMp2gridL 2.768337
>> MMp2gridR 1.754742
>> s=-1 MSTModes 0.082907
>> MMp1gridL 0.165359
>> MMp1gridR 0.105371
>> s=0 MSTModes 0.131583
A. Fill 1D grid.
>> s = 2, UP ... 21.30868
>> s = 1, UP ... 2.59801
>> s = 0, UP ... 4.026058
>> s = 2, IN ... 17.249411
>> s = 1, IN ... 3.579437
>> s = 0, IN ... 5.165503
1. Preliminaries.
Calculating B-matrices and Eigenvalues
2. Generate MSTModes
>> Generate s=-2 MSTModes 105.494997
>> Generate s=-1 MSTModes 102.290769
>> Generate hκModes 96.814907
3. Jumps
>> 0.243058
