Task 29 on node678.cluster: a=0.000000001 r0=20.5
Job started: a = 1.*^-9, r0 = 20.5, savepath = /lustre/astro/dyson/DataFiles/KerrCircDiskData/h1_radial
Warning: rstarmin is outside the allowed range.
Now we Calculate the Radiative Solutions
1. Preliminaries.
Calculating B-matrices and Eigenvalues
2. Generate MSTModes
>> Generate s=-2 MSTModes 1.013766
>> Generate s=-1 MSTModes 0.997084
>> Generate hκModes 9.484497
3. Jumps
>> 0.00877
>> 0.003643
>> 0.123654
>> 0.005103
>> 0.024439
>> 0.010482
>> LinearSolve for s1 and κ jumps 0.00035
>> κ and s1 jumps 0.184376
4. Prepare grid and mode functions.
>> s=-2 MSTModes 0.005314
>> MMp2gridL 0.057067
>> MMp2gridR 0.123258
>> s=-1 MSTModes 0.002024
>> MMp1gridL 0.003903
>> MMp1gridR 0.007462
>> s=0 MSTModes 0.007553
A. Fill 1D grid.
>> s = 2, UP ... 0.221369
>> s = 1, UP ... 0.035991
>> s = 0, UP ... 0.096737
>> s = 2, IN ... 0.113031
>> s = 1, IN ... 0.026208
>> s = 0, IN ... 0.05328
1. Preliminaries.
Calculating B-matrices and Eigenvalues
2. Generate MSTModes
>> Generate s=-2 MSTModes 1.056481
>> Generate s=-1 MSTModes 1.068002
>> Generate hκModes 4.852752
3. Jumps
>> 0.00669
>> 0.002901
>> 0.124394
>> 0.002828
>> 0.013365
>> 0.002584
>> LinearSolve for s1 and κ jumps 0.000309
>> κ and s1 jumps 0.158471
4. Prepare grid and mode functions.
>> s=-2 MSTModes 0.005948
>> MMp2gridL 0.057585
>> MMp2gridR 0.123747
>> s=-1 MSTModes 0.003133
>> MMp1gridL 0.003411
>> MMp1gridR 0.007414
>> s=0 MSTModes 0.004756
A. Fill 1D grid.
>> s = 2, UP ... 0.146126
>> s = 1, UP ... 0.040037
>> s = 0, UP ... 0.068013
>> s = 2, IN ... 0.086596
>> s = 1, IN ... 0.023977
>> s = 0, IN ... 0.039813
