Task 7 on node723.cluster: a=0.6 r0=7.9
Job started: a = 0.6, r0 = 7.9, savepath = /lustre/astro/dyson/DataFiles/KerrCircSourceFiles/h1_radial
Warning: rstarmin is outside the allowed range.
Now we Calculate the Radiative Solutions
1. Preliminaries.
Calculating B-matrices and Eigenvalues
2. Generate MSTModes
>> Generate s=-2 MSTModes 193.894485
>> Generate s=-1 MSTModes 191.11726
>> Generate hκModes 548.071442
3. Jumps
>> 2.621121
>> 27.565571
>> 11.163456
>> 73.762234
>> 676.786527
>> 323.755305
>> LinearSolve for s1 and κ jumps 0.013416
>> κ and s1 jumps 1123.508728
4. Prepare grid and mode functions.
>> s=-2 MSTModes 0.424451
>> MMp2gridL 2.059365
>> MMp2gridR 14.932064
>> s=-1 MSTModes 0.161512
>> MMp1gridL 0.086071
>> MMp1gridR 0.546397
>> s=0 MSTModes 0.38011
A. Fill 1D grid.
>> s = 2, UP ... 183.280458
>> s = 1, UP ... 5.12651
>> s = 0, UP ... 37.959521
>> s = 2, IN ... 54.778112
>> s = 1, IN ... 3.116415
>> s = 0, IN ... 6.696986
1. Preliminaries.
Calculating B-matrices and Eigenvalues
2. Generate MSTModes
>> Generate s=-2 MSTModes 225.192209
>> Generate s=-1 MSTModes 219.831898
>> Generate hκModes 522.750508
3. Jumps
>> 2.506356
>> 27.989288
>> 12.295437
>> 269.331251
>> 1513.67641
>> 1105.298406
>> LinearSolve for s1 and κ jumps 0.589874
>> κ and s1 jumps 2937.879177
4. Prepare grid and mode functions.
>> s=-2 MSTModes 0.425183
>> MMp2gridL 2.038258
>> MMp2gridR 14.706041
>> s=-1 MSTModes 0.247407
>> MMp1gridL 0.118541
>> MMp1gridR 0.843217
>> s=0 MSTModes 0.412858
A. Fill 1D grid.
>> s = 2, UP ... 176.733324
>> s = 1, UP ... 34.523148
>> s = 0, UP ... 73.904193
>> s = 2, IN ... 54.16601
>> s = 1, IN ... 4.85456
>> s = 0, IN ... 9.392827
1. Preliminaries.
Calculating B-matrices and Eigenvalues
2. Generate MSTModes
>> Generate s=-2 MSTModes 246.074317
>> Generate s=-1 MSTModes 242.76052
>> Generate hκModes 519.95966
3. Jumps
>> 2.389608
>> 26.126878
>> 12.885412
>> 250.697373
>> 1411.653817
>> 1067.91969
>> LinearSolve for s1 and κ jumps 0.607179
>> κ and s1 jumps 2778.1903
4. Prepare grid and mode functions.
>> s=-2 MSTModes 0.436615
>> MMp2gridL 2.021245
>> MMp2gridR 14.637327
>> s=-1 MSTModes 0.2475
>> MMp1gridL 0.118797
>> MMp1gridR 0.830123
>> s=0 MSTModes 0.407795
A. Fill 1D grid.
>> s = 2, UP ... 171.636878
>> s = 1, UP ... 34.596194
>> s = 0, UP ... 70.313786
>> s = 2, IN ... 53.650915
>> s = 1, IN ... 4.813255
>> s = 0, IN ... 9.218665
1. Preliminaries.
Calculating B-matrices and Eigenvalues
2. Generate MSTModes
>> Generate s=-2 MSTModes 272.687785
>> Generate s=-1 MSTModes 267.94216
>> Generate hκModes 526.371221
3. Jumps
>> 2.224634
>> 25.066462
>> 13.025189
>> 234.490561
>> 1312.083341
>> 988.782012
>> LinearSolve for s1 and κ jumps 0.672751
>> κ and s1 jumps 2581.96456
4. Prepare grid and mode functions.
>> s=-2 MSTModes 0.430252
>> MMp2gridL 2.01251
>> MMp2gridR 14.410232
>> s=-1 MSTModes 0.24405
>> MMp1gridL 0.118232
>> MMp1gridR 0.826352
>> s=0 MSTModes 0.401865
A. Fill 1D grid.
>> s = 2, UP ... 166.918738
>> s = 1, UP ... 33.104394
>> s = 0, UP ... 69.231054
>> s = 2, IN ... 53.437626
>> s = 1, IN ... 4.696375
>> s = 0, IN ... 9.010084
1. Preliminaries.
Calculating B-matrices and Eigenvalues
2. Generate MSTModes
>> Generate s=-2 MSTModes 293.052987
>> Generate s=-1 MSTModes 289.693319
>> Generate hκModes 531.274103
3. Jumps
>> 2.236119
>> 23.196993
>> 13.261765
>> 219.403003
>> 1235.327682
>> 929.797241
>> LinearSolve for s1 and κ jumps 0.72709
>> κ and s1 jumps 2429.247103
4. Prepare grid and mode functions.
>> s=-2 MSTModes 0.419748
>> MMp2gridL 1.955639
>> MMp2gridR 14.15022
>> s=-1 MSTModes 0.238575
>> MMp1gridL 0.115553
>> MMp1gridR 0.804159
>> s=0 MSTModes 0.394433
A. Fill 1D grid.
>> s = 2, UP ... 163.522774
>> s = 1, UP ... 31.451394
>> s = 0, UP ... 64.812051
>> s = 2, IN ... 53.396823
>> s = 1, IN ... 4.610697
>> s = 0, IN ... 8.831924
1. Preliminaries.
Calculating B-matrices and Eigenvalues
2. Generate MSTModes
>> Generate s=-2 MSTModes 319.120884
>> Generate s=-1 MSTModes 316.387281
>> Generate hκModes 538.657578
3. Jumps
>> 2.089667
>> 21.762573
>> 13.459365
>> 196.427488
>> 1112.555572
>> 833.622547
>> LinearSolve for s1 and κ jumps 0.653115
>> κ and s1 jumps 2185.551018
4. Prepare grid and mode functions.
>> s=-2 MSTModes 0.415644
>> MMp2gridL 1.966472
>> MMp2gridR 13.881278
>> s=-1 MSTModes 0.235878
>> MMp1gridL 0.114645
>> MMp1gridR 0.796004
>> s=0 MSTModes 0.39247
A. Fill 1D grid.
>> s = 2, UP ... 157.259566
>> s = 1, UP ... 31.172219
>> s = 0, UP ... 63.061963
>> s = 2, IN ... 52.836292
>> s = 1, IN ... 4.519709
>> s = 0, IN ... 8.600718
1. Preliminaries.
Calculating B-matrices and Eigenvalues
2. Generate MSTModes
>> Generate s=-2 MSTModes 352.634336
>> Generate s=-1 MSTModes 349.764038
>> Generate hκModes 546.866154
3. Jumps
>> 1.991603
>> 20.523768
>> 13.575157
>> 179.182161
>> 1016.766247
>> 752.296211
>> LinearSolve for s1 and κ jumps 0.557193
>> κ and s1 jumps 1989.53129
4. Prepare grid and mode functions.
>> s=-2 MSTModes 0.408382
>> MMp2gridL 1.929135
>> MMp2gridR 13.501686
>> s=-1 MSTModes 0.2306
>> MMp1gridL 0.111594
>> MMp1gridR 0.77196
>> s=0 MSTModes 0.384555
A. Fill 1D grid.
>> s = 2, UP ... 151.65095
>> s = 1, UP ... 28.672934
>> s = 0, UP ... 59.059793
>> s = 2, IN ... 52.657599
>> s = 1, IN ... 4.411563
>> s = 0, IN ... 8.407435
1. Preliminaries.
Calculating B-matrices and Eigenvalues
2. Generate MSTModes
>> Generate s=-2 MSTModes 388.305701
>> Generate s=-1 MSTModes 379.942705
>> Generate hκModes 552.049445
3. Jumps
>> 1.881243
>> 19.214058
>> 13.532132
>> 166.800471
>> 956.401762
>> 705.647622
>> LinearSolve for s1 and κ jumps 0.789451
>> κ and s1 jumps 1868.692721
4. Prepare grid and mode functions.
>> s=-2 MSTModes 0.400307
>> MMp2gridL 1.898289
>> MMp2gridR 13.419543
>> s=-1 MSTModes 0.227096
>> MMp1gridL 0.110284
>> MMp1gridR 0.763838
>> s=0 MSTModes 0.37505
A. Fill 1D grid.
>> s = 2, UP ... 146.900694
>> s = 1, UP ... 27.768128
>> s = 0, UP ... 57.223372
>> s = 2, IN ... 51.704568
>> s = 1, IN ... 4.315144
>> s = 0, IN ... 8.198321
1. Preliminaries.
Calculating B-matrices and Eigenvalues
2. Generate MSTModes
>> Generate s=-2 MSTModes 418.017633
>> Generate s=-1 MSTModes 414.432101
>> Generate hκModes 561.23506
3. Jumps
>> 1.838053
>> 18.003276
>> 13.579691
>> 151.776091
>> 873.350697
>> 641.777051
>> LinearSolve for s1 and κ jumps 0.397704
>> κ and s1 jumps 1704.88701
4. Prepare grid and mode functions.
>> s=-2 MSTModes 0.393883
>> MMp2gridL 1.862075
>> MMp2gridR 13.212104
>> s=-1 MSTModes 0.224036
>> MMp1gridL 0.107534
>> MMp1gridR 0.748836
>> s=0 MSTModes 0.368878
A. Fill 1D grid.
>> s = 2, UP ... 142.037619
>> s = 1, UP ... 25.752948
>> s = 0, UP ... 54.282921
>> s = 2, IN ... 51.437203
>> s = 1, IN ... 4.231523
>> s = 0, IN ... 7.966669
1. Preliminaries.
Calculating B-matrices and Eigenvalues
2. Generate MSTModes
>> Generate s=-2 MSTModes 458.150452
>> Generate s=-1 MSTModes 453.947399
>> Generate hκModes 568.597022
3. Jumps
>> 1.733071
>> 16.560608
>> 13.47184
>> 141.007919
>> 807.734565
>> 569.551188
>> LinearSolve for s1 and κ jumps 0.676637
>> κ and s1 jumps 1554.54438
4. Prepare grid and mode functions.
>> s=-2 MSTModes 0.377885
>> MMp2gridL 1.808753
>> MMp2gridR 12.879363
>> s=-1 MSTModes 0.218078
>> MMp1gridL 0.105306
>> MMp1gridR 0.727663
>> s=0 MSTModes 0.363164
A. Fill 1D grid.
>> s = 2, UP ... 136.503871
>> s = 1, UP ... 24.904746
>> s = 0, UP ... 51.140157
>> s = 2, IN ... 50.975958
>> s = 1, IN ... 4.150148
>> s = 0, IN ... 7.779862
1. Preliminaries.
Calculating B-matrices and Eigenvalues
2. Generate MSTModes
>> Generate s=-2 MSTModes 494.289687
>> Generate s=-1 MSTModes 489.779965
>> Generate hκModes 574.376503
3. Jumps
>> 1.71734
>> 15.617648
>> 12.954621
>> 126.610891
>> 739.923957
>> 537.44428
>> LinearSolve for s1 and κ jumps 0.703562
>> κ and s1 jumps 1438.701055
4. Prepare grid and mode functions.
>> s=-2 MSTModes 0.384798
>> MMp2gridL 1.807276
>> MMp2gridR 12.607956
>> s=-1 MSTModes 0.21545
>> MMp1gridL 0.103726
>> MMp1gridR 0.72419
>> s=0 MSTModes 0.36204
A. Fill 1D grid.
>> s = 2, UP ... 133.324897
>> s = 1, UP ... 24.060782
>> s = 0, UP ... 49.360001
>> s = 2, IN ... 51.133223
>> s = 1, IN ... 4.088542
>> s = 0, IN ... 7.667091
1. Preliminaries.
Calculating B-matrices and Eigenvalues
2. Generate MSTModes
>> Generate s=-2 MSTModes 543.754699
>> Generate s=-1 MSTModes 569.943977
>> Generate hκModes 2258.280815
3. Jumps
>> 1.617292
>> 36.73976
>> 176.994653
>> 663.438211
>> 2197.521444
>> 2797.872034
>> LinearSolve for s1 and κ jumps 0.822402
>> κ and s1 jumps 5878.718486
4. Prepare grid and mode functions.
>> s=-2 MSTModes 0.383971
>> MMp2gridL 1.740398
>> MMp2gridR 12.611052
>> s=-1 MSTModes 0.217325
>> MMp1gridL 0.102531
>> MMp1gridR 0.717882
>> s=0 MSTModes 0.367141
A. Fill 1D grid.
>> s = 2, UP ... 6983.858923
>> s = 1, UP ... 24.144733
