Task 98 on node678.cluster: a=0.1 r0=11.0
Job started: a = 0.1, r0 = 11., savepath = /lustre/astro/dyson/DataFiles/KerrCircDiskData/h1_radial
Warning: rstarmin is outside the allowed range.
Now we Calculate the Radiative Solutions
1. Preliminaries.
Calculating B-matrices and Eigenvalues
2. Generate MSTModes
>> Generate s=-2 MSTModes 44.33605
>> Generate s=-1 MSTModes 44.836765
>> Generate hκModes 124.733945
3. Jumps
>> 0.391565
>> 2.112396
>> 4.008891
>> 4.029132
>> 50.124415
>> 18.350949
>> LinearSolve for s1 and κ jumps 0.004416
>> κ and s1 jumps 79.930908
4. Prepare grid and mode functions.
>> s=-2 MSTModes 0.216985
>> MMp2gridL 0.96546
>> MMp2gridR 5.202807
>> s=-1 MSTModes 0.066511
>> MMp1gridL 0.038636
>> MMp1gridR 0.172613
>> s=0 MSTModes 0.155407
A. Fill 1D grid.
>> s = 2, UP ... 36.592402
>> s = 1, UP ... 1.347456
>> s = 0, UP ... 8.291754
>> s = 2, IN ... 11.950723
>> s = 1, IN ... 0.92852
>> s = 0, IN ... 2.068004
1. Preliminaries.
Calculating B-matrices and Eigenvalues
2. Generate MSTModes
>> Generate s=-2 MSTModes 63.295401
>> Generate s=-1 MSTModes 63.621981
>> Generate hκModes 136.68726
3. Jumps
>> 0.390882
>> 2.55543
>> 4.626453
>> 4.146752
>> 53.480951
>> 18.08437
>> LinearSolve for s1 and κ jumps 0.675584
>> κ and s1 jumps 84.805354
4. Prepare grid and mode functions.
>> s=-2 MSTModes 0.199136
>> MMp2gridL 1.000923
>> MMp2gridR 5.394831
>> s=-1 MSTModes 0.109711
>> MMp1gridL 0.059375
>> MMp1gridR 0.318578
>> s=0 MSTModes 0.177372
A. Fill 1D grid.
>> s = 2, UP ... 35.978998
>> s = 1, UP ... 8.383392
>> s = 0, UP ... 11.705409
>> s = 2, IN ... 11.873969
>> s = 1, IN ... 1.551007
>> s = 0, IN ... 2.290269
1. Preliminaries.
Calculating B-matrices and Eigenvalues
2. Generate MSTModes
>> Generate s=-2 MSTModes 70.382073
>> Generate s=-1 MSTModes 70.713241
>> Generate hκModes 132.280822
3. Jumps
>> 0.384241
>> 2.276817
>> 4.731958
>> 3.524757
>> 47.190708
>> 15.464464
>> LinearSolve for s1 and κ jumps 0.923769
>> κ and s1 jumps 75.2177
4. Prepare grid and mode functions.
>> s=-2 MSTModes 0.198124
>> MMp2gridL 0.952822
>> MMp2gridR 5.279818
>> s=-1 MSTModes 0.107518
>> MMp1gridL 0.057818
>> MMp1gridR 0.30331
>> s=0 MSTModes 0.172661
A. Fill 1D grid.
>> s = 2, UP ... 34.675416
>> s = 1, UP ... 7.951616
>> s = 0, UP ... 11.276354
>> s = 2, IN ... 11.670308
>> s = 1, IN ... 1.501641
>> s = 0, IN ... 2.221459
1. Preliminaries.
Calculating B-matrices and Eigenvalues
2. Generate MSTModes
>> Generate s=-2 MSTModes 77.461986
>> Generate s=-1 MSTModes 77.16427
>> Generate hκModes 129.471536
3. Jumps
>> 0.347865
>> 1.984422
>> 4.833222
>> 3.033272
>> 41.705902
>> 13.2578
>> LinearSolve for s1 and κ jumps 0.919316
>> κ and s1 jumps 66.800832
4. Prepare grid and mode functions.
>> s=-2 MSTModes 0.193423
>> MMp2gridL 0.921825
>> MMp2gridR 5.111638
>> s=-1 MSTModes 0.103381
>> MMp1gridL 0.056126
>> MMp1gridR 0.290035
>> s=0 MSTModes 0.162795
A. Fill 1D grid.
>> s = 2, UP ... 32.731742
>> s = 1, UP ... 7.498788
>> s = 0, UP ... 10.74833
>> s = 2, IN ... 11.355554
>> s = 1, IN ... 1.439796
>> s = 0, IN ... 2.148299
1. Preliminaries.
Calculating B-matrices and Eigenvalues
2. Generate MSTModes
>> Generate s=-2 MSTModes 84.227692
>> Generate s=-1 MSTModes 83.850886
>> Generate hκModes 126.417787
3. Jumps
>> 0.339768
>> 1.720168
>> 5.130064
>> 2.565297
>> 35.982413
>> 11.218787
>> LinearSolve for s1 and κ jumps 1.159495
>> κ and s1 jumps 58.711568
4. Prepare grid and mode functions.
>> s=-2 MSTModes 0.193304
>> MMp2gridL 0.879196
>> MMp2gridR 4.86287
>> s=-1 MSTModes 0.100388
>> MMp1gridL 0.052983
>> MMp1gridR 0.278999
>> s=0 MSTModes 0.15709
A. Fill 1D grid.
>> s = 2, UP ... 30.730632
>> s = 1, UP ... 7.074801
>> s = 0, UP ... 10.103005
>> s = 2, IN ... 11.064981
>> s = 1, IN ... 1.387396
>> s = 0, IN ... 2.074534
1. Preliminaries.
Calculating B-matrices and Eigenvalues
2. Generate MSTModes
>> Generate s=-2 MSTModes 91.905204
>> Generate s=-1 MSTModes 91.230398
>> Generate hκModes 123.602354
3. Jumps
>> 0.305881
>> 1.516169
>> 4.662733
>> 2.27953
>> 31.702803
>> 9.831355
>> LinearSolve for s1 and κ jumps 0.82236
>> κ and s1 jumps 51.620788
4. Prepare grid and mode functions.
>> s=-2 MSTModes 0.232799
>> MMp2gridL 0.837153
>> MMp2gridR 4.60998
>> s=-1 MSTModes 0.094274
>> MMp1gridL 0.051755
>> MMp1gridR 0.264487
>> s=0 MSTModes 0.150206
A. Fill 1D grid.
>> s = 2, UP ... 29.185001
>> s = 1, UP ... 6.461876
>> s = 0, UP ... 9.588096
>> s = 2, IN ... 10.732886
>> s = 1, IN ... 1.315602
>> s = 0, IN ... 1.968436
1. Preliminaries.
Calculating B-matrices and Eigenvalues
2. Generate MSTModes
>> Generate s=-2 MSTModes 98.926829
>> Generate s=-1 MSTModes 98.583947
>> Generate hκModes 120.570474
3. Jumps
>> 0.298306
>> 1.339695
>> 4.489449
>> 1.909303
>> 27.611727
>> 8.348339
>> LinearSolve for s1 and κ jumps 0.835014
>> κ and s1 jumps 45.273785
4. Prepare grid and mode functions.
>> s=-2 MSTModes 0.216678
>> MMp2gridL 0.796054
>> MMp2gridR 4.483229
>> s=-1 MSTModes 0.092116
>> MMp1gridL 0.050228
>> MMp1gridR 0.263198
>> s=0 MSTModes 0.147931
A. Fill 1D grid.
>> s = 2, UP ... 28.086466
>> s = 1, UP ... 6.474227
>> s = 0, UP ... 9.266067
>> s = 2, IN ... 10.502517
>> s = 1, IN ... 1.265199
>> s = 0, IN ... 1.915619
1. Preliminaries.
Calculating B-matrices and Eigenvalues
2. Generate MSTModes
>> Generate s=-2 MSTModes 105.117002
>> Generate s=-1 MSTModes 105.028632
>> Generate hκModes 117.470396
3. Jumps
>> 0.281146
>> 1.231633
>> 4.233233
>> 1.659927
>> 24.902877
>> 7.319377
>> LinearSolve for s1 and κ jumps 1.214863
>> κ and s1 jumps 41.312675
4. Prepare grid and mode functions.
>> s=-2 MSTModes 0.190324
>> MMp2gridL 0.78792
>> MMp2gridR 4.419011
>> s=-1 MSTModes 0.087918
>> MMp1gridL 0.048542
>> MMp1gridR 0.250659
>> s=0 MSTModes 0.138544
A. Fill 1D grid.
>> s = 2, UP ... 26.51312
>> s = 1, UP ... 5.720049
>> s = 0, UP ... 8.485926
>> s = 2, IN ... 10.421664
>> s = 1, IN ... 1.210551
>> s = 0, IN ... 1.859668
1. Preliminaries.
Calculating B-matrices and Eigenvalues
2. Generate MSTModes
>> Generate s=-2 MSTModes 110.688514
>> Generate s=-1 MSTModes 112.028636
>> Generate hκModes 112.636702
3. Jumps
