Task 469 on node656.cluster: a=0.7 r0=20.5
Job started: a = 0.7, r0 = 20.5, savepath = /lustre/astro/dyson/DataFiles/KerrCircDiskData/h1_radial
Warning: rstarmin is outside the allowed range.
Now we Calculate the Radiative Solutions
1. Preliminaries.
Calculating B-matrices and Eigenvalues
2. Generate MSTModes
>> Generate s=-2 MSTModes 44.579481
>> Generate s=-1 MSTModes 43.817514

MetricReconstructRadiative`Private`hκTSolve::icaccuraccy: Warning: asymptotic expansion of order 40 at r=4000.000000000000000000000000000000000000000000000000000000000000 provides insufficiently accurate initial conditions to meet PrecsionGoal, 24.

MetricReconstructRadiative`Private`hκTSolve::icaccuraccy: Warning: asymptotic expansion of order 40 at r=4000.000000000000000000000000000000000000000000000000000000000000 provides insufficiently accurate initial conditions to meet PrecsionGoal, 24.

MetricReconstructRadiative`Private`hκTSolve::icaccuraccy: Warning: asymptotic expansion of order 40 at r=4000.000000000000000000000000000000000000000000000000000000000000 provides insufficiently accurate initial conditions to meet PrecsionGoal, 24.

General::stop: Further output of MetricReconstructRadiative`Private`hκTSolve::icaccuraccy will be suppressed during this calculation.
>> Generate hκModes 116.49506
3. Jumps
>> 0.339434
>> 1.956628
>> 2.926758
>> 3.626072
>> 43.835156
>> 15.914188
>> LinearSolve for s1 and κ jumps 0.003178
>> κ and s1 jumps 69.38669
4. Prepare grid and mode functions.
>> s=-2 MSTModes 0.195345
>> MMp2gridL 1.681099
>> MMp2gridR 3.588772
>> s=-1 MSTModes 0.059004
>> MMp1gridL 0.064251
>> MMp1gridR 0.120095
>> s=0 MSTModes 0.130216
A. Fill 1D grid.
>> s = 2, UP ... 24.485757
>> s = 1, UP ... 0.952652
>> s = 0, UP ... 5.489372
>> s = 2, IN ... 18.804827
>> s = 1, IN ... 1.391922
>> s = 0, IN ... 3.309481
1. Preliminaries.
Calculating B-matrices and Eigenvalues
2. Generate MSTModes
>> Generate s=-2 MSTModes 52.198336
>> Generate s=-1 MSTModes 52.566646
>> Generate hκModes 121.787164
3. Jumps
>> 0.37622
>> 2.366303
>> 4.090491
>> 3.848632
>> 51.25538
>> 17.540255
>> LinearSolve for s1 and κ jumps 1.136984
>> κ and s1 jumps 81.350811
4. Prepare grid and mode functions.
>> s=-2 MSTModes 0.215357
>> MMp2gridL 2.055029
>> MMp2gridR 4.425803
>> s=-1 MSTModes 0.109504
>> MMp1gridL 0.120591
>> MMp1gridR 0.25795
>> s=0 MSTModes 0.172107
A. Fill 1D grid.
>> s = 2, UP ... 28.926649
>> s = 1, UP ... 6.13191
>> s = 0, UP ... 8.878537
>> s = 2, IN ... 22.580676
>> s = 1, IN ... 3.066093
>> s = 0, IN ... 4.456052
1. Preliminaries.
Calculating B-matrices and Eigenvalues
2. Generate MSTModes
>> Generate s=-2 MSTModes 70.270057
>> Generate s=-1 MSTModes 69.320525
>> Generate hκModes 122.654511
3. Jumps
>> 0.355744
>> 2.07838
>> 3.833536
>> 3.336664
>> 44.979247
>> 14.928502
>> LinearSolve for s1 and κ jumps 0.830273
>> κ and s1 jumps 71.011926
4. Prepare grid and mode functions.
>> s=-2 MSTModes 0.232027
>> MMp2gridL 1.933123
>> MMp2gridR 4.210301
>> s=-1 MSTModes 0.106681
>> MMp1gridL 0.114678
>> MMp1gridR 0.246252
>> s=0 MSTModes 0.169403
A. Fill 1D grid.
>> s = 2, UP ... 27.672637
>> s = 1, UP ... 5.931199
>> s = 0, UP ... 8.484204
>> s = 2, IN ... 22.058214
>> s = 1, IN ... 2.939218
>> s = 0, IN ... 4.276093
1. Preliminaries.
Calculating B-matrices and Eigenvalues
2. Generate MSTModes
>> Generate s=-2 MSTModes 75.36378
>> Generate s=-1 MSTModes 75.617376
>> Generate hκModes 118.148936
3. Jumps
>> 0.336634
>> 1.899321
>> 3.876541
>> 2.918232
>> 40.046389
>> 13.182944
>> LinearSolve for s1 and κ jumps 1.001213
>> κ and s1 jumps 63.869849
4. Prepare grid and mode functions.
>> s=-2 MSTModes 0.223621
>> MMp2gridL 1.844642
>> MMp2gridR 3.93937
>> s=-1 MSTModes 0.098872
>> MMp1gridL 0.108822
>> MMp1gridR 0.231948
>> s=0 MSTModes 0.158153
A. Fill 1D grid.
>> s = 2, UP ... 25.710841
>> s = 1, UP ... 5.464956
>> s = 0, UP ... 7.958005
>> s = 2, IN ... 21.464805
>> s = 1, IN ... 2.792113
>> s = 0, IN ... 4.096983
1. Preliminaries.
Calculating B-matrices and Eigenvalues
2. Generate MSTModes
>> Generate s=-2 MSTModes 80.882286
>> Generate s=-1 MSTModes 81.569271
>> Generate hκModes 113.979047
3. Jumps
>> 0.321129
>> 1.692071
>> 3.852697
>> 9.444136
>> 64.237739
>> 40.757845
>> LinearSolve for s1 and κ jumps 0.981091
>> κ and s1 jumps 121.955999
4. Prepare grid and mode functions.
>> s=-2 MSTModes 0.177826
>> MMp2gridL 1.753419
>> MMp2gridR 3.78669
>> s=-1 MSTModes 0.096366
>> MMp1gridL 0.105166
>> MMp1gridR 0.222891
>> s=0 MSTModes 0.153632
A. Fill 1D grid.
>> s = 2, UP ... 24.621761
>> s = 1, UP ... 5.305101
>> s = 0, UP ... 10.275985
>> s = 2, IN ... 21.000497
>> s = 1, IN ... 2.690049
>> s = 0, IN ... 5.165963
1. Preliminaries.
Calculating B-matrices and Eigenvalues
2. Generate MSTModes
>> Generate s=-2 MSTModes 87.464347
>> Generate s=-1 MSTModes 86.570905
>> Generate hκModes 108.331868
3. Jumps
>> 0.309837
>> 1.512555
>> 3.795505
>> 7.996389
>> 55.262214
>> 34.081389
>> LinearSolve for s1 and κ jumps 1.103247
>> κ and s1 jumps 104.629501
4. Prepare grid and mode functions.
>> s=-2 MSTModes 0.182038
>> MMp2gridL 1.677869
>> MMp2gridR 3.663407
>> s=-1 MSTModes 0.093063
>> MMp1gridL 0.102461
>> MMp1gridR 0.215789
>> s=0 MSTModes 0.151767
A. Fill 1D grid.
>> s = 2, UP ... 23.347519
>> s = 1, UP ... 4.966209
>> s = 0, UP ... 9.766358
>> s = 2, IN ... 20.53819
>> s = 1, IN ... 2.603539
>> s = 0, IN ... 4.9221
1. Preliminaries.
Calculating B-matrices and Eigenvalues
2. Generate MSTModes
>> Generate s=-2 MSTModes 91.957587
>> Generate s=-1 MSTModes 90.400029
>> Generate hκModes 104.132247
3. Jumps
>> 0.294034
>> 1.358899
>> 3.691514
>> 6.834625
>> 48.92535
>> 29.760825
>> LinearSolve for s1 and κ jumps 0.993103
>> κ and s1 jumps 92.426144
4. Prepare grid and mode functions.
>> s=-2 MSTModes 0.167444
>> MMp2gridL 1.618183
>> MMp2gridR 3.530216
>> s=-1 MSTModes 0.091088
>> MMp1gridL 0.099913
>> MMp1gridR 0.20965
>> s=0 MSTModes 0.146645
A. Fill 1D grid.
>> s = 2, UP ... 22.123821
>> s = 1, UP ... 4.626066
>> s = 0, UP ... 9.156929
>> s = 2, IN ... 19.90415
>> s = 1, IN ... 2.478077
>> s = 0, IN ... 4.600831
1. Preliminaries.
Calculating B-matrices and Eigenvalues
2. Generate MSTModes
>> Generate s=-2 MSTModes 94.501642
>> Generate s=-1 MSTModes 93.930741
>> Generate hκModes 101.199014
3. Jumps
>> 0.278849
>> 1.170974
>> 3.687036
>> 5.910208
>> 42.22613
>> 25.244501
>> LinearSolve for s1 and κ jumps 0.629469
>> κ and s1 jumps 79.598757
4. Prepare grid and mode functions.
>> s=-2 MSTModes 0.201257
>> MMp2gridL 1.570262
>> MMp2gridR 3.369808
>> s=-1 MSTModes 0.086676
>> MMp1gridL 0.096952
>> MMp1gridR 0.202348
>> s=0 MSTModes 0.138017
A. Fill 1D grid.
>> s = 2, UP ... 20.773949
>> s = 1, UP ... 4.464092
>> s = 0, UP ... 8.764131
>> s = 2, IN ... 19.232464
>> s = 1, IN ... 2.318857
>> s = 0, IN ... 4.303337
1. Preliminaries.
Calculating B-matrices and Eigenvalues
2. Generate MSTModes
>> Generate s=-2 MSTModes 97.903922
>> Generate s=-1 MSTModes 97.338611
>> Generate hκModes 96.425991
3. Jumps
>> 0.271018
>> 1.053468
>> 3.590414
>> 5.028801
>> 36.401858
>> 21.28851
>> LinearSolve for s1 and κ jumps 0.00844
>> κ and s1 jumps 68.035722
4. Prepare grid and mode functions.
>> s=-2 MSTModes 0.185477
>> MMp2gridL 1.452789
>> MMp2gridR 3.180782
>> s=-1 MSTModes 0.082874
>> MMp1gridL 0.089988
>> MMp1gridR 0.189721
>> s=0 MSTModes 0.131537
A. Fill 1D grid.
>> s = 2, UP ... 19.28601
>> s = 1, UP ... 4.026138
>> s = 0, UP ... 7.817513
>> s = 2, IN ... 18.767183
>> s = 1, IN ... 2.272627
>> s = 0, IN ... 4.22931
1. Preliminaries.
Calculating B-matrices and Eigenvalues
2. Generate MSTModes
>> Generate s=-2 MSTModes 99.28063
>> Generate s=-1 MSTModes 98.073437
>> Generate hκModes 93.817077
3. Jumps
>> 0.260546
>> 0.950921
>> 3.490931
>> 4.313499
>> 31.351055
>> 17.931195
>> LinearSolve for s1 and κ jumps 0.008781
>> κ and s1 jumps 58.669616
4. Prepare grid and mode functions.
>> s=-2 MSTModes 0.180128
>> MMp2gridL 1.420136
>> MMp2gridR 3.083659
>> s=-1 MSTModes 0.079997
>> MMp1gridL 0.087792
>> MMp1gridR 0.182786
>> s=0 MSTModes 0.12925
A. Fill 1D grid.
>> s = 2, UP ... 18.493303
>> s = 1, UP ... 3.832054
>> s = 0, UP ... 7.399011
>> s = 2, IN ... 18.668016
>> s = 1, IN ... 2.099331
