Task 372 on node656.cluster: a=0.6 r0=16.0
Job started: a = 0.6, r0 = 16., savepath = /lustre/astro/dyson/DataFiles/KerrCircDiskData/h1_radial
Warning: rstarmin is outside the allowed range.
Now we Calculate the Radiative Solutions
1. Preliminaries.
Calculating B-matrices and Eigenvalues
2. Generate MSTModes
>> Generate s=-2 MSTModes 44.011019
>> Generate s=-1 MSTModes 43.347794
>> Generate hκModes 118.80164
3. Jumps
>> 0.346993
>> 2.059595
>> 3.11611
>> 3.677689
>> 45.868632
>> 16.657085
>> LinearSolve for s1 and κ jumps 0.004508
>> κ and s1 jumps 72.56008
4. Prepare grid and mode functions.
>> s=-2 MSTModes 0.199906
>> MMp2gridL 1.307514
>> MMp2gridR 4.127577
>> s=-1 MSTModes 0.060631
>> MMp1gridL 0.049807
>> MMp1gridR 0.13697
>> s=0 MSTModes 0.137666
A. Fill 1D grid.
>> s = 2, UP ... 28.594341
>> s = 1, UP ... 1.099279
>> s = 0, UP ... 6.41161
>> s = 2, IN ... 15.38639
>> s = 1, IN ... 1.161028
>> s = 0, IN ... 2.701483
1. Preliminaries.
Calculating B-matrices and Eigenvalues
2. Generate MSTModes
>> Generate s=-2 MSTModes 55.805792
>> Generate s=-1 MSTModes 55.435108
>> Generate hκModes 130.771379
3. Jumps
>> 0.38717
>> 2.492046
>> 4.306348
>> 4.062589
>> 52.936754
>> 17.788005
>> LinearSolve for s1 and κ jumps 1.255977
>> κ and s1 jumps 84.06071
4. Prepare grid and mode functions.
>> s=-2 MSTModes 0.197662
>> MMp2gridL 1.552727
>> MMp2gridR 4.983957
>> s=-1 MSTModes 0.111356
>> MMp1gridL 0.092887
>> MMp1gridR 0.290223
>> s=0 MSTModes 0.176045
A. Fill 1D grid.
>> s = 2, UP ... 33.244937
>> s = 1, UP ... 7.385662
>> s = 0, UP ... 10.395584
>> s = 2, IN ... 18.295406
>> s = 1, IN ... 2.458779
>> s = 0, IN ... 3.66237
1. Preliminaries.
Calculating B-matrices and Eigenvalues
2. Generate MSTModes
>> Generate s=-2 MSTModes 71.532073
>> Generate s=-1 MSTModes 70.167557
>> Generate hκModes 125.021022
3. Jumps
>> 0.37202
>> 2.255938
>> 4.419428
>> 3.434194
>> 47.296738
>> 15.664328
>> LinearSolve for s1 and κ jumps 1.184456
>> κ and s1 jumps 75.40429
4. Prepare grid and mode functions.
>> s=-2 MSTModes 0.194687
>> MMp2gridL 1.505135
>> MMp2gridR 4.762805
>> s=-1 MSTModes 0.107096
>> MMp1gridL 0.088979
>> MMp1gridR 0.277976
>> s=0 MSTModes 0.174061
A. Fill 1D grid.
>> s = 2, UP ... 31.46691
>> s = 1, UP ... 6.970871
>> s = 0, UP ... 10.123398
>> s = 2, IN ... 18.056888
>> s = 1, IN ... 2.359941
>> s = 0, IN ... 3.535707
1. Preliminaries.
Calculating B-matrices and Eigenvalues
2. Generate MSTModes
>> Generate s=-2 MSTModes 78.228088
>> Generate s=-1 MSTModes 76.549741
>> Generate hκModes 120.890199
3. Jumps
>> 0.346677
>> 1.914067
>> 4.301137
>> 10.815168
>> 75.692665
>> 47.581448
>> LinearSolve for s1 and κ jumps 0.911535
>> κ and s1 jumps 142.313546
4. Prepare grid and mode functions.
>> s=-2 MSTModes 0.19748
>> MMp2gridL 1.475517
>> MMp2gridR 4.666309
>> s=-1 MSTModes 0.104338
>> MMp1gridL 0.087071
>> MMp1gridR 0.268571
>> s=0 MSTModes 0.169582
A. Fill 1D grid.
>> s = 2, UP ... 29.861499
>> s = 1, UP ... 6.407157
>> s = 0, UP ... 12.967524
>> s = 2, IN ... 17.656013
>> s = 1, IN ... 2.272291
>> s = 0, IN ... 4.389849
1. Preliminaries.
Calculating B-matrices and Eigenvalues
2. Generate MSTModes
>> Generate s=-2 MSTModes 83.917267
>> Generate s=-1 MSTModes 82.48359
>> Generate hκModes 118.875599
3. Jumps
>> 0.344428
>> 1.778173
>> 4.363897
>> 9.728108
>> 66.788921
>> 41.446393
>> LinearSolve for s1 and κ jumps 1.370518
>> κ and s1 jumps 126.494364
4. Prepare grid and mode functions.
>> s=-2 MSTModes 0.185379
>> MMp2gridL 1.366551
>> MMp2gridR 4.353308
>> s=-1 MSTModes 0.099957
>> MMp1gridL 0.082707
>> MMp1gridR 0.250761
>> s=0 MSTModes 0.161163
A. Fill 1D grid.
>> s = 2, UP ... 28.036895
>> s = 1, UP ... 5.892675
>> s = 0, UP ... 11.937278
>> s = 2, IN ... 16.800399
>> s = 1, IN ... 2.10837
>> s = 0, IN ... 4.071585
1. Preliminaries.
Calculating B-matrices and Eigenvalues
2. Generate MSTModes
>> Generate s=-2 MSTModes 89.215992
>> Generate s=-1 MSTModes 88.982461
>> Generate hκModes 116.977838
3. Jumps
>> 0.310712
>> 1.563429
>> 4.673394
>> 8.30876
>> 57.510547
>> 34.714336
>> LinearSolve for s1 and κ jumps 1.273293
>> κ and s1 jumps 108.920503
4. Prepare grid and mode functions.
>> s=-2 MSTModes 0.178288
>> MMp2gridL 1.295271
>> MMp2gridR 4.1296
>> s=-1 MSTModes 0.093612
>> MMp1gridL 0.07889
>> MMp1gridR 0.240245
>> s=0 MSTModes 0.147632
A. Fill 1D grid.
>> s = 2, UP ... 25.861116
>> s = 1, UP ... 5.546834
>> s = 0, UP ... 11.453967
>> s = 2, IN ... 16.058961
>> s = 1, IN ... 2.010939
>> s = 0, IN ... 3.828051
1. Preliminaries.
Calculating B-matrices and Eigenvalues
2. Generate MSTModes
>> Generate s=-2 MSTModes 94.732749
>> Generate s=-1 MSTModes 94.655313
>> Generate hκModes 113.468026
3. Jumps
>> 0.301637
>> 1.38453
>> 4.228164
>> 7.081801
>> 49.483262
>> 29.443333
>> LinearSolve for s1 and κ jumps 1.071773
>> κ and s1 jumps 93.610111
4. Prepare grid and mode functions.
>> s=-2 MSTModes 0.171266
>> MMp2gridL 1.224144
>> MMp2gridR 3.910375
>> s=-1 MSTModes 0.090867
>> MMp1gridL 0.073582
>> MMp1gridR 0.22591
>> s=0 MSTModes 0.142844
A. Fill 1D grid.
>> s = 2, UP ... 24.483252
>> s = 1, UP ... 5.141145
>> s = 0, UP ... 10.451644
>> s = 2, IN ... 15.630028
>> s = 1, IN ... 1.941144
>> s = 0, IN ... 3.674317
1. Preliminaries.
Calculating B-matrices and Eigenvalues
2. Generate MSTModes
>> Generate s=-2 MSTModes 98.834792
>> Generate s=-1 MSTModes 99.515432
>> Generate hκModes 108.417683
3. Jumps
>> 0.277041
>> 1.17341
>> 4.126799
>> 5.992769
>> 42.08067
>> 24.883064
>> LinearSolve for s1 and κ jumps 0.91877
>> κ and s1 jumps 79.990882
4. Prepare grid and mode functions.
>> s=-2 MSTModes 0.162187
>> MMp2gridL 1.156861
>> MMp2gridR 3.691284
>> s=-1 MSTModes 0.085861
>> MMp1gridL 0.071288
>> MMp1gridR 0.220134
>> s=0 MSTModes 0.142524
A. Fill 1D grid.
>> s = 2, UP ... 23.068699
>> s = 1, UP ... 4.93075
>> s = 0, UP ... 10.108854
>> s = 2, IN ... 15.337443
>> s = 1, IN ... 1.819707
>> s = 0, IN ... 3.477937
1. Preliminaries.
Calculating B-matrices and Eigenvalues
2. Generate MSTModes
>> Generate s=-2 MSTModes 104.352702
>> Generate s=-1 MSTModes 104.332617
>> Generate hκModes 105.475875
3. Jumps
>> 0.276118
>> 1.074161
>> 3.889639
>> 5.188185
>> 37.822983
>> 21.98215
>> LinearSolve for s1 and κ jumps 0.009395
>> κ and s1 jumps 70.651972
4. Prepare grid and mode functions.
>> s=-2 MSTModes 0.191671
>> MMp2gridL 1.141479
>> MMp2gridR 3.669261
>> s=-1 MSTModes 0.085667
>> MMp1gridL 0.070393
>> MMp1gridR 0.220321
>> s=0 MSTModes 0.137547
A. Fill 1D grid.
>> s = 2, UP ... 21.957456
>> s = 1, UP ... 4.540436
>> s = 0, UP ... 9.3381
>> s = 2, IN ... 15.048295
>> s = 1, IN ... 1.749641
>> s = 0, IN ... 3.337806
1. Preliminaries.
Calculating B-matrices and Eigenvalues
2. Generate MSTModes
>> Generate s=-2 MSTModes 104.645219
>> Generate s=-1 MSTModes 104.905492
>> Generate hκModes 99.647104
3. Jumps
