Task 271 on node656.cluster: a=0.3 r0=9.5
Job started: a = 0.3, r0 = 9.5, savepath = /lustre/astro/dyson/DataFiles/KerrCircDiskData/h1_radial
Warning: rstarmin is outside the allowed range.
Now we Calculate the Radiative Solutions
1. Preliminaries.
Calculating B-matrices and Eigenvalues
2. Generate MSTModes
>> Generate s=-2 MSTModes 51.885459
>> Generate s=-1 MSTModes 53.013101
>> Generate hκModes 142.177109
3. Jumps
>> 0.42279
>> 2.387858
>> 4.469949
>> 4.401099
>> 54.235597
>> 19.877654
>> LinearSolve for s1 and κ jumps 0.004762
>> κ and s1 jumps 86.78567
4. Prepare grid and mode functions.
>> s=-2 MSTModes 0.228317
>> MMp2gridL 0.866932
>> MMp2gridR 5.761962
>> s=-1 MSTModes 0.071094
>> MMp1gridL 0.035405
>> MMp1gridR 0.189532
>> s=0 MSTModes 0.160907
A. Fill 1D grid.
>> s = 2, UP ... 39.847378
>> s = 1, UP ... 1.471461
>> s = 0, UP ... 9.000364
>> s = 2, IN ... 10.302516
>> s = 1, IN ... 0.81947
>> s = 0, IN ... 1.798755
1. Preliminaries.
Calculating B-matrices and Eigenvalues
2. Generate MSTModes
>> Generate s=-2 MSTModes 64.556971
>> Generate s=-1 MSTModes 62.553481
>> Generate hκModes 137.589968
3. Jumps
>> 0.386432
>> 2.517684
>> 4.676521
>> 4.159449
>> 53.800325
>> 18.734681
>> LinearSolve for s1 and κ jumps 0.852702
>> κ and s1 jumps 85.927591
4. Prepare grid and mode functions.
>> s=-2 MSTModes 0.203398
>> MMp2gridL 0.864807
>> MMp2gridR 5.698959
>> s=-1 MSTModes 0.111247
>> MMp1gridL 0.050176
>> MMp1gridR 0.32644
>> s=0 MSTModes 0.182968
A. Fill 1D grid.
>> s = 2, UP ... 38.783217
>> s = 1, UP ... 9.253674
>> s = 0, UP ... 12.475938
>> s = 2, IN ... 10.271686
>> s = 1, IN ... 1.310443
>> s = 0, IN ... 1.963783
1. Preliminaries.
Calculating B-matrices and Eigenvalues
2. Generate MSTModes
>> Generate s=-2 MSTModes 71.481576
>> Generate s=-1 MSTModes 69.672631
>> Generate hκModes 136.417823
3. Jumps
>> 0.371867
>> 2.286188
>> 5.008068
>> 3.484388
>> 47.181996
>> 15.53049
>> LinearSolve for s1 and κ jumps 1.192308
>> κ and s1 jumps 75.766959
4. Prepare grid and mode functions.
>> s=-2 MSTModes 0.197467
>> MMp2gridL 0.836573
>> MMp2gridR 5.494191
>> s=-1 MSTModes 0.108224
>> MMp1gridL 0.050288
>> MMp1gridR 0.321969
>> s=0 MSTModes 0.177822
A. Fill 1D grid.
>> s = 2, UP ... 36.690098
>> s = 1, UP ... 8.284926
>> s = 0, UP ... 11.683137
>> s = 2, IN ... 10.107006
>> s = 1, IN ... 1.308573
>> s = 0, IN ... 1.91837
1. Preliminaries.
Calculating B-matrices and Eigenvalues
2. Generate MSTModes
>> Generate s=-2 MSTModes 79.418793
>> Generate s=-1 MSTModes 77.141271
>> Generate hκModes 134.725904
3. Jumps
>> 0.354383
>> 1.948399
>> 5.083537
>> 11.314559
>> 77.497009
>> 50.377455
>> LinearSolve for s1 and κ jumps 1.095282
>> κ and s1 jumps 148.367142
4. Prepare grid and mode functions.
>> s=-2 MSTModes 0.189709
>> MMp2gridL 0.792206
>> MMp2gridR 5.198233
>> s=-1 MSTModes 0.102001
>> MMp1gridL 0.048412
>> MMp1gridR 0.303943
>> s=0 MSTModes 0.173777
A. Fill 1D grid.
>> s = 2, UP ... 33.735412
>> s = 1, UP ... 7.535617
>> s = 0, UP ... 15.377827
>> s = 2, IN ... 9.489221
>> s = 1, IN ... 1.200249
>> s = 0, IN ... 2.244361
1. Preliminaries.
Calculating B-matrices and Eigenvalues
2. Generate MSTModes
>> Generate s=-2 MSTModes 86.68714
>> Generate s=-1 MSTModes 86.67995
>> Generate hκModes 134.230319
3. Jumps
>> 0.333354
>> 1.665111
>> 4.921075
>> 9.539509
>> 63.955443
>> 39.565019
>> LinearSolve for s1 and κ jumps 1.174456
>> κ and s1 jumps 121.798483
4. Prepare grid and mode functions.
>> s=-2 MSTModes 0.187301
>> MMp2gridL 0.739443
>> MMp2gridR 4.947302
>> s=-1 MSTModes 0.097364
>> MMp1gridL 0.044865
>> MMp1gridR 0.280362
>> s=0 MSTModes 0.153127
A. Fill 1D grid.
>> s = 2, UP ... 32.170378
>> s = 1, UP ... 7.124644
>> s = 0, UP ... 14.127351
>> s = 2, IN ... 9.3347
>> s = 1, IN ... 1.179361
>> s = 0, IN ... 2.168077
1. Preliminaries.
Calculating B-matrices and Eigenvalues
2. Generate MSTModes
>> Generate s=-2 MSTModes 97.258333
>> Generate s=-1 MSTModes 96.009415
>> Generate hκModes 129.800533
3. Jumps
>> 0.297596
>> 1.47309
>> 4.547025
>> 8.049813
>> 55.899407
>> 34.845238
>> LinearSolve for s1 and κ jumps 0.951597
>> κ and s1 jumps 106.661882
4. Prepare grid and mode functions.
>> s=-2 MSTModes 0.184002
>> MMp2gridL 0.714084
>> MMp2gridR 4.877284
>> s=-1 MSTModes 0.095279
>> MMp1gridL 0.043672
>> MMp1gridR 0.280901
>> s=0 MSTModes 0.155261
A. Fill 1D grid.
>> s = 2, UP ... 31.061688
>> s = 1, UP ... 6.668699
>> s = 0, UP ... 13.663316
>> s = 2, IN ... 9.322333
>> s = 1, IN ... 1.127605
>> s = 0, IN ... 2.104521
1. Preliminaries.
Calculating B-matrices and Eigenvalues
2. Generate MSTModes
>> Generate s=-2 MSTModes 106.60313
>> Generate s=-1 MSTModes 104.54723
>> Generate hκModes 125.363879
3. Jumps
>> 0.295904
>> 1.348153
>> 4.497927
>> 7.211749
>> 50.982318
>> 31.345671
>> LinearSolve for s1 and κ jumps 1.146419
>> κ and s1 jumps 97.430449
4. Prepare grid and mode functions.
>> s=-2 MSTModes 0.180319
>> MMp2gridL 0.702142
>> MMp2gridR 4.684167
>> s=-1 MSTModes 0.092008
>> MMp1gridL 0.043454
>> MMp1gridR 0.268432
>> s=0 MSTModes 0.143067
A. Fill 1D grid.
>> s = 2, UP ... 28.752816
>> s = 1, UP ... 6.167617
>> s = 0, UP ... 12.543837
>> s = 2, IN ... 9.078453
>> s = 1, IN ... 1.070602
>> s = 0, IN ... 2.056221
1. Preliminaries.
Calculating B-matrices and Eigenvalues
2. Generate MSTModes
>> Generate s=-2 MSTModes 112.590266
>> Generate s=-1 MSTModes 111.598694
>> Generate hκModes 125.430366
3. Jumps
>> 0.278444
>> 1.226707
