Task 362 on node656.cluster: a=0.6 r0=11.0
Job started: a = 0.6, r0 = 11., savepath = /lustre/astro/dyson/DataFiles/KerrCircDiskData/h1_radial
Warning: rstarmin is outside the allowed range.
Now we Calculate the Radiative Solutions
1. Preliminaries.
Calculating B-matrices and Eigenvalues
2. Generate MSTModes
>> Generate s=-2 MSTModes 51.830876
>> Generate s=-1 MSTModes 52.249728
>> Generate hκModes 140.327833
3. Jumps
>> 0.417421
>> 2.40885
>> 4.056885
>> 4.355724
>> 53.445447
>> 19.148603
>> LinearSolve for s1 and κ jumps 0.005042
>> κ and s1 jumps 84.814846
4. Prepare grid and mode functions.
>> s=-2 MSTModes 0.223395
>> MMp2gridL 1.006226
>> MMp2gridR 5.392346
>> s=-1 MSTModes 0.068886
>> MMp1gridL 0.039771
>> MMp1gridR 0.178007
>> s=0 MSTModes 0.15986
A. Fill 1D grid.
>> s = 2, UP ... 38.467161
>> s = 1, UP ... 1.414171
>> s = 0, UP ... 8.636473
>> s = 2, IN ... 12.063433
>> s = 1, IN ... 0.922821
>> s = 0, IN ... 2.068224
1. Preliminaries.
Calculating B-matrices and Eigenvalues
2. Generate MSTModes
>> Generate s=-2 MSTModes 60.820962
>> Generate s=-1 MSTModes 60.15198
>> Generate hκModes 133.490261
3. Jumps
>> 0.384091
>> 2.474048
>> 4.523977
>> 15.406409
>> 100.75991
>> 63.936435
>> LinearSolve for s1 and κ jumps 0.781123
>> κ and s1 jumps 189.164903
4. Prepare grid and mode functions.
>> s=-2 MSTModes 0.191593
>> MMp2gridL 0.98607
>> MMp2gridR 5.34099
>> s=-1 MSTModes 0.112688
>> MMp1gridL 0.058477
>> MMp1gridR 0.309789
>> s=0 MSTModes 0.171952
A. Fill 1D grid.
>> s = 2, UP ... 37.397464
>> s = 1, UP ... 8.910404
>> s = 0, UP ... 18.195689
>> s = 2, IN ... 11.656707
>> s = 1, IN ... 1.53627
>> s = 0, IN ... 2.92713
1. Preliminaries.
Calculating B-matrices and Eigenvalues
2. Generate MSTModes
>> Generate s=-2 MSTModes 69.115923
>> Generate s=-1 MSTModes 69.149206
>> Generate hκModes 131.913787
3. Jumps
>> 0.365637
>> 2.317615
>> 4.702287
>> 13.151271
>> 85.548935
>> 53.674624
>> LinearSolve for s1 and κ jumps 0.59509
>> κ and s1 jumps 161.139478
4. Prepare grid and mode functions.
>> s=-2 MSTModes 0.194172
>> MMp2gridL 0.949142
>> MMp2gridR 5.153529
>> s=-1 MSTModes 0.103857
>> MMp1gridL 0.054925
>> MMp1gridR 0.295091
>> s=0 MSTModes 0.167325
A. Fill 1D grid.
>> s = 2, UP ... 35.243617
>> s = 1, UP ... 8.316403
>> s = 0, UP ... 17.190897
>> s = 2, IN ... 11.764347
>> s = 1, IN ... 1.514264
>> s = 0, IN ... 2.882822
1. Preliminaries.
Calculating B-matrices and Eigenvalues
2. Generate MSTModes
>> Generate s=-2 MSTModes 77.192479
>> Generate s=-1 MSTModes 76.677659
>> Generate hκModes 126.946394
3. Jumps
>> 0.33663
>> 1.879924
>> 4.870391
>> 10.867312
>> 73.046053
>> 46.614633
>> LinearSolve for s1 and κ jumps 0.587461
>> κ and s1 jumps 138.926719
4. Prepare grid and mode functions.
>> s=-2 MSTModes 0.189402
>> MMp2gridL 0.912971
>> MMp2gridR 4.999934
>> s=-1 MSTModes 0.101317
>> MMp1gridL 0.054691
>> MMp1gridR 0.284189
>> s=0 MSTModes 0.182225
A. Fill 1D grid.
>> s = 2, UP ... 33.042199
>> s = 1, UP ... 7.927391
>> s = 0, UP ... 16.562911
>> s = 2, IN ... 11.610514
>> s = 1, IN ... 1.477357
>> s = 0, IN ... 2.786047
1. Preliminaries.
Calculating B-matrices and Eigenvalues
2. Generate MSTModes
>> Generate s=-2 MSTModes 86.377387
>> Generate s=-1 MSTModes 83.663687
>> Generate hκModes 122.007545
3. Jumps
>> 0.329751
>> 1.659846
>> 4.637681
>> 9.359769
>> 64.60623
>> 40.590565
>> LinearSolve for s1 and κ jumps 0.851251
>> κ and s1 jumps 122.821758
4. Prepare grid and mode functions.
>> s=-2 MSTModes 0.192473
>> MMp2gridL 0.892155
>> MMp2gridR 4.936658
>> s=-1 MSTModes 0.099827
>> MMp1gridL 0.054437
>> MMp1gridR 0.281195
>> s=0 MSTModes 0.156492
A. Fill 1D grid.
>> s = 2, UP ... 31.59635
>> s = 1, UP ... 7.055944
>> s = 0, UP ... 15.17398
>> s = 2, IN ... 11.333964
>> s = 1, IN ... 1.408828
>> s = 0, IN ... 2.652272
1. Preliminaries.
Calculating B-matrices and Eigenvalues
2. Generate MSTModes
>> Generate s=-2 MSTModes 93.872143
>> Generate s=-1 MSTModes 91.59167
>> Generate hκModes 121.503596
3. Jumps
>> 0.304547
>> 1.521895
>> 5.010925
>> 8.472475
>> 57.48113
>> 34.87033
>> LinearSolve for s1 and κ jumps 0.808542
>> κ and s1 jumps 109.05974
4. Prepare grid and mode functions.
>> s=-2 MSTModes 0.20442
>> MMp2gridL 0.835649
>> MMp2gridR 4.638616
>> s=-1 MSTModes 0.097209
>> MMp1gridL 0.051765
>> MMp1gridR 0.269634
>> s=0 MSTModes 0.149519
A. Fill 1D grid.
>> s = 2, UP ... 29.571072
>> s = 1, UP ... 6.336772
>> s = 0, UP ... 12.971338
>> s = 2, IN ... 10.863298
>> s = 1, IN ... 1.296589
>> s = 0, IN ... 2.49559
1. Preliminaries.
Calculating B-matrices and Eigenvalues
2. Generate MSTModes
>> Generate s=-2 MSTModes 101.815683
>> Generate s=-1 MSTModes 100.017862
>> Generate hκModes 119.830764
3. Jumps
>> 0.301536
>> 1.375328
>> 4.7381
>> 7.161954
>> 49.970878
>> 30.209657
>> LinearSolve for s1 and κ jumps 0.830958
>> κ and s1 jumps 95.120249
4. Prepare grid and mode functions.
>> s=-2 MSTModes 0.192003
>> MMp2gridL 0.812101
>> MMp2gridR 4.443922
>> s=-1 MSTModes 0.092265
>> MMp1gridL 0.050904
>> MMp1gridR 0.258609
>> s=0 MSTModes 0.143328
A. Fill 1D grid.
>> s = 2, UP ... 27.541958
>> s = 1, UP ... 5.881184
>> s = 0, UP ... 11.76742
>> s = 2, IN ... 10.404225
>> s = 1, IN ... 1.254183
>> s = 0, IN ... 2.351286
1. Preliminaries.
Calculating B-matrices and Eigenvalues
2. Generate MSTModes
>> Generate s=-2 MSTModes 105.483767
>> Generate s=-1 MSTModes 105.912917
>> Generate hκModes 119.119929
3. Jumps
>> 0.27457
>> 1.204043
>> 4.335159
>> 6.06657
>> 42.44807
>> 25.330512
>> LinearSolve for s1 and κ jumps 0.430402
>> κ and s1 jumps 80.538932
4. Prepare grid and mode functions.
>> s=-2 MSTModes 0.185839
>> MMp2gridL 0.740805
>> MMp2gridR 4.083522
>> s=-1 MSTModes 0.083296
>> MMp1gridL 0.046295
>> MMp1gridR 0.239904
>> s=0 MSTModes 0.138409
A. Fill 1D grid.
>> s = 2, UP ... 24.87981
>> s = 1, UP ... 5.217689
>> s = 0, UP ... 10.452392
>> s = 2, IN ... 10.11545
>> s = 1, IN ... 1.173872
>> s = 0, IN ... 2.173287
1. Preliminaries.
Calculating B-matrices and Eigenvalues
2. Generate MSTModes
>> Generate s=-2 MSTModes 108.289888
>> Generate s=-1 MSTModes 108.923185
