Task 3 on node723.cluster: a=0.00000000000001 r0=8.0
Job started: a = 1.*^-14, r0 = 8., savepath = /lustre/astro/dyson/DataFiles/KerrCircSourceFiles/h1_radial
Warning: rstarmin is outside the allowed range.
Now we Calculate the Radiative Solutions
1. Preliminaries.
Calculating B-matrices and Eigenvalues
2. Generate MSTModes
>> Generate s=-2 MSTModes 188.271232
>> Generate s=-1 MSTModes 184.810665
>> Generate hκModes 548.60297
3. Jumps
>> 2.678978
>> 28.102233
>> 11.268556
>> 298.815322
>> 1630.458945
>> 1254.582641
>> LinearSolve for s1 and κ jumps 0.009765
>> κ and s1 jumps 3234.734575
4. Prepare grid and mode functions.
>> s=-2 MSTModes 0.423927
>> MMp2gridL 2.0261
>> MMp2gridR 15.153715
>> s=-1 MSTModes 0.164443
>> MMp1gridL 0.085396
>> MMp1gridR 0.55303
>> s=0 MSTModes 0.383787
A. Fill 1D grid.
>> s = 2, UP ... 181.004524
>> s = 1, UP ... 5.34839
>> s = 0, UP ... 51.096541
>> s = 2, IN ... 54.169981

                                                                             -302                          -7
General::munfl: 2.17113620436638421232263542066243143152127847941893840488 10     (0.000023967 - 6.15515 10   I) is too small to represent as a normalized machine number; precision may be lost.

                                                                             -302                           -7
General::munfl: 2.17113620436638421232263542066243143152127847941893840488 10     (0.0000117093 - 2.97688 10   I) is too small to represent as a normalized machine number; precision may be lost.

                                                                             -302            -6             -7
General::munfl: 2.17113620436638421232263542066243143152127847941893840488 10     (5.52886 10   - 1.39285 10   I) is too small to represent as a normalized machine number; precision may be lost.

General::stop: Further output of General::munfl will be suppressed during this calculation.
>> s = 1, IN ... 3.243377
>> s = 0, IN ... 8.525516
1. Preliminaries.
Calculating B-matrices and Eigenvalues
2. Generate MSTModes
>> Generate s=-2 MSTModes 216.92633
>> Generate s=-1 MSTModes 214.996242
>> Generate hκModes 525.023978
3. Jumps
>> 2.453118
>> 27.925491
>> 13.315155
>> 270.110456
>> 1513.785154
>> 1147.956185
>> LinearSolve for s1 and κ jumps 0.336278
>> κ and s1 jumps 2981.956681
4. Prepare grid and mode functions.
>> s=-2 MSTModes 0.437078
>> MMp2gridL 2.045212
>> MMp2gridR 15.173115
>> s=-1 MSTModes 0.247034
>> MMp1gridL 0.118206
>> MMp1gridR 0.848436
>> s=0 MSTModes 0.418026
A. Fill 1D grid.
>> s = 2, UP ... 174.695826
>> s = 1, UP ... 33.26353
>> s = 0, UP ... 67.426368
>> s = 2, IN ... 53.168394
>> s = 1, IN ... 4.721703
>> s = 0, IN ... 9.184431
1. Preliminaries.
Calculating B-matrices and Eigenvalues
2. Generate MSTModes
>> Generate s=-2 MSTModes 242.955389
>> Generate s=-1 MSTModes 240.416801
>> Generate hκModes 524.900564
3. Jumps
>> 2.358522
>> 26.473721
>> 13.215447
>> 252.974602
>> 1410.482759
>> 1067.44858
>> LinearSolve for s1 and κ jumps 0.649747
>> κ and s1 jumps 2779.294706
4. Prepare grid and mode functions.
>> s=-2 MSTModes 0.440497
>> MMp2gridL 1.998438
>> MMp2gridR 14.91411
>> s=-1 MSTModes 0.248275
>> MMp1gridL 0.115475
>> MMp1gridR 0.824168
>> s=0 MSTModes 0.407195
A. Fill 1D grid.
>> s = 2, UP ... 170.932431
>> s = 1, UP ... 32.602707
>> s = 0, UP ... 64.416381
>> s = 2, IN ... 52.468691
>> s = 1, IN ... 4.675509
>> s = 0, IN ... 8.978662
1. Preliminaries.
Calculating B-matrices and Eigenvalues
2. Generate MSTModes
>> Generate s=-2 MSTModes 267.440953
>> Generate s=-1 MSTModes 264.985384
>> Generate hκModes 530.774186
3. Jumps
>> 2.286041
>> 25.085738
>> 13.446515
>> 234.492715
>> 1270.452648
>> 948.581552
>> LinearSolve for s1 and κ jumps 0.893263
>> κ and s1 jumps 2500.6416
4. Prepare grid and mode functions.
>> s=-2 MSTModes 0.428363
>> MMp2gridL 1.94215
>> MMp2gridR 14.243691
>> s=-1 MSTModes 0.241397
>> MMp1gridL 0.112861
>> MMp1gridR 0.801763
>> s=0 MSTModes 0.399768
A. Fill 1D grid.
>> s = 2, UP ... 164.550697
>> s = 1, UP ... 30.824307
>> s = 0, UP ... 65.296599
>> s = 2, IN ... 52.237931
>> s = 1, IN ... 4.529009
>> s = 0, IN ... 8.713319
1. Preliminaries.
Calculating B-matrices and Eigenvalues
2. Generate MSTModes
>> Generate s=-2 MSTModes 290.853366
>> Generate s=-1 MSTModes 289.195843
>> Generate hκModes 535.302794
3. Jumps
>> 2.219028
>> 23.493222
>> 13.982686
>> 214.145498
>> 1208.160853
>> 904.219529
>> LinearSolve for s1 and κ jumps 0.710295
>> κ and s1 jumps 2372.044632
4. Prepare grid and mode functions.
>> s=-2 MSTModes 0.430435
>> MMp2gridL 1.923328
>> MMp2gridR 14.189283
>> s=-1 MSTModes 0.238596
>> MMp1gridL 0.110763
>> MMp1gridR 0.790336
>> s=0 MSTModes 0.394082
A. Fill 1D grid.
>> s = 2, UP ... 160.362033
>> s = 1, UP ... 30.465659
>> s = 0, UP ... 62.548024
>> s = 2, IN ... 51.879911
>> s = 1, IN ... 4.492933
>> s = 0, IN ... 8.518229
1. Preliminaries.
Calculating B-matrices and Eigenvalues
2. Generate MSTModes
>> Generate s=-2 MSTModes 320.170867
>> Generate s=-1 MSTModes 318.707124
>> Generate hκModes 541.777117
3. Jumps
>> 2.088247
>> 21.736591
>> 13.820643
>> 199.087921
>> 1128.727749
>> 843.147681
>> LinearSolve for s1 and κ jumps 0.685123
>> κ and s1 jumps 2214.075555
4. Prepare grid and mode functions.
>> s=-2 MSTModes 0.421955
>> MMp2gridL 1.880754
>> MMp2gridR 13.916655
>> s=-1 MSTModes 0.238387
>> MMp1gridL 0.110601
>> MMp1gridR 0.782077
>> s=0 MSTModes 0.390321
A. Fill 1D grid.
>> s = 2, UP ... 155.622888
>> s = 1, UP ... 29.259059
>> s = 0, UP ... 60.430267
>> s = 2, IN ... 51.422316
>> s = 1, IN ... 4.399219
>> s = 0, IN ... 8.317883
1. Preliminaries.
Calculating B-matrices and Eigenvalues
2. Generate MSTModes
>> Generate s=-2 MSTModes 355.117348
>> Generate s=-1 MSTModes 353.17573
>> Generate hκModes 550.224122
3. Jumps
>> 1.972696
>> 20.436333
>> 13.858464
>> 182.629681
>> 1038.843645
>> 773.042795
>> LinearSolve for s1 and κ jumps 0.682509
>> κ and s1 jumps 2035.953572
4. Prepare grid and mode functions.
>> s=-2 MSTModes 0.414251
>> MMp2gridL 1.896453
>> MMp2gridR 13.790972
>> s=-1 MSTModes 0.233252
>> MMp1gridL 0.107995
>> MMp1gridR 0.764096
>> s=0 MSTModes 0.385106
A. Fill 1D grid.
>> s = 2, UP ... 151.059078
>> s = 1, UP ... 27.889366
>> s = 0, UP ... 57.864231
>> s = 2, IN ... 51.000017
>> s = 1, IN ... 4.294308
>> s = 0, IN ... 8.139574
1. Preliminaries.
Calculating B-matrices and Eigenvalues
2. Generate MSTModes
>> Generate s=-2 MSTModes 389.567198
>> Generate s=-1 MSTModes 385.243978
>> Generate hκModes 555.375108
3. Jumps
>> 1.879475
>> 19.90278
>> 14.041488
>> 169.251638
>> 970.803906
>> 711.908768
>> LinearSolve for s1 and κ jumps 0.640256
>> κ and s1 jumps 1892.748828
4. Prepare grid and mode functions.
>> s=-2 MSTModes 0.408315
>> MMp2gridL 1.866393
>> MMp2gridR 13.325063
>> s=-1 MSTModes 0.226727
>> MMp1gridL 0.105369
>> MMp1gridR 0.74799
>> s=0 MSTModes 0.375166
A. Fill 1D grid.
>> s = 2, UP ... 146.155463
>> s = 1, UP ... 26.256648
>> s = 0, UP ... 54.433843
>> s = 2, IN ... 50.966744
>> s = 1, IN ... 4.212693
>> s = 0, IN ... 7.907396
1. Preliminaries.
Calculating B-matrices and Eigenvalues
2. Generate MSTModes
>> Generate s=-2 MSTModes 421.019705
>> Generate s=-1 MSTModes 413.401961
>> Generate hκModes 562.534327
3. Jumps
>> 1.825986
>> 18.067263
>> 13.754935
>> 157.31807
>> 890.167765
>> 657.662072
>> LinearSolve for s1 and κ jumps 0.795864
>> κ and s1 jumps 1743.566378
4. Prepare grid and mode functions.
>> s=-2 MSTModes 0.398719
>> MMp2gridL 1.835424
>> MMp2gridR 13.159256
>> s=-1 MSTModes 0.223135
>> MMp1gridL 0.104106
>> MMp1gridR 0.736869
>> s=0 MSTModes 0.365238
A. Fill 1D grid.
>> s = 2, UP ... 141.132132
>> s = 1, UP ... 25.420917
>> s = 0, UP ... 52.574163
>> s = 2, IN ... 50.873514
>> s = 1, IN ... 4.162192
>> s = 0, IN ... 7.806196
1. Preliminaries.
Calculating B-matrices and Eigenvalues
2. Generate MSTModes
>> Generate s=-2 MSTModes 451.131151
>> Generate s=-1 MSTModes 448.068771
>> Generate hκModes 571.096012
3. Jumps
>> 1.74152
>> 16.824436
>> 13.563065
>> 143.173614
>> 816.564364
>> 598.249773
>> LinearSolve for s1 and κ jumps 0.577784
>> κ and s1 jumps 1594.37243
4. Prepare grid and mode functions.
>> s=-2 MSTModes 0.392789
>> MMp2gridL 1.793503
>> MMp2gridR 13.127267
>> s=-1 MSTModes 0.221173
>> MMp1gridL 0.103529
>> MMp1gridR 0.75388
>> s=0 MSTModes 0.359714
A. Fill 1D grid.
>> s = 2, UP ... 137.525219
>> s = 1, UP ... 24.449107
>> s = 0, UP ... 51.014418
>> s = 2, IN ... 50.224431
>> s = 1, IN ... 4.010942
>> s = 0, IN ... 7.626453
1. Preliminaries.
Calculating B-matrices and Eigenvalues
2. Generate MSTModes
>> Generate s=-2 MSTModes 492.067723
>> Generate s=-1 MSTModes 488.422187
>> Generate hκModes 577.110151
3. Jumps
>> 1.733067
>> 15.761966
>> 13.520708
>> 128.765652
>> 762.829293
>> 941.482159
>> LinearSolve for s1 and κ jumps 0.261432
>> κ and s1 jumps 1867.889858
4. Prepare grid and mode functions.
>> s=-2 MSTModes 0.385276
>> MMp2gridL 1.740687
>> MMp2gridR 12.857617
>> s=-1 MSTModes 0.21934
>> MMp1gridL 0.101
>> MMp1gridR 0.715531
>> s=0 MSTModes 0.358116
A. Fill 1D grid.
