Task 13 on node704.cluster: a=0.99 r0=8.0
Job started: a = 0.99, r0 = 8., savepath = /lustre/astro/dyson/DataFiles/KerrCircSourceFiles/h1RadialAsymp
Warning: rstarmin is outside the allowed range.
Now we Calculate the Radiative Solutions
1. Preliminaries.
Calculating B-matrices and Eigenvalues
2. Generate MSTModes
>> Generate s=-2 MSTModes 86.970662
>> Generate s=-1 MSTModes 87.173825
>> Generate hκModes 230.077185
3. Jumps
>> 0.862882
>> 6.053568
>> 6.928845
>> 10.591164
>> 123.728203
>> 45.916376
>> LinearSolve for s1 and κ jumps 0.007922
>> κ and s1 jumps 196.025298
4. Prepare grid and mode functions.
>> s=-2 MSTModes 0.283757
>> MMp2gridL 0.363854
>> MMp2gridR 8.954748
>> s=-1 MSTModes 0.089537
>> MMp1gridL 0.018835
>> MMp1gridR 0.321383
>> s=0 MSTModes 0.204308
A. Fill 1D grid.
>> s = 2, UP ... 63.098953
>> s = 1, UP ... 2.22132
>> s = 0, UP ... 14.07913
>> s = 2, IN ... 5.028024
>> s = 1, IN ... 0.506939
>> s = 0, IN ... 0.795963
1. Preliminaries.
Calculating B-matrices and Eigenvalues
2. Generate MSTModes
>> Generate s=-2 MSTModes 99.209604
>> Generate s=-1 MSTModes 95.981291
>> Generate hκModes 226.57303
3. Jumps
>> 0.790685
>> 6.15256
>> 8.509633
>> 9.606613
>> 117.685628
>> 40.2185
>> LinearSolve for s1 and κ jumps 0.617867
>> κ and s1 jumps 184.963718
4. Prepare grid and mode functions.
>> s=-2 MSTModes 0.248322
>> MMp2gridL 0.369322
>> MMp2gridR 8.954951
>> s=-1 MSTModes 0.143019
>> MMp1gridL 0.022177
>> MMp1gridR 0.53926
>> s=0 MSTModes 0.231452
A. Fill 1D grid.
>> s = 2, UP ... 61.430962
>> s = 1, UP ... 13.402846
>> s = 0, UP ... 18.787161
>> s = 2, IN ... 5.002075
>> s = 1, IN ... 0.584596
>> s = 0, IN ... 0.827765
1. Preliminaries.
Calculating B-matrices and Eigenvalues
2. Generate MSTModes
>> Generate s=-2 MSTModes 110.434022
>> Generate s=-1 MSTModes 107.343952
>> Generate hκModes 229.294926
3. Jumps
>> 0.762744
>> 5.487072
>> 8.349958
>> 31.487854
>> 202.017716
>> 131.134409
>> LinearSolve for s1 and κ jumps 0.542909
>> κ and s1 jumps 381.264673
4. Prepare grid and mode functions.
>> s=-2 MSTModes 0.244405
>> MMp2gridL 0.359074
>> MMp2gridR 8.77353
>> s=-1 MSTModes 0.142216
>> MMp1gridL 0.021327
>> MMp1gridR 0.521795
>> s=0 MSTModes 0.226439
A. Fill 1D grid.
>> s = 2, UP ... 58.615638
>> s = 1, UP ... 12.752506
>> s = 0, UP ... 25.486898
>> s = 2, IN ... 4.97464
>> s = 1, IN ... 0.576119
>> s = 0, IN ... 0.910351
1. Preliminaries.
Calculating B-matrices and Eigenvalues
2. Generate MSTModes
>> Generate s=-2 MSTModes 124.058963
>> Generate s=-1 MSTModes 119.791303
>> Generate hκModes 223.314417
3. Jumps
>> 0.719754
>> 5.054295
>> 8.360167
>> 28.061564
>> 182.958795
>> 118.502856
>> LinearSolve for s1 and κ jumps 0.469163
>> κ and s1 jumps 345.469442
4. Prepare grid and mode functions.
>> s=-2 MSTModes 0.261274
>> MMp2gridL 0.344486
>> MMp2gridR 8.492824
>> s=-1 MSTModes 0.139494
>> MMp1gridL 0.020851
>> MMp1gridR 0.510543
>> s=0 MSTModes 0.22255
A. Fill 1D grid.
>> s = 2, UP ... 55.788865
>> s = 1, UP ... 12.007412
>> s = 0, UP ... 23.928163
>> s = 2, IN ... 4.956265
>> s = 1, IN ... 0.568886
>> s = 0, IN ... 0.891979
1. Preliminaries.
Calculating B-matrices and Eigenvalues
2. Generate MSTModes
>> Generate s=-2 MSTModes 136.000735
>> Generate s=-1 MSTModes 130.742961
>> Generate hκModes 224.829103
3. Jumps
>> 0.686524
>> 4.409329
>> 7.991175
>> 23.958217
>> 157.020565
>> 100.623596
>> LinearSolve for s1 and κ jumps 0.814331
>> κ and s1 jumps 296.694118
4. Prepare grid and mode functions.
>> s=-2 MSTModes 0.232597
>> MMp2gridL 0.335942
>> MMp2gridR 8.157851
>> s=-1 MSTModes 0.132723
>> MMp1gridL 0.020354
>> MMp1gridR 0.488666
>> s=0 MSTModes 0.210963
A. Fill 1D grid.
>> s = 2, UP ... 52.760943
>> s = 1, UP ... 11.008051
>> s = 0, UP ... 22.563681
>> s = 2, IN ... 4.926003
>> s = 1, IN ... 0.555113
>> s = 0, IN ... 0.869369
1. Preliminaries.
Calculating B-matrices and Eigenvalues
2. Generate MSTModes
>> Generate s=-2 MSTModes 145.124332
>> Generate s=-1 MSTModes 140.830802
>> Generate hκModes 228.979
3. Jumps
>> 0.667482
>> 4.000964
>> 8.142225
>> 20.852175
>> 135.020826
>> 84.526264
>> LinearSolve for s1 and κ jumps 0.655161
>> κ and s1 jumps 254.949591
4. Prepare grid and mode functions.
>> s=-2 MSTModes 0.223892
>> MMp2gridL 0.315342
>> MMp2gridR 7.682169
>> s=-1 MSTModes 0.128216
>> MMp1gridL 0.019206
>> MMp1gridR 0.467194
>> s=0 MSTModes 0.205207
A. Fill 1D grid.
>> s = 2, UP ... 49.678499
>> s = 1, UP ... 10.477783
>> s = 0, UP ... 21.297165
>> s = 2, IN ... 4.884218
>> s = 1, IN ... 0.5436
>> s = 0, IN ... 0.860682
1. Preliminaries.
Calculating B-matrices and Eigenvalues
2. Generate MSTModes
>> Generate s=-2 MSTModes 161.158722
>> Generate s=-1 MSTModes 156.182085
>> Generate hκModes 232.32467
3. Jumps
>> 0.627232
>> 3.699481
>> 7.767938
>> 18.126827
>> 121.485259
>> 74.660112
>> LinearSolve for s1 and κ jumps 0.660916
>> κ and s1 jumps 227.999048
4. Prepare grid and mode functions.
>> s=-2 MSTModes 0.21926
>> MMp2gridL 0.307407
>> MMp2gridR 7.471241
>> s=-1 MSTModes 0.126152
>> MMp1gridL 0.018688
>> MMp1gridR 0.455572
>> s=0 MSTModes 0.198405
A. Fill 1D grid.
>> s = 2, UP ... 47.148789
>> s = 1, UP ... 9.73156
>> s = 0, UP ... 20.03337
>> s = 2, IN ... 4.871336
>> s = 1, IN ... 0.537986
>> s = 0, IN ... 0.840026
1. Preliminaries.
Calculating B-matrices and Eigenvalues
2. Generate MSTModes
>> Generate s=-2 MSTModes 174.191243
>> Generate s=-1 MSTModes 166.935354
>> Generate hκModes 232.297661
3. Jumps
>> 0.595889
>> 3.18233
>> 7.416669
>> 15.659683
>> 105.384323
>> 64.618492
>> LinearSolve for s1 and κ jumps 0.460738
>> κ and s1 jumps 198.220965
4. Prepare grid and mode functions.
>> s=-2 MSTModes 0.209418
>> MMp2gridL 0.290577
>> MMp2gridR 7.20402
>> s=-1 MSTModes 0.121049
>> MMp1gridL 0.018172
>> MMp1gridR 0.439205
>> s=0 MSTModes 0.19035
A. Fill 1D grid.
>> s = 2, UP ... 44.312429
>> s = 1, UP ... 9.134825
>> s = 0, UP ... 18.597073
>> s = 2, IN ... 4.842662
>> s = 1, IN ... 0.522426
>> s = 0, IN ... 0.825013
1. Preliminaries.
Calculating B-matrices and Eigenvalues
2. Generate MSTModes
>> Generate s=-2 MSTModes 184.476714
>> Generate s=-1 MSTModes 178.652856
>> Generate hκModes 234.398462
3. Jumps
>> 0.581653
>> 2.858845
>> 7.129976
>> 13.467074
>> 91.576741
>> 55.171413
>> LinearSolve for s1 and κ jumps 0.033095
>> κ and s1 jumps 171.614527
4. Prepare grid and mode functions.
>> s=-2 MSTModes 0.236417
>> MMp2gridL 0.283909
>> MMp2gridR 6.850059
>> s=-1 MSTModes 0.119255
>> MMp1gridL 0.0173
>> MMp1gridR 0.423106
>> s=0 MSTModes 0.185073
A. Fill 1D grid.
>> s = 2, UP ... 41.907151
>> s = 1, UP ... 8.540403
>> s = 0, UP ... 17.274028
>> s = 2, IN ... 4.850557
>> s = 1, IN ... 0.515938
>> s = 0, IN ... 0.812268
1. Preliminaries.
Calculating B-matrices and Eigenvalues
2. Generate MSTModes
>> Generate s=-2 MSTModes 196.624097
>> Generate s=-1 MSTModes 189.249571
>> Generate hκModes 233.708369
3. Jumps
>> 0.548166
>> 2.549766
>> 6.842257
>> 11.247857
>> 77.823063
>> 45.680265
>> LinearSolve for s1 and κ jumps 0.032254
>> κ and s1 jumps 145.438538
4. Prepare grid and mode functions.
>> s=-2 MSTModes 0.229903
>> MMp2gridL 0.268496
>> MMp2gridR 6.537047
>> s=-1 MSTModes 0.11387
>> MMp1gridL 0.016642
>> MMp1gridR 0.410929
>> s=0 MSTModes 0.177682
A. Fill 1D grid.
>> s = 2, UP ... 39.547919
>> s = 1, UP ... 8.037947
>> s = 0, UP ... 16.205982
>> s = 2, IN ... 4.823678
>> s = 1, IN ... 0.503594
>> s = 0, IN ... 0.791045
1. Preliminaries.
Calculating B-matrices and Eigenvalues
2. Generate MSTModes
>> Generate s=-2 MSTModes 206.615907
>> Generate s=-1 MSTModes 199.824482
>> Generate hκModes 234.691606
3. Jumps
>> 0.52271
>> 2.219226
>> 6.565823
>> 9.386192
>> 66.571013
>> 38.410464
>> LinearSolve for s1 and κ jumps 0.029663
>> κ and s1 jumps 124.337183
4. Prepare grid and mode functions.
>> s=-2 MSTModes 0.225181
>> MMp2gridL 0.261925
>> MMp2gridR 6.234761
>> s=-1 MSTModes 0.110798
>> MMp1gridL 0.015859
>> MMp1gridR 0.398364
>> s=0 MSTModes 0.172326
A. Fill 1D grid.
>> s = 2, UP ... 37.406818
>> s = 1, UP ... 7.651966
>> s = 0, UP ... 15.313081
>> s = 2, IN ... 4.755065
>> s = 1, IN ... 0.496322
>> s = 0, IN ... 0.772179
1. Preliminaries.
Calculating B-matrices and Eigenvalues
2. Generate MSTModes
>> Generate s=-2 MSTModes 216.266603
>> Generate s=-1 MSTModes 208.645566
>> Generate hκModes 232.203468
3. Jumps
>> 0.497418
>> 1.960925
>> 6.280859
>> 7.92667
>> 56.717722
>> 32.20493
>> LinearSolve for s1 and κ jumps 0.028898
>> κ and s1 jumps 106.185706
4. Prepare grid and mode functions.
>> s=-2 MSTModes 0.219451
>> MMp2gridL 0.245679
>> MMp2gridR 5.948181
>> s=-1 MSTModes 0.103796
>> MMp1gridL 0.014907
>> MMp1gridR 0.374189
>> s=0 MSTModes 0.165069
A. Fill 1D grid.
>> s = 2, UP ... 35.246188
>> s = 1, UP ... 7.101186
>> s = 0, UP ... 14.34426
>> s = 2, IN ... 4.723015
>> s = 1, IN ... 0.479687
>> s = 0, IN ... 0.758491
1. Preliminaries.
Calculating B-matrices and Eigenvalues
2. Generate MSTModes
>> Generate s=-2 MSTModes 223.808843
>> Generate s=-1 MSTModes 216.385706
>> Generate hκModes 377.115517
3. Jumps
>> 0.475607
>> 1.674383
>> 6.027742
>> 6.582354
>> 48.079114
>> 26.670573
>> LinearSolve for s1 and κ jumps 0.026098
>> κ and s1 jumps 90.035347
4. Prepare grid and mode functions.
>> s=-2 MSTModes 0.214373
>> MMp2gridL 0.236659
>> MMp2gridR 5.66738
>> s=-1 MSTModes 0.10088
>> MMp1gridL 0.014276
>> MMp1gridR 0.359648
>> s=0 MSTModes 0.157446
A. Fill 1D grid.
>> s = 2, UP ... 33.194044
>> s = 1, UP ... 6.690436
>> s = 0, UP ... 13.193294
>> s = 2, IN ... 4.685649
>> s = 1, IN ... 0.475329
>> s = 0, IN ... 0.741775
1. Preliminaries.
Calculating B-matrices and Eigenvalues
2. Generate MSTModes
>> Generate s=-2 MSTModes 253.421917
>> Generate s=-1 MSTModes 244.278914
>> Generate hκModes 444.104158
3. Jumps
>> 0.460299
>> 1.491216
>> 5.669933
>> 5.36275
>> 40.217893
>> 21.594372
>> LinearSolve for s1 and κ jumps 0.035816
>> κ and s1 jumps 75.274596
4. Prepare grid and mode functions.
>> s=-2 MSTModes 0.207398
>> MMp2gridL 0.217278
>> MMp2gridR 5.408245
>> s=-1 MSTModes 0.097079
>> MMp1gridL 0.013453
>> MMp1gridR 0.343784
>> s=0 MSTModes 0.153979
A. Fill 1D grid.
>> s = 2, UP ... 31.739384
>> s = 1, UP ... 6.3443
>> s = 0, UP ... 12.353446
>> s = 2, IN ... 4.674859
>> s = 1, IN ... 0.462775
>> s = 0, IN ... 0.730359
1. Preliminaries.
Calculating B-matrices and Eigenvalues
2. Generate MSTModes
>> Generate s=-2 MSTModes 277.664323
>> Generate s=-1 MSTModes 270.63433
>> Generate hκModes 460.63088
3. Jumps
>> 0.446369
>> 1.326781
>> 5.329259
>> 4.490027
>> 34.842891
>> 18.236548
>> LinearSolve for s1 and κ jumps 0.029158
>> κ and s1 jumps 65.098693
4. Prepare grid and mode functions.
>> s=-2 MSTModes 0.207045
>> MMp2gridL 0.212067
>> MMp2gridR 5.131641
>> s=-1 MSTModes 0.094499
>> MMp1gridL 0.01326
>> MMp1gridR 0.331542
>> s=0 MSTModes 0.157144
A. Fill 1D grid.
>> s = 2, UP ... 31.189959
>> s = 1, UP ... 6.295376
>> s = 0, UP ... 11.910285
>> s = 2, IN ... 4.655831
>> s = 1, IN ... 0.459044
>> s = 0, IN ... 0.718339
1. Preliminaries.
Calculating B-matrices and Eigenvalues
2. Generate MSTModes
>> Generate s=-2 MSTModes 303.341517
>> Generate s=-1 MSTModes 295.436257
>> Generate hκModes 468.835435
3. Jumps
>> 0.427695
>> 1.120347
>> 5.022702
>> 3.62111
>> 28.501611
>> 14.572339
>> LinearSolve for s1 and κ jumps 0.02166
>> κ and s1 jumps 53.638321
4. Prepare grid and mode functions.
>> s=-2 MSTModes 0.200285
>> MMp2gridL 0.1955
>> MMp2gridR 4.864941
>> s=-1 MSTModes 0.090663
>> MMp1gridL 0.011992
>> MMp1gridR 0.317647
>> s=0 MSTModes 0.160835
A. Fill 1D grid.
>> s = 2, UP ... 29.353998
>> s = 1, UP ... 5.737173
>> s = 0, UP ... 11.128184
>> s = 2, IN ... 4.593668
>> s = 1, IN ... 0.445159
>> s = 0, IN ... 0.759227
1. Preliminaries.
Calculating B-matrices and Eigenvalues
2. Generate MSTModes
>> Generate s=-2 MSTModes 335.727029
>> Generate s=-1 MSTModes 327.18501
>> Generate hκModes 465.769283
3. Jumps
>> 0.41459
>> 0.961288
>> 4.771659
>> 2.880247
>> 23.24521
>> 11.52436
>> LinearSolve for s1 and κ jumps 0.025089
>> κ and s1 jumps 44.127822
4. Prepare grid and mode functions.
>> s=-2 MSTModes 0.195436
>> MMp2gridL 0.18678
>> MMp2gridR 4.635937
>> s=-1 MSTModes 0.086504
>> MMp1gridL 0.011589
>> MMp1gridR 0.301118
>> s=0 MSTModes 0.153687
A. Fill 1D grid.
>> s = 2, UP ... 27.749277
>> s = 1, UP ... 5.393235
>> s = 0, UP ... 10.329808
>> s = 2, IN ... 4.646705
>> s = 1, IN ... 0.43677
>> s = 0, IN ... 0.694809
1. Preliminaries.
Calculating B-matrices and Eigenvalues
2. Generate MSTModes
>> Generate s=-2 MSTModes 363.163085
>> Generate s=-1 MSTModes 353.465607
>> Generate hκModes 457.61059
3. Jumps
>> 0.401098
>> 0.827531
>> 4.323366
>> 2.308748
>> 18.91475
>> 8.975838
>> LinearSolve for s1 and κ jumps 0.041715
>> κ and s1 jumps 36.060967
4. Prepare grid and mode functions.
>> s=-2 MSTModes 0.186561
>> MMp2gridL 0.168484
>> MMp2gridR 4.340498
>> s=-1 MSTModes 0.079919
>> MMp1gridL 0.010569
>> MMp1gridR 0.280385
>> s=0 MSTModes 0.146166
A. Fill 1D grid.
>> s = 2, UP ... 26.064053
>> s = 1, UP ... 4.982597
>> s = 0, UP ... 9.704294
>> s = 2, IN ... 4.570768
>> s = 1, IN ... 0.427301
>> s = 0, IN ... 0.685029
1. Preliminaries.
Calculating B-matrices and Eigenvalues
2. Generate MSTModes
>> Generate s=-2 MSTModes 382.926152
>> Generate s=-1 MSTModes 377.968347
>> Generate hκModes 447.303719
3. Jumps
>> 0.437985
>> 0.7117
>> 4.10637
>> 1.73442
>> 14.61379
>> 6.694456
>> LinearSolve for s1 and κ jumps 0.019431
>> κ and s1 jumps 28.544282
4. Prepare grid and mode functions.
>> s=-2 MSTModes 0.17998
>> MMp2gridL 0.159795
>> MMp2gridR 4.151789
>> s=-1 MSTModes 0.074296
>> MMp1gridL 0.010116
>> MMp1gridR 0.258043
>> s=0 MSTModes 0.135897
A. Fill 1D grid.
>> s = 2, UP ... 24.037976
>> s = 1, UP ... 4.721329
>> s = 0, UP ... 8.727725
>> s = 2, IN ... 4.551813
>> s = 1, IN ... 0.424685
>> s = 0, IN ... 0.672957
1. Preliminaries.
Calculating B-matrices and Eigenvalues
2. Generate MSTModes
>> Generate s=-2 MSTModes 401.475044
>> Generate s=-1 MSTModes 395.51325
>> Generate hκModes 430.364299
3. Jumps
>> 0.367211
>> 0.584562
>> 3.733612
>> 1.366042
>> 11.557799
>> 5.05883
>> LinearSolve for s1 and κ jumps 0.059393
>> κ and s1 jumps 22.915404
4. Prepare grid and mode functions.
>> s=-2 MSTModes 0.12591
>> MMp2gridL 0.146768
>> MMp2gridR 3.702712
>> s=-1 MSTModes 0.068994
>> MMp1gridL 0.009082
>> MMp1gridR 0.238578
>> s=0 MSTModes 0.126159
A. Fill 1D grid.
>> s = 2, UP ... 22.472415
>> s = 1, UP ... 4.237643
>> s = 0, UP ... 8.009685
>> s = 2, IN ... 4.565335
>> s = 1, IN ... 0.412217
>> s = 0, IN ... 0.664983
1. Preliminaries.
Calculating B-matrices and Eigenvalues
2. Generate MSTModes
>> Generate s=-2 MSTModes 409.687092
>> Generate s=-1 MSTModes 406.109261
>> Generate hκModes 414.053148
3. Jumps
>> 0.354808
>> 0.48869
>> 3.43183
>> 1.043755
>> 8.649424
>> 3.641457
>> LinearSolve for s1 and κ jumps 0.011802
>> κ and s1 jumps 17.776663
4. Prepare grid and mode functions.
>> s=-2 MSTModes 0.116502
>> MMp2gridL 0.13417
>> MMp2gridR 3.38434
>> s=-1 MSTModes 0.063481
>> MMp1gridL 0.008612
>> MMp1gridR 0.218863
>> s=0 MSTModes 0.118058
A. Fill 1D grid.
>> s = 2, UP ... 20.786501
>> s = 1, UP ... 3.811922
>> s = 0, UP ... 7.376808
>> s = 2, IN ... 4.518352
>> s = 1, IN ... 0.406253
>> s = 0, IN ... 0.650013
1. Preliminaries.
Calculating B-matrices and Eigenvalues
2. Generate MSTModes
>> Generate s=-2 MSTModes 408.359846
>> Generate s=-1 MSTModes 405.502157
>> Generate hκModes 382.775487
3. Jumps
>> 0.344387
>> 0.417771
>> 3.094556
>> 0.791818
>> 6.401415
>> 2.587252
>> LinearSolve for s1 and κ jumps 0.010007
>> κ and s1 jumps 13.776877
4. Prepare grid and mode functions.
>> s=-2 MSTModes 0.104713
>> MMp2gridL 0.118759
>> MMp2gridR 3.086803
>> s=-1 MSTModes 0.05585
>> MMp1gridL 0.007723
>> MMp1gridR 0.191101
>> s=0 MSTModes 0.100429
A. Fill 1D grid.
>> s = 2, UP ... 18.927545
>> s = 1, UP ... 3.404573
>> s = 0, UP ... 6.353663
>> s = 2, IN ... 4.503725
>> s = 1, IN ... 0.513591
>> s = 0, IN ... 0.642416
1. Preliminaries.
Calculating B-matrices and Eigenvalues
2. Generate MSTModes
>> Generate s=-2 MSTModes 399.313876
>> Generate s=-1 MSTModes 390.646475
>> Generate hκModes 357.792278
3. Jumps
>> 0.334102
>> 0.350551
>> 2.771988
>> 0.590039
>> 4.6106
>> 1.768756
>> LinearSolve for s1 and κ jumps 0.008436
>> κ and s1 jumps 10.53855
4. Prepare grid and mode functions.
>> s=-2 MSTModes 0.096725
>> MMp2gridL 0.109423
>> MMp2gridR 2.737896
>> s=-1 MSTModes 0.052439
>> MMp1gridL 0.007079
>> MMp1gridR 0.176051
>> s=0 MSTModes 0.092903
A. Fill 1D grid.
>> s = 2, UP ... 17.194023
>> s = 1, UP ... 3.050059
>> s = 0, UP ... 5.603913
>> s = 2, IN ... 4.45428
>> s = 1, IN ... 0.389441
>> s = 0, IN ... 0.6252
1. Preliminaries.
Calculating B-matrices and Eigenvalues
2. Generate MSTModes
>> Generate s=-2 MSTModes 364.210418
>> Generate s=-1 MSTModes 362.417547
>> Generate hκModes 326.967422
3. Jumps
>> 0.324117
>> 0.30199
>> 2.38616
>> 0.440105
>> 3.24286
>> 1.166547
>> LinearSolve for s1 and κ jumps 0.007778
>> κ and s1 jumps 7.958874
4. Prepare grid and mode functions.
>> s=-2 MSTModes 0.087009
>> MMp2gridL 0.092467
>> MMp2gridR 2.463818
>> s=-1 MSTModes 0.046212
>> MMp1gridL 0.006085
>> MMp1gridR 0.157531
>> s=0 MSTModes 0.084975
A. Fill 1D grid.
>> s = 2, UP ... 15.866821
>> s = 1, UP ... 2.977333
>> s = 0, UP ... 5.038488
>> s = 2, IN ... 4.517145
>> s = 1, IN ... 0.384688
>> s = 0, IN ... 0.620575
1. Preliminaries.
Calculating B-matrices and Eigenvalues
2. Generate MSTModes
>> Generate s=-2 MSTModes 320.794555
>> Generate s=-1 MSTModes 321.744992
