Task 14 on node704.cluster: a=0.99 r0=8.1
Job started: a = 0.99, r0 = 8.1, savepath = /lustre/astro/dyson/DataFiles/KerrCircSourceFiles/h1RadialAsymp
Warning: rstarmin is outside the allowed range.
Now we Calculate the Radiative Solutions
1. Preliminaries.
Calculating B-matrices and Eigenvalues
2. Generate MSTModes
>> Generate s=-2 MSTModes 86.813383
>> Generate s=-1 MSTModes 87.562156
>> Generate hκModes 229.232266
3. Jumps
>> 0.862053
>> 5.964146
>> 6.95237
>> 10.538085
>> 121.763183
>> 45.837874
>> LinearSolve for s1 and κ jumps 0.00789
>> κ and s1 jumps 193.864662
4. Prepare grid and mode functions.
>> s=-2 MSTModes 0.280874
>> MMp2gridL 0.362612
>> MMp2gridR 8.947302
>> s=-1 MSTModes 0.089389
>> MMp1gridL 0.018756
>> MMp1gridR 0.318424
>> s=0 MSTModes 0.205143
A. Fill 1D grid.
>> s = 2, UP ... 62.881271
>> s = 1, UP ... 2.215266
>> s = 0, UP ... 14.179713
>> s = 2, IN ... 5.060299
>> s = 1, IN ... 0.517522
>> s = 0, IN ... 0.806122
1. Preliminaries.
Calculating B-matrices and Eigenvalues
2. Generate MSTModes
>> Generate s=-2 MSTModes 98.751409
>> Generate s=-1 MSTModes 95.79471
>> Generate hκModes 226.751318
3. Jumps
>> 0.79436
>> 6.147775
>> 7.994922
>> 9.752152
>> 121.887479
>> 42.604855
>> LinearSolve for s1 and κ jumps 0.777745
>> κ and s1 jumps 191.360936
4. Prepare grid and mode functions.
>> s=-2 MSTModes 0.251266
>> MMp2gridL 0.364744
>> MMp2gridR 9.046988
>> s=-1 MSTModes 0.143546
>> MMp1gridL 0.02169
>> MMp1gridR 0.533905
>> s=0 MSTModes 0.234548
A. Fill 1D grid.
>> s = 2, UP ... 61.531304
>> s = 1, UP ... 13.391292
>> s = 0, UP ... 19.017039
>> s = 2, IN ... 4.998027
>> s = 1, IN ... 0.587345
>> s = 0, IN ... 0.827593
1. Preliminaries.
Calculating B-matrices and Eigenvalues
2. Generate MSTModes
>> Generate s=-2 MSTModes 111.350334
>> Generate s=-1 MSTModes 108.177496
>> Generate hκModes 228.842174
3. Jumps
>> 0.76296
>> 5.502001
>> 8.500425
>> 31.182647
>> 201.403559
>> 130.998204
>> LinearSolve for s1 and κ jumps 0.559289
>> κ and s1 jumps 380.385488
4. Prepare grid and mode functions.
>> s=-2 MSTModes 0.248026
>> MMp2gridL 0.356303
>> MMp2gridR 8.74011
>> s=-1 MSTModes 0.147126
>> MMp1gridL 0.021755
>> MMp1gridR 0.52534
>> s=0 MSTModes 0.22868
A. Fill 1D grid.
>> s = 2, UP ... 58.587836
>> s = 1, UP ... 12.780376
>> s = 0, UP ... 25.620753
>> s = 2, IN ... 5.021136
>> s = 1, IN ... 0.58549
>> s = 0, IN ... 0.913929
1. Preliminaries.
Calculating B-matrices and Eigenvalues
2. Generate MSTModes
>> Generate s=-2 MSTModes 126.001205
>> Generate s=-1 MSTModes 121.040999
>> Generate hκModes 223.081083
3. Jumps
>> 0.720704
>> 4.940233
>> 8.32285
>> 27.87112
>> 181.389501
>> 116.657441
>> LinearSolve for s1 and κ jumps 0.526771
>> κ and s1 jumps 341.767561
4. Prepare grid and mode functions.
>> s=-2 MSTModes 0.241543
>> MMp2gridL 0.339479
>> MMp2gridR 8.448553
>> s=-1 MSTModes 0.143374
>> MMp1gridL 0.020722
>> MMp1gridR 0.505946
>> s=0 MSTModes 0.223339
A. Fill 1D grid.
>> s = 2, UP ... 55.661572
>> s = 1, UP ... 12.01977
>> s = 0, UP ... 24.110463
>> s = 2, IN ... 4.921131
>> s = 1, IN ... 0.56732
>> s = 0, IN ... 0.885729
1. Preliminaries.
Calculating B-matrices and Eigenvalues
2. Generate MSTModes
>> Generate s=-2 MSTModes 137.783477
>> Generate s=-1 MSTModes 133.539135
>> Generate hκModes 225.733246
3. Jumps
>> 0.697569
>> 4.453385
>> 8.287625
>> 24.135472
>> 157.153927
>> 99.927652
>> LinearSolve for s1 and κ jumps 0.767863
>> κ and s1 jumps 296.654042
4. Prepare grid and mode functions.
>> s=-2 MSTModes 0.236258
>> MMp2gridL 0.332059
>> MMp2gridR 8.168484
>> s=-1 MSTModes 0.135864
>> MMp1gridL 0.02025
>> MMp1gridR 0.487809
>> s=0 MSTModes 0.214634
A. Fill 1D grid.
>> s = 2, UP ... 52.69268
>> s = 1, UP ... 11.030392
>> s = 0, UP ... 22.395341
>> s = 2, IN ... 4.894242
>> s = 1, IN ... 0.55533
>> s = 0, IN ... 0.869377
1. Preliminaries.
Calculating B-matrices and Eigenvalues
2. Generate MSTModes
>> Generate s=-2 MSTModes 149.722189
>> Generate s=-1 MSTModes 145.395734
>> Generate hκModes 228.335504
3. Jumps
>> 0.65424
>> 4.107302
>> 8.055744
>> 21.117963
>> 139.944423
>> 87.858775
>> LinearSolve for s1 and κ jumps 0.782694
>> κ and s1 jumps 263.612751
4. Prepare grid and mode functions.
>> s=-2 MSTModes 0.227485
>> MMp2gridL 0.314952
>> MMp2gridR 7.875628
>> s=-1 MSTModes 0.130789
>> MMp1gridL 0.019312
>> MMp1gridR 0.469215
>> s=0 MSTModes 0.20859
A. Fill 1D grid.
>> s = 2, UP ... 49.996685
>> s = 1, UP ... 10.408622
>> s = 0, UP ... 20.725317
>> s = 2, IN ... 4.861627
>> s = 1, IN ... 0.544168
>> s = 0, IN ... 0.855138
1. Preliminaries.
Calculating B-matrices and Eigenvalues
2. Generate MSTModes
>> Generate s=-2 MSTModes 165.958554
>> Generate s=-1 MSTModes 160.696221
>> Generate hκModes 231.706671
3. Jumps
>> 0.622437
>> 3.660113
>> 7.708194
>> 17.854772
>> 120.237698
>> 74.346536
>> LinearSolve for s1 and κ jumps 0.703726
>> κ and s1 jumps 226.118077
4. Prepare grid and mode functions.
>> s=-2 MSTModes 0.222404
>> MMp2gridL 0.307196
>> MMp2gridR 7.560059
>> s=-1 MSTModes 0.127171
>> MMp1gridL 0.018612
>> MMp1gridR 0.455026
>> s=0 MSTModes 0.202368
A. Fill 1D grid.
>> s = 2, UP ... 47.29264
>> s = 1, UP ... 9.612141
>> s = 0, UP ... 19.547519
>> s = 2, IN ... 4.828149
>> s = 1, IN ... 0.533503
>> s = 0, IN ... 0.83564
1. Preliminaries.
Calculating B-matrices and Eigenvalues
2. Generate MSTModes
>> Generate s=-2 MSTModes 178.605079
>> Generate s=-1 MSTModes 173.123667
>> Generate hκModes 232.427209
3. Jumps
>> 0.601795
>> 3.258294
>> 7.4765
>> 15.509197
>> 105.525933
>> 64.103123
>> LinearSolve for s1 and κ jumps 0.605881
>> κ and s1 jumps 197.970003
4. Prepare grid and mode functions.
>> s=-2 MSTModes 0.213461
>> MMp2gridL 0.29271
>> MMp2gridR 7.268182
>> s=-1 MSTModes 0.12403
>> MMp1gridL 0.017789
>> MMp1gridR 0.43497
>> s=0 MSTModes 0.194421
A. Fill 1D grid.
>> s = 2, UP ... 44.458803
>> s = 1, UP ... 9.062589
>> s = 0, UP ... 18.34941
>> s = 2, IN ... 4.857345
>> s = 1, IN ... 0.526931
>> s = 0, IN ... 0.825973
1. Preliminaries.
Calculating B-matrices and Eigenvalues
2. Generate MSTModes
>> Generate s=-2 MSTModes 192.632003
>> Generate s=-1 MSTModes 185.896064
>> Generate hκModes 233.931204
3. Jumps
>> 0.57763
>> 2.852488
>> 7.096938
>> 13.351635
>> 92.898018
>> 55.285291
>> LinearSolve for s1 and κ jumps 0.033809
>> κ and s1 jumps 172.908491
4. Prepare grid and mode functions.
>> s=-2 MSTModes 0.237626
>> MMp2gridL 0.282603
>> MMp2gridR 6.924373
>> s=-1 MSTModes 0.120832
>> MMp1gridL 0.017046
>> MMp1gridR 0.426286
>> s=0 MSTModes 0.186778
A. Fill 1D grid.
>> s = 2, UP ... 41.788137
>> s = 1, UP ... 8.540095
>> s = 0, UP ... 17.145625
>> s = 2, IN ... 4.807694
>> s = 1, IN ... 0.515338
>> s = 0, IN ... 0.80495
1. Preliminaries.
Calculating B-matrices and Eigenvalues
2. Generate MSTModes
>> Generate s=-2 MSTModes 205.2693
>> Generate s=-1 MSTModes 198.076129
>> Generate hκModes 233.393691
3. Jumps
>> 0.54585
>> 2.570246
>> 6.863236
>> 11.424645
>> 80.057554
>> 47.293226
>> LinearSolve for s1 and κ jumps 0.033486
>> κ and s1 jumps 149.505516
4. Prepare grid and mode functions.
>> s=-2 MSTModes 0.232245
>> MMp2gridL 0.266418
>> MMp2gridR 6.604959
>> s=-1 MSTModes 0.116359
>> MMp1gridL 0.016794
>> MMp1gridR 0.41069
>> s=0 MSTModes 0.182208
A. Fill 1D grid.
>> s = 2, UP ... 39.460872
>> s = 1, UP ... 8.031589
>> s = 0, UP ... 16.172031
>> s = 2, IN ... 4.781072
>> s = 1, IN ... 0.504033
>> s = 0, IN ... 0.789534
1. Preliminaries.
Calculating B-matrices and Eigenvalues
2. Generate MSTModes
>> Generate s=-2 MSTModes 216.706777
>> Generate s=-1 MSTModes 208.528521
>> Generate hκModes 233.208882
3. Jumps
>> 0.524943
>> 2.222651
>> 7.013139
>> 9.454473
>> 67.273835
>> 38.829869
>> LinearSolve for s1 and κ jumps 0.030391
>> κ and s1 jumps 125.982888
4. Prepare grid and mode functions.
>> s=-2 MSTModes 0.224943
>> MMp2gridL 0.258429
>> MMp2gridR 6.296722
>> s=-1 MSTModes 0.110642
>> MMp1gridL 0.015807
>> MMp1gridR 0.399353
>> s=0 MSTModes 0.176098
A. Fill 1D grid.
>> s = 2, UP ... 37.441347
>> s = 1, UP ... 7.583464
>> s = 0, UP ... 15.174269
>> s = 2, IN ... 4.742421
>> s = 1, IN ... 0.526716
>> s = 0, IN ... 0.774632
1. Preliminaries.
Calculating B-matrices and Eigenvalues
2. Generate MSTModes
>> Generate s=-2 MSTModes 226.596803
>> Generate s=-1 MSTModes 218.378955
>> Generate hκModes 231.609053
3. Jumps
>> 0.497597
>> 1.972806
>> 6.282049
>> 8.002283
>> 57.674729
>> 32.567636
>> LinearSolve for s1 and κ jumps 0.028475
>> κ and s1 jumps 107.626834
4. Prepare grid and mode functions.
>> s=-2 MSTModes 0.212592
>> MMp2gridL 0.240858
>> MMp2gridR 5.995201
>> s=-1 MSTModes 0.10523
>> MMp1gridL 0.014795
>> MMp1gridR 0.378968
>> s=0 MSTModes 0.168613
A. Fill 1D grid.
>> s = 2, UP ... 35.187052
>> s = 1, UP ... 7.102513
>> s = 0, UP ... 14.240026
>> s = 2, IN ... 4.671133
>> s = 1, IN ... 0.478982
>> s = 0, IN ... 0.757022
1. Preliminaries.
Calculating B-matrices and Eigenvalues
2. Generate MSTModes
>> Generate s=-2 MSTModes 235.308406
>> Generate s=-1 MSTModes 225.278691
>> Generate hκModes 307.744078
3. Jumps
>> 0.474723
>> 1.657132
>> 5.9293
>> 6.500824
>> 47.870768
>> 26.560379
>> LinearSolve for s1 and κ jumps 0.026713
>> κ and s1 jumps 89.520418
4. Prepare grid and mode functions.
>> s=-2 MSTModes 0.215517
>> MMp2gridL 0.232243
>> MMp2gridR 5.707123
>> s=-1 MSTModes 0.100395
>> MMp1gridL 0.014102
>> MMp1gridR 0.358457
>> s=0 MSTModes 0.158216
A. Fill 1D grid.
>> s = 2, UP ... 33.189772
>> s = 1, UP ... 6.649926
>> s = 0, UP ... 13.211197
>> s = 2, IN ... 4.694252
>> s = 1, IN ... 0.471801
>> s = 0, IN ... 0.738154
1. Preliminaries.
Calculating B-matrices and Eigenvalues
2. Generate MSTModes
>> Generate s=-2 MSTModes 252.632105
>> Generate s=-1 MSTModes 245.855452
>> Generate hκModes 430.175358
3. Jumps
>> 0.458199
>> 1.467363
>> 5.991762
>> 5.401576
>> 40.426217
>> 21.857205
>> LinearSolve for s1 and κ jumps 0.025131
>> κ and s1 jumps 76.072905
4. Prepare grid and mode functions.
>> s=-2 MSTModes 0.207707
>> MMp2gridL 0.217387
>> MMp2gridR 5.388958
>> s=-1 MSTModes 0.096992
>> MMp1gridL 0.013443
>> MMp1gridR 0.339914
>> s=0 MSTModes 0.155866
A. Fill 1D grid.
>> s = 2, UP ... 31.650266
>> s = 1, UP ... 6.289638
>> s = 0, UP ... 12.454571
>> s = 2, IN ... 4.629826
>> s = 1, IN ... 0.464441
>> s = 0, IN ... 0.729072
1. Preliminaries.
Calculating B-matrices and Eigenvalues
2. Generate MSTModes
>> Generate s=-2 MSTModes 283.468642
>> Generate s=-1 MSTModes 275.05119
>> Generate hκModes 452.65807
3. Jumps
>> 0.444659
>> 1.284586
>> 5.302988
>> 4.367769
>> 33.989275
>> 17.78209
>> LinearSolve for s1 and κ jumps 0.023958
>> κ and s1 jumps 63.59496
4. Prepare grid and mode functions.
>> s=-2 MSTModes 0.207851
>> MMp2gridL 0.211245
>> MMp2gridR 5.135447
>> s=-1 MSTModes 0.094818
>> MMp1gridL 0.012682
>> MMp1gridR 0.332584
>> s=0 MSTModes 0.158381
A. Fill 1D grid.
>> s = 2, UP ... 31.198244
>> s = 1, UP ... 6.209526
>> s = 0, UP ... 11.902694
>> s = 2, IN ... 4.654391
>> s = 1, IN ... 0.457038
>> s = 0, IN ... 0.718804
1. Preliminaries.
Calculating B-matrices and Eigenvalues
2. Generate MSTModes
>> Generate s=-2 MSTModes 309.244016
>> Generate s=-1 MSTModes 301.490061
>> Generate hκModes 461.899948
3. Jumps
>> 0.425572
>> 1.115144
>> 4.976523
>> 3.626011
>> 28.70762
>> 14.588981
>> LinearSolve for s1 and κ jumps 0.021602
>> κ and s1 jumps 53.814353
4. Prepare grid and mode functions.
>> s=-2 MSTModes 0.202776
>> MMp2gridL 0.192285
>> MMp2gridR 4.931153
>> s=-1 MSTModes 0.091919
>> MMp1gridL 0.012185
>> MMp1gridR 0.31812
>> s=0 MSTModes 0.163129
A. Fill 1D grid.
>> s = 2, UP ... 29.414586
>> s = 1, UP ... 5.754637
>> s = 0, UP ... 11.07339
>> s = 2, IN ... 4.568413
>> s = 1, IN ... 0.440495
>> s = 0, IN ... 0.753658
1. Preliminaries.
Calculating B-matrices and Eigenvalues
2. Generate MSTModes
>> Generate s=-2 MSTModes 341.931283
>> Generate s=-1 MSTModes 332.83196
>> Generate hκModes 458.402964
3. Jumps
>> 0.409387
>> 0.962068
>> 4.738551
>> 2.849912
>> 23.218171
>> 11.38337
>> LinearSolve for s1 and κ jumps 0.025071
>> κ and s1 jumps 43.894518
4. Prepare grid and mode functions.
>> s=-2 MSTModes 0.195172
>> MMp2gridL 0.186211
>> MMp2gridR 4.616338
>> s=-1 MSTModes 0.086297
>> MMp1gridL 0.011398
>> MMp1gridR 0.29723
>> s=0 MSTModes 0.153268
A. Fill 1D grid.
>> s = 2, UP ... 27.612645
>> s = 1, UP ... 5.399944
>> s = 0, UP ... 10.403476
>> s = 2, IN ... 4.569747
>> s = 1, IN ... 0.436206
>> s = 0, IN ... 0.685999
1. Preliminaries.
Calculating B-matrices and Eigenvalues
2. Generate MSTModes
>> Generate s=-2 MSTModes 364.023531
>> Generate s=-1 MSTModes 357.861069
>> Generate hκModes 449.860516
3. Jumps
>> 0.395395
>> 0.813878
>> 4.375731
>> 2.254328
>> 18.597956
>> 8.863396
>> LinearSolve for s1 and κ jumps 0.023505
>> κ and s1 jumps 35.588744
4. Prepare grid and mode functions.
>> s=-2 MSTModes 0.187592
>> MMp2gridL 0.166985
>> MMp2gridR 4.37567
>> s=-1 MSTModes 0.080842
>> MMp1gridL 0.010656
>> MMp1gridR 0.279593
>> s=0 MSTModes 0.145351
A. Fill 1D grid.
>> s = 2, UP ... 25.991747
>> s = 1, UP ... 4.995046
>> s = 0, UP ... 9.658427
>> s = 2, IN ... 4.529459
>> s = 1, IN ... 0.424671
>> s = 0, IN ... 0.676375
1. Preliminaries.
Calculating B-matrices and Eigenvalues
2. Generate MSTModes
>> Generate s=-2 MSTModes 380.388587
>> Generate s=-1 MSTModes 375.31444
>> Generate hκModes 440.478107
3. Jumps
>> 0.382254
>> 0.696715
>> 4.060849
>> 1.775621
>> 14.763515
>> 6.683175
>> LinearSolve for s1 and κ jumps 0.019372
>> κ and s1 jumps 28.603624
4. Prepare grid and mode functions.
>> s=-2 MSTModes 0.179359
>> MMp2gridL 0.157278
>> MMp2gridR 3.97631
>> s=-1 MSTModes 0.074643
>> MMp1gridL 0.009786
>> MMp1gridR 0.256823
>> s=0 MSTModes 0.132319
A. Fill 1D grid.
>> s = 2, UP ... 24.215587
>> s = 1, UP ... 4.579016
>> s = 0, UP ... 8.723374
>> s = 2, IN ... 4.585334
>> s = 1, IN ... 0.419881
>> s = 0, IN ... 0.663863
1. Preliminaries.
Calculating B-matrices and Eigenvalues
2. Generate MSTModes
>> Generate s=-2 MSTModes 395.301734
>> Generate s=-1 MSTModes 389.675207
>> Generate hκModes 424.99598
3. Jumps
>> 0.36807
>> 0.58127
>> 4.100494
>> 1.338422
>> 11.504372
>> 4.990632
>> LinearSolve for s1 and κ jumps 0.014008
>> κ and s1 jumps 23.084417
4. Prepare grid and mode functions.
>> s=-2 MSTModes 0.125468
>> MMp2gridL 0.141477
>> MMp2gridR 3.732089
>> s=-1 MSTModes 0.068809
>> MMp1gridL 0.009208
>> MMp1gridR 0.239141
>> s=0 MSTModes 0.126484
A. Fill 1D grid.
>> s = 2, UP ... 22.518842
>> s = 1, UP ... 4.229587
>> s = 0, UP ... 7.927764
>> s = 2, IN ... 4.492805
>> s = 1, IN ... 0.409508
>> s = 0, IN ... 0.653344
1. Preliminaries.
Calculating B-matrices and Eigenvalues
2. Generate MSTModes
>> Generate s=-2 MSTModes 404.597367
