Task 1 on node702.cluster: a=0.00000000000001 r0=7.8
Job started: a = 1.*^-14, r0 = 7.8, savepath = /lustre/astro/dyson/DataFiles/KerrCircSourceFiles/h1RadialAsymp
Warning: rstarmin is outside the allowed range.
Now we Calculate the Radiative Solutions
1. Preliminaries.
Calculating B-matrices and Eigenvalues
2. Generate MSTModes
>> Generate s=-2 MSTModes 76.0619
>> Generate s=-1 MSTModes 78.034818
>> Generate hκModes 219.7073
3. Jumps
>> 0.876693
>> 6.078507
>> 7.27972
>> 40.318122
>> 249.306671
>> 169.667847
>> LinearSolve for s1 and κ jumps 0.029133
>> κ and s1 jumps 475.634129
4. Prepare grid and mode functions.
>> s=-2 MSTModes 0.268663
>> MMp2gridL 0.342181
>> MMp2gridR 8.927213
>> s=-1 MSTModes 0.092687
>> MMp1gridL 0.01853
>> MMp1gridR 0.328049
>> s=0 MSTModes 0.207217
A. Fill 1D grid.
>> s = 2, UP ... 62.309692
>> s = 1, UP ... 2.245462
>> s = 0, UP ... 20.659632
>> s = 2, IN ... 4.85286

                                                                                                                                         -302            -8            -10
General::munfl: 4.30093070620095203800442508928015751570808307623185242925322075638561994245191384755279270621149618019308063139146411 10     (3.73742 10   - 9.6652 10    I) is too small to represent as a normalized machine number; precision may be lost.

                                                                                                                                         -320
General::munfl: 1.32946923752898661047700207591065095801254486650680135092827198369500740784333347358183343446147003777667799575557754 10     (-29.3838 - 690.463 I) is too small to represent as a normalized machine number; precision may be lost.

                                                                                                                                         -320
General::munfl: 1.32946923752898661047700207591065095801254486650680135092827198369500740784333347358183343446147003777667799575557754 10     (-1.45341 - 38.1915 I) is too small to represent as a normalized machine number; precision may be lost.

General::stop: Further output of General::munfl will be suppressed during this calculation.
>> s = 1, IN ... 0.518247
>> s = 0, IN ... 0.833077
1. Preliminaries.
Calculating B-matrices and Eigenvalues
2. Generate MSTModes
>> Generate s=-2 MSTModes 89.371233
>> Generate s=-1 MSTModes 87.74368
>> Generate hκModes 216.541691
3. Jumps
>> 0.800484
>> 6.212797
>> 7.748488
>> 36.286294
>> 229.854815
>> 150.265937
>> LinearSolve for s1 and κ jumps 0.328459
>> κ and s1 jumps 432.98166
4. Prepare grid and mode functions.
>> s=-2 MSTModes 0.261583
>> MMp2gridL 0.34341
>> MMp2gridR 9.011032
>> s=-1 MSTModes 0.140289
>> MMp1gridL 0.020406
>> MMp1gridR 0.515585
>> s=0 MSTModes 0.230687
A. Fill 1D grid.
>> s = 2, UP ... 60.204774
>> s = 1, UP ... 12.841716
>> s = 0, UP ... 27.083748
>> s = 2, IN ... 4.780389
>> s = 1, IN ... 0.562191
>> s = 0, IN ... 0.85953
1. Preliminaries.
Calculating B-matrices and Eigenvalues
2. Generate MSTModes
>> Generate s=-2 MSTModes 102.624028
>> Generate s=-1 MSTModes 100.436342
>> Generate hκModes 219.12049
3. Jumps
>> 0.759292
>> 5.679735
>> 8.152027
>> 31.23368
>> 203.679893
>> 130.77411
>> LinearSolve for s1 and κ jumps 0.605336
>> κ and s1 jumps 382.221879
4. Prepare grid and mode functions.
>> s=-2 MSTModes 0.242548
>> MMp2gridL 0.332673
>> MMp2gridR 8.725338
>> s=-1 MSTModes 0.140943
>> MMp1gridL 0.019795
>> MMp1gridR 0.50329
>> s=0 MSTModes 0.222008
A. Fill 1D grid.
>> s = 2, UP ... 57.281728
>> s = 1, UP ... 12.053604
>> s = 0, UP ... 25.592508
>> s = 2, IN ... 4.724015
>> s = 1, IN ... 0.542917
>> s = 0, IN ... 0.838226
1. Preliminaries.
Calculating B-matrices and Eigenvalues
2. Generate MSTModes
>> Generate s=-2 MSTModes 114.663042
>> Generate s=-1 MSTModes 112.045256
>> Generate hκModes 222.402907
3. Jumps
>> 0.726589
>> 5.042338
>> 8.116019
>> 28.080745
>> 182.002284
>> 117.281786
>> LinearSolve for s1 and κ jumps 0.526592
>> κ and s1 jumps 342.996973
4. Prepare grid and mode functions.
>> s=-2 MSTModes 0.237307
>> MMp2gridL 0.321804
>> MMp2gridR 8.453707
>> s=-1 MSTModes 0.134298
>> MMp1gridL 0.019088
>> MMp1gridR 0.485769
>> s=0 MSTModes 0.21792
A. Fill 1D grid.
>> s = 2, UP ... 54.485881
>> s = 1, UP ... 11.371382
>> s = 0, UP ... 23.960331
>> s = 2, IN ... 4.706286
>> s = 1, IN ... 0.536431
>> s = 0, IN ... 0.824261
1. Preliminaries.
Calculating B-matrices and Eigenvalues
2. Generate MSTModes
>> Generate s=-2 MSTModes 127.995628
>> Generate s=-1 MSTModes 124.557303
>> Generate hκModes 224.902383
3. Jumps
>> 0.697344
>> 4.472522
>> 7.99644
>> 23.890078
>> 155.94735
>> 98.606232
>> LinearSolve for s1 and κ jumps 0.616727
>> κ and s1 jumps 293.335284
4. Prepare grid and mode functions.
>> s=-2 MSTModes 0.232974
>> MMp2gridL 0.309882
>> MMp2gridR 8.187241
>> s=-1 MSTModes 0.132909
>> MMp1gridL 0.018549
>> MMp1gridR 0.472033
>> s=0 MSTModes 0.209329
A. Fill 1D grid.
>> s = 2, UP ... 51.745306
>> s = 1, UP ... 10.615417
>> s = 0, UP ... 21.986614
>> s = 2, IN ... 4.692603
>> s = 1, IN ... 0.528194
>> s = 0, IN ... 0.812249
1. Preliminaries.
Calculating B-matrices and Eigenvalues
2. Generate MSTModes
>> Generate s=-2 MSTModes 143.809133
>> Generate s=-1 MSTModes 139.454711
>> Generate hκModes 228.159973
3. Jumps
>> 0.656157
>> 4.039232
>> 7.752703
>> 21.187599
>> 139.643943
>> 87.625202
>> LinearSolve for s1 and κ jumps 0.749175
>> κ and s1 jumps 262.685175
4. Prepare grid and mode functions.
>> s=-2 MSTModes 0.225636
>> MMp2gridL 0.295336
>> MMp2gridR 7.956199
>> s=-1 MSTModes 0.128887
>> MMp1gridL 0.017829
>> MMp1gridR 0.455573
>> s=0 MSTModes 0.20231
A. Fill 1D grid.
>> s = 2, UP ... 49.229307
>> s = 1, UP ... 9.926434
>> s = 0, UP ... 20.592244
>> s = 2, IN ... 4.686468
>> s = 1, IN ... 0.516764
>> s = 0, IN ... 0.79715
1. Preliminaries.
Calculating B-matrices and Eigenvalues
2. Generate MSTModes
>> Generate s=-2 MSTModes 159.323717
>> Generate s=-1 MSTModes 156.268229
>> Generate hκModes 230.965563
3. Jumps
>> 0.628065
>> 3.639771
>> 7.583556
>> 18.295779
>> 121.900769
>> 75.653324
>> LinearSolve for s1 and κ jumps 0.64948
>> κ and s1 jumps 229.320999
4. Prepare grid and mode functions.
>> s=-2 MSTModes 0.221458
>> MMp2gridL 0.287046
>> MMp2gridR 7.631437
>> s=-1 MSTModes 0.125652
>> MMp1gridL 0.017383
>> MMp1gridR 0.446628
>> s=0 MSTModes 0.194811
A. Fill 1D grid.
>> s = 2, UP ... 46.516185
>> s = 1, UP ... 9.473311
>> s = 0, UP ... 19.1338
>> s = 2, IN ... 4.631358
>> s = 1, IN ... 0.50485
>> s = 0, IN ... 0.776825
1. Preliminaries.
Calculating B-matrices and Eigenvalues
2. Generate MSTModes
>> Generate s=-2 MSTModes 174.004998
>> Generate s=-1 MSTModes 169.042492
>> Generate hκModes 231.870762
3. Jumps
>> 0.600964
>> 3.180036
>> 7.180345
>> 15.762317
>> 106.07945
>> 64.734459
>> LinearSolve for s1 and κ jumps 0.547407
>> κ and s1 jumps 198.953552
4. Prepare grid and mode functions.
>> s=-2 MSTModes 0.211045
>> MMp2gridL 0.273955
>> MMp2gridR 7.393735
>> s=-1 MSTModes 0.120635
>> MMp1gridL 0.016532
>> MMp1gridR 0.430178
>> s=0 MSTModes 0.191278
A. Fill 1D grid.
>> s = 2, UP ... 43.969433
>> s = 1, UP ... 8.914738
>> s = 0, UP ... 17.827096
>> s = 2, IN ... 4.605531
>> s = 1, IN ... 0.494797
>> s = 0, IN ... 0.764522
1. Preliminaries.
Calculating B-matrices and Eigenvalues
2. Generate MSTModes
>> Generate s=-2 MSTModes 188.796495
>> Generate s=-1 MSTModes 182.710383
>> Generate hκModes 232.223888
3. Jumps
>> 0.571189
>> 2.860801
>> 6.893089
>> 13.225557
>> 91.539026
>> 54.950675
>> LinearSolve for s1 and κ jumps 0.016613
>> κ and s1 jumps 170.803726
4. Prepare grid and mode functions.
>> s=-2 MSTModes 0.239707
>> MMp2gridL 0.267339
>> MMp2gridR 7.085269
>> s=-1 MSTModes 0.116061
>> MMp1gridL 0.016039
>> MMp1gridR 0.418143
>> s=0 MSTModes 0.182379
A. Fill 1D grid.
>> s = 2, UP ... 41.808168
>> s = 1, UP ... 8.294602
>> s = 0, UP ... 16.728402
>> s = 2, IN ... 4.596396
>> s = 1, IN ... 0.484931
>> s = 0, IN ... 0.750966
1. Preliminaries.
Calculating B-matrices and Eigenvalues
2. Generate MSTModes
>> Generate s=-2 MSTModes 202.266412
>> Generate s=-1 MSTModes 195.841961
>> Generate hκModes 233.213082
3. Jumps
>> 0.542077
>> 2.52613
>> 6.700318
>> 11.175848
>> 78.222575
>> 46.067771
>> LinearSolve for s1 and κ jumps 0.01512
>> κ and s1 jumps 145.92598
4. Prepare grid and mode functions.
>> s=-2 MSTModes 0.235421
>> MMp2gridL 0.251293
>> MMp2gridR 6.780691
>> s=-1 MSTModes 0.112459
>> MMp1gridL 0.015332
>> MMp1gridR 0.409529
>> s=0 MSTModes 0.179062
A. Fill 1D grid.
>> s = 2, UP ... 39.439273
>> s = 1, UP ... 7.800901
>> s = 0, UP ... 15.703742
>> s = 2, IN ... 4.578716
>> s = 1, IN ... 0.474953
>> s = 0, IN ... 0.741565
1. Preliminaries.
Calculating B-matrices and Eigenvalues
2. Generate MSTModes
>> Generate s=-2 MSTModes 215.259222
>> Generate s=-1 MSTModes 207.506274
>> Generate hκModes 231.311267
3. Jumps
>> 0.520167
>> 2.19074
>> 6.402793
>> 9.666512
>> 67.240453
>> 39.378122
>> LinearSolve for s1 and κ jumps 0.01399
>> κ and s1 jumps 126.002332
4. Prepare grid and mode functions.
>> s=-2 MSTModes 0.229932
>> MMp2gridL 0.241849
>> MMp2gridR 6.431606
>> s=-1 MSTModes 0.109174
>> MMp1gridL 0.014673
>> MMp1gridR 0.390246
>> s=0 MSTModes 0.171774
A. Fill 1D grid.
>> s = 2, UP ... 37.135996
>> s = 1, UP ... 7.335323
>> s = 0, UP ... 14.751138
>> s = 2, IN ... 4.540316
>> s = 1, IN ... 0.470328
>> s = 0, IN ... 0.728438
1. Preliminaries.
Calculating B-matrices and Eigenvalues
2. Generate MSTModes
>> Generate s=-2 MSTModes 224.814167
>> Generate s=-1 MSTModes 216.77823
>> Generate hκModes 392.664926
3. Jumps
>> 0.499219
>> 1.955038
>> 6.216197
>> 8.210461
>> 57.684163
>> 33.124386
>> LinearSolve for s1 and κ jumps 0.01348
>> κ and s1 jumps 108.223869
4. Prepare grid and mode functions.
>> s=-2 MSTModes 0.224902
>> MMp2gridL 0.229766
>> MMp2gridR 6.10189
>> s=-1 MSTModes 0.10493
>> MMp1gridL 0.01386
>> MMp1gridR 0.373707
>> s=0 MSTModes 0.165467
A. Fill 1D grid.
>> s = 2, UP ... 34.95655
>> s = 1, UP ... 6.965494
>> s = 0, UP ... 13.795387
>> s = 2, IN ... 4.501316
>> s = 1, IN ... 0.459069
>> s = 0, IN ... 0.710872
1. Preliminaries.
Calculating B-matrices and Eigenvalues
2. Generate MSTModes
>> Generate s=-2 MSTModes 261.875939
>> Generate s=-1 MSTModes 248.879696
>> Generate hκModes 463.494627
3. Jumps
>> 0.482007
>> 1.730155
>> 5.909567
>> 6.627844
>> 48.17281
>> 26.534135
>> LinearSolve for s1 and κ jumps 0.012485
>> κ and s1 jumps 89.931317
4. Prepare grid and mode functions.
>> s=-2 MSTModes 0.218928
>> MMp2gridL 0.219528
>> MMp2gridR 5.856931
>> s=-1 MSTModes 0.100558
>> MMp1gridL 0.013399
>> MMp1gridR 0.361434
>> s=0 MSTModes 0.160809
A. Fill 1D grid.
>> s = 2, UP ... 33.547219
>> s = 1, UP ... 6.599016
>> s = 0, UP ... 12.964022
>> s = 2, IN ... 4.531625
>> s = 1, IN ... 0.452097
>> s = 0, IN ... 0.701847
1. Preliminaries.
Calculating B-matrices and Eigenvalues
2. Generate MSTModes
>> Generate s=-2 MSTModes 290.33002
>> Generate s=-1 MSTModes 280.50635
>> Generate hκModes 485.663768
3. Jumps
>> 0.461242
>> 1.496892
>> 5.586566
>> 5.501236
>> 40.382817
>> 21.99867
>> LinearSolve for s1 and κ jumps 0.011456
>> κ and s1 jumps 75.848655
4. Prepare grid and mode functions.
>> s=-2 MSTModes 0.214126
>> MMp2gridL 0.203368
>> MMp2gridR 5.554217
>> s=-1 MSTModes 0.096518
>> MMp1gridL 0.012571
>> MMp1gridR 0.341066
>> s=0 MSTModes 0.155738
A. Fill 1D grid.
>> s = 2, UP ... 32.103139
>> s = 1, UP ... 6.348827
>> s = 0, UP ... 12.25892
>> s = 2, IN ... 4.43386
>> s = 1, IN ... 0.442914
>> s = 0, IN ... 0.688273
1. Preliminaries.
Calculating B-matrices and Eigenvalues
2. Generate MSTModes
>> Generate s=-2 MSTModes 322.77378
>> Generate s=-1 MSTModes 313.093838
>> Generate hκModes 495.582549
3. Jumps
>> 0.449476
>> 1.264783
>> 5.229543
>> 4.498693
>> 34.679743
>> 18.386993
>> LinearSolve for s1 and κ jumps 0.011471
>> κ and s1 jumps 64.895547
4. Prepare grid and mode functions.
>> s=-2 MSTModes 0.212523
>> MMp2gridL 0.196705
>> MMp2gridR 5.285566
>> s=-1 MSTModes 0.096668
>> MMp1gridL 0.012101
>> MMp1gridR 0.336591
>> s=0 MSTModes 0.165226
A. Fill 1D grid.
>> s = 2, UP ... 31.334562
>> s = 1, UP ... 6.147301
>> s = 0, UP ... 11.794743
>> s = 2, IN ... 4.485871
>> s = 1, IN ... 0.438246
>> s = 0, IN ... 0.686899
1. Preliminaries.
Calculating B-matrices and Eigenvalues
2. Generate MSTModes
>> Generate s=-2 MSTModes 362.469961
>> Generate s=-1 MSTModes 352.670392
>> Generate hκModes 497.326207
3. Jumps
>> 0.427214
>> 1.099654
>> 4.907188
>> 3.617405
>> 28.294705
>> 14.416434
>> LinearSolve for s1 and κ jumps 0.010299
>> κ and s1 jumps 53.100748
4. Prepare grid and mode functions.
>> s=-2 MSTModes 0.204763
>> MMp2gridL 0.18295
>> MMp2gridR 5.040585
>> s=-1 MSTModes 0.090547
>> MMp1gridL 0.011635
>> MMp1gridR 0.316952
>> s=0 MSTModes 0.160711
A. Fill 1D grid.
>> s = 2, UP ... 29.511261
>> s = 1, UP ... 5.789106
>> s = 0, UP ... 10.96675
>> s = 2, IN ... 4.488151
>> s = 1, IN ... 0.428747
>> s = 0, IN ... 0.673666
1. Preliminaries.
Calculating B-matrices and Eigenvalues
2. Generate MSTModes
>> Generate s=-2 MSTModes 395.507117
>> Generate s=-1 MSTModes 392.39242
>> Generate hκModes 490.675935
3. Jumps
>> 0.410624
>> 0.936564
>> 4.602011
>> 2.853178
>> 22.504061
>> 11.209637
>> LinearSolve for s1 and κ jumps 0.009375
>> κ and s1 jumps 42.796973
4. Prepare grid and mode functions.
>> s=-2 MSTModes 0.193105
>> MMp2gridL 0.172123
>> MMp2gridR 4.763453
>> s=-1 MSTModes 0.081861
>> MMp1gridL 0.01083
>> MMp1gridR 0.283665
>> s=0 MSTModes 0.139647
A. Fill 1D grid.
>> s = 2, UP ... 26.735773
>> s = 1, UP ... 5.167208
>> s = 0, UP ... 9.799855
>> s = 2, IN ... 4.45614
>> s = 1, IN ... 0.425808
>> s = 0, IN ... 0.66482
1. Preliminaries.
Calculating B-matrices and Eigenvalues
2. Generate MSTModes
>> Generate s=-2 MSTModes 414.843875
>> Generate s=-1 MSTModes 411.739063
>> Generate hκModes 478.366886
3. Jumps
>> 0.393133
>> 0.817808
>> 4.487536
>> 2.250419
>> 18.08342
>> 8.658464
>> LinearSolve for s1 and κ jumps 0.056867
>> κ and s1 jumps 34.983287
4. Prepare grid and mode functions.
>> s=-2 MSTModes 0.185348
>> MMp2gridL 0.161226
>> MMp2gridR 4.340604
>> s=-1 MSTModes 0.075742
>> MMp1gridL 0.010021
>> MMp1gridR 0.262408
>> s=0 MSTModes 0.127048
A. Fill 1D grid.
>> s = 2, UP ... 25.06338
>> s = 1, UP ... 4.684504
>> s = 0, UP ... 9.06421
>> s = 2, IN ... 4.506303
>> s = 1, IN ... 0.4152
>> s = 0, IN ... 0.657608
1. Preliminaries.
Calculating B-matrices and Eigenvalues
2. Generate MSTModes
>> Generate s=-2 MSTModes 433.393759
>> Generate s=-1 MSTModes 426.852644
>> Generate hκModes 5527.3166
3. Jumps
>> 0.385782
>> 0.684714
>> 4.209546
>> 1.757875
>> 14.092493
>> 6.620893
>> LinearSolve for s1 and κ jumps 0.420598
>> κ and s1 jumps 28.782262
4. Prepare grid and mode functions.
>> s=-2 MSTModes 1.054065
>> MMp2gridL 9.190541
>> MMp2gridR 120.194716
>> s=-1 MSTModes 2.708987
>> MMp1gridL 5.371712
>> MMp1gridR 5.850262
>> s=0 MSTModes 2.413677
A. Fill 1D grid.
>> s = 2, UP ... 4053.699813
>> s = 1, UP ... 353.125628
>> s = 0, UP ... 689.575579
>> s = 2, IN ... 267.37384
>> s = 1, IN ... 28.947434
>> s = 0, IN ... 76.173852
1. Preliminaries.
Calculating B-matrices and Eigenvalues
2. Generate MSTModes
>> Generate s=-2 MSTModes 19447.943435
>> Generate s=-1 MSTModes 3437.376462
