Task 9 on node703.cluster: a=0.6 r0=8.1
Job started: a = 0.6, r0 = 8.1, savepath = /lustre/astro/dyson/DataFiles/KerrCircSourceFiles/h1RadialAsymp
Warning: rstarmin is outside the allowed range.
Now we Calculate the Radiative Solutions
1. Preliminaries.
Calculating B-matrices and Eigenvalues
2. Generate MSTModes
>> Generate s=-2 MSTModes 77.694207
>> Generate s=-1 MSTModes 78.905249
>> Generate hκModes 220.297401
3. Jumps
>> 0.863743
>> 5.956312
>> 6.825836
>> 10.353797
>> 121.544495
>> 45.727904
>> LinearSolve for s1 and κ jumps 0.007237
>> κ and s1 jumps 193.189939
4. Prepare grid and mode functions.
>> s=-2 MSTModes 0.282076
>> MMp2gridL 0.361536
>> MMp2gridR 8.825302
>> s=-1 MSTModes 0.089398
>> MMp1gridL 0.019163
>> MMp1gridR 0.323232
>> s=0 MSTModes 0.204666
A. Fill 1D grid.
>> s = 2, UP ... 61.447134
>> s = 1, UP ... 2.208413
>> s = 0, UP ... 14.26884
>> s = 2, IN ... 5.025354
>> s = 1, IN ... 0.512965
>> s = 0, IN ... 0.798539
1. Preliminaries.
Calculating B-matrices and Eigenvalues
2. Generate MSTModes
>> Generate s=-2 MSTModes 89.671265
>> Generate s=-1 MSTModes 88.060962
>> Generate hκModes 217.283415
3. Jumps
>> 0.782708
>> 6.163421
>> 8.462264
>> 9.519238
>> 118.22486
>> 40.836458
>> LinearSolve for s1 and κ jumps 0.53934
>> κ and s1 jumps 185.875604
4. Prepare grid and mode functions.
>> s=-2 MSTModes 0.250813
>> MMp2gridL 0.360001
>> MMp2gridR 8.818944
>> s=-1 MSTModes 0.141991
>> MMp1gridL 0.021432
>> MMp1gridR 0.529517
>> s=0 MSTModes 0.230319
A. Fill 1D grid.
>> s = 2, UP ... 59.471282
>> s = 1, UP ... 12.802019
>> s = 0, UP ... 18.978946
>> s = 2, IN ... 4.931252
>> s = 1, IN ... 0.582907
>> s = 0, IN ... 0.822531
1. Preliminaries.
Calculating B-matrices and Eigenvalues
2. Generate MSTModes
>> Generate s=-2 MSTModes 101.472921
>> Generate s=-1 MSTModes 99.348584
>> Generate hκModes 218.106148
3. Jumps
>> 0.763835
>> 5.588188
>> 8.10129
>> 8.339859
>> 107.146544
>> 36.290592
>> LinearSolve for s1 and κ jumps 0.696768
>> κ and s1 jumps 168.186675
4. Prepare grid and mode functions.
>> s=-2 MSTModes 0.244802
>> MMp2gridL 0.353948
>> MMp2gridR 8.692126
>> s=-1 MSTModes 0.140782
>> MMp1gridL 0.020981
>> MMp1gridR 0.517503
>> s=0 MSTModes 0.226275
A. Fill 1D grid.
>> s = 2, UP ... 56.541584
>> s = 1, UP ... 12.121044
>> s = 0, UP ... 18.111297
>> s = 2, IN ... 4.932666
>> s = 1, IN ... 0.580034
>> s = 0, IN ... 0.816637
1. Preliminaries.
Calculating B-matrices and Eigenvalues
2. Generate MSTModes
>> Generate s=-2 MSTModes 115.239672
>> Generate s=-1 MSTModes 111.751746
>> Generate hκModes 219.419186
3. Jumps
>> 0.717647
>> 5.004942
>> 8.161457
>> 7.382329
>> 96.295032
>> 32.069476
>> LinearSolve for s1 and κ jumps 0.556836
>> κ and s1 jumps 151.473565
4. Prepare grid and mode functions.
>> s=-2 MSTModes 0.244373
>> MMp2gridL 0.338505
>> MMp2gridR 8.359847
>> s=-1 MSTModes 0.136853
>> MMp1gridL 0.02077
>> MMp1gridR 0.500894
>> s=0 MSTModes 0.220496
A. Fill 1D grid.
>> s = 2, UP ... 53.656352
>> s = 1, UP ... 11.330587
>> s = 0, UP ... 17.18465
>> s = 2, IN ... 4.883787
>> s = 1, IN ... 0.559036
>> s = 0, IN ... 0.796841
1. Preliminaries.
Calculating B-matrices and Eigenvalues
2. Generate MSTModes
>> Generate s=-2 MSTModes 125.518496
>> Generate s=-1 MSTModes 123.011683
>> Generate hκModes 222.017882
3. Jumps
>> 0.694028
>> 4.382079
>> 8.033572
>> 23.973936
>> 157.18841
>> 100.187442
>> LinearSolve for s1 and κ jumps 0.661323
>> κ and s1 jumps 296.340607
4. Prepare grid and mode functions.
>> s=-2 MSTModes 0.233244
>> MMp2gridL 0.326373
>> MMp2gridR 7.963365
>> s=-1 MSTModes 0.133902
>> MMp1gridL 0.019866
>> MMp1gridR 0.484934
>> s=0 MSTModes 0.213095
A. Fill 1D grid.
>> s = 2, UP ... 50.925981
>> s = 1, UP ... 10.678747
>> s = 0, UP ... 22.039982
>> s = 2, IN ... 4.889827
>> s = 1, IN ... 0.558082
>> s = 0, IN ... 0.871521
1. Preliminaries.
Calculating B-matrices and Eigenvalues
2. Generate MSTModes
>> Generate s=-2 MSTModes 137.863718
>> Generate s=-1 MSTModes 134.182047
>> Generate hκModes 223.615577
3. Jumps
>> 0.651896
>> 4.124303
>> 7.812223
>> 21.535252
>> 141.379003
>> 88.807773
>> LinearSolve for s1 and κ jumps 0.648452
>> κ and s1 jumps 266.057909
4. Prepare grid and mode functions.
>> s=-2 MSTModes 0.223495
>> MMp2gridL 0.313097
>> MMp2gridR 7.710516
>> s=-1 MSTModes 0.129512
>> MMp1gridL 0.019251
>> MMp1gridR 0.467848
>> s=0 MSTModes 0.205545
A. Fill 1D grid.
>> s = 2, UP ... 48.439232
>> s = 1, UP ... 10.105122
>> s = 0, UP ... 20.584634
>> s = 2, IN ... 4.831681
>> s = 1, IN ... 0.534484
>> s = 0, IN ... 0.844537
1. Preliminaries.
Calculating B-matrices and Eigenvalues
2. Generate MSTModes
>> Generate s=-2 MSTModes 152.534192
>> Generate s=-1 MSTModes 148.612088
>> Generate hκModes 227.361467
3. Jumps
>> 0.640731
>> 3.590822
>> 7.938906
>> 17.819658
>> 119.131015
>> 71.545631
>> LinearSolve for s1 and κ jumps 0.764272
>> κ and s1 jumps 222.387852
4. Prepare grid and mode functions.
>> s=-2 MSTModes 0.214677
>> MMp2gridL 0.301697
>> MMp2gridR 7.325273
>> s=-1 MSTModes 0.124366
>> MMp1gridL 0.01838
>> MMp1gridR 0.453719
>> s=0 MSTModes 0.199256
A. Fill 1D grid.
>> s = 2, UP ... 45.993028
>> s = 1, UP ... 9.553203
>> s = 0, UP ... 19.515997
>> s = 2, IN ... 4.786892
>> s = 1, IN ... 0.524985
>> s = 0, IN ... 0.821639
1. Preliminaries.
Calculating B-matrices and Eigenvalues
2. Generate MSTModes
>> Generate s=-2 MSTModes 164.653124
>> Generate s=-1 MSTModes 159.809095
>> Generate hκModes 226.389149
3. Jumps
>> 0.601056
>> 3.247883
>> 7.24533
>> 15.44239
>> 106.628952
>> 64.918571
>> LinearSolve for s1 and κ jumps 0.743849
>> κ and s1 jumps 199.699811
4. Prepare grid and mode functions.
>> s=-2 MSTModes 0.210678
>> MMp2gridL 0.288719
>> MMp2gridR 7.142469
>> s=-1 MSTModes 0.12072
>> MMp1gridL 0.017904
>> MMp1gridR 0.437438
>> s=0 MSTModes 0.19271
A. Fill 1D grid.
>> s = 2, UP ... 43.416614
>> s = 1, UP ... 8.922521
>> s = 0, UP ... 18.282079
>> s = 2, IN ... 4.739402
>> s = 1, IN ... 0.513532
>> s = 0, IN ... 0.810804
1. Preliminaries.
Calculating B-matrices and Eigenvalues
2. Generate MSTModes
>> Generate s=-2 MSTModes 176.491355
>> Generate s=-1 MSTModes 172.274729
>> Generate hκModes 227.114848
3. Jumps
>> 0.569999
>> 2.824549
>> 7.311477
>> 13.214162
>> 90.533081
>> 52.949903
>> LinearSolve for s1 and κ jumps 0.031611
>> κ and s1 jumps 168.21352
4. Prepare grid and mode functions.
>> s=-2 MSTModes 0.23619
>> MMp2gridL 0.279912
>> MMp2gridR 6.778445
>> s=-1 MSTModes 0.11727
>> MMp1gridL 0.016974
>> MMp1gridR 0.419779
>> s=0 MSTModes 0.184301
A. Fill 1D grid.
>> s = 2, UP ... 41.104583
>> s = 1, UP ... 8.375407
>> s = 0, UP ... 17.098774
>> s = 2, IN ... 4.756094
>> s = 1, IN ... 0.509341
>> s = 0, IN ... 0.798099
1. Preliminaries.
Calculating B-matrices and Eigenvalues
2. Generate MSTModes
>> Generate s=-2 MSTModes 190.410078
>> Generate s=-1 MSTModes 184.26171
>> Generate hκModes 226.916776
3. Jumps
>> 0.542135
>> 2.523781
>> 6.614829
>> 11.018279
>> 78.485184
>> 45.943673
>> LinearSolve for s1 and κ jumps 0.035795
>> κ and s1 jumps 145.865876
4. Prepare grid and mode functions.
>> s=-2 MSTModes 0.230847
>> MMp2gridL 0.26457
>> MMp2gridR 6.52921
>> s=-1 MSTModes 0.113865
>> MMp1gridL 0.016335
>> MMp1gridR 0.410668
>> s=0 MSTModes 0.180214
A. Fill 1D grid.
>> s = 2, UP ... 39.031768
>> s = 1, UP ... 7.908434
>> s = 0, UP ... 15.962318
>> s = 2, IN ... 4.713892
>> s = 1, IN ... 0.495117
>> s = 0, IN ... 0.778814
1. Preliminaries.
Calculating B-matrices and Eigenvalues
2. Generate MSTModes
>> Generate s=-2 MSTModes 201.678397
>> Generate s=-1 MSTModes 194.557538
>> Generate hκModes 224.733198
3. Jumps
>> 0.545685
>> 2.214473
>> 6.298521
>> 9.359402
>> 66.599448
>> 38.298619
>> LinearSolve for s1 and κ jumps 0.041573
>> κ and s1 jumps 123.983199
4. Prepare grid and mode functions.
>> s=-2 MSTModes 0.222108
>> MMp2gridL 0.254474
>> MMp2gridR 6.209103
>> s=-1 MSTModes 0.108439
>> MMp1gridL 0.015512
>> MMp1gridR 0.393806
>> s=0 MSTModes 0.171664
A. Fill 1D grid.
>> s = 2, UP ... 36.792228
>> s = 1, UP ... 7.524231
>> s = 0, UP ... 14.918274
>> s = 2, IN ... 4.65766
>> s = 1, IN ... 0.488131
>> s = 0, IN ... 0.762084
1. Preliminaries.
Calculating B-matrices and Eigenvalues
2. Generate MSTModes
>> Generate s=-2 MSTModes 209.884721
>> Generate s=-1 MSTModes 203.778236
>> Generate hκModes 223.377427
3. Jumps
>> 0.490515
>> 1.909766
>> 6.041542
>> 7.825272
>> 56.032838
>> 32.078482
>> LinearSolve for s1 and κ jumps 0.027137
>> κ and s1 jumps 104.956096
4. Prepare grid and mode functions.
>> s=-2 MSTModes 0.219272
>> MMp2gridL 0.241568
>> MMp2gridR 5.902993
>> s=-1 MSTModes 0.102984
>> MMp1gridL 0.014961
>> MMp1gridR 0.376657
>> s=0 MSTModes 0.165536
A. Fill 1D grid.
>> s = 2, UP ... 34.803875
>> s = 1, UP ... 7.003126
>> s = 0, UP ... 14.062024
>> s = 2, IN ... 4.665595
>> s = 1, IN ... 0.473121
>> s = 0, IN ... 0.751901
1. Preliminaries.
Calculating B-matrices and Eigenvalues
2. Generate MSTModes
>> Generate s=-2 MSTModes 219.349923
>> Generate s=-1 MSTModes 211.445211
>> Generate hκModes 362.241261
3. Jumps
>> 0.481744
>> 1.667289
>> 5.781854
>> 6.528488
>> 47.777107
>> 26.611547
>> LinearSolve for s1 and κ jumps 0.031618
>> κ and s1 jumps 89.376785
4. Prepare grid and mode functions.
>> s=-2 MSTModes 0.212729
>> MMp2gridL 0.233467
>> MMp2gridR 5.689127
>> s=-1 MSTModes 0.10104
>> MMp1gridL 0.014108
>> MMp1gridR 0.360671
>> s=0 MSTModes 0.158397
A. Fill 1D grid.
>> s = 2, UP ... 32.94931
>> s = 1, UP ... 6.631817
>> s = 0, UP ... 13.083827
>> s = 2, IN ... 4.684675
>> s = 1, IN ... 0.469686
>> s = 0, IN ... 0.73687
1. Preliminaries.
Calculating B-matrices and Eigenvalues
2. Generate MSTModes
>> Generate s=-2 MSTModes 249.543554
>> Generate s=-1 MSTModes 241.111524
>> Generate hκModes 431.565444
3. Jumps
>> 0.456844
>> 1.48348
>> 5.69868
>> 5.451168
>> 39.921001
>> 21.57271
>> LinearSolve for s1 and κ jumps 0.028344
>> κ and s1 jumps 75.050735
4. Prepare grid and mode functions.
>> s=-2 MSTModes 0.208151
>> MMp2gridL 0.219091
>> MMp2gridR 5.383574
>> s=-1 MSTModes 0.09629
>> MMp1gridL 0.013533
>> MMp1gridR 0.343049
>> s=0 MSTModes 0.15483
A. Fill 1D grid.
>> s = 2, UP ... 31.363308
>> s = 1, UP ... 6.237192
>> s = 0, UP ... 12.25884
>> s = 2, IN ... 4.639551
>> s = 1, IN ... 0.459095
>> s = 0, IN ... 0.72562
1. Preliminaries.
Calculating B-matrices and Eigenvalues
2. Generate MSTModes
>> Generate s=-2 MSTModes 272.355205
>> Generate s=-1 MSTModes 264.974284
>> Generate hκModes 447.487477
3. Jumps
>> 0.443163
>> 1.284034
>> 5.208136
>> 4.454863
>> 33.675637
>> 17.791766
>> LinearSolve for s1 and κ jumps 0.03457
>> κ and s1 jumps 63.272312
4. Prepare grid and mode functions.
>> s=-2 MSTModes 0.200681
>> MMp2gridL 0.205044
>> MMp2gridR 5.104763
>> s=-1 MSTModes 0.091423
>> MMp1gridL 0.012759
>> MMp1gridR 0.32633
>> s=0 MSTModes 0.147309
A. Fill 1D grid.
>> s = 2, UP ... 29.675612
>> s = 1, UP ... 5.87337
>> s = 0, UP ... 11.428393
>> s = 2, IN ... 4.567366
>> s = 1, IN ... 0.444829
>> s = 0, IN ... 0.696279
1. Preliminaries.
Calculating B-matrices and Eigenvalues
2. Generate MSTModes
>> Generate s=-2 MSTModes 295.851161
>> Generate s=-1 MSTModes 292.343258
>> Generate hκModes 449.947368
3. Jumps
>> 0.423776
>> 1.098277
>> 4.917883
>> 3.60083
>> 27.379785
>> 14.125001
>> LinearSolve for s1 and κ jumps 0.053804
>> κ and s1 jumps 51.941772
4. Prepare grid and mode functions.
>> s=-2 MSTModes 0.192032
>> MMp2gridL 0.190399
>> MMp2gridR 4.927948
>> s=-1 MSTModes 0.087293
>> MMp1gridL 0.011977
>> MMp1gridR 0.310217
>> s=0 MSTModes 0.143993
A. Fill 1D grid.
>> s = 2, UP ... 28.360654
>> s = 1, UP ... 5.587842
>> s = 0, UP ... 10.863429
>> s = 2, IN ... 4.499368
>> s = 1, IN ... 0.436143
>> s = 0, IN ... 0.689276
1. Preliminaries.
Calculating B-matrices and Eigenvalues
2. Generate MSTModes
>> Generate s=-2 MSTModes 324.051942
>> Generate s=-1 MSTModes 314.537149
>> Generate hκModes 447.802914
3. Jumps
>> 0.400643
>> 0.957254
>> 4.556029
>> 2.832568
>> 22.957186
>> 11.285159
>> LinearSolve for s1 and κ jumps 0.023811
>> κ and s1 jumps 43.308991
4. Prepare grid and mode functions.
>> s=-2 MSTModes 0.193438
>> MMp2gridL 0.183719
>> MMp2gridR 4.581827
>> s=-1 MSTModes 0.083939
>> MMp1gridL 0.011396
>> MMp1gridR 0.298849
>> s=0 MSTModes 0.142186
A. Fill 1D grid.
>> s = 2, UP ... 27.020355
>> s = 1, UP ... 5.275648
>> s = 0, UP ... 10.113251
>> s = 2, IN ... 4.494329
>> s = 1, IN ... 0.42824
>> s = 0, IN ... 0.676574
1. Preliminaries.
Calculating B-matrices and Eigenvalues
2. Generate MSTModes
>> Generate s=-2 MSTModes 334.367506
>> Generate s=-1 MSTModes 329.672887
>> Generate hκModes 442.185563
3. Jumps
>> 0.39259
>> 0.80474
>> 4.27485
>> 2.295365
>> 18.126839
>> 8.60768
>> LinearSolve for s1 and κ jumps 0.020883
>> κ and s1 jumps 34.780607
4. Prepare grid and mode functions.
>> s=-2 MSTModes 0.18439
>> MMp2gridL 0.167056
>> MMp2gridR 4.341513
>> s=-1 MSTModes 0.078639
>> MMp1gridL 0.01043
>> MMp1gridR 0.278325
>> s=0 MSTModes 0.141423
A. Fill 1D grid.
>> s = 2, UP ... 25.257528
>> s = 1, UP ... 5.020898
>> s = 0, UP ... 9.397029
>> s = 2, IN ... 4.473355
>> s = 1, IN ... 0.419116
>> s = 0, IN ... 0.667684
1. Preliminaries.
Calculating B-matrices and Eigenvalues
2. Generate MSTModes
>> Generate s=-2 MSTModes 351.760878
>> Generate s=-1 MSTModes 349.59383
>> Generate hκModes 433.741482
3. Jumps
>> 0.377934
>> 0.692903
>> 4.198202
>> 1.726496
>> 14.586805
>> 6.537004
>> LinearSolve for s1 and κ jumps 0.019667
>> κ and s1 jumps 28.360497
4. Prepare grid and mode functions.
>> s=-2 MSTModes 0.178981
>> MMp2gridL 0.15653
>> MMp2gridR 3.936989
>> s=-1 MSTModes 0.074241
>> MMp1gridL 0.009806
>> MMp1gridR 0.254352
>> s=0 MSTModes 0.133444
A. Fill 1D grid.
>> s = 2, UP ... 23.462382
>> s = 1, UP ... 4.4802
>> s = 0, UP ... 8.496595
>> s = 2, IN ... 4.557817
>> s = 1, IN ... 0.415189
>> s = 0, IN ... 0.658638
1. Preliminaries.
Calculating B-matrices and Eigenvalues
2. Generate MSTModes
>> Generate s=-2 MSTModes 369.975737
>> Generate s=-1 MSTModes 365.768789
>> Generate hκModes 414.374054
3. Jumps
>> 0.368534
>> 0.574884
>> 3.675826
>> 1.326966
>> 11.270585
>> 4.95509
>> LinearSolve for s1 and κ jumps 0.462228
>> κ and s1 jumps 22.818441
4. Prepare grid and mode functions.
>> s=-2 MSTModes 0.122269
>> MMp2gridL 0.143972
>> MMp2gridR 3.671339
>> s=-1 MSTModes 0.067457
>> MMp1gridL 0.008999
>> MMp1gridR 0.235589
>> s=0 MSTModes 0.121624
A. Fill 1D grid.
>> s = 2, UP ... 22.265343
>> s = 1, UP ... 4.171206
>> s = 0, UP ... 7.827931
>> s = 2, IN ... 4.450119
>> s = 1, IN ... 0.405622
>> s = 0, IN ... 0.648714
1. Preliminaries.
Calculating B-matrices and Eigenvalues
2. Generate MSTModes
>> Generate s=-2 MSTModes 373.522056
>> Generate s=-1 MSTModes 367.83693
>> Generate hκModes 398.998133
3. Jumps
>> 0.355787
>> 0.492132
>> 3.298517
>> 1.017972
>> 8.642302
>> 3.614429
>> LinearSolve for s1 and κ jumps 0.011587
>> κ and s1 jumps 17.584625
4. Prepare grid and mode functions.
>> s=-2 MSTModes 0.113618
>> MMp2gridL 0.129841
>> MMp2gridR 3.348832
>> s=-1 MSTModes 0.062232
>> MMp1gridL 0.008227
>> MMp1gridR 0.215647
>> s=0 MSTModes 0.112822
A. Fill 1D grid.
>> s = 2, UP ... 20.41954
>> s = 1, UP ... 3.771201
>> s = 0, UP ... 7.030329
>> s = 2, IN ... 4.43028
>> s = 1, IN ... 0.397854
>> s = 0, IN ... 0.640448
1. Preliminaries.
Calculating B-matrices and Eigenvalues
2. Generate MSTModes
>> Generate s=-2 MSTModes 366.704272
