Task 11 on node704.cluster: a=0.99 r0=7.8
Job started: a = 0.99, r0 = 7.8, savepath = /lustre/astro/dyson/DataFiles/KerrCircSourceFiles/h1RadialAsymp
Warning: rstarmin is outside the allowed range.
Now we Calculate the Radiative Solutions
1. Preliminaries.
Calculating B-matrices and Eigenvalues
2. Generate MSTModes
>> Generate s=-2 MSTModes 86.968277
>> Generate s=-1 MSTModes 86.996526
>> Generate hκModes 228.684277
3. Jumps
>> 0.868895
>> 5.949803
>> 7.065269
>> 10.415988
>> 122.677743
>> 45.814911
>> LinearSolve for s1 and κ jumps 0.007462
>> κ and s1 jumps 194.726013
4. Prepare grid and mode functions.
>> s=-2 MSTModes 0.283499
>> MMp2gridL 0.366205
>> MMp2gridR 8.92762
>> s=-1 MSTModes 0.091167
>> MMp1gridL 0.019256
>> MMp1gridR 0.323965
>> s=0 MSTModes 0.207574
A. Fill 1D grid.
>> s = 2, UP ... 63.178998
>> s = 1, UP ... 2.227216
>> s = 0, UP ... 14.655977
>> s = 2, IN ... 5.09034
>> s = 1, IN ... 0.517793
>> s = 0, IN ... 0.80688
1. Preliminaries.
Calculating B-matrices and Eigenvalues
2. Generate MSTModes
>> Generate s=-2 MSTModes 100.613704
>> Generate s=-1 MSTModes 97.353044
>> Generate hκModes 227.423607
3. Jumps
>> 0.795359
>> 6.150183
>> 8.032008
>> 9.607621
>> 120.154744
>> 41.982068
>> LinearSolve for s1 and κ jumps 0.60089
>> κ and s1 jumps 188.741852
4. Prepare grid and mode functions.
>> s=-2 MSTModes 0.252683
>> MMp2gridL 0.368616
>> MMp2gridR 8.969
>> s=-1 MSTModes 0.144472
>> MMp1gridL 0.021761
>> MMp1gridR 0.535864
>> s=0 MSTModes 0.236094
A. Fill 1D grid.
>> s = 2, UP ... 61.665385
>> s = 1, UP ... 13.482912
>> s = 0, UP ... 19.584402
>> s = 2, IN ... 5.0067
>> s = 1, IN ... 0.591986
>> s = 0, IN ... 0.833613
1. Preliminaries.
Calculating B-matrices and Eigenvalues
2. Generate MSTModes
>> Generate s=-2 MSTModes 113.747266
>> Generate s=-1 MSTModes 110.981091
>> Generate hκModes 230.741942
3. Jumps
>> 0.76293
>> 5.440224
>> 8.403734
>> 31.345917
>> 199.73474
>> 130.183811
>> LinearSolve for s1 and κ jumps 0.547104
>> κ and s1 jumps 377.854442
4. Prepare grid and mode functions.
>> s=-2 MSTModes 0.242767
>> MMp2gridL 0.356542
>> MMp2gridR 8.695275
>> s=-1 MSTModes 0.144085
>> MMp1gridL 0.021175
>> MMp1gridR 0.524554
>> s=0 MSTModes 0.228377
A. Fill 1D grid.
>> s = 2, UP ... 58.681786
>> s = 1, UP ... 12.726063
>> s = 0, UP ... 25.942156
>> s = 2, IN ... 4.985606
>> s = 1, IN ... 0.577415
>> s = 0, IN ... 0.908472
1. Preliminaries.
Calculating B-matrices and Eigenvalues
2. Generate MSTModes
>> Generate s=-2 MSTModes 127.032648
>> Generate s=-1 MSTModes 122.605642
>> Generate hκModes 223.987127
3. Jumps
>> 0.718648
>> 5.004406
>> 8.437459
>> 27.803434
>> 180.943445
>> 111.579542
>> LinearSolve for s1 and κ jumps 0.764745
>> κ and s1 jumps 336.54771
4. Prepare grid and mode functions.
>> s=-2 MSTModes 0.241946
>> MMp2gridL 0.337957
>> MMp2gridR 8.366917
>> s=-1 MSTModes 0.135882
>> MMp1gridL 0.020549
>> MMp1gridR 0.4997
>> s=0 MSTModes 0.219642
A. Fill 1D grid.
>> s = 2, UP ... 55.463954
>> s = 1, UP ... 11.972685
>> s = 0, UP ... 24.441248
>> s = 2, IN ... 4.911333
>> s = 1, IN ... 0.567587
>> s = 0, IN ... 0.883241
1. Preliminaries.
Calculating B-matrices and Eigenvalues
2. Generate MSTModes
>> Generate s=-2 MSTModes 139.562251
>> Generate s=-1 MSTModes 135.452473
>> Generate hκModes 227.235735
3. Jumps
>> 0.688326
>> 4.443478
>> 8.317792
>> 24.100684
>> 158.226029
>> 100.918528
>> LinearSolve for s1 and κ jumps 0.72922
>> κ and s1 jumps 298.627512
4. Prepare grid and mode functions.
>> s=-2 MSTModes 0.234954
>> MMp2gridL 0.332739
>> MMp2gridR 8.251472
>> s=-1 MSTModes 0.137988
>> MMp1gridL 0.020439
>> MMp1gridR 0.492863
>> s=0 MSTModes 0.21573
A. Fill 1D grid.
>> s = 2, UP ... 53.067797
>> s = 1, UP ... 11.090997
>> s = 0, UP ... 22.531836
>> s = 2, IN ... 4.930056
>> s = 1, IN ... 0.554886
>> s = 0, IN ... 0.870489
1. Preliminaries.
Calculating B-matrices and Eigenvalues
2. Generate MSTModes
>> Generate s=-2 MSTModes 153.326707
>> Generate s=-1 MSTModes 149.073846
>> Generate hκModes 231.405283
3. Jumps
>> 0.660125
>> 4.071628
>> 8.008536
>> 21.230945
>> 140.680376
>> 88.408561
>> LinearSolve for s1 and κ jumps 0.638674
>> κ and s1 jumps 264.810029
4. Prepare grid and mode functions.
>> s=-2 MSTModes 0.229752
>> MMp2gridL 0.321401
>> MMp2gridR 8.043263
>> s=-1 MSTModes 0.132439
>> MMp1gridL 0.019437
>> MMp1gridR 0.475541
>> s=0 MSTModes 0.210588
A. Fill 1D grid.
>> s = 2, UP ... 50.245727
>> s = 1, UP ... 10.200673
>> s = 0, UP ... 20.76608
>> s = 2, IN ... 4.896173
>> s = 1, IN ... 0.543297
>> s = 0, IN ... 0.856781
1. Preliminaries.
Calculating B-matrices and Eigenvalues
2. Generate MSTModes
>> Generate s=-2 MSTModes 169.849498
>> Generate s=-1 MSTModes 163.982576
>> Generate hκModes 233.948828
3. Jumps
>> 0.625641
>> 3.669734
>> 7.855381
>> 17.75598
>> 120.464288
>> 74.312088
>> LinearSolve for s1 and κ jumps 0.530366
>> κ and s1 jumps 226.226068
4. Prepare grid and mode functions.
>> s=-2 MSTModes 0.22605
>> MMp2gridL 0.311516
>> MMp2gridR 7.677181
>> s=-1 MSTModes 0.128583
>> MMp1gridL 0.01875
>> MMp1gridR 0.458166
>> s=0 MSTModes 0.202584
A. Fill 1D grid.
>> s = 2, UP ... 47.290208
>> s = 1, UP ... 9.621185
>> s = 0, UP ... 19.531242
>> s = 2, IN ... 4.886006
>> s = 1, IN ... 0.538067
>> s = 0, IN ... 0.835881
1. Preliminaries.
Calculating B-matrices and Eigenvalues
2. Generate MSTModes
>> Generate s=-2 MSTModes 183.054178
>> Generate s=-1 MSTModes 176.130206
>> Generate hκModes 235.367999
3. Jumps
>> 0.604648
>> 3.213624
>> 7.388191
>> 15.832061
>> 106.644172
>> 65.642832
>> LinearSolve for s1 and κ jumps 0.622903
>> κ and s1 jumps 200.861745
4. Prepare grid and mode functions.
>> s=-2 MSTModes 0.215136
>> MMp2gridL 0.29053
>> MMp2gridR 7.345901
>> s=-1 MSTModes 0.123909
>> MMp1gridL 0.018166
>> MMp1gridR 0.43898
>> s=0 MSTModes 0.195594
A. Fill 1D grid.
>> s = 2, UP ... 44.561976
>> s = 1, UP ... 9.100818
>> s = 0, UP ... 18.435397
>> s = 2, IN ... 4.821716
>> s = 1, IN ... 0.521326
>> s = 0, IN ... 0.818785
1. Preliminaries.
Calculating B-matrices and Eigenvalues
2. Generate MSTModes
>> Generate s=-2 MSTModes 196.914745
>> Generate s=-1 MSTModes 190.004793
>> Generate hκModes 236.33197
3. Jumps
>> 0.575314
>> 2.875376
>> 7.147583
>> 13.159906
>> 92.30908
>> 54.863706
>> LinearSolve for s1 and κ jumps 0.035412
>> κ and s1 jumps 171.772815
4. Prepare grid and mode functions.
>> s=-2 MSTModes 0.238929
>> MMp2gridL 0.28404
>> MMp2gridR 6.986365
>> s=-1 MSTModes 0.122022
>> MMp1gridL 0.017349
>> MMp1gridR 0.430936
>> s=0 MSTModes 0.1873
A. Fill 1D grid.
>> s = 2, UP ... 41.965335
>> s = 1, UP ... 8.556426
>> s = 0, UP ... 17.307913
>> s = 2, IN ... 4.787511
>> s = 1, IN ... 0.512944
>> s = 0, IN ... 0.800027
1. Preliminaries.
Calculating B-matrices and Eigenvalues
2. Generate MSTModes
>> Generate s=-2 MSTModes 210.13838
>> Generate s=-1 MSTModes 202.267356
>> Generate hκModes 237.294485
3. Jumps
>> 0.545347
>> 2.537236
>> 6.857712
>> 11.197824
>> 78.543133
>> 45.246867
>> LinearSolve for s1 and κ jumps 0.033446
>> κ and s1 jumps 145.675602
4. Prepare grid and mode functions.
>> s=-2 MSTModes 0.23333
>> MMp2gridL 0.268787
>> MMp2gridR 6.615093
>> s=-1 MSTModes 0.115309
>> MMp1gridL 0.016331
>> MMp1gridR 0.411448
>> s=0 MSTModes 0.182283
A. Fill 1D grid.
>> s = 2, UP ... 39.705638
>> s = 1, UP ... 8.013644
>> s = 0, UP ... 16.130921
>> s = 2, IN ... 4.762528
>> s = 1, IN ... 0.499024
>> s = 0, IN ... 0.78553
1. Preliminaries.
Calculating B-matrices and Eigenvalues
2. Generate MSTModes
>> Generate s=-2 MSTModes 222.54308
>> Generate s=-1 MSTModes 214.078463
>> Generate hκModes 236.956865
3. Jumps
>> 0.524737
>> 2.232213
>> 6.650592
>> 9.377777
>> 66.925639
>> 38.562501
>> LinearSolve for s1 and κ jumps 0.030811
>> κ and s1 jumps 124.944909
4. Prepare grid and mode functions.
>> s=-2 MSTModes 0.237743
>> MMp2gridL 0.271441
>> MMp2gridR 6.327143
>> s=-1 MSTModes 0.11071
>> MMp1gridL 0.015501
>> MMp1gridR 0.398817
>> s=0 MSTModes 0.176517
A. Fill 1D grid.
>> s = 2, UP ... 37.563433
>> s = 1, UP ... 7.675965
>> s = 0, UP ... 15.379545
>> s = 2, IN ... 4.716648
>> s = 1, IN ... 0.491139
>> s = 0, IN ... 0.766857
1. Preliminaries.
Calculating B-matrices and Eigenvalues
2. Generate MSTModes
>> Generate s=-2 MSTModes 233.838668
>> Generate s=-1 MSTModes 223.238885
>> Generate hκModes 234.546115
3. Jumps
>> 0.498314
>> 1.956926
>> 6.265636
>> 7.922689
>> 57.423132
>> 32.705648
>> LinearSolve for s1 and κ jumps 0.028778
>> κ and s1 jumps 107.372737
4. Prepare grid and mode functions.
>> s=-2 MSTModes 0.221833
>> MMp2gridL 0.242159
>> MMp2gridR 6.035108
>> s=-1 MSTModes 0.105875
>> MMp1gridL 0.015031
>> MMp1gridR 0.382042
>> s=0 MSTModes 0.168324
A. Fill 1D grid.
>> s = 2, UP ... 35.421476
>> s = 1, UP ... 7.181844
>> s = 0, UP ... 14.309408
>> s = 2, IN ... 4.678329
>> s = 1, IN ... 0.478882
>> s = 0, IN ... 0.756785
1. Preliminaries.
Calculating B-matrices and Eigenvalues
2. Generate MSTModes
>> Generate s=-2 MSTModes 240.273729
>> Generate s=-1 MSTModes 228.48111
>> Generate hκModes 435.766102
3. Jumps
>> 0.47855
>> 1.698062
>> 6.347165
>> 6.539587
>> 48.225657
>> 26.6848
>> LinearSolve for s1 and κ jumps 0.026876
>> κ and s1 jumps 90.50413
4. Prepare grid and mode functions.
>> s=-2 MSTModes 0.218819
>> MMp2gridL 0.23728
>> MMp2gridR 5.781495
>> s=-1 MSTModes 0.103049
>> MMp1gridL 0.014318
>> MMp1gridR 0.368547
>> s=0 MSTModes 0.162851
A. Fill 1D grid.
>> s = 2, UP ... 33.70283
>> s = 1, UP ... 6.838374
>> s = 0, UP ... 13.411124
>> s = 2, IN ... 4.693889
>> s = 1, IN ... 0.474185
>> s = 0, IN ... 0.742186
1. Preliminaries.
Calculating B-matrices and Eigenvalues
2. Generate MSTModes
>> Generate s=-2 MSTModes 276.390182
>> Generate s=-1 MSTModes 264.956467
>> Generate hκModes 468.245707
3. Jumps
>> 0.462495
>> 1.511585
>> 5.628697
>> 5.427006
>> 40.688633
>> 21.883683
>> LinearSolve for s1 and κ jumps 0.026102
>> κ and s1 jumps 76.075368
4. Prepare grid and mode functions.
>> s=-2 MSTModes 0.21319
>> MMp2gridL 0.221439
>> MMp2gridR 5.551955
>> s=-1 MSTModes 0.098291
>> MMp1gridL 0.013633
>> MMp1gridR 0.347884
>> s=0 MSTModes 0.158999
A. Fill 1D grid.
>> s = 2, UP ... 32.270577
>> s = 1, UP ... 6.463809
>> s = 0, UP ... 12.528532
>> s = 2, IN ... 4.688895
>> s = 1, IN ... 0.466983
>> s = 0, IN ... 0.739551
1. Preliminaries.
Calculating B-matrices and Eigenvalues
2. Generate MSTModes
>> Generate s=-2 MSTModes 305.05827
>> Generate s=-1 MSTModes 294.970854
>> Generate hκModes 486.205831
3. Jumps
>> 0.449842
>> 1.305806
>> 5.703572
>> 4.491832
>> 34.697789
>> 18.269653
>> LinearSolve for s1 and κ jumps 0.030094
>> κ and s1 jumps 65.355354
4. Prepare grid and mode functions.
>> s=-2 MSTModes 0.209716
>> MMp2gridL 0.210342
>> MMp2gridR 5.224201
>> s=-1 MSTModes 0.096167
>> MMp1gridL 0.012723
>> MMp1gridR 0.336389
>> s=0 MSTModes 0.16663
A. Fill 1D grid.
>> s = 2, UP ... 31.672324
>> s = 1, UP ... 6.300604
>> s = 0, UP ... 12.271802
>> s = 2, IN ... 4.653914
>> s = 1, IN ... 0.458263
>> s = 0, IN ... 0.720596
1. Preliminaries.
Calculating B-matrices and Eigenvalues
2. Generate MSTModes
>> Generate s=-2 MSTModes 342.016796
>> Generate s=-1 MSTModes 332.301936
>> Generate hκModes 487.435473
3. Jumps
>> 0.434061
>> 1.126017
>> 5.040723
>> 3.596605
>> 28.501358
>> 14.570824
>> LinearSolve for s1 and κ jumps 0.027626
>> κ and s1 jumps 53.655716
4. Prepare grid and mode functions.
>> s=-2 MSTModes 0.204444
>> MMp2gridL 0.195104
>> MMp2gridR 4.998284
>> s=-1 MSTModes 0.091994
>> MMp1gridL 0.012192
>> MMp1gridR 0.319787
>> s=0 MSTModes 0.164496
A. Fill 1D grid.
>> s = 2, UP ... 29.912146
>> s = 1, UP ... 5.912783
>> s = 0, UP ... 11.472603
>> s = 2, IN ... 4.611802
>> s = 1, IN ... 0.44671
>> s = 0, IN ... 0.705156
1. Preliminaries.
Calculating B-matrices and Eigenvalues
2. Generate MSTModes
>> Generate s=-2 MSTModes 380.611406
>> Generate s=-1 MSTModes 367.452954
>> Generate hκModes 484.062531
3. Jumps
>> 0.419141
>> 0.966724
>> 4.709249
>> 2.921995
>> 23.468351
>> 11.692593
>> LinearSolve for s1 and κ jumps 0.025733
>> κ and s1 jumps 44.511467
4. Prepare grid and mode functions.
>> s=-2 MSTModes 0.197204
>> MMp2gridL 0.184993
>> MMp2gridR 4.695927
>> s=-1 MSTModes 0.087305
>> MMp1gridL 0.011533
>> MMp1gridR 0.30367
>> s=0 MSTModes 0.155942
A. Fill 1D grid.
>> s = 2, UP ... 28.154329
>> s = 1, UP ... 5.470246
>> s = 0, UP ... 10.479626
>> s = 2, IN ... 4.585099
>> s = 1, IN ... 0.494655
>> s = 0, IN ... 0.71545
1. Preliminaries.
Calculating B-matrices and Eigenvalues
2. Generate MSTModes
>> Generate s=-2 MSTModes 406.335193
>> Generate s=-1 MSTModes 399.854992
>> Generate hκModes 473.916957
3. Jumps
>> 0.403595
>> 0.821962
>> 4.471064
>> 2.283402
>> 18.735985
>> 9.013165
>> LinearSolve for s1 and κ jumps 0.023553
>> κ and s1 jumps 36.024166
4. Prepare grid and mode functions.
>> s=-2 MSTModes 0.188654
>> MMp2gridL 0.171217
>> MMp2gridR 4.385428
>> s=-1 MSTModes 0.080164
>> MMp1gridL 0.010746
>> MMp1gridR 0.28276
>> s=0 MSTModes 0.146885
A. Fill 1D grid.
>> s = 2, UP ... 26.390979
>> s = 1, UP ... 5.076718
>> s = 0, UP ... 9.719262
>> s = 2, IN ... 4.603575
>> s = 1, IN ... 0.430711
>> s = 0, IN ... 0.68646
1. Preliminaries.
Calculating B-matrices and Eigenvalues
2. Generate MSTModes
>> Generate s=-2 MSTModes 427.346884
>> Generate s=-1 MSTModes 427.028761
>> Generate hκModes 465.176648
3. Jumps
>> 0.395626
>> 0.697855
>> 4.07806
>> 1.778211
>> 14.8603
>> 6.741307
>> LinearSolve for s1 and κ jumps 0.020196
>> κ and s1 jumps 28.801154
4. Prepare grid and mode functions.
>> s=-2 MSTModes 0.180743
>> MMp2gridL 0.158753
>> MMp2gridR 4.070708
>> s=-1 MSTModes 0.075974
>> MMp1gridL 0.01021
>> MMp1gridR 0.261436
>> s=0 MSTModes 0.136126
A. Fill 1D grid.
>> s = 2, UP ... 24.535207
>> s = 1, UP ... 4.659842
>> s = 0, UP ... 8.883949
>> s = 2, IN ... 4.5615
>> s = 1, IN ... 0.425576
>> s = 0, IN ... 0.672071
1. Preliminaries.
Calculating B-matrices and Eigenvalues
2. Generate MSTModes
>> Generate s=-2 MSTModes 444.477555
>> Generate s=-1 MSTModes 442.820028
