Task 8 on node703.cluster: a=0.6 r0=8.0
Job started: a = 0.6, r0 = 8., savepath = /lustre/astro/dyson/DataFiles/KerrCircSourceFiles/h1RadialAsymp
Warning: rstarmin is outside the allowed range.
Now we Calculate the Radiative Solutions
1. Preliminaries.
Calculating B-matrices and Eigenvalues
2. Generate MSTModes
>> Generate s=-2 MSTModes 78.013709
>> Generate s=-1 MSTModes 80.750023
>> Generate hκModes 222.368178
3. Jumps
>> 0.888641
>> 5.961454
>> 6.908826
>> 10.427571
>> 122.678797
>> 45.676471
>> LinearSolve for s1 and κ jumps 0.007609
>> κ and s1 jumps 194.458974
4. Prepare grid and mode functions.
>> s=-2 MSTModes 0.28129
>> MMp2gridL 0.365603
>> MMp2gridR 8.833708
>> s=-1 MSTModes 0.09056
>> MMp1gridL 0.019136
>> MMp1gridR 0.320384
>> s=0 MSTModes 0.203899
A. Fill 1D grid.
>> s = 2, UP ... 61.939336
>> s = 1, UP ... 2.204661
>> s = 0, UP ... 14.119331
>> s = 2, IN ... 5.136017
>> s = 1, IN ... 0.526936
>> s = 0, IN ... 0.817717
1. Preliminaries.
Calculating B-matrices and Eigenvalues
2. Generate MSTModes
>> Generate s=-2 MSTModes 92.335382
>> Generate s=-1 MSTModes 90.971741
>> Generate hκModes 218.794743
3. Jumps
>> 0.801779
>> 6.235513
>> 7.942239
>> 9.7151
>> 119.683021
>> 42.07931
>> LinearSolve for s1 and κ jumps 0.886038
>> κ and s1 jumps 188.745977
4. Prepare grid and mode functions.
>> s=-2 MSTModes 0.251951
>> MMp2gridL 0.368128
>> MMp2gridR 8.843601
>> s=-1 MSTModes 0.14313
>> MMp1gridL 0.022411
>> MMp1gridR 0.529844
>> s=0 MSTModes 0.231886
A. Fill 1D grid.
>> s = 2, UP ... 60.338103
>> s = 1, UP ... 12.806307
>> s = 0, UP ... 18.653282
>> s = 2, IN ... 5.055963
>> s = 1, IN ... 0.588671
>> s = 0, IN ... 0.833686
1. Preliminaries.
Calculating B-matrices and Eigenvalues
2. Generate MSTModes
>> Generate s=-2 MSTModes 102.830548
>> Generate s=-1 MSTModes 101.460459
>> Generate hκModes 218.409964
3. Jumps
>> 0.772475
>> 5.582268
>> 8.157201
>> 8.586263
>> 107.061657
>> 36.957519
>> LinearSolve for s1 and κ jumps 0.749294
>> κ and s1 jumps 169.143815
4. Prepare grid and mode functions.
>> s=-2 MSTModes 0.248396
>> MMp2gridL 0.35685
>> MMp2gridR 8.606171
>> s=-1 MSTModes 0.139955
>> MMp1gridL 0.021231
>> MMp1gridR 0.516806
>> s=0 MSTModes 0.226469
A. Fill 1D grid.
>> s = 2, UP ... 57.382329
>> s = 1, UP ... 11.936618
>> s = 0, UP ... 17.794171
>> s = 2, IN ... 5.062399
>> s = 1, IN ... 0.58521
>> s = 0, IN ... 0.823643
1. Preliminaries.
Calculating B-matrices and Eigenvalues
2. Generate MSTModes
>> Generate s=-2 MSTModes 117.566479
>> Generate s=-1 MSTModes 114.5501
>> Generate hκModes 221.195595
3. Jumps
>> 0.720813
>> 5.069505
>> 8.309978
>> 7.571056
>> 94.766665
>> 31.162309
>> LinearSolve for s1 and κ jumps 0.592744
>> κ and s1 jumps 149.350625
4. Prepare grid and mode functions.
>> s=-2 MSTModes 0.236981
>> MMp2gridL 0.340155
>> MMp2gridR 8.277048
>> s=-1 MSTModes 0.134875
>> MMp1gridL 0.02072
>> MMp1gridR 0.496356
>> s=0 MSTModes 0.218715
A. Fill 1D grid.
>> s = 2, UP ... 53.981946
>> s = 1, UP ... 11.177014
>> s = 0, UP ... 16.859149
>> s = 2, IN ... 5.010747
>> s = 1, IN ... 0.572227
>> s = 0, IN ... 0.809329
1. Preliminaries.
Calculating B-matrices and Eigenvalues
2. Generate MSTModes
>> Generate s=-2 MSTModes 128.044999
>> Generate s=-1 MSTModes 124.901086
>> Generate hκModes 222.283066
3. Jumps
>> 0.692738
>> 4.367171
>> 8.00949
>> 24.165418
>> 156.603971
>> 100.052461
>> LinearSolve for s1 and κ jumps 0.613644
>> κ and s1 jumps 295.68031
4. Prepare grid and mode functions.
>> s=-2 MSTModes 0.234274
>> MMp2gridL 0.331654
>> MMp2gridR 7.951597
>> s=-1 MSTModes 0.134002
>> MMp1gridL 0.019993
>> MMp1gridR 0.479577
>> s=0 MSTModes 0.211633
A. Fill 1D grid.
>> s = 2, UP ... 51.477504
>> s = 1, UP ... 10.601961
>> s = 0, UP ... 21.66696
>> s = 2, IN ... 4.944841
>> s = 1, IN ... 0.558988
>> s = 0, IN ... 0.875011
1. Preliminaries.
Calculating B-matrices and Eigenvalues
2. Generate MSTModes
>> Generate s=-2 MSTModes 140.958581
>> Generate s=-1 MSTModes 138.558664
>> Generate hκModes 225.767029
3. Jumps
>> 0.651227
>> 4.117542
>> 7.819352
>> 21.15281
>> 134.594264
>> 83.370531
>> LinearSolve for s1 and κ jumps 0.813565
>> κ and s1 jumps 253.58696
4. Prepare grid and mode functions.
>> s=-2 MSTModes 0.221437
>> MMp2gridL 0.317218
>> MMp2gridR 7.603549
>> s=-1 MSTModes 0.12856
>> MMp1gridL 0.019114
>> MMp1gridR 0.464391
>> s=0 MSTModes 0.204366
A. Fill 1D grid.
>> s = 2, UP ... 48.671558
>> s = 1, UP ... 10.005208
>> s = 0, UP ... 20.391606
>> s = 2, IN ... 4.957169
>> s = 1, IN ... 0.546219
>> s = 0, IN ... 0.872543
1. Preliminaries.
Calculating B-matrices and Eigenvalues
2. Generate MSTModes
>> Generate s=-2 MSTModes 156.748627
>> Generate s=-1 MSTModes 152.216158
>> Generate hκModes 227.24917
3. Jumps
>> 0.630904
>> 3.629914
>> 7.573382
>> 17.743736
>> 120.267589
>> 73.906738
>> LinearSolve for s1 and κ jumps 0.622556
>> κ and s1 jumps 225.34765
4. Prepare grid and mode functions.
>> s=-2 MSTModes 0.21953
>> MMp2gridL 0.308209
>> MMp2gridR 7.455329
>> s=-1 MSTModes 0.125536
>> MMp1gridL 0.018718
>> MMp1gridR 0.451095
>> s=0 MSTModes 0.196708
A. Fill 1D grid.
>> s = 2, UP ... 46.627245
>> s = 1, UP ... 9.547068
>> s = 0, UP ... 19.382298
>> s = 2, IN ... 4.945991
>> s = 1, IN ... 0.539501
>> s = 0, IN ... 0.844681
1. Preliminaries.
Calculating B-matrices and Eigenvalues
2. Generate MSTModes
>> Generate s=-2 MSTModes 168.245803
>> Generate s=-1 MSTModes 162.134988
>> Generate hκModes 226.971738
3. Jumps
>> 0.599266
>> 3.244172
>> 7.241994
>> 15.653826
>> 105.367008
>> 64.248011
>> LinearSolve for s1 and κ jumps 0.621954
>> κ and s1 jumps 197.860227
4. Prepare grid and mode functions.
>> s=-2 MSTModes 0.21192
>> MMp2gridL 0.294035
>> MMp2gridR 7.040649
>> s=-1 MSTModes 0.12283
>> MMp1gridL 0.01801
>> MMp1gridR 0.429813
>> s=0 MSTModes 0.191577
A. Fill 1D grid.
>> s = 2, UP ... 43.803188
>> s = 1, UP ... 8.990275
>> s = 0, UP ... 18.116725
>> s = 2, IN ... 4.875801
>> s = 1, IN ... 0.525124
>> s = 0, IN ... 0.826589
1. Preliminaries.
Calculating B-matrices and Eigenvalues
2. Generate MSTModes
>> Generate s=-2 MSTModes 178.726063
>> Generate s=-1 MSTModes 174.378373
>> Generate hκModes 228.391929
3. Jumps
>> 0.57141
>> 2.854675
>> 6.990798
>> 13.368895
>> 91.333113
>> 54.916954
>> LinearSolve for s1 and κ jumps 0.032151
>> κ and s1 jumps 170.854698
4. Prepare grid and mode functions.
>> s=-2 MSTModes 0.237206
>> MMp2gridL 0.284026
>> MMp2gridR 6.810696
>> s=-1 MSTModes 0.119453
>> MMp1gridL 0.017451
>> MMp1gridR 0.423983
>> s=0 MSTModes 0.184385
A. Fill 1D grid.
>> s = 2, UP ... 41.741088
>> s = 1, UP ... 8.507148
>> s = 0, UP ... 17.180235
>> s = 2, IN ... 4.856679
>> s = 1, IN ... 0.52087
>> s = 0, IN ... 0.80691
1. Preliminaries.
Calculating B-matrices and Eigenvalues
2. Generate MSTModes
>> Generate s=-2 MSTModes 192.960455
>> Generate s=-1 MSTModes 187.696488
>> Generate hκModes 228.186649
3. Jumps
>> 0.548882
>> 2.500608
>> 6.694376
>> 11.331993
>> 78.021159
>> 46.123838
>> LinearSolve for s1 and κ jumps 0.032036
>> κ and s1 jumps 145.970544
4. Prepare grid and mode functions.
>> s=-2 MSTModes 0.232104
>> MMp2gridL 0.268282
>> MMp2gridR 6.454836
>> s=-1 MSTModes 0.114521
>> MMp1gridL 0.016568
>> MMp1gridR 0.407642
>> s=0 MSTModes 0.179606
A. Fill 1D grid.
>> s = 2, UP ... 39.299587
>> s = 1, UP ... 7.986771
>> s = 0, UP ... 16.056835
>> s = 2, IN ... 4.830572
>> s = 1, IN ... 0.509395
>> s = 0, IN ... 0.817829
1. Preliminaries.
Calculating B-matrices and Eigenvalues
2. Generate MSTModes
>> Generate s=-2 MSTModes 203.8358
>> Generate s=-1 MSTModes 198.472961
>> Generate hκModes 226.832022
3. Jumps
>> 0.527714
>> 2.233347
>> 6.510189
>> 9.673495
>> 65.954398
>> 38.049541
>> LinearSolve for s1 and κ jumps 0.028601
>> κ and s1 jumps 123.594995
4. Prepare grid and mode functions.
>> s=-2 MSTModes 0.22488
>> MMp2gridL 0.257482
>> MMp2gridR 6.096319
>> s=-1 MSTModes 0.108465
>> MMp1gridL 0.015597
>> MMp1gridR 0.387481
>> s=0 MSTModes 0.172146
A. Fill 1D grid.
>> s = 2, UP ... 37.068875
>> s = 1, UP ... 7.524296
>> s = 0, UP ... 15.123542
>> s = 2, IN ... 4.774327
>> s = 1, IN ... 0.49295
>> s = 0, IN ... 0.775932
1. Preliminaries.
Calculating B-matrices and Eigenvalues
2. Generate MSTModes
>> Generate s=-2 MSTModes 213.146441
>> Generate s=-1 MSTModes 207.233386
>> Generate hκModes 224.484254
3. Jumps
>> 0.496632
>> 1.937683
>> 6.1084
>> 7.76647
>> 56.333185
>> 31.681389
>> LinearSolve for s1 and κ jumps 0.036949
>> κ and s1 jumps 104.926865
4. Prepare grid and mode functions.
>> s=-2 MSTModes 0.218746
>> MMp2gridL 0.245415
>> MMp2gridR 5.831534
>> s=-1 MSTModes 0.105575
>> MMp1gridL 0.01511
>> MMp1gridR 0.37232
>> s=0 MSTModes 0.165021
A. Fill 1D grid.
>> s = 2, UP ... 35.108873
>> s = 1, UP ... 7.081663
>> s = 0, UP ... 14.21032
>> s = 2, IN ... 4.758686
>> s = 1, IN ... 0.48548
>> s = 0, IN ... 0.768391
1. Preliminaries.
Calculating B-matrices and Eigenvalues
2. Generate MSTModes
>> Generate s=-2 MSTModes 223.408688
>> Generate s=-1 MSTModes 214.389275
>> Generate hκModes 398.655154
3. Jumps
>> 0.477101
>> 1.710825
>> 5.782513
>> 6.647411
>> 47.869944
>> 26.449303
>> LinearSolve for s1 and κ jumps 0.025235
>> κ and s1 jumps 89.458115
4. Prepare grid and mode functions.
>> s=-2 MSTModes 0.214051
>> MMp2gridL 0.234325
>> MMp2gridR 5.567192
>> s=-1 MSTModes 0.101355
>> MMp1gridL 0.014214
>> MMp1gridR 0.356895
>> s=0 MSTModes 0.15722
A. Fill 1D grid.
>> s = 2, UP ... 33.136843
>> s = 1, UP ... 6.61776
>> s = 0, UP ... 13.186775
>> s = 2, IN ... 4.745468
>> s = 1, IN ... 0.475648
>> s = 0, IN ... 0.744029
1. Preliminaries.
Calculating B-matrices and Eigenvalues
2. Generate MSTModes
>> Generate s=-2 MSTModes 255.046807
>> Generate s=-1 MSTModes 245.332854
>> Generate hκModes 444.016115
3. Jumps
>> 0.45914
>> 1.498839
>> 5.594957
>> 5.390113
>> 40.12238
>> 21.510951
>> LinearSolve for s1 and κ jumps 0.025044
>> κ and s1 jumps 75.039775
4. Prepare grid and mode functions.
>> s=-2 MSTModes 0.210089
>> MMp2gridL 0.218987
>> MMp2gridR 5.319041
>> s=-1 MSTModes 0.096426
>> MMp1gridL 0.013724
>> MMp1gridR 0.339039
>> s=0 MSTModes 0.154046
A. Fill 1D grid.
>> s = 2, UP ... 31.746461
>> s = 1, UP ... 6.324437
>> s = 0, UP ... 12.258155
>> s = 2, IN ... 4.740887
>> s = 1, IN ... 0.466044
>> s = 0, IN ... 0.737409
1. Preliminaries.
Calculating B-matrices and Eigenvalues
2. Generate MSTModes
>> Generate s=-2 MSTModes 278.769234
>> Generate s=-1 MSTModes 270.128469
>> Generate hκModes 456.925644
3. Jumps
>> 0.443162
>> 1.280003
>> 5.175091
>> 4.409836
>> 33.076647
>> 17.439115
>> LinearSolve for s1 and κ jumps 0.022365
>> κ and s1 jumps 62.228412
4. Prepare grid and mode functions.
>> s=-2 MSTModes 0.202003
>> MMp2gridL 0.207677
>> MMp2gridR 5.069806
>> s=-1 MSTModes 0.090848
>> MMp1gridL 0.012555
>> MMp1gridR 0.323212
>> s=0 MSTModes 0.147711
A. Fill 1D grid.
>> s = 2, UP ... 30.148119
>> s = 1, UP ... 5.926311
>> s = 0, UP ... 11.510894
>> s = 2, IN ... 4.66134
>> s = 1, IN ... 0.456415
>> s = 0, IN ... 0.72116
1. Preliminaries.
Calculating B-matrices and Eigenvalues
2. Generate MSTModes
>> Generate s=-2 MSTModes 303.490718
>> Generate s=-1 MSTModes 295.979417
>> Generate hκModes 457.627121
3. Jumps
>> 0.425818
>> 1.124986
>> 4.909565
>> 3.594117
>> 27.470164
>> 13.963202
>> LinearSolve for s1 and κ jumps 0.050031
>> κ and s1 jumps 51.876861
4. Prepare grid and mode functions.
>> s=-2 MSTModes 0.193039
>> MMp2gridL 0.194378
>> MMp2gridR 4.876268
>> s=-1 MSTModes 0.086968
>> MMp1gridL 0.011986
>> MMp1gridR 0.303991
>> s=0 MSTModes 0.140868
A. Fill 1D grid.
>> s = 2, UP ... 28.309791
>> s = 1, UP ... 5.508511
>> s = 0, UP ... 10.762108
>> s = 2, IN ... 4.633983
>> s = 1, IN ... 0.444878
>> s = 0, IN ... 0.702013
1. Preliminaries.
Calculating B-matrices and Eigenvalues
2. Generate MSTModes
>> Generate s=-2 MSTModes 322.735151
>> Generate s=-1 MSTModes 313.285045
>> Generate hκModes 457.256175
3. Jumps
>> 0.409659
>> 0.948763
>> 4.605267
>> 2.869962
>> 22.772225
>> 11.202477
>> LinearSolve for s1 and κ jumps 0.02398
>> κ and s1 jumps 43.129042
4. Prepare grid and mode functions.
>> s=-2 MSTModes 0.192411
>> MMp2gridL 0.183851
>> MMp2gridR 4.533306
>> s=-1 MSTModes 0.084632
>> MMp1gridL 0.011698
>> MMp1gridR 0.292615
>> s=0 MSTModes 0.14269
A. Fill 1D grid.
>> s = 2, UP ... 27.219331
>> s = 1, UP ... 5.399427
>> s = 0, UP ... 10.210912
>> s = 2, IN ... 4.619798
>> s = 1, IN ... 0.441401
>> s = 0, IN ... 0.694301
1. Preliminaries.
Calculating B-matrices and Eigenvalues
2. Generate MSTModes
>> Generate s=-2 MSTModes 338.236648
>> Generate s=-1 MSTModes 330.288123
>> Generate hκModes 450.329585
3. Jumps
>> 0.397161
>> 0.856945
>> 4.254753
>> 2.239351
>> 18.35218
>> 8.836291
>> LinearSolve for s1 and κ jumps 0.021637
>> κ and s1 jumps 35.220518
4. Prepare grid and mode functions.
>> s=-2 MSTModes 0.186581
>> MMp2gridL 0.17203
>> MMp2gridR 4.288855
>> s=-1 MSTModes 0.078316
>> MMp1gridL 0.010547
>> MMp1gridR 0.273933
>> s=0 MSTModes 0.139738
A. Fill 1D grid.
>> s = 2, UP ... 25.887603
>> s = 1, UP ... 4.950352
>> s = 0, UP ... 9.440601
>> s = 2, IN ... 4.63236
>> s = 1, IN ... 0.432127
>> s = 0, IN ... 0.688921
1. Preliminaries.
Calculating B-matrices and Eigenvalues
2. Generate MSTModes
>> Generate s=-2 MSTModes 362.143
>> Generate s=-1 MSTModes 352.347909
>> Generate hκModes 441.713255
3. Jumps
>> 0.386537
>> 0.683351
>> 4.25043
>> 1.757596
>> 14.589388
>> 6.702296
>> LinearSolve for s1 and κ jumps 0.019614
>> κ and s1 jumps 28.612284
4. Prepare grid and mode functions.
>> s=-2 MSTModes 0.177452
>> MMp2gridL 0.160959
>> MMp2gridR 3.999896
>> s=-1 MSTModes 0.074277
>> MMp1gridL 0.010064
>> MMp1gridR 0.256712
>> s=0 MSTModes 0.131017
A. Fill 1D grid.
>> s = 2, UP ... 24.118388
>> s = 1, UP ... 4.566354
>> s = 0, UP ... 8.718575
>> s = 2, IN ... 4.706571
>> s = 1, IN ... 0.42724
>> s = 0, IN ... 0.67868
1. Preliminaries.
Calculating B-matrices and Eigenvalues
2. Generate MSTModes
>> Generate s=-2 MSTModes 378.491698
>> Generate s=-1 MSTModes 367.139968
>> Generate hκModes 425.607959
3. Jumps
>> 0.371654
>> 0.575388
>> 3.663018
>> 1.338167
>> 11.320988
>> 5.076244
>> LinearSolve for s1 and κ jumps 0.183141
>> κ and s1 jumps 22.766885
4. Prepare grid and mode functions.
>> s=-2 MSTModes 0.126118
>> MMp2gridL 0.143983
>> MMp2gridR 3.680124
>> s=-1 MSTModes 0.068323
>> MMp1gridL 0.00932
>> MMp1gridR 0.237387
>> s=0 MSTModes 0.12475
A. Fill 1D grid.
>> s = 2, UP ... 22.595079
>> s = 1, UP ... 4.24953
>> s = 0, UP ... 7.983766
>> s = 2, IN ... 4.627402
>> s = 1, IN ... 0.419065
>> s = 0, IN ... 0.670952
1. Preliminaries.
Calculating B-matrices and Eigenvalues
2. Generate MSTModes
>> Generate s=-2 MSTModes 386.261511
>> Generate s=-1 MSTModes 375.8158
>> Generate hκModes 408.519087
3. Jumps
>> 0.35565
>> 0.494063
>> 3.345001
>> 1.139923
>> 8.663218
>> 3.634752
>> LinearSolve for s1 and κ jumps 0.011369
>> κ and s1 jumps 17.799
4. Prepare grid and mode functions.
>> s=-2 MSTModes 0.113864
>> MMp2gridL 0.132615
>> MMp2gridR 3.334367
>> s=-1 MSTModes 0.062916
>> MMp1gridL 0.00851
>> MMp1gridR 0.218503
>> s=0 MSTModes 0.116845
A. Fill 1D grid.
>> s = 2, UP ... 20.669302
>> s = 1, UP ... 3.809554
>> s = 0, UP ... 7.065183
>> s = 2, IN ... 4.571885
>> s = 1, IN ... 0.414093
>> s = 0, IN ... 0.655993
1. Preliminaries.
Calculating B-matrices and Eigenvalues
2. Generate MSTModes
>> Generate s=-2 MSTModes 383.86465
>> Generate s=-1 MSTModes 371.817574
>> Generate hκModes 383.253096
3. Jumps
>> 0.371294
>> 0.418866
>> 3.141212
>> 0.771826
>> 6.452765
>> 2.58454
>> LinearSolve for s1 and κ jumps 0.036357
>> κ and s1 jumps 13.908066
4. Prepare grid and mode functions.
>> s=-2 MSTModes 0.106157
>> MMp2gridL 0.11925
>> MMp2gridR 3.005291
>> s=-1 MSTModes 0.057063
>> MMp1gridL 0.007611
>> MMp1gridR 0.197144
>> s=0 MSTModes 0.1081
A. Fill 1D grid.
>> s = 2, UP ... 19.022431
>> s = 1, UP ... 3.445956
>> s = 0, UP ... 6.39759
>> s = 2, IN ... 4.564948
>> s = 1, IN ... 0.40097
>> s = 0, IN ... 0.64397
1. Preliminaries.
Calculating B-matrices and Eigenvalues
2. Generate MSTModes
>> Generate s=-2 MSTModes 383.745231
>> Generate s=-1 MSTModes 368.071518
>> Generate hκModes 356.129848
3. Jumps
>> 0.340243
>> 0.35704
>> 2.728635
>> 0.577562
>> 4.708481
>> 1.922192
>> LinearSolve for s1 and κ jumps 0.008688
>> κ and s1 jumps 10.748835
4. Prepare grid and mode functions.
>> s=-2 MSTModes 0.096524
>> MMp2gridL 0.107229
>> MMp2gridR 2.751718
>> s=-1 MSTModes 0.053353
>> MMp1gridL 0.006971
>> MMp1gridR 0.179611
>> s=0 MSTModes 0.095892
A. Fill 1D grid.
>> s = 2, UP ... 17.614952
>> s = 1, UP ... 3.124388
>> s = 0, UP ... 5.987202
>> s = 2, IN ... 4.54159
>> s = 1, IN ... 0.397914
>> s = 0, IN ... 0.641573
1. Preliminaries.
Calculating B-matrices and Eigenvalues
2. Generate MSTModes
>> Generate s=-2 MSTModes 368.832058
>> Generate s=-1 MSTModes 346.638534
>> Generate hκModes 322.991956
3. Jumps
>> 0.329298
>> 0.303993
>> 2.366134
>> 0.437009
>> 3.422821
>> 1.171751
>> LinearSolve for s1 and κ jumps 0.007575
>> κ and s1 jumps 8.124903
4. Prepare grid and mode functions.
>> s=-2 MSTModes 0.08651
>> MMp2gridL 0.092681
>> MMp2gridR 2.366916
>> s=-1 MSTModes 0.046251
>> MMp1gridL 0.006026
>> MMp1gridR 0.153849
>> s=0 MSTModes 0.084467
A. Fill 1D grid.
>> s = 2, UP ... 15.719979
>> s = 1, UP ... 2.746607
>> s = 0, UP ... 5.252139
>> s = 2, IN ... 4.524756
>> s = 1, IN ... 0.388067
>> s = 0, IN ... 0.624559
1. Preliminaries.
Calculating B-matrices and Eigenvalues
2. Generate MSTModes
>> Generate s=-2 MSTModes 317.894319
>> Generate s=-1 MSTModes 311.517162
