Task 3 on node702.cluster: a=0.00000000000001 r0=8.0
Job started: a = 1.*^-14, r0 = 8., savepath = /lustre/astro/dyson/DataFiles/KerrCircSourceFiles/h1RadialAsymp
Warning: rstarmin is outside the allowed range.
Now we Calculate the Radiative Solutions
1. Preliminaries.
Calculating B-matrices and Eigenvalues
2. Generate MSTModes
>> Generate s=-2 MSTModes 76.70641
>> Generate s=-1 MSTModes 78.520178
>> Generate hκModes 220.760317
3. Jumps
>> 0.863303
>> 6.008861
>> 6.849419
>> 39.635949
>> 245.971864
>> 167.290705
>> LinearSolve for s1 and κ jumps 0.004493
>> κ and s1 jumps 468.695439
4. Prepare grid and mode functions.
>> s=-2 MSTModes 0.270787
>> MMp2gridL 0.341859
>> MMp2gridR 8.775398
>> s=-1 MSTModes 0.093133
>> MMp1gridL 0.018026
>> MMp1gridR 0.322495
>> s=0 MSTModes 0.207667
A. Fill 1D grid.
>> s = 2, UP ... 62.636086
>> s = 1, UP ... 2.266583
>> s = 0, UP ... 20.959512
>> s = 2, IN ... 4.83597

                                                                                                                                         -302            -7             -9
General::munfl: 2.17113620436638421232263542066243143152127847941893840488074653126746596989997231747175973003797340117672973199910463 10     (1.79402 10   - 4.43045 10   I) is too small to represent as a normalized machine number; precision may be lost.

                                                                                                                                        -321
General::munfl: 6.4611502453427811410401687491334984403845740503931092793365261523185725522876721739664297593518266340830965216739788 10     (-28.0781 - 671.021 I) is too small to represent as a normalized machine number; precision may be lost.

                                                                                                                                        -321
General::munfl: 6.4611502453427811410401687491334984403845740503931092793365261523185725522876721739664297593518266340830965216739788 10     (-1.52484 - 40.6666 I) is too small to represent as a normalized machine number; precision may be lost.

General::stop: Further output of General::munfl will be suppressed during this calculation.
>> s = 1, IN ... 0.520053
>> s = 0, IN ... 0.833737
1. Preliminaries.
Calculating B-matrices and Eigenvalues
2. Generate MSTModes
>> Generate s=-2 MSTModes 89.300871
>> Generate s=-1 MSTModes 88.505914
>> Generate hκModes 217.509743
3. Jumps
>> 0.796758
>> 6.193847
>> 7.861162
>> 35.664335
>> 231.957601
>> 152.06264
>> LinearSolve for s1 and κ jumps 0.501434
>> κ and s1 jumps 436.498426
4. Prepare grid and mode functions.
>> s=-2 MSTModes 0.248208
>> MMp2gridL 0.343215
>> MMp2gridR 8.94612
>> s=-1 MSTModes 0.142265
>> MMp1gridL 0.020337
>> MMp1gridR 0.515888
>> s=0 MSTModes 0.232303
A. Fill 1D grid.
>> s = 2, UP ... 60.287624
>> s = 1, UP ... 12.787954
>> s = 0, UP ... 26.930079
>> s = 2, IN ... 4.802035
>> s = 1, IN ... 0.560112
>> s = 0, IN ... 0.869158
1. Preliminaries.
Calculating B-matrices and Eigenvalues
2. Generate MSTModes
>> Generate s=-2 MSTModes 102.564394
>> Generate s=-1 MSTModes 101.50215
>> Generate hκModes 219.425523
3. Jumps
>> 0.786469
>> 5.55717
>> 8.30683
>> 31.4035
>> 202.991995
>> 131.598437
>> LinearSolve for s1 and κ jumps 0.591294
>> κ and s1 jumps 382.58545
4. Prepare grid and mode functions.
>> s=-2 MSTModes 0.243308
>> MMp2gridL 0.333953
>> MMp2gridR 8.751654
>> s=-1 MSTModes 0.140595
>> MMp1gridL 0.020005
>> MMp1gridR 0.496754
>> s=0 MSTModes 0.226539
A. Fill 1D grid.
>> s = 2, UP ... 57.624455
>> s = 1, UP ... 12.144674
>> s = 0, UP ... 25.269738
>> s = 2, IN ... 4.781237
>> s = 1, IN ... 0.553665
>> s = 0, IN ... 0.849782
1. Preliminaries.
Calculating B-matrices and Eigenvalues
2. Generate MSTModes
>> Generate s=-2 MSTModes 116.645235
>> Generate s=-1 MSTModes 111.346393
>> Generate hκModes 220.740392
3. Jumps
>> 0.720672
>> 5.009019
>> 8.269414
>> 27.760469
>> 181.545254
>> 116.746626
>> LinearSolve for s1 and κ jumps 0.559233
>> κ and s1 jumps 341.857003
4. Prepare grid and mode functions.
>> s=-2 MSTModes 0.240821
>> MMp2gridL 0.322532
>> MMp2gridR 8.384244
>> s=-1 MSTModes 0.136335
>> MMp1gridL 0.019473
>> MMp1gridR 0.485477
>> s=0 MSTModes 0.220017
A. Fill 1D grid.
>> s = 2, UP ... 54.511923
>> s = 1, UP ... 11.381343
>> s = 0, UP ... 23.546645
>> s = 2, IN ... 4.753666
>> s = 1, IN ... 0.538348
>> s = 0, IN ... 0.833039
1. Preliminaries.
Calculating B-matrices and Eigenvalues
2. Generate MSTModes
>> Generate s=-2 MSTModes 127.406838
>> Generate s=-1 MSTModes 124.685391
>> Generate hκModes 223.637525
3. Jumps
>> 0.689993
>> 4.463137
>> 8.058966
>> 24.565773
>> 159.393214
>> 99.469126
>> LinearSolve for s1 and κ jumps 0.422139
>> κ and s1 jumps 298.165255
4. Prepare grid and mode functions.
>> s=-2 MSTModes 0.232554
>> MMp2gridL 0.309786
>> MMp2gridR 7.996818
>> s=-1 MSTModes 0.129718
>> MMp1gridL 0.018574
>> MMp1gridR 0.462884
>> s=0 MSTModes 0.211116
A. Fill 1D grid.
>> s = 2, UP ... 51.754541
>> s = 1, UP ... 10.527184
>> s = 0, UP ... 21.704563
>> s = 2, IN ... 4.721511
>> s = 1, IN ... 0.531328
>> s = 0, IN ... 0.816642
1. Preliminaries.
Calculating B-matrices and Eigenvalues
2. Generate MSTModes
>> Generate s=-2 MSTModes 141.744853
>> Generate s=-1 MSTModes 138.229862
>> Generate hκModes 225.600151
3. Jumps
>> 0.654491
>> 4.042811
>> 8.371671
>> 21.025024
>> 140.394846
>> 88.429349
>> LinearSolve for s1 and κ jumps 0.422113
>> κ and s1 jumps 264.398756
4. Prepare grid and mode functions.
>> s=-2 MSTModes 0.228212
>> MMp2gridL 0.297405
>> MMp2gridR 7.819472
>> s=-1 MSTModes 0.129604
>> MMp1gridL 0.018002
>> MMp1gridR 0.454796
>> s=0 MSTModes 0.202657
A. Fill 1D grid.
>> s = 2, UP ... 49.190483
>> s = 1, UP ... 9.992868
>> s = 0, UP ... 20.362536
>> s = 2, IN ... 4.717753
>> s = 1, IN ... 0.522844
>> s = 0, IN ... 0.803039
1. Preliminaries.
Calculating B-matrices and Eigenvalues
2. Generate MSTModes
>> Generate s=-2 MSTModes 157.273254
>> Generate s=-1 MSTModes 155.297125
>> Generate hκModes 229.894302
3. Jumps
>> 0.630019
>> 3.655755
>> 7.676875
>> 18.20368
>> 119.982475
>> 72.871521
>> LinearSolve for s1 and κ jumps 0.444452
>> κ and s1 jumps 224.396055
4. Prepare grid and mode functions.
>> s=-2 MSTModes 0.237906
>> MMp2gridL 0.28778
>> MMp2gridR 7.386459
>> s=-1 MSTModes 0.122724
>> MMp1gridL 0.017656
>> MMp1gridR 0.437725
>> s=0 MSTModes 0.194514
A. Fill 1D grid.
>> s = 2, UP ... 46.371476
>> s = 1, UP ... 9.349315
>> s = 0, UP ... 19.046422
>> s = 2, IN ... 4.702535
>> s = 1, IN ... 0.513159
>> s = 0, IN ... 0.788151
1. Preliminaries.
Calculating B-matrices and Eigenvalues
2. Generate MSTModes
>> Generate s=-2 MSTModes 171.405316
>> Generate s=-1 MSTModes 166.303253
>> Generate hκModes 228.246349
3. Jumps
>> 0.602267
>> 3.271245
>> 7.395573
>> 15.734841
>> 106.88151
>> 65.224364
>> LinearSolve for s1 and κ jumps 0.574686
>> κ and s1 jumps 200.528939
4. Prepare grid and mode functions.
>> s=-2 MSTModes 0.213297
>> MMp2gridL 0.2767
>> MMp2gridR 7.208529
>> s=-1 MSTModes 0.122187
>> MMp1gridL 0.016895
>> MMp1gridR 0.428223
>> s=0 MSTModes 0.190314
A. Fill 1D grid.
>> s = 2, UP ... 43.857128
>> s = 1, UP ... 8.857534
>> s = 0, UP ... 17.980446
>> s = 2, IN ... 4.697972
>> s = 1, IN ... 0.504299
>> s = 0, IN ... 0.774725
1. Preliminaries.
Calculating B-matrices and Eigenvalues
2. Generate MSTModes
>> Generate s=-2 MSTModes 185.43653
>> Generate s=-1 MSTModes 179.767845
>> Generate hκModes 229.547582
3. Jumps
>> 0.572605
>> 2.881135
>> 7.151065
>> 13.277866
>> 91.849831
>> 55.216127
>> LinearSolve for s1 and κ jumps 0.016359
>> κ and s1 jumps 171.706213
4. Prepare grid and mode functions.
>> s=-2 MSTModes 0.240139
>> MMp2gridL 0.270275
>> MMp2gridR 6.909305
>> s=-1 MSTModes 0.117112
>> MMp1gridL 0.016368
>> MMp1gridR 0.413418
>> s=0 MSTModes 0.183516
A. Fill 1D grid.
>> s = 2, UP ... 41.521454
>> s = 1, UP ... 8.344463
>> s = 0, UP ... 16.834808
>> s = 2, IN ... 4.663339
>> s = 1, IN ... 0.49671
>> s = 0, IN ... 0.767436
1. Preliminaries.
Calculating B-matrices and Eigenvalues
2. Generate MSTModes
>> Generate s=-2 MSTModes 197.863826
>> Generate s=-1 MSTModes 190.454742
>> Generate hκModes 228.77322
3. Jumps
>> 0.548
>> 2.552505
>> 6.718851
>> 11.292421
>> 79.292127
>> 46.783863
>> LinearSolve for s1 and κ jumps 0.014849
>> κ and s1 jumps 147.875294
4. Prepare grid and mode functions.
>> s=-2 MSTModes 0.236224
>> MMp2gridL 0.25376
>> MMp2gridR 6.562736
>> s=-1 MSTModes 0.112135
>> MMp1gridL 0.015544
>> MMp1gridR 0.401194
>> s=0 MSTModes 0.17783
A. Fill 1D grid.
>> s = 2, UP ... 39.228772
>> s = 1, UP ... 7.847453
>> s = 0, UP ... 15.752537
>> s = 2, IN ... 4.650505
>> s = 1, IN ... 0.484819
>> s = 0, IN ... 0.748064
1. Preliminaries.
Calculating B-matrices and Eigenvalues
2. Generate MSTModes
>> Generate s=-2 MSTModes 208.732791
>> Generate s=-1 MSTModes 201.837662
>> Generate hκModes 228.337168
3. Jumps
>> 0.528749
>> 2.207914
>> 6.525645
>> 9.526778
>> 66.921242
>> 38.86974
>> LinearSolve for s1 and κ jumps 0.014006
>> κ and s1 jumps 125.189748
4. Prepare grid and mode functions.
>> s=-2 MSTModes 0.227138
>> MMp2gridL 0.245749
>> MMp2gridR 6.253248
>> s=-1 MSTModes 0.108976
>> MMp1gridL 0.014981
>> MMp1gridR 0.384659
>> s=0 MSTModes 0.174372
A. Fill 1D grid.
>> s = 2, UP ... 37.074101
>> s = 1, UP ... 7.369766
>> s = 0, UP ... 14.785695
>> s = 2, IN ... 4.618176
>> s = 1, IN ... 0.483403
>> s = 0, IN ... 0.736049
1. Preliminaries.
Calculating B-matrices and Eigenvalues
2. Generate MSTModes
>> Generate s=-2 MSTModes 219.343358
>> Generate s=-1 MSTModes 210.340259
>> Generate hκModes 225.061197
3. Jumps
>> 0.497246
>> 1.949258
>> 6.161602
>> 7.909911
>> 57.125299
>> 32.3725
>> LinearSolve for s1 and κ jumps 0.013453
>> κ and s1 jumps 106.546536
4. Prepare grid and mode functions.
>> s=-2 MSTModes 0.224791
>> MMp2gridL 0.229732
>> MMp2gridR 5.96796
>> s=-1 MSTModes 0.103133
>> MMp1gridL 0.014195
>> MMp1gridR 0.365965
>> s=0 MSTModes 0.16268
A. Fill 1D grid.
>> s = 2, UP ... 34.788193
>> s = 1, UP ... 6.827637
>> s = 0, UP ... 13.614312
>> s = 2, IN ... 4.535606
>> s = 1, IN ... 0.459223
>> s = 0, IN ... 0.713835
1. Preliminaries.
Calculating B-matrices and Eigenvalues
2. Generate MSTModes
>> Generate s=-2 MSTModes 228.502384
>> Generate s=-1 MSTModes 221.004471
>> Generate hκModes 430.61571
3. Jumps
>> 0.485243
>> 1.793322
>> 5.884986
>> 6.626751
>> 49.382355
>> 26.979514
>> LinearSolve for s1 and κ jumps 0.012218
>> κ and s1 jumps 91.623947
4. Prepare grid and mode functions.
>> s=-2 MSTModes 0.219299
>> MMp2gridL 0.222736
>> MMp2gridR 5.734701
>> s=-1 MSTModes 0.099351
>> MMp1gridL 0.01345
>> MMp1gridR 0.350911
>> s=0 MSTModes 0.157897
A. Fill 1D grid.
>> s = 2, UP ... 32.977948
>> s = 1, UP ... 6.484345
>> s = 0, UP ... 12.804825
>> s = 2, IN ... 4.559371
>> s = 1, IN ... 0.45504
>> s = 0, IN ... 0.703353
1. Preliminaries.
Calculating B-matrices and Eigenvalues
2. Generate MSTModes
>> Generate s=-2 MSTModes 263.453821
>> Generate s=-1 MSTModes 254.955232
>> Generate hκModes 460.834549
3. Jumps
>> 0.466673
>> 1.493051
>> 5.685968
>> 5.384441
>> 40.651795
>> 21.877703
>> LinearSolve for s1 and κ jumps 0.011886
>> κ and s1 jumps 76.015389
4. Prepare grid and mode functions.
>> s=-2 MSTModes 0.213291
>> MMp2gridL 0.205202
>> MMp2gridR 5.390928
>> s=-1 MSTModes 0.095912
>> MMp1gridL 0.012719
>> MMp1gridR 0.33448
>> s=0 MSTModes 0.15497
A. Fill 1D grid.
>> s = 2, UP ... 31.590657
>> s = 1, UP ... 6.172067
>> s = 0, UP ... 12.036155
>> s = 2, IN ... 4.550627
>> s = 1, IN ... 0.447653
>> s = 0, IN ... 0.698093
1. Preliminaries.
Calculating B-matrices and Eigenvalues
2. Generate MSTModes
>> Generate s=-2 MSTModes 291.944134
>> Generate s=-1 MSTModes 284.873835
>> Generate hκModes 474.99679
3. Jumps
>> 0.488966
>> 1.314349
>> 5.229312
>> 4.506607
>> 34.74391
>> 18.192243
>> LinearSolve for s1 and κ jumps 0.011368
>> κ and s1 jumps 64.857491
4. Prepare grid and mode functions.
>> s=-2 MSTModes 0.21197
>> MMp2gridL 0.198594
>> MMp2gridR 5.211343
>> s=-1 MSTModes 0.095164
>> MMp1gridL 0.012176
>> MMp1gridR 0.331945
>> s=0 MSTModes 0.161938
A. Fill 1D grid.
>> s = 2, UP ... 31.011521
>> s = 1, UP ... 5.998491
>> s = 0, UP ... 11.711782
>> s = 2, IN ... 4.534509
>> s = 1, IN ... 0.441379
>> s = 0, IN ... 0.685959
1. Preliminaries.
Calculating B-matrices and Eigenvalues
2. Generate MSTModes
>> Generate s=-2 MSTModes 326.971681
>> Generate s=-1 MSTModes 318.98482
>> Generate hκModes 478.980942
3. Jumps
>> 0.435169
>> 1.119122
>> 4.972904
>> 3.671235
>> 28.950964
>> 14.791677
>> LinearSolve for s1 and κ jumps 0.010441
>> κ and s1 jumps 54.279795
4. Prepare grid and mode functions.
>> s=-2 MSTModes 0.207048
>> MMp2gridL 0.184466
>> MMp2gridR 4.927345
>> s=-1 MSTModes 0.09058
>> MMp1gridL 0.011458
>> MMp1gridR 0.312221
>> s=0 MSTModes 0.160564
A. Fill 1D grid.
>> s = 2, UP ... 29.386614
>> s = 1, UP ... 5.618513
>> s = 0, UP ... 10.929856
>> s = 2, IN ... 4.477243
>> s = 1, IN ... 0.430523
>> s = 0, IN ... 0.674911
1. Preliminaries.
Calculating B-matrices and Eigenvalues
2. Generate MSTModes
>> Generate s=-2 MSTModes 362.920866
>> Generate s=-1 MSTModes 352.164098
>> Generate hκModes 476.230656
3. Jumps
>> 0.416894
>> 0.958667
>> 4.719894
>> 2.887726
>> 23.430224
>> 11.60816
>> LinearSolve for s1 and κ jumps 0.009499
>> κ and s1 jumps 44.31525
4. Prepare grid and mode functions.
>> s=-2 MSTModes 0.198918
>> MMp2gridL 0.174706
>> MMp2gridR 4.642354
>> s=-1 MSTModes 0.08614
>> MMp1gridL 0.010876
>> MMp1gridR 0.29119
>> s=0 MSTModes 0.150629
A. Fill 1D grid.
>> s = 2, UP ... 27.972448
>> s = 1, UP ... 5.310999
>> s = 0, UP ... 10.27533
>> s = 2, IN ... 4.467319
>> s = 1, IN ... 0.427463
>> s = 0, IN ... 0.666666
1. Preliminaries.
Calculating B-matrices and Eigenvalues
2. Generate MSTModes
>> Generate s=-2 MSTModes 394.394881
>> Generate s=-1 MSTModes 381.755312
>> Generate hκModes 459.262381
3. Jumps
>> 0.401056
>> 0.819668
>> 4.296956
>> 2.270795
>> 18.307812
>> 8.818653
>> LinearSolve for s1 and κ jumps 0.029736
>> κ and s1 jumps 35.181639
4. Prepare grid and mode functions.
>> s=-2 MSTModes 0.184591
>> MMp2gridL 0.160985
>> MMp2gridR 4.265814
>> s=-1 MSTModes 0.076247
>> MMp1gridL 0.010133
>> MMp1gridR 0.260329
>> s=0 MSTModes 0.131061
A. Fill 1D grid.
>> s = 2, UP ... 24.737609
>> s = 1, UP ... 4.649581
>> s = 0, UP ... 9.052731
>> s = 2, IN ... 4.419853
>> s = 1, IN ... 0.411826
>> s = 0, IN ... 0.656856
1. Preliminaries.
Calculating B-matrices and Eigenvalues
2. Generate MSTModes
>> Generate s=-2 MSTModes 395.015691
>> Generate s=-1 MSTModes 386.42149
>> Generate hκModes 454.612644
3. Jumps
>> 0.391058
>> 0.700711
>> 4.042292
>> 1.762207
>> 14.561264
>> 6.739586
>> LinearSolve for s1 and κ jumps 0.040667
>> κ and s1 jumps 28.448402
4. Prepare grid and mode functions.
>> s=-2 MSTModes 0.172934
>> MMp2gridL 0.151683
>> MMp2gridR 4.008834
>> s=-1 MSTModes 0.073913
>> MMp1gridL 0.009692
>> MMp1gridR 0.256003
>> s=0 MSTModes 0.121602
A. Fill 1D grid.
>> s = 2, UP ... 23.984212
>> s = 1, UP ... 4.531131
>> s = 0, UP ... 8.691584
>> s = 2, IN ... 4.43855
>> s = 1, IN ... 0.413289
>> s = 0, IN ... 0.653034
1. Preliminaries.
Calculating B-matrices and Eigenvalues
2. Generate MSTModes
>> Generate s=-2 MSTModes 405.389992
