Task 12 on node704.cluster: a=0.99 r0=7.9
Job started: a = 0.99, r0 = 7.9, savepath = /lustre/astro/dyson/DataFiles/KerrCircSourceFiles/h1RadialAsymp
Warning: rstarmin is outside the allowed range.
Now we Calculate the Radiative Solutions
1. Preliminaries.
Calculating B-matrices and Eigenvalues
2. Generate MSTModes
>> Generate s=-2 MSTModes 86.384787
>> Generate s=-1 MSTModes 85.958357
>> Generate hκModes 227.945219
3. Jumps
>> 0.877132
>> 6.171013
>> 6.963144
>> 10.674863
>> 124.036992
>> 46.353912
>> LinearSolve for s1 and κ jumps 0.006771
>> κ and s1 jumps 197.024998
4. Prepare grid and mode functions.
>> s=-2 MSTModes 0.282122
>> MMp2gridL 0.365089
>> MMp2gridR 8.914617
>> s=-1 MSTModes 0.089983
>> MMp1gridL 0.019557
>> MMp1gridR 0.322848
>> s=0 MSTModes 0.206197
A. Fill 1D grid.
>> s = 2, UP ... 63.046288
>> s = 1, UP ... 2.224733
>> s = 0, UP ... 14.669039
>> s = 2, IN ... 5.112672
>> s = 1, IN ... 0.528348
>> s = 0, IN ... 0.808936
1. Preliminaries.
Calculating B-matrices and Eigenvalues
2. Generate MSTModes
>> Generate s=-2 MSTModes 99.030042
>> Generate s=-1 MSTModes 97.161017
>> Generate hκModes 225.997682
3. Jumps
>> 0.805585
>> 6.33937
>> 8.028709
>> 9.759155
>> 121.237551
>> 41.993217
>> LinearSolve for s1 and κ jumps 0.859485
>> κ and s1 jumps 190.425357
4. Prepare grid and mode functions.
>> s=-2 MSTModes 0.246954
>> MMp2gridL 0.365593
>> MMp2gridR 8.975016
>> s=-1 MSTModes 0.141971
>> MMp1gridL 0.021787
>> MMp1gridR 0.534091
>> s=0 MSTModes 0.232084
A. Fill 1D grid.
>> s = 2, UP ... 60.988498
>> s = 1, UP ... 13.38205
>> s = 0, UP ... 19.758057
>> s = 2, IN ... 5.009183
>> s = 1, IN ... 0.587397
>> s = 0, IN ... 0.82795
1. Preliminaries.
Calculating B-matrices and Eigenvalues
2. Generate MSTModes
>> Generate s=-2 MSTModes 110.371157
>> Generate s=-1 MSTModes 108.317267
>> Generate hκModes 228.655658
3. Jumps
>> 0.767482
>> 5.487617
>> 8.354901
>> 31.835621
>> 203.427138
>> 133.181266
>> LinearSolve for s1 and κ jumps 0.688929
>> κ and s1 jumps 385.167036
4. Prepare grid and mode functions.
>> s=-2 MSTModes 0.245204
>> MMp2gridL 0.357612
>> MMp2gridR 8.751252
>> s=-1 MSTModes 0.144144
>> MMp1gridL 0.021449
>> MMp1gridR 0.525623
>> s=0 MSTModes 0.225728
A. Fill 1D grid.
>> s = 2, UP ... 58.448308
>> s = 1, UP ... 12.805045
>> s = 0, UP ... 26.199012
>> s = 2, IN ... 4.980813
>> s = 1, IN ... 0.584587
>> s = 0, IN ... 0.908611
1. Preliminaries.
Calculating B-matrices and Eigenvalues
2. Generate MSTModes
>> Generate s=-2 MSTModes 124.324868
>> Generate s=-1 MSTModes 119.886012
>> Generate hκModes 222.507924
3. Jumps
>> 0.727839
>> 4.978834
>> 8.429309
>> 28.150992
>> 181.487953
>> 117.570831
>> LinearSolve for s1 and κ jumps 0.760349
>> κ and s1 jumps 343.403294
4. Prepare grid and mode functions.
>> s=-2 MSTModes 0.236764
>> MMp2gridL 0.340589
>> MMp2gridR 8.456193
>> s=-1 MSTModes 0.137195
>> MMp1gridL 0.020708
>> MMp1gridR 0.504762
>> s=0 MSTModes 0.218716
A. Fill 1D grid.
>> s = 2, UP ... 55.252236
>> s = 1, UP ... 12.087742
>> s = 0, UP ... 24.702826
>> s = 2, IN ... 4.936952
>> s = 1, IN ... 0.569813
>> s = 0, IN ... 0.888874
1. Preliminaries.
Calculating B-matrices and Eigenvalues
2. Generate MSTModes
>> Generate s=-2 MSTModes 133.986415
>> Generate s=-1 MSTModes 130.384515
>> Generate hκModes 225.655672
3. Jumps
>> 0.698497
>> 4.498421
>> 8.261758
>> 24.193132
>> 157.153961
>> 99.916968
>> LinearSolve for s1 and κ jumps 0.621648
>> κ and s1 jumps 296.532003
4. Prepare grid and mode functions.
>> s=-2 MSTModes 0.233668
>> MMp2gridL 0.331827
>> MMp2gridR 8.148559
>> s=-1 MSTModes 0.133952
>> MMp1gridL 0.020114
>> MMp1gridR 0.489179
>> s=0 MSTModes 0.212201
A. Fill 1D grid.
>> s = 2, UP ... 52.39308
>> s = 1, UP ... 11.013166
>> s = 0, UP ... 22.943932
>> s = 2, IN ... 4.91868
>> s = 1, IN ... 0.563906
>> s = 0, IN ... 0.876881
1. Preliminaries.
Calculating B-matrices and Eigenvalues
2. Generate MSTModes
>> Generate s=-2 MSTModes 147.214292
>> Generate s=-1 MSTModes 142.57542
>> Generate hκModes 229.242279
3. Jumps
>> 0.654718
>> 4.095619
>> 8.106346
>> 21.332072
>> 140.209539
>> 88.245655
>> LinearSolve for s1 and κ jumps 0.539292
>> κ and s1 jumps 264.320712
4. Prepare grid and mode functions.
>> s=-2 MSTModes 0.225663
>> MMp2gridL 0.318355
>> MMp2gridR 7.882308
>> s=-1 MSTModes 0.128711
>> MMp1gridL 0.019266
>> MMp1gridR 0.471086
>> s=0 MSTModes 0.207511
A. Fill 1D grid.
>> s = 2, UP ... 49.634929
>> s = 1, UP ... 10.522543
>> s = 0, UP ... 21.38727
>> s = 2, IN ... 4.882325
>> s = 1, IN ... 0.543094
>> s = 0, IN ... 0.852198
1. Preliminaries.
Calculating B-matrices and Eigenvalues
2. Generate MSTModes
>> Generate s=-2 MSTModes 162.439812
>> Generate s=-1 MSTModes 157.038747
>> Generate hκModes 231.940182
3. Jumps
>> 0.626009
>> 3.666229
>> 8.114372
>> 18.046057
>> 122.422322
>> 75.363246
>> LinearSolve for s1 and κ jumps 0.776893
>> κ and s1 jumps 230.012923
4. Prepare grid and mode functions.
>> s=-2 MSTModes 0.218032
>> MMp2gridL 0.306207
>> MMp2gridR 7.556229
>> s=-1 MSTModes 0.126975
>> MMp1gridL 0.01885
>> MMp1gridR 0.454902
>> s=0 MSTModes 0.197799
A. Fill 1D grid.
>> s = 2, UP ... 46.904346
>> s = 1, UP ... 9.724459
>> s = 0, UP ... 19.998143
>> s = 2, IN ... 4.861598
>> s = 1, IN ... 0.538761
>> s = 0, IN ... 0.839932
1. Preliminaries.
Calculating B-matrices and Eigenvalues
2. Generate MSTModes
>> Generate s=-2 MSTModes 174.571294
>> Generate s=-1 MSTModes 168.642707
>> Generate hκModes 233.529703
3. Jumps
>> 0.603777
>> 3.258624
>> 7.347046
>> 15.458371
>> 104.988625
>> 63.755826
>> LinearSolve for s1 and κ jumps 0.806486
>> κ and s1 jumps 197.106665
4. Prepare grid and mode functions.
>> s=-2 MSTModes 0.212449
>> MMp2gridL 0.293205
>> MMp2gridR 7.29698
>> s=-1 MSTModes 0.120727
>> MMp1gridL 0.017819
>> MMp1gridR 0.438546
>> s=0 MSTModes 0.193277
A. Fill 1D grid.
>> s = 2, UP ... 44.116608
>> s = 1, UP ... 9.146993
>> s = 0, UP ... 18.534416
>> s = 2, IN ... 4.837642
>> s = 1, IN ... 0.523135
>> s = 0, IN ... 0.824288
1. Preliminaries.
Calculating B-matrices and Eigenvalues
2. Generate MSTModes
>> Generate s=-2 MSTModes 187.55275
>> Generate s=-1 MSTModes 180.398921
>> Generate hκModes 233.775465
3. Jumps
>> 0.574887
>> 2.885266
>> 7.512745
>> 13.503697
>> 91.716873
>> 55.215014
>> LinearSolve for s1 and κ jumps 0.034364
>> κ and s1 jumps 172.24247
4. Prepare grid and mode functions.
>> s=-2 MSTModes 0.236549
>> MMp2gridL 0.282045
>> MMp2gridR 6.978759
>> s=-1 MSTModes 0.11786
>> MMp1gridL 0.017117
>> MMp1gridR 0.429547
>> s=0 MSTModes 0.183729
A. Fill 1D grid.
>> s = 2, UP ... 41.647159
>> s = 1, UP ... 8.597487
>> s = 0, UP ... 17.188951
>> s = 2, IN ... 4.820762
>> s = 1, IN ... 0.516727
>> s = 0, IN ... 0.805776
1. Preliminaries.
Calculating B-matrices and Eigenvalues
2. Generate MSTModes
>> Generate s=-2 MSTModes 197.74801
>> Generate s=-1 MSTModes 191.222232
>> Generate hκModes 235.422024
3. Jumps
>> 0.54344
>> 2.580957
>> 6.720606
>> 11.709705
>> 79.098587
>> 47.274505
>> LinearSolve for s1 and κ jumps 0.033222
>> κ and s1 jumps 148.681556
4. Prepare grid and mode functions.
>> s=-2 MSTModes 0.251696
>> MMp2gridL 0.267933
>> MMp2gridR 6.639649
>> s=-1 MSTModes 0.113238
>> MMp1gridL 0.0167
>> MMp1gridR 0.414383
>> s=0 MSTModes 0.179878
A. Fill 1D grid.
>> s = 2, UP ... 39.448352
>> s = 1, UP ... 8.058538
>> s = 0, UP ... 16.212424
>> s = 2, IN ... 4.804497
>> s = 1, IN ... 0.502282
>> s = 0, IN ... 0.793252
1. Preliminaries.
Calculating B-matrices and Eigenvalues
2. Generate MSTModes
>> Generate s=-2 MSTModes 209.552656
>> Generate s=-1 MSTModes 202.789057
>> Generate hκModes 235.097033
3. Jumps
>> 0.521545
>> 2.201387
>> 6.431777
>> 9.502597
>> 66.604188
>> 38.681979
>> LinearSolve for s1 and κ jumps 0.030634
>> κ and s1 jumps 124.608017
4. Prepare grid and mode functions.
>> s=-2 MSTModes 0.227191
>> MMp2gridL 0.260457
>> MMp2gridR 6.340105
>> s=-1 MSTModes 0.110017
>> MMp1gridL 0.016028
>> MMp1gridR 0.398323
>> s=0 MSTModes 0.1744
A. Fill 1D grid.
>> s = 2, UP ... 37.369466
>> s = 1, UP ... 7.567557
>> s = 0, UP ... 15.239467
>> s = 2, IN ... 4.751659
>> s = 1, IN ... 0.492994
>> s = 0, IN ... 0.768728
1. Preliminaries.
Calculating B-matrices and Eigenvalues
2. Generate MSTModes
>> Generate s=-2 MSTModes 220.010036
>> Generate s=-1 MSTModes 210.980348
>> Generate hκModes 231.67558
3. Jumps
>> 0.499043
>> 1.963861
>> 6.132568
>> 8.05234
>> 56.971849
>> 32.608377
>> LinearSolve for s1 and κ jumps 0.028732
>> κ and s1 jumps 106.822888
4. Prepare grid and mode functions.
>> s=-2 MSTModes 0.219671
>> MMp2gridL 0.244708
>> MMp2gridR 6.047078
>> s=-1 MSTModes 0.104348
>> MMp1gridL 0.014956
>> MMp1gridR 0.382325
>> s=0 MSTModes 0.164995
A. Fill 1D grid.
>> s = 2, UP ... 35.19543
>> s = 1, UP ... 7.126593
>> s = 0, UP ... 14.26063
>> s = 2, IN ... 4.733206
>> s = 1, IN ... 0.47831
>> s = 0, IN ... 0.756504
1. Preliminaries.
Calculating B-matrices and Eigenvalues
2. Generate MSTModes
>> Generate s=-2 MSTModes 225.912103
>> Generate s=-1 MSTModes 217.518763
>> Generate hκModes 412.161417
3. Jumps
>> 0.484706
>> 1.717907
>> 5.951371
>> 6.621837
>> 47.831763
>> 26.606122
>> LinearSolve for s1 and κ jumps 0.026454
>> κ and s1 jumps 89.738657
4. Prepare grid and mode functions.
>> s=-2 MSTModes 0.214232
>> MMp2gridL 0.237555
>> MMp2gridR 5.771824
>> s=-1 MSTModes 0.100947
>> MMp1gridL 0.014473
>> MMp1gridR 0.365695
>> s=0 MSTModes 0.158933
A. Fill 1D grid.
>> s = 2, UP ... 33.409414
>> s = 1, UP ... 6.770835
>> s = 0, UP ... 13.389025
>> s = 2, IN ... 4.731894
>> s = 1, IN ... 0.474604
>> s = 0, IN ... 0.745644
1. Preliminaries.
Calculating B-matrices and Eigenvalues
2. Generate MSTModes
>> Generate s=-2 MSTModes 258.908239
>> Generate s=-1 MSTModes 249.94211
>> Generate hκModes 455.09536
3. Jumps
>> 0.46222
>> 1.516464
>> 5.525856
>> 5.472934
>> 40.784362
>> 22.069836
>> LinearSolve for s1 and κ jumps 0.026411
>> κ and s1 jumps 76.300007
4. Prepare grid and mode functions.
>> s=-2 MSTModes 0.210679
>> MMp2gridL 0.222464
>> MMp2gridR 5.476334
>> s=-1 MSTModes 0.095426
>> MMp1gridL 0.013657
>> MMp1gridR 0.344199
>> s=0 MSTModes 0.155956
A. Fill 1D grid.
>> s = 2, UP ... 32.146345
>> s = 1, UP ... 6.439205
>> s = 0, UP ... 12.549053
>> s = 2, IN ... 4.692111
>> s = 1, IN ... 0.463932
>> s = 0, IN ... 0.73648
1. Preliminaries.
Calculating B-matrices and Eigenvalues
2. Generate MSTModes
>> Generate s=-2 MSTModes 283.183362
>> Generate s=-1 MSTModes 275.421745
>> Generate hκModes 470.765579
3. Jumps
>> 0.448272
>> 1.309545
>> 5.292398
>> 4.486201
>> 34.819693
>> 18.114641
>> LinearSolve for s1 and κ jumps 0.029977
>> κ and s1 jumps 64.900199
4. Prepare grid and mode functions.
>> s=-2 MSTModes 0.208917
>> MMp2gridL 0.209595
>> MMp2gridR 5.256734
>> s=-1 MSTModes 0.095026
>> MMp1gridL 0.01313
>> MMp1gridR 0.338036
>> s=0 MSTModes 0.160114
A. Fill 1D grid.
>> s = 2, UP ... 31.318265
>> s = 1, UP ... 6.204314
>> s = 0, UP ... 12.118948
>> s = 2, IN ... 4.634666
>> s = 1, IN ... 0.453442
>> s = 0, IN ... 0.71195
1. Preliminaries.
Calculating B-matrices and Eigenvalues
2. Generate MSTModes
>> Generate s=-2 MSTModes 312.222001
>> Generate s=-1 MSTModes 304.149382
>> Generate hκModes 476.288007
3. Jumps
>> 0.430712
>> 1.173624
>> 4.960601
>> 3.671891
>> 28.449463
>> 14.552678
>> LinearSolve for s1 and κ jumps 0.021923
>> κ and s1 jumps 53.613092
4. Prepare grid and mode functions.
>> s=-2 MSTModes 0.202656
>> MMp2gridL 0.193631
>> MMp2gridR 4.96356
>> s=-1 MSTModes 0.090641
>> MMp1gridL 0.012176
>> MMp1gridR 0.320328
>> s=0 MSTModes 0.162739
A. Fill 1D grid.
>> s = 2, UP ... 29.556824
>> s = 1, UP ... 5.950556
>> s = 0, UP ... 11.274492
>> s = 2, IN ... 4.621988
>> s = 1, IN ... 0.443047
>> s = 0, IN ... 0.702902
1. Preliminaries.
Calculating B-matrices and Eigenvalues
2. Generate MSTModes
>> Generate s=-2 MSTModes 345.168052
>> Generate s=-1 MSTModes 339.407316
>> Generate hκModes 473.787346
3. Jumps
>> 0.415161
>> 0.964994
>> 4.67283
>> 2.882866
>> 23.191369
>> 11.563885
>> LinearSolve for s1 and κ jumps 0.034629
>> κ and s1 jumps 44.033506
4. Prepare grid and mode functions.
>> s=-2 MSTModes 0.195106
>> MMp2gridL 0.185623
>> MMp2gridR 4.67955
>> s=-1 MSTModes 0.086601
>> MMp1gridL 0.01172
>> MMp1gridR 0.30251
>> s=0 MSTModes 0.154024
A. Fill 1D grid.
>> s = 2, UP ... 27.789605
>> s = 1, UP ... 5.413348
>> s = 0, UP ... 10.339566
>> s = 2, IN ... 4.554853
>> s = 1, IN ... 0.436101
>> s = 0, IN ... 0.689626
1. Preliminaries.
Calculating B-matrices and Eigenvalues
2. Generate MSTModes
>> Generate s=-2 MSTModes 371.903721
>> Generate s=-1 MSTModes 366.636928
>> Generate hκModes 463.987876
3. Jumps
>> 0.39735
>> 0.83972
>> 4.393629
>> 2.279
>> 18.939731
>> 8.988797
>> LinearSolve for s1 and κ jumps 0.023467
>> κ and s1 jumps 36.13111
4. Prepare grid and mode functions.
>> s=-2 MSTModes 0.188658
>> MMp2gridL 0.171511
>> MMp2gridR 4.354544
>> s=-1 MSTModes 0.07953
>> MMp1gridL 0.010792
>> MMp1gridR 0.282933
>> s=0 MSTModes 0.146481
A. Fill 1D grid.
>> s = 2, UP ... 26.056809
>> s = 1, UP ... 4.998616
>> s = 0, UP ... 9.573482
>> s = 2, IN ... 4.626291
>> s = 1, IN ... 0.424177
>> s = 0, IN ... 0.675008
1. Preliminaries.
Calculating B-matrices and Eigenvalues
2. Generate MSTModes
>> Generate s=-2 MSTModes 396.101802
>> Generate s=-1 MSTModes 393.108977
>> Generate hκModes 455.846804
3. Jumps
>> 0.418027
>> 0.738955
>> 4.081569
>> 1.765321
>> 14.628395
>> 6.727225
>> LinearSolve for s1 and κ jumps 0.019629
>> κ and s1 jumps 28.60495
4. Prepare grid and mode functions.
>> s=-2 MSTModes 0.179445
>> MMp2gridL 0.159221
>> MMp2gridR 4.163271
>> s=-1 MSTModes 0.074836
>> MMp1gridL 0.010209
>> MMp1gridR 0.262017
>> s=0 MSTModes 0.135443
A. Fill 1D grid.
>> s = 2, UP ... 24.365297
>> s = 1, UP ... 4.811561
>> s = 0, UP ... 8.857551
>> s = 2, IN ... 4.544615
>> s = 1, IN ... 0.424832
>> s = 0, IN ... 0.670585
1. Preliminaries.
Calculating B-matrices and Eigenvalues
2. Generate MSTModes
>> Generate s=-2 MSTModes 415.289471
>> Generate s=-1 MSTModes 409.152885
>> Generate hκModes 441.20486
3. Jumps
>> 0.369123
>> 0.592182
>> 3.73801
>> 1.382471
>> 11.63873
>> 5.156609
>> LinearSolve for s1 and κ jumps 0.031135
>> κ and s1 jumps 23.097605
4. Prepare grid and mode functions.
>> s=-2 MSTModes 0.12508
>> MMp2gridL 0.144163
>> MMp2gridR 3.765719
>> s=-1 MSTModes 0.069468
>> MMp1gridL 0.009095
>> MMp1gridR 0.241639
>> s=0 MSTModes 0.127656
A. Fill 1D grid.
>> s = 2, UP ... 22.674456
>> s = 1, UP ... 4.294929
>> s = 0, UP ... 8.106655
>> s = 2, IN ... 4.537648
>> s = 1, IN ... 0.416442
>> s = 0, IN ... 0.663027
1. Preliminaries.
Calculating B-matrices and Eigenvalues
2. Generate MSTModes
