Task 6 on node703.cluster: a=0.6 r0=7.8
Job started: a = 0.6, r0 = 7.8, savepath = /lustre/astro/dyson/DataFiles/KerrCircSourceFiles/h1RadialAsymp
Warning: rstarmin is outside the allowed range.
Now we Calculate the Radiative Solutions
1. Preliminaries.
Calculating B-matrices and Eigenvalues
2. Generate MSTModes
>> Generate s=-2 MSTModes 77.021667
>> Generate s=-1 MSTModes 79.28922
>> Generate hκModes 222.412499
3. Jumps
>> 0.869749
>> 5.901555
>> 6.842256
>> 10.621577
>> 121.730113
>> 46.320669
>> LinearSolve for s1 and κ jumps 0.007788
>> κ and s1 jumps 194.220486
4. Prepare grid and mode functions.
>> s=-2 MSTModes 0.283194
>> MMp2gridL 0.343912
>> MMp2gridR 9.03066
>> s=-1 MSTModes 0.0908
>> MMp1gridL 0.018719
>> MMp1gridR 0.321543
>> s=0 MSTModes 0.205956
A. Fill 1D grid.
>> s = 2, UP ... 62.562368
>> s = 1, UP ... 2.219259
>> s = 0, UP ... 14.169905
>> s = 2, IN ... 4.902149
>> s = 1, IN ... 0.49855
>> s = 0, IN ... 0.773894
1. Preliminaries.
Calculating B-matrices and Eigenvalues
2. Generate MSTModes
>> Generate s=-2 MSTModes 90.483673
>> Generate s=-1 MSTModes 88.892665
>> Generate hκModes 219.633573
3. Jumps
>> 0.808391
>> 6.240041
>> 7.809593
>> 9.599529
>> 119.636538
>> 42.069871
>> LinearSolve for s1 and κ jumps 0.635313
>> κ and s1 jumps 188.221828
4. Prepare grid and mode functions.
>> s=-2 MSTModes 0.266333
>> MMp2gridL 0.3482
>> MMp2gridR 9.148837
>> s=-1 MSTModes 0.143704
>> MMp1gridL 0.020744
>> MMp1gridR 0.534509
>> s=0 MSTModes 0.235932
A. Fill 1D grid.
>> s = 2, UP ... 61.225182
>> s = 1, UP ... 12.736687
>> s = 0, UP ... 18.928849
>> s = 2, IN ... 4.864985
>> s = 1, IN ... 0.566261
>> s = 0, IN ... 0.798317
1. Preliminaries.
Calculating B-matrices and Eigenvalues
2. Generate MSTModes
>> Generate s=-2 MSTModes 103.14101
>> Generate s=-1 MSTModes 100.311017
>> Generate hκModes 223.28505
3. Jumps
>> 0.767795
>> 5.641506
>> 8.211963
>> 8.462253
>> 107.875108
>> 36.643668
>> LinearSolve for s1 and κ jumps 0.726409
>> κ and s1 jumps 169.629136
4. Prepare grid and mode functions.
>> s=-2 MSTModes 0.251149
>> MMp2gridL 0.336083
>> MMp2gridR 8.876991
>> s=-1 MSTModes 0.143161
>> MMp1gridL 0.020229
>> MMp1gridR 0.521565
>> s=0 MSTModes 0.229587
A. Fill 1D grid.
>> s = 2, UP ... 58.156518
>> s = 1, UP ... 12.090991
>> s = 0, UP ... 18.010885
>> s = 2, IN ... 4.823994
>> s = 1, IN ... 0.558443
>> s = 0, IN ... 0.780211
1. Preliminaries.
Calculating B-matrices and Eigenvalues
2. Generate MSTModes
>> Generate s=-2 MSTModes 118.088839
>> Generate s=-1 MSTModes 114.363941
>> Generate hκModes 225.810448
3. Jumps
>> 0.726952
>> 5.048196
>> 8.292929
>> 27.965561
>> 182.301482
>> 113.831081
>> LinearSolve for s1 and κ jumps 0.748566
>> κ and s1 jumps 340.226532
4. Prepare grid and mode functions.
>> s=-2 MSTModes 0.243338
>> MMp2gridL 0.323003
>> MMp2gridR 8.401853
>> s=-1 MSTModes 0.14104
>> MMp1gridL 0.019485
>> MMp1gridR 0.505849
>> s=0 MSTModes 0.222243
A. Fill 1D grid.
>> s = 2, UP ... 54.234785
>> s = 1, UP ... 11.344726
>> s = 0, UP ... 23.352123
>> s = 2, IN ... 4.754166
>> s = 1, IN ... 0.539546
>> s = 0, IN ... 0.842501
1. Preliminaries.
Calculating B-matrices and Eigenvalues
2. Generate MSTModes
>> Generate s=-2 MSTModes 126.895959
>> Generate s=-1 MSTModes 123.825334
>> Generate hκModes 226.339265
3. Jumps
>> 0.699692
>> 4.555557
>> 8.650409
>> 23.790583
>> 156.909557
>> 98.251176
>> LinearSolve for s1 and κ jumps 0.84499
>> κ and s1 jumps 294.906709
4. Prepare grid and mode functions.
>> s=-2 MSTModes 0.234473
>> MMp2gridL 0.309615
>> MMp2gridR 8.182005
>> s=-1 MSTModes 0.134963
>> MMp1gridL 0.018888
>> MMp1gridR 0.487179
>> s=0 MSTModes 0.214048
A. Fill 1D grid.
>> s = 2, UP ... 51.725111
>> s = 1, UP ... 10.928517
>> s = 0, UP ... 22.040626
>> s = 2, IN ... 4.711402
>> s = 1, IN ... 0.53573
>> s = 0, IN ... 0.824285
1. Preliminaries.
Calculating B-matrices and Eigenvalues
2. Generate MSTModes
>> Generate s=-2 MSTModes 142.414001
>> Generate s=-1 MSTModes 137.753694
>> Generate hκModes 229.473289
3. Jumps
>> 0.653516
>> 4.039483
>> 7.836493
>> 21.404877
>> 139.346407
>> 84.149372
>> LinearSolve for s1 and κ jumps 0.760302
>> κ and s1 jumps 259.272642
4. Prepare grid and mode functions.
>> s=-2 MSTModes 0.224532
>> MMp2gridL 0.296812
>> MMp2gridR 7.750919
>> s=-1 MSTModes 0.128313
>> MMp1gridL 0.01814
>> MMp1gridR 0.468339
>> s=0 MSTModes 0.209041
A. Fill 1D grid.
>> s = 2, UP ... 49.401474
>> s = 1, UP ... 10.197216
>> s = 0, UP ... 20.936108
>> s = 2, IN ... 4.69072
>> s = 1, IN ... 0.513507
>> s = 0, IN ... 0.803368
1. Preliminaries.
Calculating B-matrices and Eigenvalues
2. Generate MSTModes
>> Generate s=-2 MSTModes 158.397671
>> Generate s=-1 MSTModes 153.292328
>> Generate hκModes 230.770473
3. Jumps
>> 0.636135
>> 3.639716
>> 7.700627
>> 18.354822
>> 122.270024
>> 75.411835
>> LinearSolve for s1 and κ jumps 0.602541
>> κ and s1 jumps 229.643623
4. Prepare grid and mode functions.
>> s=-2 MSTModes 0.221503
>> MMp2gridL 0.289641
>> MMp2gridR 7.619262
>> s=-1 MSTModes 0.128255
>> MMp1gridL 0.018091
>> MMp1gridR 0.459927
>> s=0 MSTModes 0.200303
A. Fill 1D grid.
>> s = 2, UP ... 46.649972
>> s = 1, UP ... 9.552431
>> s = 0, UP ... 19.587924
>> s = 2, IN ... 4.687027
>> s = 1, IN ... 0.518348
>> s = 0, IN ... 0.795587
1. Preliminaries.
Calculating B-matrices and Eigenvalues
2. Generate MSTModes
>> Generate s=-2 MSTModes 171.723215
>> Generate s=-1 MSTModes 165.35
>> Generate hκModes 231.862114
3. Jumps
>> 0.604836
>> 3.191338
>> 7.392886
>> 15.633619
>> 105.325589
>> 64.475381
>> LinearSolve for s1 and κ jumps 0.673972
>> κ and s1 jumps 198.184177
4. Prepare grid and mode functions.
>> s=-2 MSTModes 0.212982
>> MMp2gridL 0.277608
>> MMp2gridR 7.284057
>> s=-1 MSTModes 0.123059
>> MMp1gridL 0.017058
>> MMp1gridR 0.441179
>> s=0 MSTModes 0.194003
A. Fill 1D grid.
>> s = 2, UP ... 44.38813
>> s = 1, UP ... 9.089831
>> s = 0, UP ... 18.51205
>> s = 2, IN ... 4.668247
>> s = 1, IN ... 0.503178
>> s = 0, IN ... 0.785361
1. Preliminaries.
Calculating B-matrices and Eigenvalues
2. Generate MSTModes
>> Generate s=-2 MSTModes 182.684792
>> Generate s=-1 MSTModes 176.831168
>> Generate hκModes 233.628339
3. Jumps
>> 0.580851
>> 2.872008
>> 7.128771
>> 13.358908
>> 91.163083
>> 53.07979
>> LinearSolve for s1 and κ jumps 0.032767
>> κ and s1 jumps 169.001625
4. Prepare grid and mode functions.
>> s=-2 MSTModes 0.240586
>> MMp2gridL 0.269417
>> MMp2gridR 6.906484
>> s=-1 MSTModes 0.119851
>> MMp1gridL 0.016482
>> MMp1gridR 0.428409
>> s=0 MSTModes 0.186097
A. Fill 1D grid.
>> s = 2, UP ... 41.940935
>> s = 1, UP ... 8.550003
>> s = 0, UP ... 17.287457
>> s = 2, IN ... 4.639721
>> s = 1, IN ... 0.495355
>> s = 0, IN ... 0.768783
1. Preliminaries.
Calculating B-matrices and Eigenvalues
2. Generate MSTModes
>> Generate s=-2 MSTModes 197.389209
>> Generate s=-1 MSTModes 190.925204
>> Generate hκModes 233.429523
3. Jumps
>> 0.553881
>> 2.534273
>> 6.771233
>> 11.493778
>> 79.944486
>> 47.056813
>> LinearSolve for s1 and κ jumps 0.032663
>> κ and s1 jumps 149.105245
4. Prepare grid and mode functions.
>> s=-2 MSTModes 0.233808
>> MMp2gridL 0.274425
>> MMp2gridR 6.646743
>> s=-1 MSTModes 0.114958
>> MMp1gridL 0.015814
>> MMp1gridR 0.416423
>> s=0 MSTModes 0.181332
A. Fill 1D grid.
>> s = 2, UP ... 39.598151
>> s = 1, UP ... 8.06746
>> s = 0, UP ... 16.302841
>> s = 2, IN ... 4.625916
>> s = 1, IN ... 0.485827
>> s = 0, IN ... 0.758535
1. Preliminaries.
Calculating B-matrices and Eigenvalues
2. Generate MSTModes
>> Generate s=-2 MSTModes 209.127859
>> Generate s=-1 MSTModes 201.998714
>> Generate hκModes 232.696596
3. Jumps
>> 0.528967
>> 2.217085
>> 6.451689
>> 9.575434
>> 67.485304
>> 39.4056
>> LinearSolve for s1 and κ jumps 0.029143
>> κ and s1 jumps 126.326274
4. Prepare grid and mode functions.
>> s=-2 MSTModes 0.228443
>> MMp2gridL 0.248359
>> MMp2gridR 6.303559
>> s=-1 MSTModes 0.110378
>> MMp1gridL 0.01515
>> MMp1gridR 0.400966
>> s=0 MSTModes 0.174679
A. Fill 1D grid.
>> s = 2, UP ... 37.607099
>> s = 1, UP ... 7.639424
>> s = 0, UP ... 15.357463
>> s = 2, IN ... 4.608077
>> s = 1, IN ... 0.473739
>> s = 0, IN ... 0.736778
1. Preliminaries.
Calculating B-matrices and Eigenvalues
2. Generate MSTModes
>> Generate s=-2 MSTModes 220.724233
>> Generate s=-1 MSTModes 210.888637
>> Generate hκModes 258.243592
3. Jumps
>> 0.499309
>> 1.934385
>> 6.131689
>> 7.940877
>> 56.780175
>> 32.374189
>> LinearSolve for s1 and κ jumps 0.027968
>> κ and s1 jumps 106.251923
4. Prepare grid and mode functions.
>> s=-2 MSTModes 0.221465
>> MMp2gridL 0.22728
>> MMp2gridR 6.075414
>> s=-1 MSTModes 0.105848
>> MMp1gridL 0.014314
>> MMp1gridR 0.382204
>> s=0 MSTModes 0.167856
A. Fill 1D grid.
>> s = 2, UP ... 35.498527
>> s = 1, UP ... 7.171561
>> s = 0, UP ... 14.425913
>> s = 2, IN ... 4.545754
>> s = 1, IN ... 0.460397
>> s = 0, IN ... 0.723502
1. Preliminaries.
Calculating B-matrices and Eigenvalues
2. Generate MSTModes
>> Generate s=-2 MSTModes 237.252577
>> Generate s=-1 MSTModes 228.806412
>> Generate hκModes 443.023439
3. Jumps
>> 0.482066
>> 1.744636
>> 5.916243
>> 6.780894
>> 49.04501
>> 27.191408
>> LinearSolve for s1 and κ jumps 0.025979
>> κ and s1 jumps 91.682756
4. Prepare grid and mode functions.
>> s=-2 MSTModes 0.216893
>> MMp2gridL 0.218639
>> MMp2gridR 5.764171
>> s=-1 MSTModes 0.100813
>> MMp1gridL 0.013319
>> MMp1gridR 0.366859
>> s=0 MSTModes 0.159951
A. Fill 1D grid.
>> s = 2, UP ... 33.653637
>> s = 1, UP ... 6.798511
>> s = 0, UP ... 13.382271
>> s = 2, IN ... 4.522121
>> s = 1, IN ... 0.455874
>> s = 0, IN ... 0.710465
1. Preliminaries.
Calculating B-matrices and Eigenvalues
2. Generate MSTModes
>> Generate s=-2 MSTModes 266.814537
>> Generate s=-1 MSTModes 257.499779
>> Generate hκModes 469.670359
3. Jumps
>> 0.46347
>> 1.48223
>> 5.613397
>> 5.392852
>> 40.172697
>> 21.739743
>> LinearSolve for s1 and κ jumps 0.025532
>> κ and s1 jumps 75.33108
4. Prepare grid and mode functions.
>> s=-2 MSTModes 0.211136
>> MMp2gridL 0.211304
>> MMp2gridR 5.494552
>> s=-1 MSTModes 0.096883
>> MMp1gridL 0.012829
>> MMp1gridR 0.349771
>> s=0 MSTModes 0.156431
A. Fill 1D grid.
>> s = 2, UP ... 32.034489
>> s = 1, UP ... 6.446883
>> s = 0, UP ... 12.54378
>> s = 2, IN ... 4.504433
>> s = 1, IN ... 0.444395
>> s = 0, IN ... 0.698327
1. Preliminaries.
Calculating B-matrices and Eigenvalues
2. Generate MSTModes
>> Generate s=-2 MSTModes 292.277017
>> Generate s=-1 MSTModes 285.180781
>> Generate hκModes 477.524958
3. Jumps
>> 0.448397
>> 1.279572
>> 5.256973
>> 4.465446
>> 33.348819
>> 17.630732
>> LinearSolve for s1 and κ jumps 0.056152
>> κ and s1 jumps 62.87148
4. Prepare grid and mode functions.
>> s=-2 MSTModes 0.199008
>> MMp2gridL 0.196305
>> MMp2gridR 5.191867
>> s=-1 MSTModes 0.092961
>> MMp1gridL 0.012071
>> MMp1gridR 0.334733
>> s=0 MSTModes 0.150554
A. Fill 1D grid.
>> s = 2, UP ... 30.57711
>> s = 1, UP ... 6.021451
>> s = 0, UP ... 11.804399
>> s = 2, IN ... 4.460333
>> s = 1, IN ... 0.437324
>> s = 0, IN ... 0.684067
1. Preliminaries.
Calculating B-matrices and Eigenvalues
2. Generate MSTModes
>> Generate s=-2 MSTModes 320.771353
>> Generate s=-1 MSTModes 315.924729
>> Generate hκModes 476.768914
3. Jumps
>> 0.433083
>> 1.158411
>> 4.928491
>> 3.528777
>> 27.482907
>> 14.034141
>> LinearSolve for s1 and κ jumps 0.053793
>> κ and s1 jumps 51.958449
4. Prepare grid and mode functions.
>> s=-2 MSTModes 0.194343
>> MMp2gridL 0.182637
>> MMp2gridR 4.932862
>> s=-1 MSTModes 0.087123
>> MMp1gridL 0.011492
>> MMp1gridR 0.314717
>> s=0 MSTModes 0.143676
A. Fill 1D grid.
>> s = 2, UP ... 28.590164
>> s = 1, UP ... 5.710964
>> s = 0, UP ... 11.019749
>> s = 2, IN ... 4.437073
>> s = 1, IN ... 0.430883
>> s = 0, IN ... 0.672813
1. Preliminaries.
Calculating B-matrices and Eigenvalues
2. Generate MSTModes
>> Generate s=-2 MSTModes 336.299541
>> Generate s=-1 MSTModes 328.773412
>> Generate hκModes 475.9579
3. Jumps
>> 0.414323
>> 0.941092
>> 4.612037
>> 2.900333
>> 22.742062
>> 11.399794
>> LinearSolve for s1 and κ jumps 0.023961
>> κ and s1 jumps 43.336307
4. Prepare grid and mode functions.
>> s=-2 MSTModes 0.196647
>> MMp2gridL 0.172926
>> MMp2gridR 4.69876
>> s=-1 MSTModes 0.086677
>> MMp1gridL 0.010874
>> MMp1gridR 0.307157
>> s=0 MSTModes 0.147599
A. Fill 1D grid.
>> s = 2, UP ... 27.543649
>> s = 1, UP ... 5.392893
>> s = 0, UP ... 10.413112
>> s = 2, IN ... 4.490794
>> s = 1, IN ... 0.422338
>> s = 0, IN ... 0.666832
1. Preliminaries.
Calculating B-matrices and Eigenvalues
2. Generate MSTModes
>> Generate s=-2 MSTModes 353.034045
>> Generate s=-1 MSTModes 353.571768
>> Generate hκModes 469.407918
3. Jumps
>> 0.396739
>> 0.81691
>> 4.296804
>> 2.244747
>> 18.602697
>> 8.826329
>> LinearSolve for s1 and κ jumps 0.053674
>> κ and s1 jumps 35.501764
4. Prepare grid and mode functions.
>> s=-2 MSTModes 0.184536
>> MMp2gridL 0.159156
>> MMp2gridR 4.372077
>> s=-1 MSTModes 0.080184
>> MMp1gridL 0.010049
>> MMp1gridR 0.281871
>> s=0 MSTModes 0.142098
A. Fill 1D grid.
>> s = 2, UP ... 26.043884
>> s = 1, UP ... 4.984498
>> s = 0, UP ... 9.764043
>> s = 2, IN ... 4.394383
>> s = 1, IN ... 0.410274
>> s = 0, IN ... 0.65304
1. Preliminaries.
Calculating B-matrices and Eigenvalues
2. Generate MSTModes
>> Generate s=-2 MSTModes 374.903477
>> Generate s=-1 MSTModes 381.407819
>> Generate hκModes 453.187401
3. Jumps
>> 0.382717
>> 0.684994
>> 4.071817
>> 1.740741
>> 14.120309
>> 6.504562
>> LinearSolve for s1 and κ jumps 0.019131
>> κ and s1 jumps 27.738051
4. Prepare grid and mode functions.
>> s=-2 MSTModes 0.176844
>> MMp2gridL 0.149188
>> MMp2gridR 4.018518
>> s=-1 MSTModes 0.072828
>> MMp1gridL 0.009235
>> MMp1gridR 0.25443
>> s=0 MSTModes 0.12636
A. Fill 1D grid.
>> s = 2, UP ... 23.482557
>> s = 1, UP ... 4.461969
>> s = 0, UP ... 8.655033
>> s = 2, IN ... 4.368381
>> s = 1, IN ... 0.406556
>> s = 0, IN ... 0.640722
1. Preliminaries.
Calculating B-matrices and Eigenvalues
2. Generate MSTModes
>> Generate s=-2 MSTModes 391.355047
>> Generate s=-1 MSTModes 388.179117
>> Generate hκModes 440.591705
3. Jumps
>> 0.368594
>> 0.585925
>> 3.683395
>> 1.356546
>> 11.325045
>> 5.114671
>> LinearSolve for s1 and κ jumps 0.013937
>> κ and s1 jumps 22.633021
4. Prepare grid and mode functions.
>> s=-2 MSTModes 0.124996
>> MMp2gridL 0.136115
>> MMp2gridR 3.704426
>> s=-1 MSTModes 0.068493
>> MMp1gridL 0.008563
>> MMp1gridR 0.240138
>> s=0 MSTModes 0.120436
A. Fill 1D grid.
>> s = 2, UP ... 22.201017
>> s = 1, UP ... 4.367051
>> s = 0, UP ... 7.885742
>> s = 2, IN ... 4.390842
>> s = 1, IN ... 0.397237
>> s = 0, IN ... 0.639458
1. Preliminaries.
Calculating B-matrices and Eigenvalues
2. Generate MSTModes
>> Generate s=-2 MSTModes 394.95648
