Task 15 on node704.cluster: a=0.99 r0=8.2
Job started: a = 0.99, r0 = 8.2, savepath = /lustre/astro/dyson/DataFiles/KerrCircSourceFiles/h1RadialAsymp
Warning: rstarmin is outside the allowed range.
Now we Calculate the Radiative Solutions
1. Preliminaries.
Calculating B-matrices and Eigenvalues
2. Generate MSTModes
>> Generate s=-2 MSTModes 86.805072
>> Generate s=-1 MSTModes 86.913187
>> Generate hκModes 229.009748
3. Jumps
>> 0.861941
>> 6.099123
>> 7.044102
>> 10.40166
>> 123.483037
>> 45.484191
>> LinearSolve for s1 and κ jumps 0.007236
>> κ and s1 jumps 195.325615
4. Prepare grid and mode functions.
>> s=-2 MSTModes 0.279258
>> MMp2gridL 0.361862
>> MMp2gridR 8.88941
>> s=-1 MSTModes 0.089576
>> MMp1gridL 0.018942
>> MMp1gridR 0.320579
>> s=0 MSTModes 0.204952
A. Fill 1D grid.
>> s = 2, UP ... 62.344257
>> s = 1, UP ... 2.229193
>> s = 0, UP ... 14.333112
>> s = 2, IN ... 5.084126
>> s = 1, IN ... 0.521765
>> s = 0, IN ... 0.808504
1. Preliminaries.
Calculating B-matrices and Eigenvalues
2. Generate MSTModes
>> Generate s=-2 MSTModes 99.146904
>> Generate s=-1 MSTModes 95.805385
>> Generate hκModes 225.911637
3. Jumps
>> 0.796011
>> 6.202858
>> 7.932998
>> 9.722892
>> 120.277139
>> 42.295202
>> LinearSolve for s1 and κ jumps 0.526846
>> κ and s1 jumps 189.220629
4. Prepare grid and mode functions.
>> s=-2 MSTModes 0.247875
>> MMp2gridL 0.363017
>> MMp2gridR 8.862268
>> s=-1 MSTModes 0.142261
>> MMp1gridL 0.021747
>> MMp1gridR 0.531847
>> s=0 MSTModes 0.231867
A. Fill 1D grid.
>> s = 2, UP ... 60.816143
>> s = 1, UP ... 13.251095
>> s = 0, UP ... 19.401782
>> s = 2, IN ... 5.03489
>> s = 1, IN ... 0.592024
>> s = 0, IN ... 0.832038
1. Preliminaries.
Calculating B-matrices and Eigenvalues
2. Generate MSTModes
>> Generate s=-2 MSTModes 110.580612
>> Generate s=-1 MSTModes 107.461734
>> Generate hκModes 226.648595
3. Jumps
>> 0.772743
>> 5.535123
>> 8.327892
>> 31.489239
>> 204.930067
>> 129.335312
>> LinearSolve for s1 and κ jumps 0.717551
>> κ and s1 jumps 382.522344
4. Prepare grid and mode functions.
>> s=-2 MSTModes 0.238347
>> MMp2gridL 0.348137
>> MMp2gridR 8.47056
>> s=-1 MSTModes 0.140133
>> MMp1gridL 0.02115
>> MMp1gridR 0.511337
>> s=0 MSTModes 0.224577
A. Fill 1D grid.
>> s = 2, UP ... 57.56234
>> s = 1, UP ... 12.57728
>> s = 0, UP ... 26.014221
>> s = 2, IN ... 4.968168
>> s = 1, IN ... 0.581178
>> s = 0, IN ... 0.904946
1. Preliminaries.
Calculating B-matrices and Eigenvalues
2. Generate MSTModes
>> Generate s=-2 MSTModes 122.505806
>> Generate s=-1 MSTModes 119.575886
>> Generate hκModes 219.202629
3. Jumps
>> 0.7255
>> 5.147642
>> 8.347598
>> 28.269289
>> 183.131708
>> 117.837698
>> LinearSolve for s1 and κ jumps 0.766665
>> κ and s1 jumps 345.539137
4. Prepare grid and mode functions.
>> s=-2 MSTModes 0.238506
>> MMp2gridL 0.342376
>> MMp2gridR 8.341945
>> s=-1 MSTModes 0.135396
>> MMp1gridL 0.020441
>> MMp1gridR 0.4994
>> s=0 MSTModes 0.218663
A. Fill 1D grid.
>> s = 2, UP ... 54.712211
>> s = 1, UP ... 11.728867
>> s = 0, UP ... 24.547856
>> s = 2, IN ... 4.95542
>> s = 1, IN ... 0.572123
>> s = 0, IN ... 0.8949
1. Preliminaries.
Calculating B-matrices and Eigenvalues
2. Generate MSTModes
>> Generate s=-2 MSTModes 135.566355
>> Generate s=-1 MSTModes 131.144114
>> Generate hκModes 222.536834
3. Jumps
>> 0.703713
>> 4.464491
>> 8.268308
>> 24.053484
>> 156.487415
>> 99.193136
>> LinearSolve for s1 and κ jumps 0.801162
>> κ and s1 jumps 295.24984
4. Prepare grid and mode functions.
>> s=-2 MSTModes 0.232677
>> MMp2gridL 0.328366
>> MMp2gridR 7.985336
>> s=-1 MSTModes 0.135277
>> MMp1gridL 0.020179
>> MMp1gridR 0.486277
>> s=0 MSTModes 0.211761
A. Fill 1D grid.
>> s = 2, UP ... 51.68148
>> s = 1, UP ... 11.046565
>> s = 0, UP ... 22.801047
>> s = 2, IN ... 4.948551
>> s = 1, IN ... 0.562945
>> s = 0, IN ... 0.879813
1. Preliminaries.
Calculating B-matrices and Eigenvalues
2. Generate MSTModes
>> Generate s=-2 MSTModes 147.018331
>> Generate s=-1 MSTModes 142.264481
>> Generate hκModes 224.082397
3. Jumps
>> 0.661079
>> 4.1882
>> 7.954126
>> 21.437472
>> 143.026943
>> 89.823875
>> LinearSolve for s1 and κ jumps 0.648207
>> κ and s1 jumps 268.835464
4. Prepare grid and mode functions.
>> s=-2 MSTModes 0.223652
>> MMp2gridL 0.313198
>> MMp2gridR 7.716708
>> s=-1 MSTModes 0.127611
>> MMp1gridL 0.019219
>> MMp1gridR 0.467683
>> s=0 MSTModes 0.205226
A. Fill 1D grid.
>> s = 2, UP ... 48.868517
>> s = 1, UP ... 10.333747
>> s = 0, UP ... 21.448986
>> s = 2, IN ... 4.909611
>> s = 1, IN ... 0.546158
>> s = 0, IN ... 0.860098
1. Preliminaries.
Calculating B-matrices and Eigenvalues
2. Generate MSTModes
>> Generate s=-2 MSTModes 160.19871
>> Generate s=-1 MSTModes 154.874827
>> Generate hκModes 228.121254
3. Jumps
>> 0.629006
>> 3.608068
>> 7.834131
>> 18.341935
>> 120.03872
>> 72.630784
>> LinearSolve for s1 and κ jumps 0.714403
>> κ and s1 jumps 224.788213
4. Prepare grid and mode functions.
>> s=-2 MSTModes 0.215343
>> MMp2gridL 0.303875
>> MMp2gridR 7.289923
>> s=-1 MSTModes 0.123295
>> MMp1gridL 0.018516
>> MMp1gridR 0.447001
>> s=0 MSTModes 0.196939
A. Fill 1D grid.
>> s = 2, UP ... 45.969702
>> s = 1, UP ... 9.588595
>> s = 0, UP ... 19.707988
>> s = 2, IN ... 4.834574
>> s = 1, IN ... 0.541048
>> s = 0, IN ... 0.835885
1. Preliminaries.
Calculating B-matrices and Eigenvalues
2. Generate MSTModes
>> Generate s=-2 MSTModes 173.108608
>> Generate s=-1 MSTModes 166.561923
>> Generate hκModes 228.375433
3. Jumps
>> 0.600887
>> 3.208744
>> 7.466575
>> 15.431477
>> 105.741737
>> 63.948897
>> LinearSolve for s1 and κ jumps 0.70249
>> κ and s1 jumps 197.971251
4. Prepare grid and mode functions.
>> s=-2 MSTModes 0.20901
>> MMp2gridL 0.29229
>> MMp2gridR 7.163687
>> s=-1 MSTModes 0.122063
>> MMp1gridL 0.018007
>> MMp1gridR 0.436599
>> s=0 MSTModes 0.191052
A. Fill 1D grid.
>> s = 2, UP ... 43.614133
>> s = 1, UP ... 8.986732
>> s = 0, UP ... 18.290833
>> s = 2, IN ... 4.828931
>> s = 1, IN ... 0.524617
>> s = 0, IN ... 0.823329
1. Preliminaries.
Calculating B-matrices and Eigenvalues
2. Generate MSTModes
>> Generate s=-2 MSTModes 185.576282
>> Generate s=-1 MSTModes 179.44956
>> Generate hκModes 229.995556
3. Jumps
>> 0.574136
>> 2.889613
>> 7.236647
>> 13.465953
>> 91.541168
>> 54.746303
>> LinearSolve for s1 and κ jumps 0.033936
>> κ and s1 jumps 171.281058
4. Prepare grid and mode functions.
>> s=-2 MSTModes 0.238129
>> MMp2gridL 0.284633
>> MMp2gridR 6.857085
>> s=-1 MSTModes 0.117924
>> MMp1gridL 0.017085
>> MMp1gridR 0.421368
>> s=0 MSTModes 0.184364
A. Fill 1D grid.
>> s = 2, UP ... 41.201561
>> s = 1, UP ... 8.486889
>> s = 0, UP ... 16.974296
>> s = 2, IN ... 4.792626
>> s = 1, IN ... 0.514197
>> s = 0, IN ... 0.800809
1. Preliminaries.
Calculating B-matrices and Eigenvalues
2. Generate MSTModes
>> Generate s=-2 MSTModes 197.048289
>> Generate s=-1 MSTModes 190.636223
>> Generate hκModes 230.865849
3. Jumps
>> 0.548169
>> 2.563662
>> 7.252565
>> 11.27386
>> 79.175815
>> 46.796093
>> LinearSolve for s1 and κ jumps 0.039027
>> κ and s1 jumps 148.365985
4. Prepare grid and mode functions.
>> s=-2 MSTModes 0.228896
>> MMp2gridL 0.269408
>> MMp2gridR 6.582224
>> s=-1 MSTModes 0.114458
>> MMp1gridL 0.016446
>> MMp1gridR 0.411485
>> s=0 MSTModes 0.179174
A. Fill 1D grid.
>> s = 2, UP ... 39.02386
>> s = 1, UP ... 8.013109
>> s = 0, UP ... 15.98875
>> s = 2, IN ... 4.779449
>> s = 1, IN ... 0.502913
>> s = 0, IN ... 0.786265
1. Preliminaries.
Calculating B-matrices and Eigenvalues
2. Generate MSTModes
>> Generate s=-2 MSTModes 207.508483
>> Generate s=-1 MSTModes 200.287177
>> Generate hκModes 228.633288
3. Jumps
>> 0.529527
>> 2.230304
>> 6.573015
>> 9.451926
>> 66.486348
>> 38.591154
>> LinearSolve for s1 and κ jumps 0.052496
>> κ and s1 jumps 124.560546
4. Prepare grid and mode functions.
>> s=-2 MSTModes 0.220207
>> MMp2gridL 0.255397
>> MMp2gridR 6.249082
>> s=-1 MSTModes 0.108955
>> MMp1gridL 0.015642
>> MMp1gridR 0.393922
>> s=0 MSTModes 0.1715
A. Fill 1D grid.
>> s = 2, UP ... 36.859096
>> s = 1, UP ... 7.496248
>> s = 0, UP ... 15.037824
>> s = 2, IN ... 4.759275
>> s = 1, IN ... 0.49678
>> s = 0, IN ... 0.773183
1. Preliminaries.
Calculating B-matrices and Eigenvalues
2. Generate MSTModes
>> Generate s=-2 MSTModes 216.382673
>> Generate s=-1 MSTModes 209.452543
>> Generate hκModes 227.81233
3. Jumps
>> 0.498058
>> 1.948003
>> 6.270676
>> 7.901899
>> 56.485897
>> 32.051185
>> LinearSolve for s1 and κ jumps 0.028014
>> κ and s1 jumps 105.743994
4. Prepare grid and mode functions.
>> s=-2 MSTModes 0.217609
>> MMp2gridL 0.240501
>> MMp2gridR 5.916699
>> s=-1 MSTModes 0.104153
>> MMp1gridL 0.014845
>> MMp1gridR 0.374952
>> s=0 MSTModes 0.164967
A. Fill 1D grid.
>> s = 2, UP ... 34.729218
>> s = 1, UP ... 7.090957
>> s = 0, UP ... 13.991337
>> s = 2, IN ... 4.707007
>> s = 1, IN ... 0.475824
>> s = 0, IN ... 0.755917
1. Preliminaries.
Calculating B-matrices and Eigenvalues
2. Generate MSTModes
>> Generate s=-2 MSTModes 224.174894
>> Generate s=-1 MSTModes 215.998018
>> Generate hκModes 223.387801
3. Jumps
>> 0.47803
>> 1.691322
>> 5.983503
>> 6.590081
>> 47.776369
>> 26.605171
>> LinearSolve for s1 and κ jumps 0.025798
>> κ and s1 jumps 89.640438
4. Prepare grid and mode functions.
>> s=-2 MSTModes 0.212332
>> MMp2gridL 0.232633
>> MMp2gridR 5.672209
>> s=-1 MSTModes 0.098979
>> MMp1gridL 0.014111
>> MMp1gridR 0.356015
>> s=0 MSTModes 0.154807
A. Fill 1D grid.
>> s = 2, UP ... 32.733279
>> s = 1, UP ... 6.583691
>> s = 0, UP ... 12.987632
>> s = 2, IN ... 4.698769
>> s = 1, IN ... 0.472571
>> s = 0, IN ... 0.77114
1. Preliminaries.
Calculating B-matrices and Eigenvalues
2. Generate MSTModes
>> Generate s=-2 MSTModes 224.77458
>> Generate s=-1 MSTModes 219.889212
>> Generate hκModes 411.487592
3. Jumps
>> 0.463902
>> 1.514538
>> 5.576929
>> 5.418714
>> 40.228025
>> 21.625502
>> LinearSolve for s1 and κ jumps 0.024486
>> κ and s1 jumps 75.292426
4. Prepare grid and mode functions.
>> s=-2 MSTModes 0.206298
>> MMp2gridL 0.215625
>> MMp2gridR 5.41999
>> s=-1 MSTModes 0.094226
>> MMp1gridL 0.013452
>> MMp1gridR 0.339112
>> s=0 MSTModes 0.15119
A. Fill 1D grid.
>> s = 2, UP ... 31.272034
>> s = 1, UP ... 6.241084
>> s = 0, UP ... 12.188411
>> s = 2, IN ... 4.658713
>> s = 1, IN ... 0.461969
>> s = 0, IN ... 0.729171
1. Preliminaries.
Calculating B-matrices and Eigenvalues
2. Generate MSTModes
>> Generate s=-2 MSTModes 254.631397
>> Generate s=-1 MSTModes 249.710051
>> Generate hκModes 436.872131
3. Jumps
>> 0.444939
>> 1.273963
>> 5.216805
>> 4.378628
>> 33.352097
>> 17.57055
>> LinearSolve for s1 and κ jumps 0.04385
>> κ and s1 jumps 62.666132
4. Prepare grid and mode functions.
>> s=-2 MSTModes 0.197602
>> MMp2gridL 0.20908
>> MMp2gridR 5.086067
>> s=-1 MSTModes 0.091564
>> MMp1gridL 0.01302
>> MMp1gridR 0.320554
>> s=0 MSTModes 0.145381
A. Fill 1D grid.
>> s = 2, UP ... 29.847677
>> s = 1, UP ... 5.90907
>> s = 0, UP ... 11.366627
>> s = 2, IN ... 4.639071
>> s = 1, IN ... 0.454724
>> s = 0, IN ... 0.717347
1. Preliminaries.
Calculating B-matrices and Eigenvalues
2. Generate MSTModes
>> Generate s=-2 MSTModes 274.778957
>> Generate s=-1 MSTModes 268.822295
>> Generate hκModes 449.645156
3. Jumps
>> 0.427931
>> 1.128914
>> 4.965575
>> 3.665047
>> 28.52293
>> 14.61641
>> LinearSolve for s1 and κ jumps 0.02098
>> κ and s1 jumps 53.696492
4. Prepare grid and mode functions.
>> s=-2 MSTModes 0.200856
>> MMp2gridL 0.192177
>> MMp2gridR 4.884927
>> s=-1 MSTModes 0.089991
>> MMp1gridL 0.012192
>> MMp1gridR 0.313504
>> s=0 MSTModes 0.15731
A. Fill 1D grid.
>> s = 2, UP ... 29.057611
>> s = 1, UP ... 5.7077
>> s = 0, UP ... 11.03078
>> s = 2, IN ... 4.605025
>> s = 1, IN ... 0.441516
>> s = 0, IN ... 0.700937
1. Preliminaries.
Calculating B-matrices and Eigenvalues
2. Generate MSTModes
>> Generate s=-2 MSTModes 307.024735
>> Generate s=-1 MSTModes 300.263434
>> Generate hκModes 448.395913
3. Jumps
>> 0.412628
>> 0.968674
>> 4.686614
>> 2.86975
>> 23.473726
>> 11.500546
>> LinearSolve for s1 and κ jumps 0.02427
>> κ and s1 jumps 44.242384
4. Prepare grid and mode functions.
>> s=-2 MSTModes 0.193711
>> MMp2gridL 0.186489
>> MMp2gridR 4.61803
>> s=-1 MSTModes 0.08637
>> MMp1gridL 0.011646
>> MMp1gridR 0.300104
>> s=0 MSTModes 0.153681
A. Fill 1D grid.
>> s = 2, UP ... 27.661669
>> s = 1, UP ... 5.360348
>> s = 0, UP ... 10.216052
>> s = 2, IN ... 4.590665
>> s = 1, IN ... 0.438778
>> s = 0, IN ... 0.690924
1. Preliminaries.
Calculating B-matrices and Eigenvalues
2. Generate MSTModes
>> Generate s=-2 MSTModes 333.461885
>> Generate s=-1 MSTModes 328.39752
>> Generate hκModes 440.955126
3. Jumps
>> 0.396048
>> 0.817858
>> 4.434922
>> 2.326781
>> 18.698466
>> 8.894012
>> LinearSolve for s1 and κ jumps 0.023436
>> κ and s1 jumps 35.856102
4. Prepare grid and mode functions.
>> s=-2 MSTModes 0.186834
>> MMp2gridL 0.166876
>> MMp2gridR 4.415645
>> s=-1 MSTModes 0.079801
>> MMp1gridL 0.010414
>> MMp1gridR 0.28014
>> s=0 MSTModes 0.146424
A. Fill 1D grid.
>> s = 2, UP ... 25.86618
>> s = 1, UP ... 5.049115
>> s = 0, UP ... 9.53979
>> s = 2, IN ... 4.586708
>> s = 1, IN ... 0.427298
>> s = 0, IN ... 0.680768
1. Preliminaries.
Calculating B-matrices and Eigenvalues
2. Generate MSTModes
>> Generate s=-2 MSTModes 354.347338
>> Generate s=-1 MSTModes 349.361322
>> Generate hκModes 429.712321
3. Jumps
>> 0.383833
>> 0.702165
>> 4.263101
>> 1.774623
>> 14.781494
>> 6.790987
>> LinearSolve for s1 and κ jumps 0.019774
>> κ and s1 jumps 28.937109
4. Prepare grid and mode functions.
>> s=-2 MSTModes 0.178605
>> MMp2gridL 0.158405
>> MMp2gridR 3.979487
>> s=-1 MSTModes 0.073804
>> MMp1gridL 0.009734
>> MMp1gridR 0.25573
>> s=0 MSTModes 0.131652
A. Fill 1D grid.
>> s = 2, UP ... 23.932239
>> s = 1, UP ... 4.518779
>> s = 0, UP ... 8.816826
>> s = 2, IN ... 4.5437
>> s = 1, IN ... 0.42432
>> s = 0, IN ... 0.672227
1. Preliminaries.
Calculating B-matrices and Eigenvalues
2. Generate MSTModes
>> Generate s=-2 MSTModes 370.64198
>> Generate s=-1 MSTModes 362.478444
>> Generate hκModes 418.537536
3. Jumps
>> 0.367237
>> 0.58383
>> 3.780978
>> 1.421483
>> 11.449748
>> 5.045698
>> LinearSolve for s1 and κ jumps 0.027751
>> κ and s1 jumps 22.866598
4. Prepare grid and mode functions.
>> s=-2 MSTModes 0.124577
>> MMp2gridL 0.143005
>> MMp2gridR 3.676632
>> s=-1 MSTModes 0.068028
>> MMp1gridL 0.009155
>> MMp1gridR 0.236343
>> s=0 MSTModes 0.125119
A. Fill 1D grid.
>> s = 2, UP ... 22.515869
>> s = 1, UP ... 4.221438
>> s = 0, UP ... 7.936887
>> s = 2, IN ... 4.616533
>> s = 1, IN ... 0.412187
>> s = 0, IN ... 0.660487
1. Preliminaries.
Calculating B-matrices and Eigenvalues
2. Generate MSTModes
>> Generate s=-2 MSTModes 381.186074
>> Generate s=-1 MSTModes 371.526263
>> Generate hκModes 397.084179
3. Jumps
>> 0.362019
>> 0.498341
>> 3.413239
>> 1.032559
>> 8.851956
>> 3.671223
>> LinearSolve for s1 and κ jumps 0.011787
>> κ and s1 jumps 17.998194
4. Prepare grid and mode functions.
>> s=-2 MSTModes 0.117304
>> MMp2gridL 0.132067
>> MMp2gridR 3.409397
>> s=-1 MSTModes 0.064074
>> MMp1gridL 0.008472
>> MMp1gridR 0.221109
>> s=0 MSTModes 0.118083
A. Fill 1D grid.
>> s = 2, UP ... 20.719972
>> s = 1, UP ... 3.846456
>> s = 0, UP ... 7.167325
>> s = 2, IN ... 4.525863
>> s = 1, IN ... 0.40754
>> s = 0, IN ... 0.652042
1. Preliminaries.
Calculating B-matrices and Eigenvalues
2. Generate MSTModes
