Task 2 on node702.cluster: a=0.00000000000001 r0=7.9
Job started: a = 1.*^-14, r0 = 7.9, savepath = /lustre/astro/dyson/DataFiles/KerrCircSourceFiles/h1RadialAsymp
Warning: rstarmin is outside the allowed range.
Now we Calculate the Radiative Solutions
1. Preliminaries.
Calculating B-matrices and Eigenvalues
2. Generate MSTModes
>> Generate s=-2 MSTModes 76.318727
>> Generate s=-1 MSTModes 78.497208
>> Generate hκModes 221.305779
3. Jumps
>> 0.869572
>> 5.98017
>> 6.740091
>> 39.743443
>> 246.008934
>> 167.267362
>> LinearSolve for s1 and κ jumps 0.004383
>> κ and s1 jumps 468.698507
4. Prepare grid and mode functions.
>> s=-2 MSTModes 0.273899
>> MMp2gridL 0.342685
>> MMp2gridR 9.025668
>> s=-1 MSTModes 0.093115
>> MMp1gridL 0.018598
>> MMp1gridR 0.327034
>> s=0 MSTModes 0.20965
A. Fill 1D grid.
>> s = 2, UP ... 62.75616
>> s = 1, UP ... 2.273849
>> s = 0, UP ... 20.658854
>> s = 2, IN ... 4.860636

                                                                                                                                         -302            -8             -9
General::munfl: 3.04919538186509445020299878381221973343899687235934907481222347727583720705048832502950365631150456344127625661716616 10     (8.47276 10   - 2.13613 10   I) is too small to represent as a normalized machine number; precision may be lost.

                                                                                                                                        -321
General::munfl: 9.2470321500157252275150818880942599610275045962520694644073883680342308896507706233299157949985681413892833294493699 10     (-28.7167 - 680.561 I) is too small to represent as a normalized machine number; precision may be lost.

                                                                                                                                        -321
General::munfl: 9.2470321500157252275150818880942599610275045962520694644073883680342308896507706233299157949985681413892833294493699 10     (-1.48946 - 39.4324 I) is too small to represent as a normalized machine number; precision may be lost.

General::stop: Further output of General::munfl will be suppressed during this calculation.
>> s = 1, IN ... 0.516697
>> s = 0, IN ... 0.834964
1. Preliminaries.
Calculating B-matrices and Eigenvalues
2. Generate MSTModes
>> Generate s=-2 MSTModes 88.996269
>> Generate s=-1 MSTModes 87.387158
>> Generate hκModes 218.231916
3. Jumps
>> 0.801846
>> 6.189248
>> 7.795638
>> 36.298247
>> 233.1471
>> 153.289255
>> LinearSolve for s1 and κ jumps 0.637041
>> κ and s1 jumps 439.643948
4. Prepare grid and mode functions.
>> s=-2 MSTModes 0.253151
>> MMp2gridL 0.356911
>> MMp2gridR 9.123656
>> s=-1 MSTModes 0.140402
>> MMp1gridL 0.020492
>> MMp1gridR 0.515617
>> s=0 MSTModes 0.232657
A. Fill 1D grid.
>> s = 2, UP ... 60.776473
>> s = 1, UP ... 12.600573
>> s = 0, UP ... 26.416437
>> s = 2, IN ... 4.821017
>> s = 1, IN ... 0.559479
>> s = 0, IN ... 0.862976
1. Preliminaries.
Calculating B-matrices and Eigenvalues
2. Generate MSTModes
>> Generate s=-2 MSTModes 101.802029
>> Generate s=-1 MSTModes 99.428319
>> Generate hκModes 219.904922
3. Jumps
>> 0.785352
>> 5.57999
>> 8.185383
>> 31.650027
>> 205.885706
>> 133.428154
>> LinearSolve for s1 and κ jumps 0.752632
>> κ and s1 jumps 387.626466
4. Prepare grid and mode functions.
>> s=-2 MSTModes 0.24693
>> MMp2gridL 0.34008
>> MMp2gridR 8.919161
>> s=-1 MSTModes 0.141539
>> MMp1gridL 0.020106
>> MMp1gridR 0.505433
>> s=0 MSTModes 0.226052
A. Fill 1D grid.
>> s = 2, UP ... 58.165078
>> s = 1, UP ... 12.125967
>> s = 0, UP ... 24.686587
>> s = 2, IN ... 4.797605
>> s = 1, IN ... 0.548908
>> s = 0, IN ... 0.846762
1. Preliminaries.
Calculating B-matrices and Eigenvalues
2. Generate MSTModes
>> Generate s=-2 MSTModes 115.924353
>> Generate s=-1 MSTModes 112.986502
>> Generate hκModes 222.825353
3. Jumps
>> 0.720172
>> 5.124522
>> 8.137054
>> 28.025161
>> 182.103349
>> 112.681993
>> LinearSolve for s1 and κ jumps 0.30824
>> κ and s1 jumps 338.404519
4. Prepare grid and mode functions.
>> s=-2 MSTModes 0.237881
>> MMp2gridL 0.325688
>> MMp2gridR 8.46888
>> s=-1 MSTModes 0.136981
>> MMp1gridL 0.019458
>> MMp1gridR 0.483746
>> s=0 MSTModes 0.218584
A. Fill 1D grid.
>> s = 2, UP ... 55.030843
>> s = 1, UP ... 11.218629
>> s = 0, UP ... 23.08614
>> s = 2, IN ... 4.765205
>> s = 1, IN ... 0.534763
>> s = 0, IN ... 0.831045
1. Preliminaries.
Calculating B-matrices and Eigenvalues
2. Generate MSTModes
>> Generate s=-2 MSTModes 127.743257
>> Generate s=-1 MSTModes 124.523414
>> Generate hκModes 224.487034
3. Jumps
>> 0.69518
>> 4.503344
>> 8.011502
>> 24.0519
>> 157.505099
>> 100.321914
>> LinearSolve for s1 and κ jumps 0.563981
>> κ and s1 jumps 296.804197
4. Prepare grid and mode functions.
>> s=-2 MSTModes 0.23509
>> MMp2gridL 0.316834
>> MMp2gridR 8.296086
>> s=-1 MSTModes 0.131585
>> MMp1gridL 0.018661
>> MMp1gridR 0.471348
>> s=0 MSTModes 0.210341
A. Fill 1D grid.
>> s = 2, UP ... 52.301682
>> s = 1, UP ... 10.603211
>> s = 0, UP ... 21.480664
>> s = 2, IN ... 4.722164
>> s = 1, IN ... 0.536111
>> s = 0, IN ... 0.813862
1. Preliminaries.
Calculating B-matrices and Eigenvalues
2. Generate MSTModes
>> Generate s=-2 MSTModes 143.115477
>> Generate s=-1 MSTModes 139.365266
>> Generate hκModes 227.937574
3. Jumps
>> 0.661235
>> 4.097803
>> 7.78493
>> 21.055242
>> 139.062815
>> 87.557995
>> LinearSolve for s1 and κ jumps 0.456609
>> κ and s1 jumps 261.748041
4. Prepare grid and mode functions.
>> s=-2 MSTModes 0.227473
>> MMp2gridL 0.300753
>> MMp2gridR 8.014436
>> s=-1 MSTModes 0.128724
>> MMp1gridL 0.018117
>> MMp1gridR 0.458165
>> s=0 MSTModes 0.201779
A. Fill 1D grid.
>> s = 2, UP ... 49.541247
>> s = 1, UP ... 10.024121
>> s = 0, UP ... 19.994729
>> s = 2, IN ... 4.700382
>> s = 1, IN ... 0.514491
>> s = 0, IN ... 0.79763
1. Preliminaries.
Calculating B-matrices and Eigenvalues
2. Generate MSTModes
>> Generate s=-2 MSTModes 156.95361
>> Generate s=-1 MSTModes 154.801119
>> Generate hκModes 230.370163
3. Jumps
>> 0.632376
>> 3.671365
>> 7.534204
>> 19.094293
>> 125.552637
>> 78.82353
>> LinearSolve for s1 and κ jumps 0.427241
>> κ and s1 jumps 236.680978
4. Prepare grid and mode functions.
>> s=-2 MSTModes 0.221881
>> MMp2gridL 0.292722
>> MMp2gridR 7.801936
>> s=-1 MSTModes 0.126115
>> MMp1gridL 0.017763
>> MMp1gridR 0.460038
>> s=0 MSTModes 0.196147
A. Fill 1D grid.
>> s = 2, UP ... 47.005918
>> s = 1, UP ... 9.301331
>> s = 0, UP ... 18.728643
>> s = 2, IN ... 4.711985
>> s = 1, IN ... 0.509723
>> s = 0, IN ... 0.789678
1. Preliminaries.
Calculating B-matrices and Eigenvalues
2. Generate MSTModes
>> Generate s=-2 MSTModes 171.342487
>> Generate s=-1 MSTModes 165.916449
>> Generate hκModes 230.805329
3. Jumps
>> 0.600734
>> 3.249884
>> 7.247123
>> 15.724476
>> 105.317175
>> 62.791607
>> LinearSolve for s1 and κ jumps 0.606313
>> κ and s1 jumps 196.382234
4. Prepare grid and mode functions.
>> s=-2 MSTModes 0.212566
>> MMp2gridL 0.276619
>> MMp2gridR 7.266485
>> s=-1 MSTModes 0.118621
>> MMp1gridL 0.017052
>> MMp1gridR 0.426616
>> s=0 MSTModes 0.189088
A. Fill 1D grid.
>> s = 2, UP ... 44.166421
>> s = 1, UP ... 8.77046
>> s = 0, UP ... 17.601367
>> s = 2, IN ... 4.657606
>> s = 1, IN ... 0.495697
>> s = 0, IN ... 0.772902
1. Preliminaries.
Calculating B-matrices and Eigenvalues
2. Generate MSTModes
>> Generate s=-2 MSTModes 185.013592
>> Generate s=-1 MSTModes 178.952542
>> Generate hκModes 230.588002
3. Jumps
>> 0.57399
>> 2.961752
>> 6.953862
>> 13.256865
>> 92.433631
>> 54.878128
>> LinearSolve for s1 and κ jumps 0.016334
>> κ and s1 jumps 171.813911
4. Prepare grid and mode functions.
>> s=-2 MSTModes 0.240819
>> MMp2gridL 0.270561
>> MMp2gridR 7.05716
>> s=-1 MSTModes 0.117725
>> MMp1gridL 0.016343
>> MMp1gridR 0.418867
>> s=0 MSTModes 0.181856
A. Fill 1D grid.
>> s = 2, UP ... 42.042188
>> s = 1, UP ... 8.201848
>> s = 0, UP ... 16.654386
>> s = 2, IN ... 4.6648
>> s = 1, IN ... 0.492841
>> s = 0, IN ... 0.760555
1. Preliminaries.
Calculating B-matrices and Eigenvalues
2. Generate MSTModes
>> Generate s=-2 MSTModes 198.095261
>> Generate s=-1 MSTModes 191.723288
>> Generate hκModes 231.438147
3. Jumps
>> 0.551042
>> 2.539348
>> 6.683312
>> 11.524348
>> 76.37381
>> 44.175664
>> LinearSolve for s1 and κ jumps 0.014949
>> κ and s1 jumps 142.520013
4. Prepare grid and mode functions.
>> s=-2 MSTModes 0.234354
>> MMp2gridL 0.253301
>> MMp2gridR 6.603512
>> s=-1 MSTModes 0.110634
>> MMp1gridL 0.015436
>> MMp1gridR 0.397828
>> s=0 MSTModes 0.174436
A. Fill 1D grid.
>> s = 2, UP ... 39.401799
>> s = 1, UP ... 7.754898
>> s = 0, UP ... 15.613474
>> s = 2, IN ... 4.626025
>> s = 1, IN ... 0.47627
>> s = 0, IN ... 0.742118
1. Preliminaries.
Calculating B-matrices and Eigenvalues
2. Generate MSTModes
>> Generate s=-2 MSTModes 209.57351
>> Generate s=-1 MSTModes 202.721768
>> Generate hκModes 229.74867
3. Jumps
>> 0.524178
>> 2.235733
>> 6.393725
>> 9.42048
>> 66.939066
>> 38.839312
>> LinearSolve for s1 and κ jumps 0.013846
>> κ and s1 jumps 124.949189
4. Prepare grid and mode functions.
>> s=-2 MSTModes 0.231419
>> MMp2gridL 0.246692
>> MMp2gridR 6.382216
>> s=-1 MSTModes 0.107426
>> MMp1gridL 0.015044
>> MMp1gridR 0.390975
>> s=0 MSTModes 0.171068
A. Fill 1D grid.
>> s = 2, UP ... 37.367867
>> s = 1, UP ... 7.343165
>> s = 0, UP ... 14.801117
>> s = 2, IN ... 4.62949
>> s = 1, IN ... 0.479829
>> s = 0, IN ... 0.738631
1. Preliminaries.
Calculating B-matrices and Eigenvalues
2. Generate MSTModes
>> Generate s=-2 MSTModes 220.584262
>> Generate s=-1 MSTModes 212.906156
>> Generate hκModes 315.874676
3. Jumps
>> 0.499149
>> 1.902621
>> 6.207751
>> 7.85092
>> 55.344243
>> 31.326582
>> LinearSolve for s1 and κ jumps 0.013486
>> κ and s1 jumps 103.660642
4. Prepare grid and mode functions.
>> s=-2 MSTModes 0.225373
>> MMp2gridL 0.228503
>> MMp2gridR 5.990361
>> s=-1 MSTModes 0.102032
>> MMp1gridL 0.013825
>> MMp1gridR 0.366105
>> s=0 MSTModes 0.163411
A. Fill 1D grid.
>> s = 2, UP ... 34.848126
>> s = 1, UP ... 6.854306
>> s = 0, UP ... 13.666209
>> s = 2, IN ... 4.530086
>> s = 1, IN ... 0.45759
>> s = 0, IN ... 0.714592
1. Preliminaries.
Calculating B-matrices and Eigenvalues
2. Generate MSTModes
>> Generate s=-2 MSTModes 246.576464
>> Generate s=-1 MSTModes 236.504155
>> Generate hκModes 446.56982
3. Jumps
>> 0.486268
>> 1.707757
>> 5.899248
>> 6.641022
>> 48.084908
>> 26.803637
>> LinearSolve for s1 and κ jumps 0.012888
>> κ and s1 jumps 90.090113
4. Prepare grid and mode functions.
>> s=-2 MSTModes 0.220293
>> MMp2gridL 0.22711
>> MMp2gridR 5.771195
>> s=-1 MSTModes 0.100574
>> MMp1gridL 0.013516
>> MMp1gridR 0.356442
>> s=0 MSTModes 0.158728
A. Fill 1D grid.
>> s = 2, UP ... 33.455442
>> s = 1, UP ... 6.564522
>> s = 0, UP ... 12.90866
>> s = 2, IN ... 4.567543
>> s = 1, IN ... 0.45756
>> s = 0, IN ... 0.709889
1. Preliminaries.
Calculating B-matrices and Eigenvalues
2. Generate MSTModes
>> Generate s=-2 MSTModes 277.596298
>> Generate s=-1 MSTModes 266.925194
>> Generate hκModes 470.223577
3. Jumps
>> 0.463277
>> 1.486674
>> 5.543192
>> 5.445684
>> 40.545472
>> 21.879145
>> LinearSolve for s1 and κ jumps 0.011608
>> κ and s1 jumps 75.784272
4. Prepare grid and mode functions.
>> s=-2 MSTModes 0.212478
>> MMp2gridL 0.20627
>> MMp2gridR 5.533809
>> s=-1 MSTModes 0.095876
>> MMp1gridL 0.012796
>> MMp1gridR 0.339909
>> s=0 MSTModes 0.199226
A. Fill 1D grid.
>> s = 2, UP ... 31.997132
>> s = 1, UP ... 6.224848
>> s = 0, UP ... 12.150491
>> s = 2, IN ... 4.562363
>> s = 1, IN ... 0.450652
>> s = 0, IN ... 0.703941
1. Preliminaries.
Calculating B-matrices and Eigenvalues
2. Generate MSTModes
>> Generate s=-2 MSTModes 304.697708
>> Generate s=-1 MSTModes 294.112041
>> Generate hκModes 485.310829
3. Jumps
>> 0.451036
>> 1.300569
>> 5.317528
>> 4.479276
>> 34.624207
>> 18.178233
>> LinearSolve for s1 and κ jumps 0.011424
>> κ and s1 jumps 64.736296
4. Prepare grid and mode functions.
>> s=-2 MSTModes 0.212931
>> MMp2gridL 0.19888
>> MMp2gridR 5.288474
>> s=-1 MSTModes 0.095772
>> MMp1gridL 0.012203
>> MMp1gridR 0.336011
>> s=0 MSTModes 0.164519
A. Fill 1D grid.
>> s = 2, UP ... 31.542598
>> s = 1, UP ... 6.101235
>> s = 0, UP ... 11.79678
>> s = 2, IN ... 4.586102
>> s = 1, IN ... 0.442694
>> s = 0, IN ... 0.695358
1. Preliminaries.
Calculating B-matrices and Eigenvalues
2. Generate MSTModes
>> Generate s=-2 MSTModes 348.496092
>> Generate s=-1 MSTModes 335.068522
>> Generate hκModes 487.002144
3. Jumps
>> 0.428378
>> 1.127434
>> 4.88795
>> 3.609152
>> 28.606524
>> 14.527575
>> LinearSolve for s1 and κ jumps 0.01044
>> κ and s1 jumps 53.522968
4. Prepare grid and mode functions.
>> s=-2 MSTModes 0.205228
>> MMp2gridL 0.185103
>> MMp2gridR 5.109602
>> s=-1 MSTModes 0.090205
>> MMp1gridL 0.011495
>> MMp1gridR 0.315208
>> s=0 MSTModes 0.160947
A. Fill 1D grid.
>> s = 2, UP ... 29.720132
>> s = 1, UP ... 5.680955
>> s = 0, UP ... 10.901329
>> s = 2, IN ... 4.51798
>> s = 1, IN ... 0.434122
>> s = 0, IN ... 0.68007
1. Preliminaries.
Calculating B-matrices and Eigenvalues
2. Generate MSTModes
>> Generate s=-2 MSTModes 382.685281
>> Generate s=-1 MSTModes 373.270988
>> Generate hκModes 482.064541
3. Jumps
>> 0.415639
>> 0.955742
>> 4.638191
>> 2.866593
>> 23.180037
>> 11.44687
>> LinearSolve for s1 and κ jumps 0.00954
>> κ and s1 jumps 43.797633
4. Prepare grid and mode functions.
>> s=-2 MSTModes 0.201052
>> MMp2gridL 0.178074
>> MMp2gridR 4.750321
>> s=-1 MSTModes 0.086405
>> MMp1gridL 0.011141
>> MMp1gridR 0.291528
>> s=0 MSTModes 0.151027
A. Fill 1D grid.
>> s = 2, UP ... 27.983394
>> s = 1, UP ... 5.311395
>> s = 0, UP ... 10.219556
>> s = 2, IN ... 4.526529
>> s = 1, IN ... 0.432089
>> s = 0, IN ... 0.676052
1. Preliminaries.
Calculating B-matrices and Eigenvalues
2. Generate MSTModes
>> Generate s=-2 MSTModes 413.983366
>> Generate s=-1 MSTModes 398.982223
>> Generate hκModes 468.266279
3. Jumps
>> 0.398613
>> 0.815841
>> 4.328352
>> 2.276062
>> 18.030047
>> 8.712167
>> LinearSolve for s1 and κ jumps 0.00934
>> κ and s1 jumps 34.806709
4. Prepare grid and mode functions.
>> s=-2 MSTModes 0.186491
>> MMp2gridL 0.162796
>> MMp2gridR 4.332449
>> s=-1 MSTModes 0.076463
>> MMp1gridL 0.01
>> MMp1gridR 0.263841
>> s=0 MSTModes 0.130532
A. Fill 1D grid.
>> s = 2, UP ... 24.904067
>> s = 1, UP ... 4.63958
>> s = 0, UP ... 8.977029
>> s = 2, IN ... 4.556193
>> s = 1, IN ... 0.414756
>> s = 0, IN ... 0.663231
1. Preliminaries.
Calculating B-matrices and Eigenvalues
2. Generate MSTModes
>> Generate s=-2 MSTModes 414.344922
>> Generate s=-1 MSTModes 419.17611
>> Generate hκModes 457.911891
3. Jumps
>> 0.418758
>> 0.697385
>> 3.972929
>> 1.772743
>> 14.666245
>> 6.70213
>> LinearSolve for s1 and κ jumps 0.039918
>> κ and s1 jumps 28.47798
4. Prepare grid and mode functions.
>> s=-2 MSTModes 0.178851
>> MMp2gridL 0.152499
>> MMp2gridR 4.073198
>> s=-1 MSTModes 0.075032
>> MMp1gridL 0.00961
>> MMp1gridR 0.26058
>> s=0 MSTModes 0.127468
A. Fill 1D grid.
>> s = 2, UP ... 24.219368
>> s = 1, UP ... 4.621309
>> s = 0, UP ... 8.599093
>> s = 2, IN ... 4.471105
>> s = 1, IN ... 0.414676
>> s = 0, IN ... 0.657278
1. Preliminaries.
Calculating B-matrices and Eigenvalues
2. Generate MSTModes
