Task 7 on node703.cluster: a=0.6 r0=7.9
Job started: a = 0.6, r0 = 7.9, savepath = /lustre/astro/dyson/DataFiles/KerrCircSourceFiles/h1RadialAsymp
Warning: rstarmin is outside the allowed range.
Now we Calculate the Radiative Solutions
1. Preliminaries.
Calculating B-matrices and Eigenvalues
2. Generate MSTModes
>> Generate s=-2 MSTModes 76.483112
>> Generate s=-1 MSTModes 79.465739
>> Generate hκModes 220.387832
3. Jumps
>> 0.861161
>> 5.933478
>> 6.836771
>> 10.457945
>> 121.606732
>> 45.749653
>> LinearSolve for s1 and κ jumps 0.007374
>> κ and s1 jumps 193.354126
4. Prepare grid and mode functions.
>> s=-2 MSTModes 0.279324
>> MMp2gridL 0.337307
>> MMp2gridR 8.840279
>> s=-1 MSTModes 0.088333
>> MMp1gridL 0.017987
>> MMp1gridR 0.321457
>> s=0 MSTModes 0.20173
A. Fill 1D grid.
>> s = 2, UP ... 61.687702
>> s = 1, UP ... 2.200152
>> s = 0, UP ... 14.284823
>> s = 2, IN ... 4.835275
>> s = 1, IN ... 0.490302
>> s = 0, IN ... 0.762285
1. Preliminaries.
Calculating B-matrices and Eigenvalues
2. Generate MSTModes
>> Generate s=-2 MSTModes 88.915209
>> Generate s=-1 MSTModes 87.632571
>> Generate hκModes 216.544044
3. Jumps
>> 0.797884
>> 6.221991
>> 7.934862
>> 9.707069
>> 121.357113
>> 42.485471
>> LinearSolve for s1 and κ jumps 0.693222
>> κ and s1 jumps 190.576118
4. Prepare grid and mode functions.
>> s=-2 MSTModes 0.245555
>> MMp2gridL 0.340646
>> MMp2gridR 8.899236
>> s=-1 MSTModes 0.141601
>> MMp1gridL 0.020336
>> MMp1gridR 0.529457
>> s=0 MSTModes 0.231331
A. Fill 1D grid.
>> s = 2, UP ... 60.03018
>> s = 1, UP ... 12.923578
>> s = 0, UP ... 19.047682
>> s = 2, IN ... 4.784198
>> s = 1, IN ... 0.557704
>> s = 0, IN ... 0.784513
1. Preliminaries.
Calculating B-matrices and Eigenvalues
2. Generate MSTModes
>> Generate s=-2 MSTModes 101.100697
>> Generate s=-1 MSTModes 99.277467
>> Generate hκModes 218.850188
3. Jumps
>> 0.766073
>> 5.676659
>> 8.247201
>> 8.502327
>> 108.505323
>> 36.734116
>> LinearSolve for s1 and κ jumps 0.646741
>> κ and s1 jumps 170.378145
4. Prepare grid and mode functions.
>> s=-2 MSTModes 0.247072
>> MMp2gridL 0.334125
>> MMp2gridR 8.674921
>> s=-1 MSTModes 0.140982
>> MMp1gridL 0.020229
>> MMp1gridR 0.514205
>> s=0 MSTModes 0.227261
A. Fill 1D grid.
>> s = 2, UP ... 57.227905
>> s = 1, UP ... 12.137117
>> s = 0, UP ... 18.159383
>> s = 2, IN ... 4.743594
>> s = 1, IN ... 0.549372
>> s = 0, IN ... 0.773099
1. Preliminaries.
Calculating B-matrices and Eigenvalues
2. Generate MSTModes
>> Generate s=-2 MSTModes 114.815123
>> Generate s=-1 MSTModes 112.317584
>> Generate hκModes 221.503105
3. Jumps
>> 0.727342
>> 4.937482
>> 8.187067
>> 7.525399
>> 95.465789
>> 32.778578
>> LinearSolve for s1 and κ jumps 0.581366
>> κ and s1 jumps 151.356759
4. Prepare grid and mode functions.
>> s=-2 MSTModes 0.239887
>> MMp2gridL 0.322726
>> MMp2gridR 8.400801
>> s=-1 MSTModes 0.134357
>> MMp1gridL 0.019328
>> MMp1gridR 0.496207
>> s=0 MSTModes 0.219037
A. Fill 1D grid.
>> s = 2, UP ... 54.028838
>> s = 1, UP ... 11.377882
>> s = 0, UP ... 17.145137
>> s = 2, IN ... 4.719472
>> s = 1, IN ... 0.538504
>> s = 0, IN ... 0.764825
1. Preliminaries.
Calculating B-matrices and Eigenvalues
2. Generate MSTModes
>> Generate s=-2 MSTModes 126.973604
>> Generate s=-1 MSTModes 123.70304
>> Generate hκModes 223.994768
3. Jumps
>> 0.695246
>> 4.427686
>> 8.028134
>> 24.206064
>> 158.359957
>> 101.096784
>> LinearSolve for s1 and κ jumps 0.671685
>> κ and s1 jumps 298.696176
4. Prepare grid and mode functions.
>> s=-2 MSTModes 0.233438
>> MMp2gridL 0.315194
>> MMp2gridR 8.096406
>> s=-1 MSTModes 0.135538
>> MMp1gridL 0.018881
>> MMp1gridR 0.4868
>> s=0 MSTModes 0.213016
A. Fill 1D grid.
>> s = 2, UP ... 51.664184
>> s = 1, UP ... 10.704372
>> s = 0, UP ... 21.898537
>> s = 2, IN ... 4.706006
>> s = 1, IN ... 0.532476
>> s = 0, IN ... 0.823322
1. Preliminaries.
Calculating B-matrices and Eigenvalues
2. Generate MSTModes
>> Generate s=-2 MSTModes 140.652025
>> Generate s=-1 MSTModes 137.556194
>> Generate hκModes 226.746446
3. Jumps
>> 0.656708
>> 4.091465
>> 8.295795
>> 21.049121
>> 139.807724
>> 87.90551
>> LinearSolve for s1 and κ jumps 0.654974
>> κ and s1 jumps 263.535521
4. Prepare grid and mode functions.
>> s=-2 MSTModes 0.225392
>> MMp2gridL 0.299969
>> MMp2gridR 7.789795
>> s=-1 MSTModes 0.12908
>> MMp1gridL 0.018069
>> MMp1gridR 0.466277
>> s=0 MSTModes 0.205668
A. Fill 1D grid.
>> s = 2, UP ... 49.095008
>> s = 1, UP ... 10.062583
>> s = 0, UP ... 20.705738
>> s = 2, IN ... 4.71995
>> s = 1, IN ... 0.519391
>> s = 0, IN ... 0.807529
1. Preliminaries.
Calculating B-matrices and Eigenvalues
2. Generate MSTModes
>> Generate s=-2 MSTModes 157.044371
>> Generate s=-1 MSTModes 152.442905
>> Generate hκModes 229.099857
3. Jumps
>> 0.630591
>> 3.596055
>> 7.585986
>> 18.274218
>> 122.678299
>> 75.793327
>> LinearSolve for s1 and κ jumps 0.620082
>> κ and s1 jumps 230.163226
4. Prepare grid and mode functions.
>> s=-2 MSTModes 0.218632
>> MMp2gridL 0.28921
>> MMp2gridR 7.572667
>> s=-1 MSTModes 0.128793
>> MMp1gridL 0.017653
>> MMp1gridR 0.457688
>> s=0 MSTModes 0.200507
A. Fill 1D grid.
>> s = 2, UP ... 46.649646
>> s = 1, UP ... 9.573727
>> s = 0, UP ... 19.512683
>> s = 2, IN ... 4.64681
>> s = 1, IN ... 0.513468
>> s = 0, IN ... 0.78911
1. Preliminaries.
Calculating B-matrices and Eigenvalues
2. Generate MSTModes
>> Generate s=-2 MSTModes 169.5198
>> Generate s=-1 MSTModes 164.150968
>> Generate hκModes 229.426743
3. Jumps
>> 0.607191
>> 3.230885
>> 7.30322
>> 15.567871
>> 105.933211
>> 64.595203
>> LinearSolve for s1 and κ jumps 0.588115
>> κ and s1 jumps 198.701945
4. Prepare grid and mode functions.
>> s=-2 MSTModes 0.210949
>> MMp2gridL 0.27293
>> MMp2gridR 7.252631
>> s=-1 MSTModes 0.122572
>> MMp1gridL 0.016651
>> MMp1gridR 0.439438
>> s=0 MSTModes 0.192578
A. Fill 1D grid.
>> s = 2, UP ... 44.012544
>> s = 1, UP ... 8.991633
>> s = 0, UP ... 18.27801
>> s = 2, IN ... 4.590196
>> s = 1, IN ... 0.494974
>> s = 0, IN ... 0.769161
1. Preliminaries.
Calculating B-matrices and Eigenvalues
2. Generate MSTModes
>> Generate s=-2 MSTModes 181.826637
>> Generate s=-1 MSTModes 176.838542
>> Generate hκModes 230.266617
3. Jumps
>> 0.578826
>> 2.830832
>> 6.96542
>> 13.366556
>> 91.830194
>> 55.071952
>> LinearSolve for s1 and κ jumps 0.032642
>> κ and s1 jumps 171.477171
4. Prepare grid and mode functions.
>> s=-2 MSTModes 0.239285
>> MMp2gridL 0.266078
>> MMp2gridR 6.900243
>> s=-1 MSTModes 0.118595
>> MMp1gridL 0.016249
>> MMp1gridR 0.428339
>> s=0 MSTModes 0.186148
A. Fill 1D grid.
>> s = 2, UP ... 41.954401
>> s = 1, UP ... 8.56256
>> s = 0, UP ... 17.2468
>> s = 2, IN ... 4.631026
>> s = 1, IN ... 0.493322
>> s = 0, IN ... 0.758629
1. Preliminaries.
Calculating B-matrices and Eigenvalues
2. Generate MSTModes
>> Generate s=-2 MSTModes 195.800319
>> Generate s=-1 MSTModes 190.315291
>> Generate hκModes 230.201469
3. Jumps
>> 0.551168
>> 2.55896
>> 6.685889
>> 11.27707
>> 78.272563
>> 45.835673
>> LinearSolve for s1 and κ jumps 0.032641
>> κ and s1 jumps 145.933346
4. Prepare grid and mode functions.
>> s=-2 MSTModes 0.23459
>> MMp2gridL 0.252794
>> MMp2gridR 6.620135
>> s=-1 MSTModes 0.114549
>> MMp1gridL 0.015449
>> MMp1gridR 0.411181
>> s=0 MSTModes 0.179364
A. Fill 1D grid.
>> s = 2, UP ... 39.468308
>> s = 1, UP ... 8.062198
>> s = 0, UP ... 16.203688
>> s = 2, IN ... 4.577966
>> s = 1, IN ... 0.480529
>> s = 0, IN ... 0.747531
1. Preliminaries.
Calculating B-matrices and Eigenvalues
2. Generate MSTModes
>> Generate s=-2 MSTModes 207.574603
>> Generate s=-1 MSTModes 201.589891
>> Generate hκModes 228.607161
3. Jumps
>> 0.525353
>> 2.315952
>> 6.356525
>> 9.564671
>> 67.782229
>> 38.981842
>> LinearSolve for s1 and κ jumps 0.029132
>> κ and s1 jumps 126.183315
4. Prepare grid and mode functions.
>> s=-2 MSTModes 0.22749
>> MMp2gridL 0.2433
>> MMp2gridR 6.25541
>> s=-1 MSTModes 0.110611
>> MMp1gridL 0.014724
>> MMp1gridR 0.395233
>> s=0 MSTModes 0.172311
A. Fill 1D grid.
>> s = 2, UP ... 37.229808
>> s = 1, UP ... 7.582463
>> s = 0, UP ... 15.216467
>> s = 2, IN ... 4.545683
>> s = 1, IN ... 0.474234
>> s = 0, IN ... 0.733545
1. Preliminaries.
Calculating B-matrices and Eigenvalues
2. Generate MSTModes
>> Generate s=-2 MSTModes 217.017748
>> Generate s=-1 MSTModes 210.583033
>> Generate hκModes 226.320605
3. Jumps
>> 0.49532
>> 1.962349
>> 6.159528
>> 7.889155
>> 56.476211
>> 32.121414
>> LinearSolve for s1 and κ jumps 0.028072
>> κ and s1 jumps 105.693824
4. Prepare grid and mode functions.
>> s=-2 MSTModes 0.219797
>> MMp2gridL 0.22723
>> MMp2gridR 6.003536
>> s=-1 MSTModes 0.102466
>> MMp1gridL 0.014137
>> MMp1gridR 0.37321
>> s=0 MSTModes 0.1636
A. Fill 1D grid.
>> s = 2, UP ... 35.244341
>> s = 1, UP ... 7.125237
>> s = 0, UP ... 14.320479
>> s = 2, IN ... 4.55475
>> s = 1, IN ... 0.461404
>> s = 0, IN ... 0.722729
1. Preliminaries.
Calculating B-matrices and Eigenvalues
2. Generate MSTModes
>> Generate s=-2 MSTModes 225.613845
>> Generate s=-1 MSTModes 217.653867
>> Generate hκModes 423.503459
3. Jumps
>> 0.480833
>> 1.714895
>> 5.847675
>> 6.662157
>> 47.964154
>> 26.549754
>> LinearSolve for s1 and κ jumps 0.025629
>> κ and s1 jumps 89.741842
4. Prepare grid and mode functions.
>> s=-2 MSTModes 0.218006
>> MMp2gridL 0.221673
>> MMp2gridR 5.771632
>> s=-1 MSTModes 0.10121
>> MMp1gridL 0.013454
>> MMp1gridR 0.363086
>> s=0 MSTModes 0.158473
A. Fill 1D grid.
>> s = 2, UP ... 33.412748
>> s = 1, UP ... 6.70657
>> s = 0, UP ... 13.312201
>> s = 2, IN ... 4.547973
>> s = 1, IN ... 0.458787
>> s = 0, IN ... 0.715403
1. Preliminaries.
Calculating B-matrices and Eigenvalues
2. Generate MSTModes
>> Generate s=-2 MSTModes 260.169584
>> Generate s=-1 MSTModes 250.324152
>> Generate hκModes 455.873566
3. Jumps
>> 0.462694
>> 1.495971
>> 5.918543
>> 5.428986
>> 40.160137
>> 21.743604
>> LinearSolve for s1 and κ jumps 0.024954
>> κ and s1 jumps 75.674373
4. Prepare grid and mode functions.
>> s=-2 MSTModes 0.210331
>> MMp2gridL 0.208063
>> MMp2gridR 5.427786
>> s=-1 MSTModes 0.096399
>> MMp1gridL 0.012554
>> MMp1gridR 0.345612
>> s=0 MSTModes 0.154257
A. Fill 1D grid.
>> s = 2, UP ... 31.90186
>> s = 1, UP ... 6.402089
>> s = 0, UP ... 12.442312
>> s = 2, IN ... 4.509082
>> s = 1, IN ... 0.443687
>> s = 0, IN ... 0.69953
1. Preliminaries.
Calculating B-matrices and Eigenvalues
2. Generate MSTModes
>> Generate s=-2 MSTModes 284.859747
>> Generate s=-1 MSTModes 276.953824
>> Generate hκModes 465.730063
3. Jumps
>> 0.441958
>> 1.266129
>> 5.254186
>> 4.53643
>> 33.803186
>> 18.134368
>> LinearSolve for s1 and κ jumps 0.022395
>> κ and s1 jumps 63.84155
4. Prepare grid and mode functions.
>> s=-2 MSTModes 0.205948
>> MMp2gridL 0.195289
>> MMp2gridR 5.150818
>> s=-1 MSTModes 0.092431
>> MMp1gridL 0.011784
>> MMp1gridR 0.329074
>> s=0 MSTModes 0.147866
A. Fill 1D grid.
>> s = 2, UP ... 29.987039
>> s = 1, UP ... 5.987286
>> s = 0, UP ... 11.653529
>> s = 2, IN ... 4.517039
>> s = 1, IN ... 0.43848
>> s = 0, IN ... 0.686892
1. Preliminaries.
Calculating B-matrices and Eigenvalues
2. Generate MSTModes
>> Generate s=-2 MSTModes 309.973816
>> Generate s=-1 MSTModes 302.416514
>> Generate hκModes 467.351017
3. Jumps
>> 0.426288
>> 1.103065
>> 4.964397
>> 3.572204
>> 27.699672
>> 14.140171
>> LinearSolve for s1 and κ jumps 0.05288
>> κ and s1 jumps 52.298484
4. Prepare grid and mode functions.
>> s=-2 MSTModes 0.194124
>> MMp2gridL 0.182269
>> MMp2gridR 4.951736
>> s=-1 MSTModes 0.08646
>> MMp1gridL 0.011325
>> MMp1gridR 0.308574
>> s=0 MSTModes 0.140872
A. Fill 1D grid.
>> s = 2, UP ... 28.373689
>> s = 1, UP ... 5.573667
>> s = 0, UP ... 10.887978
>> s = 2, IN ... 4.446792
>> s = 1, IN ... 0.425945
>> s = 0, IN ... 0.674268
1. Preliminaries.
Calculating B-matrices and Eigenvalues
2. Generate MSTModes
>> Generate s=-2 MSTModes 328.991914
>> Generate s=-1 MSTModes 320.954516
>> Generate hκModes 467.285384
3. Jumps
>> 0.410015
>> 0.936326
>> 4.627311
>> 2.87728
>> 22.826624
>> 11.31948
>> LinearSolve for s1 and κ jumps 0.024408
>> κ and s1 jumps 43.318393
4. Prepare grid and mode functions.
>> s=-2 MSTModes 0.194501
>> MMp2gridL 0.176734
>> MMp2gridR 4.621688
>> s=-1 MSTModes 0.083549
>> MMp1gridL 0.010768
>> MMp1gridR 0.299938
>> s=0 MSTModes 0.144017
A. Fill 1D grid.
>> s = 2, UP ... 27.335036
>> s = 1, UP ... 5.310085
>> s = 0, UP ... 10.334873
>> s = 2, IN ... 4.436503
>> s = 1, IN ... 0.421605
>> s = 0, IN ... 0.664377
1. Preliminaries.
Calculating B-matrices and Eigenvalues
2. Generate MSTModes
>> Generate s=-2 MSTModes 345.415545
>> Generate s=-1 MSTModes 338.085246
>> Generate hκModes 458.469634
3. Jumps
>> 0.396732
>> 0.805981
>> 4.322532
>> 2.260582
>> 18.112569
>> 8.682842
>> LinearSolve for s1 and κ jumps 0.02123
>> κ and s1 jumps 34.858018
4. Prepare grid and mode functions.
>> s=-2 MSTModes 0.188329
>> MMp2gridL 0.158994
>> MMp2gridR 4.305854
>> s=-1 MSTModes 0.077414
>> MMp1gridL 0.010017
>> MMp1gridR 0.2719
>> s=0 MSTModes 0.132999
A. Fill 1D grid.
>> s = 2, UP ... 26.335215
>> s = 1, UP ... 4.829144
>> s = 0, UP ... 9.437211
>> s = 2, IN ... 4.413373
>> s = 1, IN ... 0.411011
>> s = 0, IN ... 0.651892
1. Preliminaries.
Calculating B-matrices and Eigenvalues
2. Generate MSTModes
>> Generate s=-2 MSTModes 370.438845
>> Generate s=-1 MSTModes 355.463615
>> Generate hκModes 448.973173
3. Jumps
>> 0.386339
>> 0.687471
>> 4.153709
>> 1.734608
>> 14.49621
>> 6.626491
>> LinearSolve for s1 and κ jumps 0.019964
>> κ and s1 jumps 28.329408
4. Prepare grid and mode functions.
>> s=-2 MSTModes 0.181462
>> MMp2gridL 0.153582
>> MMp2gridR 4.094239
>> s=-1 MSTModes 0.074442
>> MMp1gridL 0.009185
>> MMp1gridR 0.257001
>> s=0 MSTModes 0.130385
A. Fill 1D grid.
>> s = 2, UP ... 23.946588
>> s = 1, UP ... 4.562424
>> s = 0, UP ... 8.722632
>> s = 2, IN ... 4.405384
>> s = 1, IN ... 0.411143
>> s = 0, IN ... 0.64814
1. Preliminaries.
Calculating B-matrices and Eigenvalues
2. Generate MSTModes
>> Generate s=-2 MSTModes 382.967233
>> Generate s=-1 MSTModes 376.007314
>> Generate hκModes 432.972441
3. Jumps
>> 0.369057
>> 0.578074
>> 3.710964
>> 1.343802
>> 11.282965
>> 5.047056
>> LinearSolve for s1 and κ jumps 0.013989
>> κ and s1 jumps 22.534255
4. Prepare grid and mode functions.
>> s=-2 MSTModes 0.124324
>> MMp2gridL 0.13479
>> MMp2gridR 3.740776
>> s=-1 MSTModes 0.068909
>> MMp1gridL 0.008661
>> MMp1gridR 0.239171
>> s=0 MSTModes 0.125061
A. Fill 1D grid.
>> s = 2, UP ... 22.454851
>> s = 1, UP ... 4.236055
>> s = 0, UP ... 7.926038
>> s = 2, IN ... 4.382038
>> s = 1, IN ... 0.397686
>> s = 0, IN ... 0.640004
1. Preliminaries.
Calculating B-matrices and Eigenvalues
2. Generate MSTModes
>> Generate s=-2 MSTModes 390.186187
>> Generate s=-1 MSTModes 380.771119
>> Generate hκModes 412.641793
3. Jumps
>> 0.358781
>> 0.492293
>> 3.431204
>> 1.03458
>> 8.734216
>> 3.69212
>> LinearSolve for s1 and κ jumps 0.011404
>> κ and s1 jumps 17.909051
4. Prepare grid and mode functions.
>> s=-2 MSTModes 0.115992
>> MMp2gridL 0.124257
>> MMp2gridR 3.567079
>> s=-1 MSTModes 0.062844
>> MMp1gridL 0.007999
>> MMp1gridR 0.222811
>> s=0 MSTModes 0.116855
A. Fill 1D grid.
