Task 5 on node702.cluster: a=0.00000000000001 r0=8.2
Job started: a = 1.*^-14, r0 = 8.2, savepath = /lustre/astro/dyson/DataFiles/KerrCircSourceFiles/h1RadialAsymp
Warning: rstarmin is outside the allowed range.
Now we Calculate the Radiative Solutions
1. Preliminaries.
Calculating B-matrices and Eigenvalues
2. Generate MSTModes
>> Generate s=-2 MSTModes 77.882133
>> Generate s=-1 MSTModes 80.036149
>> Generate hκModes 220.993161
3. Jumps
>> 0.868923
>> 5.97488
>> 6.668808
>> 39.674088
>> 247.600878
>> 169.397435
>> LinearSolve for s1 and κ jumps 0.004322
>> κ and s1 jumps 472.264214
4. Prepare grid and mode functions.
>> s=-2 MSTModes 0.274536
>> MMp2gridL 0.366936
>> MMp2gridR 9.049083
>> s=-1 MSTModes 0.093475
>> MMp1gridL 0.019115
>> MMp1gridR 0.324529
>> s=0 MSTModes 0.21255
A. Fill 1D grid.
>> s = 2, UP ... 62.863606
>> s = 1, UP ... 2.269204
>> s = 0, UP ... 20.471778
>> s = 2, IN ... 5.069915

                                                                                                                                         -302            -7             -8
General::munfl: 1.11466073722580151843106678489049637067437065401876371162793009725850689128037721297009811228854998269964124191058459 10     (6.80404 10   - 1.62862 10   I) is too small to represent as a normalized machine number; precision may be lost.

                                                                                                                                         -302            -12            -14
General::munfl: 1.11466073722580151843106678489049637067437065401876371162793009725850689128037721297009811228854998269964124191058459 10     (1.50481 10    - 5.0689 10    I) is too small to represent as a normalized machine number; precision may be lost.

                                                                                                                                         -321
General::munfl: 3.19653656321039587980031230313169248100356950989101531557634153522916700194681794463050573533473795150827199617364753 10     (-26.8791 - 652.95 I) is too small to represent as a normalized machine number; precision may be lost.

General::stop: Further output of General::munfl will be suppressed during this calculation.
>> s = 1, IN ... 0.532273
>> s = 0, IN ... 0.896882
1. Preliminaries.
Calculating B-matrices and Eigenvalues
2. Generate MSTModes
>> Generate s=-2 MSTModes 91.237571
>> Generate s=-1 MSTModes 89.702731
>> Generate hκModes 216.760652
3. Jumps
>> 0.79186
>> 6.168554
>> 7.706973
>> 36.362382
>> 231.941233
>> 152.753213
>> LinearSolve for s1 and κ jumps 0.761899
>> κ and s1 jumps 437.98466
4. Prepare grid and mode functions.
>> s=-2 MSTModes 0.249472
>> MMp2gridL 0.365319
>> MMp2gridR 9.095449
>> s=-1 MSTModes 0.144526
>> MMp1gridL 0.021703
>> MMp1gridR 0.524113
>> s=0 MSTModes 0.233652
A. Fill 1D grid.
>> s = 2, UP ... 60.828049
>> s = 1, UP ... 12.816664
>> s = 0, UP ... 26.205133
>> s = 2, IN ... 5.004861
>> s = 1, IN ... 0.576601
>> s = 0, IN ... 0.911027
1. Preliminaries.
Calculating B-matrices and Eigenvalues
2. Generate MSTModes
>> Generate s=-2 MSTModes 101.485947
>> Generate s=-1 MSTModes 99.398198
>> Generate hκModes 217.809542
3. Jumps
>> 0.765583
>> 5.464084
>> 7.970273
>> 31.938727
>> 204.750895
>> 133.265559
>> LinearSolve for s1 and κ jumps 0.658427
>> κ and s1 jumps 386.243754
4. Prepare grid and mode functions.
>> s=-2 MSTModes 0.248013
>> MMp2gridL 0.362135
>> MMp2gridR 8.887448
>> s=-1 MSTModes 0.142433
>> MMp1gridL 0.021155
>> MMp1gridR 0.505954
>> s=0 MSTModes 0.228141
A. Fill 1D grid.
>> s = 2, UP ... 58.073479
>> s = 1, UP ... 12.085846
>> s = 0, UP ... 24.859311
>> s = 2, IN ... 4.992833
>> s = 1, IN ... 0.56941
>> s = 0, IN ... 0.890145
1. Preliminaries.
Calculating B-matrices and Eigenvalues
2. Generate MSTModes
>> Generate s=-2 MSTModes 116.389829
>> Generate s=-1 MSTModes 113.932503
>> Generate hκModes 219.969451
3. Jumps
>> 0.719992
>> 5.087785
>> 8.009586
>> 28.12243
>> 181.832987
>> 116.994544
>> LinearSolve for s1 and κ jumps 0.594608
>> κ and s1 jumps 342.65078
4. Prepare grid and mode functions.
>> s=-2 MSTModes 0.244323
>> MMp2gridL 0.348258
>> MMp2gridR 8.669391
>> s=-1 MSTModes 0.13568
>> MMp1gridL 0.020435
>> MMp1gridR 0.48884
>> s=0 MSTModes 0.222756
A. Fill 1D grid.
>> s = 2, UP ... 55.282834
>> s = 1, UP ... 11.267585
>> s = 0, UP ... 23.16221
>> s = 2, IN ... 4.970716
>> s = 1, IN ... 0.562042
>> s = 0, IN ... 0.890254
1. Preliminaries.
Calculating B-matrices and Eigenvalues
2. Generate MSTModes
>> Generate s=-2 MSTModes 128.114451
>> Generate s=-1 MSTModes 125.551694
>> Generate hκModes 221.223962
3. Jumps
>> 0.697413
>> 4.42459
>> 7.906572
>> 23.779277
>> 156.660054
>> 99.192165
>> LinearSolve for s1 and κ jumps 0.501491
>> κ and s1 jumps 294.275612
4. Prepare grid and mode functions.
>> s=-2 MSTModes 0.235786
>> MMp2gridL 0.334199
>> MMp2gridR 8.336965
>> s=-1 MSTModes 0.130135
>> MMp1gridL 0.019598
>> MMp1gridR 0.46773
>> s=0 MSTModes 0.212159
A. Fill 1D grid.
>> s = 2, UP ... 52.276081
>> s = 1, UP ... 10.494744
>> s = 0, UP ... 21.652211
>> s = 2, IN ... 4.927295
>> s = 1, IN ... 0.54719
>> s = 0, IN ... 0.865959
1. Preliminaries.
Calculating B-matrices and Eigenvalues
2. Generate MSTModes
>> Generate s=-2 MSTModes 140.477996
>> Generate s=-1 MSTModes 137.319663
>> Generate hκModes 223.758428
3. Jumps
>> 0.670003
>> 4.014529
>> 7.732736
>> 21.247905
>> 140.708173
>> 88.260915
>> LinearSolve for s1 and κ jumps 0.621821
>> κ and s1 jumps 264.335538
4. Prepare grid and mode functions.
>> s=-2 MSTModes 0.230092
>> MMp2gridL 0.318833
>> MMp2gridR 7.981786
>> s=-1 MSTModes 0.128832
>> MMp1gridL 0.018802
>> MMp1gridR 0.454371
>> s=0 MSTModes 0.204173
A. Fill 1D grid.
>> s = 2, UP ... 49.522999
>> s = 1, UP ... 10.008205
>> s = 0, UP ... 20.335404
>> s = 2, IN ... 4.900726
>> s = 1, IN ... 0.53915
>> s = 0, IN ... 0.845373
1. Preliminaries.
Calculating B-matrices and Eigenvalues
2. Generate MSTModes
>> Generate s=-2 MSTModes 157.462884
>> Generate s=-1 MSTModes 155.552049
>> Generate hκModes 226.545189
3. Jumps
>> 0.625047
>> 3.64386
>> 7.477228
>> 18.223945
>> 122.035986
>> 75.566918
>> LinearSolve for s1 and κ jumps 0.545528
>> κ and s1 jumps 229.082982
4. Prepare grid and mode functions.
>> s=-2 MSTModes 0.223227
>> MMp2gridL 0.311809
>> MMp2gridR 7.690028
>> s=-1 MSTModes 0.127115
>> MMp1gridL 0.018531
>> MMp1gridR 0.442289
>> s=0 MSTModes 0.196434
A. Fill 1D grid.
>> s = 2, UP ... 46.696336
>> s = 1, UP ... 9.366397
>> s = 0, UP ... 19.08424
>> s = 2, IN ... 4.894119
>> s = 1, IN ... 0.529464
>> s = 0, IN ... 0.826622
1. Preliminaries.
Calculating B-matrices and Eigenvalues
2. Generate MSTModes
>> Generate s=-2 MSTModes 171.234121
>> Generate s=-1 MSTModes 166.338426
>> Generate hκModes 225.578765
3. Jumps
>> 0.599473
>> 3.226648
>> 7.277011
>> 15.845632
>> 106.77486
>> 65.388577
>> LinearSolve for s1 and κ jumps 0.604501
>> κ and s1 jumps 200.539164
4. Prepare grid and mode functions.
>> s=-2 MSTModes 0.213719
>> MMp2gridL 0.296821
>> MMp2gridR 7.314626
>> s=-1 MSTModes 0.1204
>> MMp1gridL 0.01785
>> MMp1gridR 0.42572
>> s=0 MSTModes 0.191421
A. Fill 1D grid.
>> s = 2, UP ... 44.119594
>> s = 1, UP ... 8.820165
>> s = 0, UP ... 17.982881
>> s = 2, IN ... 4.849146
>> s = 1, IN ... 0.52152
>> s = 0, IN ... 0.814589
1. Preliminaries.
Calculating B-matrices and Eigenvalues
2. Generate MSTModes
>> Generate s=-2 MSTModes 184.327071
>> Generate s=-1 MSTModes 179.112639
>> Generate hκModes 225.493764
3. Jumps
>> 0.578306
>> 2.892079
>> 7.002435
>> 13.260559
>> 91.18345
>> 54.82481
>> LinearSolve for s1 and κ jumps 0.016378
>> κ and s1 jumps 170.499516
4. Prepare grid and mode functions.
>> s=-2 MSTModes 0.238218
>> MMp2gridL 0.288842
>> MMp2gridR 6.95576
>> s=-1 MSTModes 0.116999
>> MMp1gridL 0.017081
>> MMp1gridR 0.411049
>> s=0 MSTModes 0.180476
A. Fill 1D grid.
>> s = 2, UP ... 41.601575
>> s = 1, UP ... 8.324609
>> s = 0, UP ... 16.834352
>> s = 2, IN ... 4.893851
>> s = 1, IN ... 0.516456
>> s = 0, IN ... 0.802108
1. Preliminaries.
Calculating B-matrices and Eigenvalues
2. Generate MSTModes
>> Generate s=-2 MSTModes 195.022134
>> Generate s=-1 MSTModes 189.24684
>> Generate hκModes 225.471844
3. Jumps
>> 0.542091
>> 2.534181
>> 6.639444
>> 11.257194
>> 78.190716
>> 45.949802
>> LinearSolve for s1 and κ jumps 0.014745
>> κ and s1 jumps 145.786167
4. Prepare grid and mode functions.
>> s=-2 MSTModes 0.23445
>> MMp2gridL 0.272473
>> MMp2gridR 6.613104
>> s=-1 MSTModes 0.112164
>> MMp1gridL 0.016191
>> MMp1gridR 0.396731
>> s=0 MSTModes 0.178278
A. Fill 1D grid.
>> s = 2, UP ... 39.214954
>> s = 1, UP ... 7.869268
>> s = 0, UP ... 15.889402
>> s = 2, IN ... 4.826445
>> s = 1, IN ... 0.504319
>> s = 0, IN ... 0.791019
1. Preliminaries.
Calculating B-matrices and Eigenvalues
2. Generate MSTModes
>> Generate s=-2 MSTModes 207.068018
>> Generate s=-1 MSTModes 200.626805
>> Generate hκModes 224.436815
3. Jumps
>> 0.522679
>> 2.20011
>> 6.414594
>> 9.554257
>> 66.62076
>> 37.574183
>> LinearSolve for s1 and κ jumps 0.014017
>> κ and s1 jumps 123.486249
4. Prepare grid and mode functions.
>> s=-2 MSTModes 0.227217
>> MMp2gridL 0.259781
>> MMp2gridR 6.233579
>> s=-1 MSTModes 0.107617
>> MMp1gridL 0.015473
>> MMp1gridR 0.377969
>> s=0 MSTModes 0.171648
A. Fill 1D grid.
>> s = 2, UP ... 37.026768
>> s = 1, UP ... 7.317163
>> s = 0, UP ... 14.727086
>> s = 2, IN ... 4.802413
>> s = 1, IN ... 0.498278
>> s = 0, IN ... 0.769327
1. Preliminaries.
Calculating B-matrices and Eigenvalues
2. Generate MSTModes
>> Generate s=-2 MSTModes 217.994271
>> Generate s=-1 MSTModes 210.727947
>> Generate hκModes 221.941927
3. Jumps
>> 0.495929
>> 1.972402
>> 6.103288
>> 7.877256
>> 57.056115
>> 32.083211
>> LinearSolve for s1 and κ jumps 0.013348
>> κ and s1 jumps 106.116487
4. Prepare grid and mode functions.
>> s=-2 MSTModes 0.223665
>> MMp2gridL 0.242751
>> MMp2gridR 6.054558
>> s=-1 MSTModes 0.104795
>> MMp1gridL 0.014726
>> MMp1gridR 0.365977
>> s=0 MSTModes 0.165435
A. Fill 1D grid.
>> s = 2, UP ... 34.883878
>> s = 1, UP ... 6.818218
>> s = 0, UP ... 13.70351
>> s = 2, IN ... 4.758997
>> s = 1, IN ... 0.476022
>> s = 0, IN ... 0.750053
1. Preliminaries.
Calculating B-matrices and Eigenvalues
2. Generate MSTModes
>> Generate s=-2 MSTModes 224.936609
>> Generate s=-1 MSTModes 218.559464
>> Generate hκModes 378.595285
3. Jumps
>> 0.47845
>> 1.718325
>> 5.741451
>> 6.535296
>> 47.68205
>> 25.69918
>> LinearSolve for s1 and κ jumps 0.011996
>> κ and s1 jumps 88.319337
4. Prepare grid and mode functions.
>> s=-2 MSTModes 0.218702
>> MMp2gridL 0.23469
>> MMp2gridR 5.649048
>> s=-1 MSTModes 0.099681
>> MMp1gridL 0.014164
>> MMp1gridR 0.346237
>> s=0 MSTModes 0.156416
A. Fill 1D grid.
>> s = 2, UP ... 32.585804
>> s = 1, UP ... 6.383965
>> s = 0, UP ... 12.703012
>> s = 2, IN ... 4.664752
>> s = 1, IN ... 0.465689
>> s = 0, IN ... 0.728346
1. Preliminaries.
Calculating B-matrices and Eigenvalues
2. Generate MSTModes
>> Generate s=-2 MSTModes 257.460676
>> Generate s=-1 MSTModes 249.507839
>> Generate hκModes 435.01953
3. Jumps
>> 0.458494
>> 1.477173
>> 5.479388
>> 5.432112
>> 40.649313
>> 21.90137
>> LinearSolve for s1 and κ jumps 0.011691
>> κ and s1 jumps 75.813855
4. Prepare grid and mode functions.
>> s=-2 MSTModes 0.213695
>> MMp2gridL 0.219208
>> MMp2gridR 5.51771
>> s=-1 MSTModes 0.09583
>> MMp1gridL 0.013469
>> MMp1gridR 0.333417
>> s=0 MSTModes 0.153573
A. Fill 1D grid.
>> s = 2, UP ... 31.50723
>> s = 1, UP ... 6.146724
>> s = 0, UP ... 12.019977
>> s = 2, IN ... 4.693999
>> s = 1, IN ... 0.462365
>> s = 0, IN ... 0.729878
1. Preliminaries.
Calculating B-matrices and Eigenvalues
2. Generate MSTModes
>> Generate s=-2 MSTModes 284.14519
>> Generate s=-1 MSTModes 281.239396
>> Generate hκModes 452.831088
3. Jumps
>> 0.44765
>> 1.286617
>> 5.238272
>> 4.598464
>> 34.554464
>> 18.20075
>> LinearSolve for s1 and κ jumps 0.011555
>> κ and s1 jumps 64.707351
4. Prepare grid and mode functions.
>> s=-2 MSTModes 0.211993
>> MMp2gridL 0.210607
>> MMp2gridR 5.33809
>> s=-1 MSTModes 0.096114
>> MMp1gridL 0.012953
>> MMp1gridR 0.330406
>> s=0 MSTModes 0.157512
A. Fill 1D grid.
>> s = 2, UP ... 31.17639
>> s = 1, UP ... 5.987542
>> s = 0, UP ... 11.729804
>> s = 2, IN ... 4.676959
>> s = 1, IN ... 0.456427
>> s = 0, IN ... 0.714419
1. Preliminaries.
Calculating B-matrices and Eigenvalues
2. Generate MSTModes
>> Generate s=-2 MSTModes 312.795919
>> Generate s=-1 MSTModes 308.827778
>> Generate hκModes 459.308407
3. Jumps
>> 0.429458
>> 1.128006
>> 4.872483
>> 3.689421
>> 28.611819
>> 14.599316
>> LinearSolve for s1 and κ jumps 0.010503
>> κ and s1 jumps 53.670426
4. Prepare grid and mode functions.
>> s=-2 MSTModes 0.205924
>> MMp2gridL 0.196634
>> MMp2gridR 5.054118
>> s=-1 MSTModes 0.09023
>> MMp1gridL 0.011995
>> MMp1gridR 0.311714
>> s=0 MSTModes 0.16041
A. Fill 1D grid.
>> s = 2, UP ... 29.408282
>> s = 1, UP ... 5.638831
>> s = 0, UP ... 10.966975
>> s = 2, IN ... 4.629086
>> s = 1, IN ... 0.444852
>> s = 0, IN ... 0.702207
1. Preliminaries.
Calculating B-matrices and Eigenvalues
2. Generate MSTModes
>> Generate s=-2 MSTModes 350.872082
>> Generate s=-1 MSTModes 343.525572
>> Generate hκModes 455.949576
3. Jumps
>> 0.412676
>> 0.965337
>> 4.611423
>> 2.89806
>> 23.379982
>> 11.526913
>> LinearSolve for s1 and κ jumps 0.009493
>> κ and s1 jumps 44.08736
4. Prepare grid and mode functions.
>> s=-2 MSTModes 0.198978
>> MMp2gridL 0.186204
>> MMp2gridR 4.720272
>> s=-1 MSTModes 0.08633
>> MMp1gridL 0.011599
>> MMp1gridR 0.294132
>> s=0 MSTModes 0.152965
A. Fill 1D grid.
>> s = 2, UP ... 27.7499
>> s = 1, UP ... 5.231764
>> s = 0, UP ... 10.050027
>> s = 2, IN ... 4.753625
>> s = 1, IN ... 0.442475
>> s = 0, IN ... 0.692999
1. Preliminaries.
Calculating B-matrices and Eigenvalues
2. Generate MSTModes
>> Generate s=-2 MSTModes 380.324221
>> Generate s=-1 MSTModes 378.653994
>> Generate hκModes 442.213504
3. Jumps
>> 0.396544
>> 0.816126
>> 4.320703
>> 2.298754
>> 18.112916
>> 8.863799
>> LinearSolve for s1 and κ jumps 0.009617
>> κ and s1 jumps 35.055067
4. Prepare grid and mode functions.
>> s=-2 MSTModes 0.186604
>> MMp2gridL 0.170616
>> MMp2gridR 4.337208
>> s=-1 MSTModes 0.076731
>> MMp1gridL 0.010585
>> MMp1gridR 0.263394
>> s=0 MSTModes 0.129871
A. Fill 1D grid.
>> s = 2, UP ... 24.890246
>> s = 1, UP ... 4.634176
>> s = 0, UP ... 8.948002
>> s = 2, IN ... 4.592592
>> s = 1, IN ... 0.424674
>> s = 0, IN ... 0.678374
1. Preliminaries.
Calculating B-matrices and Eigenvalues
2. Generate MSTModes
>> Generate s=-2 MSTModes 380.421837
>> Generate s=-1 MSTModes 372.066764
>> Generate hκModes 436.174139
3. Jumps
>> 0.384118
>> 0.691281
>> 3.974351
>> 1.789434
>> 14.430413
>> 6.644729
>> LinearSolve for s1 and κ jumps 0.010384
>> κ and s1 jumps 28.132982
4. Prepare grid and mode functions.
>> s=-2 MSTModes 0.180354
>> MMp2gridL 0.162156
>> MMp2gridR 4.08396
>> s=-1 MSTModes 0.073957
>> MMp1gridL 0.010029
>> MMp1gridR 0.257141
>> s=0 MSTModes 0.122826
A. Fill 1D grid.
>> s = 2, UP ... 23.592541
>> s = 1, UP ... 4.455713
>> s = 0, UP ... 8.428786
>> s = 2, IN ... 4.698312
>> s = 1, IN ... 0.428141
>> s = 0, IN ... 0.678714
1. Preliminaries.
Calculating B-matrices and Eigenvalues
2. Generate MSTModes
>> Generate s=-2 MSTModes 388.414102
>> Generate s=-1 MSTModes 381.895435
