Task 8 on node721.cluster: a=0.6 r0=8.0
Job started: a = 0.6, r0 = 8., savepath = /lustre/astro/dyson/DataFiles/KerrCircSourceFiles/h1RadialAsymptotic
Warning: rstarmin is outside the allowed range.
Now we Calculate the Radiative Solutions
1. Preliminaries.
Calculating B-matrices and Eigenvalues
2. Generate MSTModes
>> Generate s=-2 MSTModes 433.065102
>> Generate s=-1 MSTModes 446.625141
>> Generate hκModes 2212.568879
3. Jumps
>> 0.873593
>> 6.053607
>> 6.99352
>> 10.624888
>> 124.170765
>> 46.343811
>> LinearSolve for s1 and κ jumps 0.078001
>> κ and s1 jumps 197.082228
4. Prepare grid and mode functions.
>> s=-2 MSTModes 2.244506
>> MMp2gridL 1.285328
>> MMp2gridR 99.312752
>> s=-1 MSTModes 0.833566
>> MMp1gridL 0.053354
>> MMp1gridR 5.26325
>> s=0 MSTModes 1.948055
A. Fill 1D grid.
>> s = 2, UP ... 668.484715
>> s = 1, UP ... 20.873916
>> s = 0, UP ... 168.28322
>> s = 2, IN ... 15.556897
>> s = 1, IN ... 1.241736
>> s = 0, IN ... 2.656038
1. Preliminaries.
Calculating B-matrices and Eigenvalues
2. Generate MSTModes
>> Generate s=-2 MSTModes 445.743585
>> Generate s=-1 MSTModes 441.367773
>> Generate hκModes 2172.688602
3. Jumps
>> 0.810438
>> 6.10525
>> 8.000728
>> 9.637734
>> 120.039974
>> 41.940695
>> LinearSolve for s1 and κ jumps 0.570631
>> κ and s1 jumps 188.506188
4. Prepare grid and mode functions.
>> s=-2 MSTModes 2.29342
>> MMp2gridL 1.311285
>> MMp2gridR 99.55079
>> s=-1 MSTModes 1.309565
>> MMp1gridL 0.075917
>> MMp1gridR 5.78597
>> s=0 MSTModes 2.147427
A. Fill 1D grid.
>> s = 2, UP ... 647.167173
>> s = 1, UP ... 141.472565
>> s = 0, UP ... 208.335821
>> s = 2, IN ... 15.234536
>> s = 1, IN ... 1.965561
>> s = 0, IN ... 2.895998
1. Preliminaries.
Calculating B-matrices and Eigenvalues
2. Generate MSTModes
>> Generate s=-2 MSTModes 444.500842
>> Generate s=-1 MSTModes 439.760187
>> Generate hκModes 2090.638199
3. Jumps
>> 0.771203
>> 5.47164
>> 7.997614
>> 8.257872
>> 104.374074
>> 35.67332
>> LinearSolve for s1 and κ jumps 0.279529
>> κ and s1 jumps 164.178014
4. Prepare grid and mode functions.
>> s=-2 MSTModes 2.210409
>> MMp2gridL 1.265555
>> MMp2gridR 92.295248
>> s=-1 MSTModes 1.24344
>> MMp1gridL 0.07277
>> MMp1gridR 5.480391
>> s=0 MSTModes 2.042306
A. Fill 1D grid.
>> s = 2, UP ... 609.476874
>> s = 1, UP ... 133.294864
>> s = 0, UP ... 197.676829
>> s = 2, IN ... 14.768425
>> s = 1, IN ... 1.88388
>> s = 0, IN ... 2.746971
1. Preliminaries.
Calculating B-matrices and Eigenvalues
2. Generate MSTModes
>> Generate s=-2 MSTModes 436.510461
>> Generate s=-1 MSTModes 426.692932
>> Generate hκModes 2033.102374
3. Jumps
>> 0.728741
>> 4.971294
>> 8.607676
>> 7.330175
>> 94.29671
>> 31.729867
>> LinearSolve for s1 and κ jumps 0.790119
>> κ and s1 jumps 149.65676
4. Prepare grid and mode functions.
>> s=-2 MSTModes 2.182976
>> MMp2gridL 1.214052
>> MMp2gridR 87.918143
>> s=-1 MSTModes 1.214023
>> MMp1gridL 0.070386
>> MMp1gridR 5.127127
>> s=0 MSTModes 1.97807
A. Fill 1D grid.
>> s = 2, UP ... 572.862951
>> s = 1, UP ... 126.034666
>> s = 0, UP ... 188.321401
>> s = 2, IN ... 14.51551
>> s = 1, IN ... 1.821121
>> s = 0, IN ... 2.709739
1. Preliminaries.
Calculating B-matrices and Eigenvalues
2. Generate MSTModes
>> Generate s=-2 MSTModes 432.363416
>> Generate s=-1 MSTModes 428.592166
>> Generate hκModes 1955.789142
3. Jumps
>> 0.692617
>> 4.500083
>> 7.870715
>> 23.644893
>> 155.430778
>> 98.805185
>> LinearSolve for s1 and κ jumps 0.794525
>> κ and s1 jumps 292.923516
4. Prepare grid and mode functions.
>> s=-2 MSTModes 2.108663
>> MMp2gridL 1.176511
>> MMp2gridR 84.409026
>> s=-1 MSTModes 1.16512
>> MMp1gridL 0.068899
>> MMp1gridR 4.96959
>> s=0 MSTModes 1.887629
A. Fill 1D grid.
>> s = 2, UP ... 536.172175
>> s = 1, UP ... 118.540078
>> s = 0, UP ... 252.143757
>> s = 2, IN ... 14.215513
>> s = 1, IN ... 1.755899
>> s = 0, IN ... 3.242327
1. Preliminaries.
Calculating B-matrices and Eigenvalues
2. Generate MSTModes
>> Generate s=-2 MSTModes 430.192448
>> Generate s=-1 MSTModes 423.739572
>> Generate hκModes 1895.025488
3. Jumps
>> 0.655355
>> 4.043013
>> 7.721797
>> 20.500349
>> 136.783449
>> 85.498964
>> LinearSolve for s1 and κ jumps 0.638128
>> κ and s1 jumps 256.930873
4. Prepare grid and mode functions.
>> s=-2 MSTModes 2.085678
>> MMp2gridL 1.128256
>> MMp2gridR 82.342359
>> s=-1 MSTModes 1.126758
>> MMp1gridL 0.065639
>> MMp1gridR 4.80248
>> s=0 MSTModes 1.847401
A. Fill 1D grid.
>> s = 2, UP ... 502.764407
>> s = 1, UP ... 111.683624
>> s = 0, UP ... 237.246304
>> s = 2, IN ... 13.935902
>> s = 1, IN ... 1.675402
>> s = 0, IN ... 3.127167
1. Preliminaries.
Calculating B-matrices and Eigenvalues
2. Generate MSTModes
>> Generate s=-2 MSTModes 434.45617
>> Generate s=-1 MSTModes 423.945267
>> Generate hκModes 1832.80418
3. Jumps
>> 0.623813
>> 3.511445
>> 7.585898
>> 17.587775
>> 118.074242
>> 72.998799
>> LinearSolve for s1 and κ jumps 0.80277
>> κ and s1 jumps 222.144728
4. Prepare grid and mode functions.
>> s=-2 MSTModes 2.037741
>> MMp2gridL 1.084882
>> MMp2gridR 80.7041
>> s=-1 MSTModes 1.107055
>> MMp1gridL 0.063138
>> MMp1gridR 4.65854
>> s=0 MSTModes 1.796303
A. Fill 1D grid.
>> s = 2, UP ... 477.816391
>> s = 1, UP ... 105.194651
>> s = 0, UP ... 222.925246
>> s = 2, IN ... 13.82451
>> s = 1, IN ... 1.620765
>> s = 0, IN ... 2.994426
1. Preliminaries.
Calculating B-matrices and Eigenvalues
2. Generate MSTModes
>> Generate s=-2 MSTModes 429.742547
>> Generate s=-1 MSTModes 418.118099
>> Generate hκModes 1778.408354
3. Jumps
>> 0.595022
>> 3.186037
>> 7.247038
>> 15.588718
>> 105.650085
>> 64.60644
>> LinearSolve for s1 and κ jumps 0.509482
>> κ and s1 jumps 198.243093
4. Prepare grid and mode functions.
>> s=-2 MSTModes 1.974247
>> MMp2gridL 1.043272
>> MMp2gridR 77.372691
>> s=-1 MSTModes 1.060172
>> MMp1gridL 0.0612
>> MMp1gridR 4.544795
>> s=0 MSTModes 1.750733
A. Fill 1D grid.
>> s = 2, UP ... 445.840631
>> s = 1, UP ... 98.73151
>> s = 0, UP ... 207.396098
>> s = 2, IN ... 13.535888
>> s = 1, IN ... 1.571251
>> s = 0, IN ... 2.868527
1. Preliminaries.
Calculating B-matrices and Eigenvalues
2. Generate MSTModes
>> Generate s=-2 MSTModes 428.320832
>> Generate s=-1 MSTModes 417.594167
>> Generate hκModes 1708.859822
3. Jumps
>> 0.565479
>> 2.781662
>> 6.9643
>> 12.784488
>> 89.151465
>> 52.982564
>> LinearSolve for s1 and κ jumps 0.056806
>> κ and s1 jumps 166.06344
4. Prepare grid and mode functions.
>> s=-2 MSTModes 1.9095
>> MMp2gridL 0.996798
>> MMp2gridR 73.699798
>> s=-1 MSTModes 1.031541
>> MMp1gridL 0.058746
>> MMp1gridR 4.304007
>> s=0 MSTModes 1.663645
A. Fill 1D grid.
>> s = 2, UP ... 415.502623
>> s = 1, UP ... 91.751588
>> s = 0, UP ... 192.569149
>> s = 2, IN ... 13.362193
>> s = 1, IN ... 1.493719
>> s = 0, IN ... 2.728965
1. Preliminaries.
Calculating B-matrices and Eigenvalues
2. Generate MSTModes
>> Generate s=-2 MSTModes 422.781354
>> Generate s=-1 MSTModes 414.105854
>> Generate hκModes 1627.262476
3. Jumps
>> 0.541664
>> 2.532057
>> 6.632009
>> 11.009585
>> 77.770826
>> 45.554655
>> LinearSolve for s1 and κ jumps 0.221052
>> κ and s1 jumps 144.96585
4. Prepare grid and mode functions.
>> s=-2 MSTModes 1.819497
>> MMp2gridL 0.959373
>> MMp2gridR 70.979845
>> s=-1 MSTModes 0.976924
>> MMp1gridL 0.055644
>> MMp1gridR 4.10155
>> s=0 MSTModes 1.603163
A. Fill 1D grid.
>> s = 2, UP ... 387.08117
>> s = 1, UP ... 85.792737
>> s = 0, UP ... 179.97452
>> s = 2, IN ... 13.307822
>> s = 1, IN ... 1.460712
>> s = 0, IN ... 2.678784
1. Preliminaries.
Calculating B-matrices and Eigenvalues
2. Generate MSTModes
>> Generate s=-2 MSTModes 420.358014
>> Generate s=-1 MSTModes 410.788312
>> Generate hκModes 1564.72312
3. Jumps
>> 0.52174
>> 2.193732
>> 6.48057
>> 9.577383
>> 66.656263
>> 38.978182
>> LinearSolve for s1 and κ jumps 0.058075
>> κ and s1 jumps 125.087934
4. Prepare grid and mode functions.
>> s=-2 MSTModes 1.832659
>> MMp2gridL 0.912218
>> MMp2gridR 67.866639
>> s=-1 MSTModes 0.936204
>> MMp1gridL 0.053211
>> MMp1gridR 3.926512
>> s=0 MSTModes 1.541982
A. Fill 1D grid.
>> s = 2, UP ... 362.727138
>> s = 1, UP ... 79.248897
>> s = 0, UP ... 167.058331
>> s = 2, IN ... 13.016155
>> s = 1, IN ... 1.407037
>> s = 0, IN ... 2.544071
1. Preliminaries.
Calculating B-matrices and Eigenvalues
2. Generate MSTModes
>> Generate s=-2 MSTModes 415.761682
>> Generate s=-1 MSTModes 405.832271
>> Generate hκModes 1492.732537
3. Jumps
>> 0.495496
>> 1.918375
>> 6.045329
>> 7.885455
>> 56.304927
>> 32.085682
>> LinearSolve for s1 and κ jumps 0.053998
>> κ and s1 jumps 105.348259
4. Prepare grid and mode functions.
>> s=-2 MSTModes 1.708811
>> MMp2gridL 0.855879
>> MMp2gridR 64.695338
>> s=-1 MSTModes 0.901365
>> MMp1gridL 0.050615
>> MMp1gridR 3.7659
>> s=0 MSTModes 1.473818
A. Fill 1D grid.
>> s = 2, UP ... 337.477637
>> s = 1, UP ... 72.97434
>> s = 0, UP ... 151.839241
>> s = 2, IN ... 12.82568
>> s = 1, IN ... 1.351851
>> s = 0, IN ... 2.446072
1. Preliminaries.
Calculating B-matrices and Eigenvalues
2. Generate MSTModes
>> Generate s=-2 MSTModes 409.850742
>> Generate s=-1 MSTModes 400.674971
>> Generate hκModes 1429.361404
3. Jumps
>> 0.476982
>> 1.747574
>> 5.741375
>> 6.538185
>> 47.853399
>> 26.556556
>> LinearSolve for s1 and κ jumps 0.025954
>> κ and s1 jumps 89.426564
4. Prepare grid and mode functions.
>> s=-2 MSTModes 1.655735
>> MMp2gridL 0.825222
>> MMp2gridR 60.996076
>> s=-1 MSTModes 0.85895
>> MMp1gridL 0.048196
>> MMp1gridR 3.579291
>> s=0 MSTModes 1.409968
A. Fill 1D grid.
>> s = 2, UP ... 313.227431
>> s = 1, UP ... 66.945694
>> s = 0, UP ... 137.440075
>> s = 2, IN ... 12.641176
>> s = 1, IN ... 1.301804
>> s = 0, IN ... 2.32838
1. Preliminaries.
Calculating B-matrices and Eigenvalues
2. Generate MSTModes
>> Generate s=-2 MSTModes 409.457455
>> Generate s=-1 MSTModes 399.118124
>> Generate hκModes 1360.717184
3. Jumps
>> 0.457567
>> 1.451318
>> 5.457057
>> 5.332502
>> 39.084542
>> 21.113448
>> LinearSolve for s1 and κ jumps 0.028405
>> κ and s1 jumps 73.368219
4. Prepare grid and mode functions.
>> s=-2 MSTModes 1.562433
>> MMp2gridL 0.763227
>> MMp2gridR 57.673056
>> s=-1 MSTModes 0.814524
>> MMp1gridL 0.045213
>> MMp1gridR 3.431218
>> s=0 MSTModes 1.344792
A. Fill 1D grid.
>> s = 2, UP ... 288.788228
>> s = 1, UP ... 61.747792
>> s = 0, UP ... 125.249812
>> s = 2, IN ... 12.467591
>> s = 1, IN ... 1.244737
>> s = 0, IN ... 2.236228
1. Preliminaries.
Calculating B-matrices and Eigenvalues
2. Generate MSTModes
>> Generate s=-2 MSTModes 386.134418
>> Generate s=-1 MSTModes 385.638805
>> Generate hκModes 1294.755569
3. Jumps
>> 0.439673
>> 1.263144
>> 5.154611
>> 4.347249
>> 32.446604
>> 17.313539
>> LinearSolve for s1 and κ jumps 0.033242
>> κ and s1 jumps 61.36928
4. Prepare grid and mode functions.
>> s=-2 MSTModes 1.48296
>> MMp2gridL 0.739101
>> MMp2gridR 54.6548
>> s=-1 MSTModes 0.782355
>> MMp1gridL 0.042797
>> MMp1gridR 3.170745
>> s=0 MSTModes 1.27519
A. Fill 1D grid.
>> s = 2, UP ... 267.144645
>> s = 1, UP ... 56.770265
>> s = 0, UP ... 114.667385
>> s = 2, IN ... 12.289971
>> s = 1, IN ... 1.205294
>> s = 0, IN ... 2.127745
1. Preliminaries.
Calculating B-matrices and Eigenvalues
2. Generate MSTModes
>> Generate s=-2 MSTModes 365.29015
>> Generate s=-1 MSTModes 372.172173
>> Generate hκModes 1229.343141
3. Jumps
>> 0.420312
>> 1.094763
>> 4.873063
>> 3.592952
>> 26.510269
>> 13.6851
>> LinearSolve for s1 and κ jumps 0.057141
>> κ and s1 jumps 50.558337
4. Prepare grid and mode functions.
>> s=-2 MSTModes 1.434647
>> MMp2gridL 0.686452
>> MMp2gridR 51.30061
>> s=-1 MSTModes 0.741012
>> MMp1gridL 0.040699
>> MMp1gridR 3.006339
>> s=0 MSTModes 1.225455
A. Fill 1D grid.
>> s = 2, UP ... 246.270224
>> s = 1, UP ... 52.722182
>> s = 0, UP ... 111.903093
>> s = 2, IN ... 12.029073
>> s = 1, IN ... 1.162211
>> s = 0, IN ... 2.045849
1. Preliminaries.
Calculating B-matrices and Eigenvalues
2. Generate MSTModes
>> Generate s=-2 MSTModes 346.467631
>> Generate s=-1 MSTModes 351.34905
>> Generate hκModes 1157.195693
3. Jumps
>> 0.404535
>> 0.926625
>> 4.763826
>> 2.785475
>> 21.891418
>> 10.835264
>> LinearSolve for s1 and κ jumps 0.022553
>> κ and s1 jumps 41.911909
4. Prepare grid and mode functions.
>> s=-2 MSTModes 1.376733
>> MMp2gridL 0.651777
>> MMp2gridR 50.429224
>> s=-1 MSTModes 0.713986
>> MMp1gridL 0.038161
>> MMp1gridR 2.944822
>> s=0 MSTModes 1.227225
A. Fill 1D grid.
>> s = 2, UP ... 240.023446
>> s = 1, UP ... 50.609983
>> s = 0, UP ... 100.900246
>> s = 2, IN ... 12.030812
>> s = 1, IN ... 1.122728
>> s = 0, IN ... 1.972162
1. Preliminaries.
Calculating B-matrices and Eigenvalues
2. Generate MSTModes
>> Generate s=-2 MSTModes 323.869436
>> Generate s=-1 MSTModes 331.86259
>> Generate hκModes 1081.708122
3. Jumps
>> 0.387465
>> 0.794199
>> 4.323907
>> 2.226809
>> 17.553165
>> 8.475997
>> LinearSolve for s1 and κ jumps 0.032492
>> κ and s1 jumps 34.043616
4. Prepare grid and mode functions.
>> s=-2 MSTModes 1.47449
>> MMp2gridL 0.592562
>> MMp2gridR 46.944855
>> s=-1 MSTModes 0.670474
>> MMp1gridL 0.035334
>> MMp1gridR 2.77719
>> s=0 MSTModes 1.189589
A. Fill 1D grid.
>> s = 2, UP ... 211.58377
>> s = 1, UP ... 44.088448
>> s = 0, UP ... 88.737313
>> s = 2, IN ... 11.781487
>> s = 1, IN ... 1.078944
>> s = 0, IN ... 1.89417
1. Preliminaries.
Calculating B-matrices and Eigenvalues
2. Generate MSTModes
>> Generate s=-2 MSTModes 303.586023
>> Generate s=-1 MSTModes 535.641517
>> Generate hκModes 2597.519154
3. Jumps
>> 24.120058
>> 16.879523
>> 132.629813
>> 16.804445
>> 25.188359
>> 11.308735
>> LinearSolve for s1 and κ jumps 0.346873
>> κ and s1 jumps 227.837362
4. Prepare grid and mode functions.
>> s=-2 MSTModes 2.424333
>> MMp2gridL 1.642593
>> MMp2gridR 98.286698
>> s=-1 MSTModes 1.608112
>> MMp1gridL 0.215069
>> MMp1gridR 5.502948
>> s=0 MSTModes 2.173871
A. Fill 1D grid.
>> s = 2, UP ... 418.114474
>> s = 1, UP ... 107.309742
>> s = 0, UP ... 243.885278
>> s = 2, IN ... 39.541199
>> s = 1, IN ... 4.546598
>> s = 0, IN ... 6.346239
1. Preliminaries.
Calculating B-matrices and Eigenvalues
2. Generate MSTModes
>> Generate s=-2 MSTModes 804.616595
>> Generate s=-1 MSTModes 779.692903
>> Generate hκModes 2576.382532
3. Jumps
>> 17.510006
>> 16.318412
>> 93.250832
>> 19.346414
>> 25.86754
>> 8.447874
>> LinearSolve for s1 and κ jumps 0.342299
>> κ and s1 jumps 181.630026
4. Prepare grid and mode functions.
>> s=-2 MSTModes 2.217227
>> MMp2gridL 1.427408
>> MMp2gridR 89.609378
>> s=-1 MSTModes 1.160928
>> MMp1gridL 0.117279
>> MMp1gridR 4.349565
>> s=0 MSTModes 1.862097
A. Fill 1D grid.
>> s = 2, UP ... 484.979808
>> s = 1, UP ... 86.75537
>> s = 0, UP ... 216.327373
>> s = 2, IN ... 27.518763
>> s = 1, IN ... 2.745801
>> s = 0, IN ... 4.345888
1. Preliminaries.
Calculating B-matrices and Eigenvalues
2. Generate MSTModes
>> Generate s=-2 MSTModes 867.968671
>> Generate s=-1 MSTModes 770.348314
>> Generate hκModes 2338.895448
3. Jumps
>> 11.786108
>> 12.95512
>> 58.887391
>> 8.293792
>> 16.373274
>> 5.702265
>> LinearSolve for s1 and κ jumps 0.21121
>> κ and s1 jumps 114.836234
4. Prepare grid and mode functions.
>> s=-2 MSTModes 1.923521
>> MMp2gridL 1.707489
>> MMp2gridR 75.466235
>> s=-1 MSTModes 0.935897
>> MMp1gridL 0.096231
>> MMp1gridR 4.002549
>> s=0 MSTModes 1.713563
A. Fill 1D grid.
>> s = 2, UP ... 416.154582
>> s = 1, UP ... 70.623331
>> s = 0, UP ... 164.555766
>> s = 2, IN ... 26.455586
>> s = 1, IN ... 2.925473
>> s = 0, IN ... 4.489728
1. Preliminaries.
Calculating B-matrices and Eigenvalues
2. Generate MSTModes
>> Generate s=-2 MSTModes 749.279116
>> Generate s=-1 MSTModes 585.23458
>> Generate hκModes 2294.462674
3. Jumps
>> 22.528227
>> 20.250841
>> 85.658493
>> 10.822847
>> 13.506072
>> 4.511811
>> LinearSolve for s1 and κ jumps 0.270984
>> κ and s1 jumps 157.987214
4. Prepare grid and mode functions.
>> s=-2 MSTModes 1.898409
>> MMp2gridL 1.033993
>> MMp2gridR 66.689899
>> s=-1 MSTModes 0.962939
>> MMp1gridL 0.106707
>> MMp1gridR 3.939073
>> s=0 MSTModes 1.666401
A. Fill 1D grid.
>> s = 2, UP ... 369.780041
>> s = 1, UP ... 60.107573
>> s = 0, UP ... 134.199785
>> s = 2, IN ... 26.505482
>> s = 1, IN ... 2.646247
>> s = 0, IN ... 4.038588
1. Preliminaries.
Calculating B-matrices and Eigenvalues
2. Generate MSTModes
>> Generate s=-2 MSTModes 600.217614
>> Generate s=-1 MSTModes 571.891408
>> Generate hκModes 2004.175343
3. Jumps
>> 12.815675
>> 22.478173
>> 65.898852
>> 8.093008
>> 8.724075
>> 3.265541
>> LinearSolve for s1 and κ jumps 0.160509
>> κ and s1 jumps 121.75945
4. Prepare grid and mode functions.
>> s=-2 MSTModes 1.649791
>> MMp2gridL 0.896783
>> MMp2gridR 62.885971
>> s=-1 MSTModes 0.818195
>> MMp1gridL 0.089688
>> MMp1gridR 3.615083
>> s=0 MSTModes 1.485539
A. Fill 1D grid.
>> s = 2, UP ... 351.604758
>> s = 1, UP ... 59.758167
>> s = 0, UP ... 130.188872
>> s = 2, IN ... 22.621053
>> s = 1, IN ... 2.414319
>> s = 0, IN ... 3.999284
1. Preliminaries.
Calculating B-matrices and Eigenvalues
2. Generate MSTModes
>> Generate s=-2 MSTModes 539.86127
>> Generate s=-1 MSTModes 468.236056
>> Generate hκModes 1713.39177
3. Jumps
>> 20.504532
>> 16.90098
>> 72.113144
>> 13.68345
>> 7.033417
>> 2.281905
>> LinearSolve for s1 and κ jumps 0.16907
>> κ and s1 jumps 133.029603
4. Prepare grid and mode functions.
>> s=-2 MSTModes 1.635473
>> MMp2gridL 0.866631
>> MMp2gridR 58.586889
>> s=-1 MSTModes 0.896148
>> MMp1gridL 0.094917
>> MMp1gridR 3.967192
>> s=0 MSTModes 1.597297
A. Fill 1D grid.
>> s = 2, UP ... 344.239998
>> s = 1, UP ... 48.476347
>> s = 0, UP ... 102.595386
>> s = 2, IN ... 26.451684
>> s = 1, IN ... 2.909597
>> s = 0, IN ... 4.380305
1. Preliminaries.
Calculating B-matrices and Eigenvalues
2. Generate MSTModes
>> Generate s=-2 MSTModes 436.782958
>> Generate s=-1 MSTModes 432.550052
>> Generate hκModes 1497.028072
3. Jumps
>> 14.374265
>> 9.151292
>> 32.015059
>> 5.71874
>> 4.370953
>> 1.487099
>> LinearSolve for s1 and κ jumps 0.105584
>> κ and s1 jumps 67.649264
4. Prepare grid and mode functions.
>> s=-2 MSTModes 1.29457
>> MMp2gridL 0.677423
>> MMp2gridR 49.482693
>> s=-1 MSTModes 0.675438
>> MMp1gridL 0.054635
>> MMp1gridR 2.761594
>> s=0 MSTModes 1.139852
A. Fill 1D grid.
>> s = 2, UP ... 238.01809
>> s = 1, UP ... 50.453615
>> s = 0, UP ... 81.034328
>> s = 2, IN ... 19.07222
>> s = 1, IN ... 1.607163
>> s = 0, IN ... 2.61926
