Task 15 on node712.cluster: a=0.99 r0=8.2
Job started: a = 0.99, r0 = 8.2, savepath = /lustre/astro/dyson/DataFiles/KerrCircSourceFiles/h1RadialAsymptotic
Warning: rstarmin is outside the allowed range.
Now we Calculate the Radiative Solutions
1. Preliminaries.
Calculating B-matrices and Eigenvalues
2. Generate MSTModes
>> Generate s=-2 MSTModes 459.651199
>> Generate s=-1 MSTModes 475.092038
>> Generate hκModes 2220.152812
3. Jumps
>> 0.884905
>> 6.054588
>> 7.052896
>> 10.644398
>> 124.84894
>> 47.104406
>> LinearSolve for s1 and κ jumps 0.008005
>> κ and s1 jumps 198.60206
4. Prepare grid and mode functions.
>> s=-2 MSTModes 2.613137
>> MMp2gridL 1.476051
>> MMp2gridR 99.672585
>> s=-1 MSTModes 0.802941
>> MMp1gridL 0.059312
>> MMp1gridR 5.151593
>> s=0 MSTModes 1.961196
A. Fill 1D grid.
>> s = 2, UP ... 677.052531
>> s = 1, UP ... 20.990296
>> s = 0, UP ... 168.535385
>> s = 2, IN ... 17.416643
>> s = 1, IN ... 1.3726
>> s = 0, IN ... 2.966405
1. Preliminaries.
Calculating B-matrices and Eigenvalues
2. Generate MSTModes
>> Generate s=-2 MSTModes 472.608461
>> Generate s=-1 MSTModes 465.514374
>> Generate hκModes 2189.53993
3. Jumps
>> 0.828713
>> 6.139458
>> 8.228077
>> 9.684046
>> 120.148125
>> 42.118984
>> LinearSolve for s1 and κ jumps 0.799882
>> κ and s1 jumps 189.398798
4. Prepare grid and mode functions.
>> s=-2 MSTModes 2.723971
>> MMp2gridL 1.473463
>> MMp2gridR 100.368996
>> s=-1 MSTModes 1.292432
>> MMp1gridL 0.084824
>> MMp1gridR 5.755318
>> s=0 MSTModes 2.168616
A. Fill 1D grid.
>> s = 2, UP ... 655.520973
>> s = 1, UP ... 143.876153
>> s = 0, UP ... 209.092297
>> s = 2, IN ... 16.885932
>> s = 1, IN ... 2.196833
>> s = 0, IN ... 3.234543
1. Preliminaries.
Calculating B-matrices and Eigenvalues
2. Generate MSTModes
>> Generate s=-2 MSTModes 470.300691
>> Generate s=-1 MSTModes 460.873712
>> Generate hκModes 2110.320043
3. Jumps
>> 0.777602
>> 5.390178
>> 8.375408
>> 31.351481
>> 201.961687
>> 131.762112
>> LinearSolve for s1 and κ jumps 0.645956
>> κ and s1 jumps 381.692908
4. Prepare grid and mode functions.
>> s=-2 MSTModes 2.625271
>> MMp2gridL 1.431608
>> MMp2gridR 97.898417
>> s=-1 MSTModes 1.263967
>> MMp1gridL 0.082251
>> MMp1gridR 5.582555
>> s=0 MSTModes 2.109429
A. Fill 1D grid.
>> s = 2, UP ... 620.402763
>> s = 1, UP ... 132.725889
>> s = 0, UP ... 286.322692
>> s = 2, IN ... 16.609523
>> s = 1, IN ... 2.117142
>> s = 0, IN ... 3.979538
1. Preliminaries.
Calculating B-matrices and Eigenvalues
2. Generate MSTModes
>> Generate s=-2 MSTModes 462.472244
>> Generate s=-1 MSTModes 455.158173
>> Generate hκModes 2052.066102
3. Jumps
>> 0.736455
>> 4.892231
>> 8.53393
>> 27.097419
>> 175.167625
>> 112.48151
>> LinearSolve for s1 and κ jumps 0.485488
>> κ and s1 jumps 330.719487
4. Prepare grid and mode functions.
>> s=-2 MSTModes 2.445971
>> MMp2gridL 1.372561
>> MMp2gridR 93.395383
>> s=-1 MSTModes 1.24149
>> MMp1gridL 0.08036
>> MMp1gridR 5.165396
>> s=0 MSTModes 1.953988
A. Fill 1D grid.
>> s = 2, UP ... 584.714471
>> s = 1, UP ... 129.208787
>> s = 0, UP ... 271.525562
>> s = 2, IN ... 16.358904
>> s = 1, IN ... 2.058678
>> s = 0, IN ... 3.843408
1. Preliminaries.
Calculating B-matrices and Eigenvalues
2. Generate MSTModes
>> Generate s=-2 MSTModes 456.562815
>> Generate s=-1 MSTModes 452.304206
>> Generate hκModes 1980.633338
3. Jumps
>> 0.703503
>> 4.419197
>> 8.309115
>> 23.879162
>> 156.057392
>> 98.943494
>> LinearSolve for s1 and κ jumps 0.781453
>> κ and s1 jumps 294.301134
4. Prepare grid and mode functions.
>> s=-2 MSTModes 2.388741
>> MMp2gridL 1.325888
>> MMp2gridR 90.198156
>> s=-1 MSTModes 1.217456
>> MMp1gridL 0.077037
>> MMp1gridR 5.217939
>> s=0 MSTModes 1.955889
A. Fill 1D grid.
>> s = 2, UP ... 550.085153
>> s = 1, UP ... 121.752712
>> s = 0, UP ... 257.18683
>> s = 2, IN ... 15.946896
>> s = 1, IN ... 1.961143
>> s = 0, IN ... 3.673225
1. Preliminaries.
Calculating B-matrices and Eigenvalues
2. Generate MSTModes
>> Generate s=-2 MSTModes 449.127908
>> Generate s=-1 MSTModes 445.120148
>> Generate hκModes 1923.691685
3. Jumps
>> 0.665712
>> 4.039923
>> 8.540696
>> 21.162471
>> 139.363771
>> 86.946083
>> LinearSolve for s1 and κ jumps 0.58421
>> κ and s1 jumps 262.416108
4. Prepare grid and mode functions.
>> s=-2 MSTModes 2.362665
>> MMp2gridL 1.274373
>> MMp2gridR 86.388094
>> s=-1 MSTModes 1.195829
>> MMp1gridL 0.074506
>> MMp1gridR 5.057985
>> s=0 MSTModes 1.954943
A. Fill 1D grid.
>> s = 2, UP ... 519.675785
>> s = 1, UP ... 114.567691
>> s = 0, UP ... 241.503383
>> s = 2, IN ... 15.723986
>> s = 1, IN ... 1.905885
>> s = 0, IN ... 3.534211
1. Preliminaries.
Calculating B-matrices and Eigenvalues
2. Generate MSTModes
>> Generate s=-2 MSTModes 450.412104
>> Generate s=-1 MSTModes 443.982439
>> Generate hκModes 1869.505249
3. Jumps
>> 0.641903
>> 3.612504
>> 7.742213
>> 17.683781
>> 120.255516
>> 73.789842
>> LinearSolve for s1 and κ jumps 0.463439
>> κ and s1 jumps 225.175463
4. Prepare grid and mode functions.
>> s=-2 MSTModes 2.283269
>> MMp2gridL 1.226989
>> MMp2gridR 83.129276
>> s=-1 MSTModes 1.168509
>> MMp1gridL 0.071659
>> MMp1gridR 4.872129
>> s=0 MSTModes 1.886921
A. Fill 1D grid.
>> s = 2, UP ... 491.488539
>> s = 1, UP ... 108.125542
>> s = 0, UP ... 226.885073
>> s = 2, IN ... 15.584544
>> s = 1, IN ... 1.825959
>> s = 0, IN ... 3.386702
1. Preliminaries.
Calculating B-matrices and Eigenvalues
2. Generate MSTModes
>> Generate s=-2 MSTModes 451.155761
>> Generate s=-1 MSTModes 442.166468
>> Generate hκModes 1809.584136
3. Jumps
>> 0.60355
>> 3.185796
>> 8.043383
>> 15.696322
>> 105.771088
>> 64.472521
>> LinearSolve for s1 and κ jumps 0.741862
>> κ and s1 jumps 199.40788
4. Prepare grid and mode functions.
>> s=-2 MSTModes 2.132341
>> MMp2gridL 1.182049
>> MMp2gridR 79.154988
>> s=-1 MSTModes 1.099823
>> MMp1gridL 0.069389
>> MMp1gridR 4.643335
>> s=0 MSTModes 1.818946
A. Fill 1D grid.
>> s = 2, UP ... 460.894325
>> s = 1, UP ... 101.706171
>> s = 0, UP ... 212.312892
>> s = 2, IN ... 15.150628
>> s = 1, IN ... 1.76419
>> s = 0, IN ... 3.264955
1. Preliminaries.
Calculating B-matrices and Eigenvalues
2. Generate MSTModes
>> Generate s=-2 MSTModes 448.435778
>> Generate s=-1 MSTModes 437.821212
>> Generate hκModes 1740.354282
3. Jumps
>> 0.581742
>> 2.776835
>> 7.224845
>> 13.109536
>> 90.259297
>> 54.136516
>> LinearSolve for s1 and κ jumps 0.056726
>> κ and s1 jumps 168.951286
4. Prepare grid and mode functions.
>> s=-2 MSTModes 2.133622
>> MMp2gridL 1.128497
>> MMp2gridR 76.314368
>> s=-1 MSTModes 1.041635
>> MMp1gridL 0.065652
>> MMp1gridR 4.388373
>> s=0 MSTModes 1.739891
A. Fill 1D grid.
>> s = 2, UP ... 432.268819
>> s = 1, UP ... 94.126055
>> s = 0, UP ... 198.362913
>> s = 2, IN ... 14.889986
>> s = 1, IN ... 1.683645
>> s = 0, IN ... 3.125409
1. Preliminaries.
Calculating B-matrices and Eigenvalues
2. Generate MSTModes
>> Generate s=-2 MSTModes 445.818567
>> Generate s=-1 MSTModes 438.207891
>> Generate hκModes 1653.942186
3. Jumps
>> 0.557027
>> 2.515196
>> 7.074071
>> 11.347321
>> 78.761283
>> 46.419617
>> LinearSolve for s1 and κ jumps 0.050918
>> κ and s1 jumps 147.446729
4. Prepare grid and mode functions.
>> s=-2 MSTModes 2.050225
>> MMp2gridL 1.077496
>> MMp2gridR 73.418841
>> s=-1 MSTModes 1.026218
>> MMp1gridL 0.06311
>> MMp1gridR 4.234797
>> s=0 MSTModes 1.666626
A. Fill 1D grid.
>> s = 2, UP ... 405.813873
>> s = 1, UP ... 88.708024
>> s = 0, UP ... 182.02117
>> s = 2, IN ... 14.641511
>> s = 1, IN ... 1.625312
>> s = 0, IN ... 2.995536
1. Preliminaries.
Calculating B-matrices and Eigenvalues
2. Generate MSTModes
>> Generate s=-2 MSTModes 442.071469
>> Generate s=-1 MSTModes 434.914816
>> Generate hκModes 1587.714351
3. Jumps
>> 0.52995
>> 2.20199
>> 6.66357
>> 9.357195
>> 66.657639
>> 38.166592
>> LinearSolve for s1 and κ jumps 0.049774
>> κ and s1 jumps 124.25564
4. Prepare grid and mode functions.
>> s=-2 MSTModes 1.939246
>> MMp2gridL 1.066984
>> MMp2gridR 69.741742
>> s=-1 MSTModes 0.965828
>> MMp1gridL 0.060026
>> MMp1gridR 4.055815
>> s=0 MSTModes 1.594783
A. Fill 1D grid.
>> s = 2, UP ... 379.883387
>> s = 1, UP ... 83.504974
>> s = 0, UP ... 172.586169
>> s = 2, IN ... 14.479599
>> s = 1, IN ... 1.572172
>> s = 0, IN ... 2.859179
1. Preliminaries.
Calculating B-matrices and Eigenvalues
2. Generate MSTModes
>> Generate s=-2 MSTModes 435.253327
>> Generate s=-1 MSTModes 424.168687
>> Generate hκModes 1512.951157
3. Jumps
>> 0.504431
>> 1.932736
>> 6.257778
>> 7.860407
>> 56.294764
>> 32.253578
>> LinearSolve for s1 and κ jumps 0.061272
>> κ and s1 jumps 105.737366
4. Prepare grid and mode functions.
>> s=-2 MSTModes 1.866525
>> MMp2gridL 0.964666
>> MMp2gridR 66.435148
>> s=-1 MSTModes 0.924659
>> MMp1gridL 0.057178
>> MMp1gridR 3.852639
>> s=0 MSTModes 1.511049
A. Fill 1D grid.
>> s = 2, UP ... 351.873631
>> s = 1, UP ... 75.903028
>> s = 0, UP ... 157.854098
>> s = 2, IN ... 14.296988
>> s = 1, IN ... 1.513879
>> s = 0, IN ... 2.702576
1. Preliminaries.
Calculating B-matrices and Eigenvalues
2. Generate MSTModes
>> Generate s=-2 MSTModes 424.787221
>> Generate s=-1 MSTModes 415.18505
>> Generate hκModes 1443.021268
3. Jumps
>> 0.482032
>> 1.691789
>> 5.959284
>> 6.676894
>> 47.616601
>> 26.59192
>> LinearSolve for s1 and κ jumps 0.026488
>> κ and s1 jumps 89.542598
4. Prepare grid and mode functions.
>> s=-2 MSTModes 1.780498
>> MMp2gridL 0.929315
>> MMp2gridR 62.068924
>> s=-1 MSTModes 0.905859
>> MMp1gridL 0.054115
>> MMp1gridR 3.67654
>> s=0 MSTModes 1.461923
A. Fill 1D grid.
>> s = 2, UP ... 328.45733
>> s = 1, UP ... 71.396736
>> s = 0, UP ... 146.062135
>> s = 2, IN ... 14.009093
>> s = 1, IN ... 1.44643
>> s = 0, IN ... 2.627967
1. Preliminaries.
Calculating B-matrices and Eigenvalues
2. Generate MSTModes
>> Generate s=-2 MSTModes 417.393127
>> Generate s=-1 MSTModes 404.633551
>> Generate hκModes 1379.309405
3. Jumps
>> 0.45831
>> 1.457636
>> 5.646473
>> 5.488793
>> 40.003498
>> 21.837048
>> LinearSolve for s1 and κ jumps 0.126458
>> κ and s1 jumps 75.456863
4. Prepare grid and mode functions.
>> s=-2 MSTModes 1.713531
>> MMp2gridL 0.87041
>> MMp2gridR 59.468183
>> s=-1 MSTModes 0.84861
>> MMp1gridL 0.050996
>> MMp1gridR 3.494851
>> s=0 MSTModes 1.394739
A. Fill 1D grid.
>> s = 2, UP ... 301.014873
>> s = 1, UP ... 65.57047
>> s = 0, UP ... 133.090873
>> s = 2, IN ... 13.804768
>> s = 1, IN ... 1.400507
>> s = 0, IN ... 2.576338
1. Preliminaries.
Calculating B-matrices and Eigenvalues
2. Generate MSTModes
>> Generate s=-2 MSTModes 409.775869
>> Generate s=-1 MSTModes 400.233807
>> Generate hκModes 1308.790409
3. Jumps
>> 0.447355
>> 1.251232
>> 5.325849
>> 4.416294
>> 32.65962
>> 17.340583
>> LinearSolve for s1 and κ jumps 0.044037
>> κ and s1 jumps 61.864841
4. Prepare grid and mode functions.
>> s=-2 MSTModes 1.62159
>> MMp2gridL 0.830527
>> MMp2gridR 56.220313
>> s=-1 MSTModes 0.807077
>> MMp1gridL 0.047892
>> MMp1gridR 3.249251
>> s=0 MSTModes 1.329484
A. Fill 1D grid.
>> s = 2, UP ... 278.559166
>> s = 1, UP ... 60.251662
>> s = 0, UP ... 122.328336
>> s = 2, IN ... 13.699816
>> s = 1, IN ... 1.36133
>> s = 0, IN ... 2.421466
1. Preliminaries.
Calculating B-matrices and Eigenvalues
2. Generate MSTModes
>> Generate s=-2 MSTModes 388.746842
>> Generate s=-1 MSTModes 384.807667
>> Generate hκModes 1235.186832
3. Jumps
>> 0.420835
>> 1.072581
>> 4.923515
>> 3.4377
>> 26.664884
>> 13.702745
>> LinearSolve for s1 and κ jumps 0.035396
>> κ and s1 jumps 50.592356
4. Prepare grid and mode functions.
>> s=-2 MSTModes 1.537267
>> MMp2gridL 0.765071
>> MMp2gridR 53.008503
>> s=-1 MSTModes 0.752629
>> MMp1gridL 0.046116
>> MMp1gridR 3.100335
>> s=0 MSTModes 1.250201
A. Fill 1D grid.
>> s = 2, UP ... 255.343579
>> s = 1, UP ... 55.111123
>> s = 0, UP ... 111.394835
>> s = 2, IN ... 13.509059
>> s = 1, IN ... 1.312538
>> s = 0, IN ... 2.336175
1. Preliminaries.
Calculating B-matrices and Eigenvalues
2. Generate MSTModes
>> Generate s=-2 MSTModes 367.345435
>> Generate s=-1 MSTModes 363.266273
>> Generate hκModes 1168.92843
3. Jumps
>> 0.408677
>> 0.937752
>> 4.733264
>> 2.918302
>> 22.20068
>> 11.221853
>> LinearSolve for s1 and κ jumps 0.038476
>> κ and s1 jumps 42.74499
4. Prepare grid and mode functions.
>> s=-2 MSTModes 1.475429
>> MMp2gridL 0.735789
>> MMp2gridR 49.970287
>> s=-1 MSTModes 0.735382
>> MMp1gridL 0.042532
>> MMp1gridR 2.911785
>> s=0 MSTModes 1.198332
A. Fill 1D grid.
>> s = 2, UP ... 235.283968
>> s = 1, UP ... 51.010118
>> s = 0, UP ... 102.17766
>> s = 2, IN ... 13.302748
>> s = 1, IN ... 1.264649
>> s = 0, IN ... 2.294693
1. Preliminaries.
Calculating B-matrices and Eigenvalues
2. Generate MSTModes
>> Generate s=-2 MSTModes 343.722449
>> Generate s=-1 MSTModes 341.548025
>> Generate hκModes 1091.647147
3. Jumps
>> 0.394711
>> 0.791324
>> 4.341857
>> 2.202431
>> 17.432489
>> 8.506543
>> LinearSolve for s1 and κ jumps 0.037849
>> κ and s1 jumps 33.953504
4. Prepare grid and mode functions.
>> s=-2 MSTModes 1.365371
>> MMp2gridL 0.664368
>> MMp2gridR 46.513126
>> s=-1 MSTModes 0.668436
>> MMp1gridL 0.039582
>> MMp1gridR 2.696343
>> s=0 MSTModes 1.121195
A. Fill 1D grid.
>> s = 2, UP ... 214.036398
>> s = 1, UP ... 46.053483
>> s = 0, UP ... 90.695084
>> s = 2, IN ... 13.248505
>> s = 1, IN ... 1.220998
>> s = 0, IN ... 2.161083
1. Preliminaries.
Calculating B-matrices and Eigenvalues
2. Generate MSTModes
>> Generate s=-2 MSTModes 321.055866
>> Generate s=-1 MSTModes 320.824795
>> Generate hκModes 1011.043823
3. Jumps
>> 0.379893
>> 0.672778
>> 4.040726
>> 1.732222
>> 13.865451
>> 6.532591
>> LinearSolve for s1 and κ jumps 0.036085
>> κ and s1 jumps 27.466509
4. Prepare grid and mode functions.
>> s=-2 MSTModes 1.231064
>> MMp2gridL 0.636852
>> MMp2gridR 43.126273
>> s=-1 MSTModes 0.617066
>> MMp1gridL 0.037525
>> MMp1gridR 2.477876
>> s=0 MSTModes 1.042061
A. Fill 1D grid.
>> s = 2, UP ... 192.93365
>> s = 1, UP ... 41.678464
>> s = 0, UP ... 81.845312
>> s = 2, IN ... 13.176367
>> s = 1, IN ... 1.186752
>> s = 0, IN ... 2.069937
1. Preliminaries.
Calculating B-matrices and Eigenvalues
2. Generate MSTModes
>> Generate s=-2 MSTModes 302.176673
>> Generate s=-1 MSTModes 302.305622
>> Generate hκModes 931.289758
3. Jumps
>> 0.365466
>> 0.564253
>> 3.69081
>> 1.313213
>> 10.657531
>> 4.753676
>> LinearSolve for s1 and κ jumps 0.048033
>> κ and s1 jumps 21.567532
4. Prepare grid and mode functions.
>> s=-2 MSTModes 1.135367
>> MMp2gridL 0.571881
>> MMp2gridR 40.024386
>> s=-1 MSTModes 0.581591
>> MMp1gridL 0.034417
>> MMp1gridR 2.310362
>> s=0 MSTModes 0.960718
A. Fill 1D grid.
>> s = 2, UP ... 170.295994
>> s = 1, UP ... 34.943984
>> s = 0, UP ... 70.320036
>> s = 2, IN ... 12.954795
>> s = 1, IN ... 1.125564
>> s = 0, IN ... 1.995825
1. Preliminaries.
Calculating B-matrices and Eigenvalues
2. Generate MSTModes
>> Generate s=-2 MSTModes 285.369241
>> Generate s=-1 MSTModes 282.682604
>> Generate hκModes 844.740887
3. Jumps
>> 0.349963
>> 0.4778
>> 3.310216
>> 1.000188
>> 8.100134
>> 3.542194
>> LinearSolve for s1 and κ jumps 0.010781
>> κ and s1 jumps 16.930128
4. Prepare grid and mode functions.
>> s=-2 MSTModes 1.068214
>> MMp2gridL 0.534666
>> MMp2gridR 36.52123
>> s=-1 MSTModes 0.529046
>> MMp1gridL 0.030873
>> MMp1gridR 2.102383
>> s=0 MSTModes 0.902787
A. Fill 1D grid.
>> s = 2, UP ... 155.086208
>> s = 1, UP ... 32.047261
>> s = 0, UP ... 62.978775
>> s = 2, IN ... 12.788017
>> s = 1, IN ... 1.099612
>> s = 0, IN ... 1.908835
1. Preliminaries.
Calculating B-matrices and Eigenvalues
2. Generate MSTModes
>> Generate s=-2 MSTModes 261.777088
>> Generate s=-1 MSTModes 261.13555
>> Generate hκModes 769.845967
3. Jumps
>> 0.340117
>> 0.404043
>> 3.034685
>> 0.767258
>> 6.057445
>> 2.468482
>> LinearSolve for s1 and κ jumps 0.024387
>> κ and s1 jumps 13.230776
4. Prepare grid and mode functions.
>> s=-2 MSTModes 0.993575
>> MMp2gridL 0.465946
>> MMp2gridR 33.343351
>> s=-1 MSTModes 0.49095
>> MMp1gridL 0.027905
>> MMp1gridR 1.916118
>> s=0 MSTModes 0.836419
A. Fill 1D grid.
>> s = 2, UP ... 139.191517
>> s = 1, UP ... 28.357514
>> s = 0, UP ... 54.855471
>> s = 2, IN ... 12.792567
>> s = 1, IN ... 1.058453
>> s = 0, IN ... 1.858411
1. Preliminaries.
Calculating B-matrices and Eigenvalues
2. Generate MSTModes
>> Generate s=-2 MSTModes 237.635945
>> Generate s=-1 MSTModes 233.880711
>> Generate hκModes 688.508998
3. Jumps
>> 0.327564
>> 0.338735
>> 2.714015
>> 0.558521
>> 4.294357
>> 1.651638
>> LinearSolve for s1 and κ jumps 0.02443
>> κ and s1 jumps 10.003902
4. Prepare grid and mode functions.
>> s=-2 MSTModes 0.909929
>> MMp2gridL 0.427478
>> MMp2gridR 30.171566
>> s=-1 MSTModes 0.442427
>> MMp1gridL 0.025081
>> MMp1gridR 1.705588
>> s=0 MSTModes 0.748868
A. Fill 1D grid.
>> s = 2, UP ... 123.787583
>> s = 1, UP ... 24.905216
>> s = 0, UP ... 46.940124
>> s = 2, IN ... 12.683505
>> s = 1, IN ... 1.038155
>> s = 0, IN ... 1.808522
1. Preliminaries.
Calculating B-matrices and Eigenvalues
2. Generate MSTModes
>> Generate s=-2 MSTModes 214.218531
>> Generate s=-1 MSTModes 206.17178
>> Generate hκModes 611.394522
3. Jumps
>> 0.316222
>> 0.291746
>> 2.27914
>> 0.419915
>> 2.98029
>> 1.090976
>> LinearSolve for s1 and κ jumps 0.006759
>> κ and s1 jumps 7.463344
4. Prepare grid and mode functions.
>> s=-2 MSTModes 0.810627
>> MMp2gridL 0.369284
>> MMp2gridR 26.626195
>> s=-1 MSTModes 0.390387
>> MMp1gridL 0.022229
>> MMp1gridR 1.523728
>> s=0 MSTModes 0.677204
A. Fill 1D grid.
>> s = 2, UP ... 110.312215
>> s = 1, UP ... 22.163906
>> s = 0, UP ... 40.637821
>> s = 2, IN ... 12.381175
>> s = 1, IN ... 1.066386
>> s = 0, IN ... 1.720252
1. Preliminaries.
Calculating B-matrices and Eigenvalues
2. Generate MSTModes
>> Generate s=-2 MSTModes 188.542183
>> Generate s=-1 MSTModes 182.587506
>> Generate hκModes 529.309171
3. Jumps
>> 0.315435
>> 0.250036
>> 2.028812
>> 0.318622
>> 2.024891
>> 0.693875
>> LinearSolve for s1 and κ jumps 0.018192
>> κ and s1 jumps 5.715103
4. Prepare grid and mode functions.
>> s=-2 MSTModes 0.712613
>> MMp2gridL 0.328259
>> MMp2gridR 24.038732
>> s=-1 MSTModes 0.365277
>> MMp1gridL 0.019499
>> MMp1gridR 1.336798
>> s=0 MSTModes 0.603839
A. Fill 1D grid.
>> s = 2, UP ... 97.59501
>> s = 1, UP ... 19.483518
>> s = 0, UP ... 34.857476
>> s = 2, IN ... 12.36117
>> s = 1, IN ... 0.95952
>> s = 0, IN ... 1.652597
