Task 13 on node711.cluster: a=0.99 r0=8.0
Job started: a = 0.99, r0 = 8., savepath = /lustre/astro/dyson/DataFiles/KerrCircSourceFiles/h1RadialAsymptotic
Warning: rstarmin is outside the allowed range.
Now we Calculate the Radiative Solutions
1. Preliminaries.
Calculating B-matrices and Eigenvalues
2. Generate MSTModes
>> Generate s=-2 MSTModes 441.927949
>> Generate s=-1 MSTModes 455.044277
>> Generate hκModes 2207.548595
3. Jumps
>> 0.871258
>> 5.883521
>> 6.986739
>> 10.357751
>> 119.509977
>> 45.185837
>> LinearSolve for s1 and κ jumps 0.021266
>> κ and s1 jumps 190.729326
4. Prepare grid and mode functions.
>> s=-2 MSTModes 2.217789
>> MMp2gridL 1.41426
>> MMp2gridR 94.867989
>> s=-1 MSTModes 0.770938
>> MMp1gridL 0.057338
>> MMp1gridR 4.911507
>> s=0 MSTModes 1.914634
A. Fill 1D grid.
>> s = 2, UP ... 646.49019
>> s = 1, UP ... 20.321759
>> s = 0, UP ... 160.303974
>> s = 2, IN ... 16.636195
>> s = 1, IN ... 1.320901
>> s = 0, IN ... 2.912105
1. Preliminaries.
Calculating B-matrices and Eigenvalues
2. Generate MSTModes
>> Generate s=-2 MSTModes 451.943602
>> Generate s=-1 MSTModes 446.365576
>> Generate hκModes 2166.056186
3. Jumps
>> 0.804423
>> 6.164385
>> 8.048919
>> 9.326442
>> 115.880998
>> 41.249194
>> LinearSolve for s1 and κ jumps 0.74018
>> κ and s1 jumps 183.59761
4. Prepare grid and mode functions.
>> s=-2 MSTModes 2.472614
>> MMp2gridL 1.427837
>> MMp2gridR 95.572264
>> s=-1 MSTModes 1.259515
>> MMp1gridL 0.082472
>> MMp1gridR 5.601403
>> s=0 MSTModes 2.113754
A. Fill 1D grid.
>> s = 2, UP ... 628.204426
>> s = 1, UP ... 137.535257
>> s = 0, UP ... 198.822588
>> s = 2, IN ... 16.276059
>> s = 1, IN ... 2.108155
>> s = 0, IN ... 3.104834
1. Preliminaries.
Calculating B-matrices and Eigenvalues
2. Generate MSTModes
>> Generate s=-2 MSTModes 449.139812
>> Generate s=-1 MSTModes 443.590081
>> Generate hκModes 2098.193034
3. Jumps
>> 0.775668
>> 5.486754
>> 8.370681
>> 30.996895
>> 197.84112
>> 129.861235
>> LinearSolve for s1 and κ jumps 0.659918
>> κ and s1 jumps 375.46094
4. Prepare grid and mode functions.
>> s=-2 MSTModes 2.315217
>> MMp2gridL 1.381063
>> MMp2gridR 93.479625
>> s=-1 MSTModes 1.244582
>> MMp1gridL 0.080153
>> MMp1gridR 5.432975
>> s=0 MSTModes 2.075432
A. Fill 1D grid.
>> s = 2, UP ... 594.084636
>> s = 1, UP ... 129.689069
>> s = 0, UP ... 274.067497
>> s = 2, IN ... 15.912143
>> s = 1, IN ... 2.034339
>> s = 0, IN ... 3.843058
1. Preliminaries.
Calculating B-matrices and Eigenvalues
2. Generate MSTModes
>> Generate s=-2 MSTModes 446.365562
>> Generate s=-1 MSTModes 438.792522
>> Generate hκModes 2046.219521
3. Jumps
>> 0.719515
>> 4.974475
>> 8.376793
>> 27.424997
>> 178.166897
>> 116.485841
>> LinearSolve for s1 and κ jumps 0.59523
>> κ and s1 jumps 338.266164
4. Prepare grid and mode functions.
>> s=-2 MSTModes 2.371663
>> MMp2gridL 1.352968
>> MMp2gridR 91.213638
>> s=-1 MSTModes 1.224104
>> MMp1gridL 0.077287
>> MMp1gridR 5.236634
>> s=0 MSTModes 2.012821
A. Fill 1D grid.
>> s = 2, UP ... 562.796334
>> s = 1, UP ... 123.274122
>> s = 0, UP ... 261.05261
>> s = 2, IN ... 15.705207
>> s = 1, IN ... 1.961203
>> s = 0, IN ... 3.649471
1. Preliminaries.
Calculating B-matrices and Eigenvalues
2. Generate MSTModes
>> Generate s=-2 MSTModes 440.203204
>> Generate s=-1 MSTModes 438.70483
>> Generate hκModes 1980.378108
3. Jumps
>> 0.692633
>> 4.42369
>> 8.775259
>> 23.903615
>> 154.587426
>> 99.158585
>> LinearSolve for s1 and κ jumps 0.535692
>> κ and s1 jumps 293.36068
4. Prepare grid and mode functions.
>> s=-2 MSTModes 2.317045
>> MMp2gridL 1.291791
>> MMp2gridR 87.054436
>> s=-1 MSTModes 1.204106
>> MMp1gridL 0.075643
>> MMp1gridR 5.051007
>> s=0 MSTModes 1.969088
A. Fill 1D grid.
>> s = 2, UP ... 530.985292
>> s = 1, UP ... 115.490731
>> s = 0, UP ... 245.784949
>> s = 2, IN ... 15.469576
>> s = 1, IN ... 1.887135
>> s = 0, IN ... 3.544394
1. Preliminaries.
Calculating B-matrices and Eigenvalues
2. Generate MSTModes
>> Generate s=-2 MSTModes 440.743044
>> Generate s=-1 MSTModes 435.363975
>> Generate hκModes 1917.026119
3. Jumps
>> 0.658569
>> 4.052656
>> 8.209378
>> 21.346174
>> 138.231978
>> 88.253517
>> LinearSolve for s1 and κ jumps 0.682035
>> κ and s1 jumps 262.525044
4. Prepare grid and mode functions.
>> s=-2 MSTModes 2.282823
>> MMp2gridL 1.251546
>> MMp2gridR 84.302874
>> s=-1 MSTModes 1.165506
>> MMp1gridL 0.072153
>> MMp1gridR 4.901778
>> s=0 MSTModes 1.908502
A. Fill 1D grid.
>> s = 2, UP ... 501.721868
>> s = 1, UP ... 110.980102
>> s = 0, UP ... 232.988326
>> s = 2, IN ... 15.06186
>> s = 1, IN ... 1.829754
>> s = 0, IN ... 3.458143
1. Preliminaries.
Calculating B-matrices and Eigenvalues
2. Generate MSTModes
>> Generate s=-2 MSTModes 444.588397
>> Generate s=-1 MSTModes 437.718535
>> Generate hκModes 1865.323866
3. Jumps
>> 0.626209
>> 3.538736
>> 7.823861
>> 18.109011
>> 119.123247
>> 74.873879
>> LinearSolve for s1 and κ jumps 0.454985
>> κ and s1 jumps 225.552232
4. Prepare grid and mode functions.
>> s=-2 MSTModes 2.032864
>> MMp2gridL 1.204148
>> MMp2gridR 82.080855
>> s=-1 MSTModes 1.186252
>> MMp1gridL 0.069668
>> MMp1gridR 4.767143
>> s=0 MSTModes 1.823695
A. Fill 1D grid.
>> s = 2, UP ... 476.180382
>> s = 1, UP ... 103.702973
>> s = 0, UP ... 218.203294
>> s = 2, IN ... 14.881159
>> s = 1, IN ... 1.740849
>> s = 0, IN ... 3.234833
1. Preliminaries.
Calculating B-matrices and Eigenvalues
2. Generate MSTModes
>> Generate s=-2 MSTModes 442.906134
>> Generate s=-1 MSTModes 431.857577
>> Generate hκModes 1802.980565
3. Jumps
>> 0.598556
>> 3.202937
>> 7.529899
>> 15.798477
>> 105.527848
>> 65.206455
>> LinearSolve for s1 and κ jumps 0.469335
>> κ and s1 jumps 199.234734
4. Prepare grid and mode functions.
>> s=-2 MSTModes 2.015534
>> MMp2gridL 1.145196
>> MMp2gridR 78.044931
>> s=-1 MSTModes 1.06457
>> MMp1gridL 0.066453
>> MMp1gridR 4.556785
>> s=0 MSTModes 1.79008
A. Fill 1D grid.
>> s = 2, UP ... 449.029167
>> s = 1, UP ... 97.217073
>> s = 0, UP ... 203.570305
>> s = 2, IN ... 14.554627
>> s = 1, IN ... 1.677491
>> s = 0, IN ... 3.149932
1. Preliminaries.
Calculating B-matrices and Eigenvalues
2. Generate MSTModes
>> Generate s=-2 MSTModes 441.159202
>> Generate s=-1 MSTModes 432.547486
>> Generate hκModes 1731.441048
3. Jumps
>> 0.573281
>> 2.829594
>> 7.158424
>> 13.016274
>> 89.283897
>> 54.109259
>> LinearSolve for s1 and κ jumps 0.053068
>> κ and s1 jumps 167.818742
4. Prepare grid and mode functions.
>> s=-2 MSTModes 2.037223
>> MMp2gridL 1.096844
>> MMp2gridR 74.842948
>> s=-1 MSTModes 1.037633
>> MMp1gridL 0.063866
>> MMp1gridR 4.442526
>> s=0 MSTModes 1.680525
A. Fill 1D grid.
>> s = 2, UP ... 418.813721
>> s = 1, UP ... 90.448027
>> s = 0, UP ... 187.800925
>> s = 2, IN ... 14.45579
>> s = 1, IN ... 1.59805
>> s = 0, IN ... 2.967999
1. Preliminaries.
Calculating B-matrices and Eigenvalues
2. Generate MSTModes
>> Generate s=-2 MSTModes 435.150128
>> Generate s=-1 MSTModes 427.681894
>> Generate hκModes 1654.993222
3. Jumps
>> 0.54329
>> 2.501396
>> 6.944961
>> 11.391278
>> 78.121522
>> 46.523448
>> LinearSolve for s1 and κ jumps 0.132952
>> κ and s1 jumps 146.875564
4. Prepare grid and mode functions.
>> s=-2 MSTModes 2.03342
>> MMp2gridL 1.050706
>> MMp2gridR 72.58479
>> s=-1 MSTModes 1.018322
>> MMp1gridL 0.061391
>> MMp1gridR 4.129218
>> s=0 MSTModes 1.660666
A. Fill 1D grid.
>> s = 2, UP ... 394.136887
>> s = 1, UP ... 85.887579
>> s = 0, UP ... 176.842055
>> s = 2, IN ... 14.187275
>> s = 1, IN ... 1.576443
>> s = 0, IN ... 2.983469
1. Preliminaries.
Calculating B-matrices and Eigenvalues
2. Generate MSTModes
>> Generate s=-2 MSTModes 434.325069
>> Generate s=-1 MSTModes 425.477623
>> Generate hκModes 1586.237523
3. Jumps
>> 0.526271
>> 2.220809
>> 6.656473
>> 9.821968
>> 67.58819
>> 40.109196
>> LinearSolve for s1 and κ jumps 0.038998
>> κ and s1 jumps 127.604881
4. Prepare grid and mode functions.
>> s=-2 MSTModes 1.854171
>> MMp2gridL 0.999736
>> MMp2gridR 69.283565
>> s=-1 MSTModes 0.957272
>> MMp1gridL 0.058579
>> MMp1gridR 4.070932
>> s=0 MSTModes 1.601021
A. Fill 1D grid.
>> s = 2, UP ... 367.976515
>> s = 1, UP ... 80.391512
>> s = 0, UP ... 165.239791
>> s = 2, IN ... 14.124959
>> s = 1, IN ... 1.510185
>> s = 0, IN ... 2.80102
1. Preliminaries.
Calculating B-matrices and Eigenvalues
2. Generate MSTModes
>> Generate s=-2 MSTModes 428.277024
>> Generate s=-1 MSTModes 416.187689
>> Generate hκModes 1519.101812
3. Jumps
>> 0.500046
>> 1.94454
>> 6.356786
>> 7.873556
>> 56.201052
>> 32.242759
>> LinearSolve for s1 and κ jumps 0.059909
>> κ and s1 jumps 105.737836
4. Prepare grid and mode functions.
>> s=-2 MSTModes 1.845127
>> MMp2gridL 0.947048
>> MMp2gridR 65.040194
>> s=-1 MSTModes 0.89792
>> MMp1gridL 0.055415
>> MMp1gridR 3.853486
>> s=0 MSTModes 1.526222
A. Fill 1D grid.
>> s = 2, UP ... 342.342701
>> s = 1, UP ... 74.107195
>> s = 0, UP ... 151.729149
>> s = 2, IN ... 13.825163
>> s = 1, IN ... 1.455886
>> s = 0, IN ... 2.63091
1. Preliminaries.
Calculating B-matrices and Eigenvalues
2. Generate MSTModes
>> Generate s=-2 MSTModes 425.053703
>> Generate s=-1 MSTModes 414.56319
>> Generate hκModes 1446.603523
3. Jumps
>> 0.474513
>> 1.67035
>> 5.993179
>> 6.546999
>> 47.038273
>> 26.647917
>> LinearSolve for s1 and κ jumps 0.078961
>> κ and s1 jumps 88.946054
4. Prepare grid and mode functions.
>> s=-2 MSTModes 1.797403
>> MMp2gridL 0.904463
>> MMp2gridR 61.547758
>> s=-1 MSTModes 0.971272
>> MMp1gridL 0.052955
>> MMp1gridR 3.6696
>> s=0 MSTModes 1.446252
A. Fill 1D grid.
>> s = 2, UP ... 318.762924
>> s = 1, UP ... 68.508118
>> s = 0, UP ... 139.743504
>> s = 2, IN ... 13.695874
>> s = 1, IN ... 1.40005
>> s = 0, IN ... 2.534764
1. Preliminaries.
Calculating B-matrices and Eigenvalues
2. Generate MSTModes
>> Generate s=-2 MSTModes 422.695378
>> Generate s=-1 MSTModes 409.358876
>> Generate hκModes 1386.666524
3. Jumps
>> 0.457493
>> 1.438323
>> 5.515501
>> 5.354101
>> 39.333243
>> 21.702172
>> LinearSolve for s1 and κ jumps 0.144297
>> κ and s1 jumps 74.382649
4. Prepare grid and mode functions.
>> s=-2 MSTModes 1.665155
>> MMp2gridL 0.843087
>> MMp2gridR 58.850307
>> s=-1 MSTModes 0.821511
>> MMp1gridL 0.049737
>> MMp1gridR 3.436844
>> s=0 MSTModes 1.382107
A. Fill 1D grid.
>> s = 2, UP ... 293.851529
>> s = 1, UP ... 62.952138
>> s = 0, UP ... 127.72418
>> s = 2, IN ... 13.332208
>> s = 1, IN ... 1.359817
>> s = 0, IN ... 2.440641
1. Preliminaries.
Calculating B-matrices and Eigenvalues
2. Generate MSTModes
>> Generate s=-2 MSTModes 401.16464
>> Generate s=-1 MSTModes 397.310234
>> Generate hκModes 1316.555895
3. Jumps
>> 0.440675
>> 1.237396
>> 5.29404
>> 4.35955
>> 32.439255
>> 17.332558
>> LinearSolve for s1 and κ jumps 0.049799
>> κ and s1 jumps 61.531954
4. Prepare grid and mode functions.
>> s=-2 MSTModes 1.619348
>> MMp2gridL 0.805285
>> MMp2gridR 55.62609
>> s=-1 MSTModes 0.816787
>> MMp1gridL 0.047582
>> MMp1gridR 3.17775
>> s=0 MSTModes 1.315444
A. Fill 1D grid.
>> s = 2, UP ... 271.814059
>> s = 1, UP ... 58.192411
>> s = 0, UP ... 117.454795
>> s = 2, IN ... 13.204808
>> s = 1, IN ... 1.309954
>> s = 0, IN ... 2.336807
1. Preliminaries.
Calculating B-matrices and Eigenvalues
2. Generate MSTModes
>> Generate s=-2 MSTModes 385.473258
>> Generate s=-1 MSTModes 384.409357
>> Generate hκModes 1243.767286
3. Jumps
>> 0.418079
>> 1.094207
>> 5.234216
>> 3.55072
>> 26.273844
>> 13.87366
>> LinearSolve for s1 and κ jumps 0.090083
>> κ and s1 jumps 50.857852
4. Prepare grid and mode functions.
>> s=-2 MSTModes 1.36625
>> MMp2gridL 0.755146
>> MMp2gridR 52.330778
>> s=-1 MSTModes 0.758142
>> MMp1gridL 0.044393
>> MMp1gridR 3.084221
>> s=0 MSTModes 1.255207
A. Fill 1D grid.
>> s = 2, UP ... 248.093974
>> s = 1, UP ... 52.846118
>> s = 0, UP ... 105.636989
>> s = 2, IN ... 13.116869
>> s = 1, IN ... 1.261664
>> s = 0, IN ... 2.237468
1. Preliminaries.
Calculating B-matrices and Eigenvalues
2. Generate MSTModes
>> Generate s=-2 MSTModes 360.436526
>> Generate s=-1 MSTModes 358.205203
>> Generate hκModes 1162.626478
3. Jumps
>> 0.401788
>> 0.924058
>> 4.672677
>> 2.799352
>> 21.414443
>> 10.723412
>> LinearSolve for s1 and κ jumps 0.028581
>> κ and s1 jumps 41.246377
4. Prepare grid and mode functions.
>> s=-2 MSTModes 1.36453
>> MMp2gridL 0.715375
>> MMp2gridR 49.119819
>> s=-1 MSTModes 0.70578
>> MMp1gridL 0.041752
>> MMp1gridR 2.875649
>> s=0 MSTModes 1.180366
A. Fill 1D grid.
>> s = 2, UP ... 229.586834
>> s = 1, UP ... 48.372908
>> s = 0, UP ... 96.733494
>> s = 2, IN ... 12.959492
>> s = 1, IN ... 1.219006
>> s = 0, IN ... 2.129976
1. Preliminaries.
Calculating B-matrices and Eigenvalues
2. Generate MSTModes
>> Generate s=-2 MSTModes 342.718926
>> Generate s=-1 MSTModes 341.988072
>> Generate hκModes 1089.312064
3. Jumps
>> 0.392261
>> 0.794613
>> 4.340437
>> 2.186767
>> 17.156353
>> 8.209922
>> LinearSolve for s1 and κ jumps 0.039297
>> κ and s1 jumps 33.361137
4. Prepare grid and mode functions.
>> s=-2 MSTModes 1.324243
>> MMp2gridL 0.647787
>> MMp2gridR 46.128877
>> s=-1 MSTModes 0.678293
>> MMp1gridL 0.038566
>> MMp1gridR 2.681981
>> s=0 MSTModes 1.1236
A. Fill 1D grid.
>> s = 2, UP ... 208.953359
>> s = 1, UP ... 44.126689
>> s = 0, UP ... 86.531046
>> s = 2, IN ... 12.812138
>> s = 1, IN ... 1.17732
>> s = 0, IN ... 2.193954
1. Preliminaries.
Calculating B-matrices and Eigenvalues
2. Generate MSTModes
>> Generate s=-2 MSTModes 320.014206
>> Generate s=-1 MSTModes 323.504978
>> Generate hκModes 1005.603439
3. Jumps
>> 0.378632
>> 0.671279
>> 4.092278
>> 1.736792
>> 13.81974
>> 6.489716
>> LinearSolve for s1 and κ jumps 0.041287
>> κ and s1 jumps 27.437994
4. Prepare grid and mode functions.
>> s=-2 MSTModes 1.274095
>> MMp2gridL 0.614865
>> MMp2gridR 42.672328
>> s=-1 MSTModes 0.628859
>> MMp1gridL 0.035853
>> MMp1gridR 2.47336
>> s=0 MSTModes 1.047306
A. Fill 1D grid.
>> s = 2, UP ... 190.268666
>> s = 1, UP ... 39.896204
>> s = 0, UP ... 77.666769
>> s = 2, IN ... 12.8313
>> s = 1, IN ... 1.151443
>> s = 0, IN ... 1.966963
1. Preliminaries.
Calculating B-matrices and Eigenvalues
2. Generate MSTModes
>> Generate s=-2 MSTModes 302.828271
>> Generate s=-1 MSTModes 304.144481
>> Generate hκModes 929.540177
3. Jumps
>> 0.360206
>> 0.561538
>> 3.661148
>> 1.314797
>> 10.33709
>> 4.698159
>> LinearSolve for s1 and κ jumps 0.344881
>> κ and s1 jumps 21.449623
4. Prepare grid and mode functions.
>> s=-2 MSTModes 1.12077
>> MMp2gridL 0.572218
>> MMp2gridR 39.534287
>> s=-1 MSTModes 0.567788
>> MMp1gridL 0.03336
>> MMp1gridR 2.301948
>> s=0 MSTModes 0.973144
A. Fill 1D grid.
>> s = 2, UP ... 171.81532
>> s = 1, UP ... 35.580442
>> s = 0, UP ... 69.472403
>> s = 2, IN ... 12.622554
>> s = 1, IN ... 1.094859
>> s = 0, IN ... 1.92137
1. Preliminaries.
Calculating B-matrices and Eigenvalues
2. Generate MSTModes
>> Generate s=-2 MSTModes 282.529869
>> Generate s=-1 MSTModes 282.668657
>> Generate hκModes 850.131219
3. Jumps
>> 0.349036
>> 0.474288
>> 3.360262
>> 0.993636
>> 7.968532
>> 3.45735
>> LinearSolve for s1 and κ jumps 0.038286
>> κ and s1 jumps 16.781085
4. Prepare grid and mode functions.
>> s=-2 MSTModes 1.068106
>> MMp2gridL 0.520753
>> MMp2gridR 36.317655
>> s=-1 MSTModes 0.520571
>> MMp1gridL 0.030439
>> MMp1gridR 2.097657
>> s=0 MSTModes 0.896967
A. Fill 1D grid.
>> s = 2, UP ... 154.032244
>> s = 1, UP ... 31.795188
>> s = 0, UP ... 60.640281
>> s = 2, IN ... 12.322014
>> s = 1, IN ... 1.05206
>> s = 0, IN ... 1.974411
1. Preliminaries.
Calculating B-matrices and Eigenvalues
2. Generate MSTModes
>> Generate s=-2 MSTModes 260.467185
>> Generate s=-1 MSTModes 259.125064
>> Generate hκModes 770.09747
3. Jumps
>> 0.335205
>> 0.400701
>> 3.004301
>> 0.760327
>> 6.010406
>> 2.423077
>> LinearSolve for s1 and κ jumps 0.009385
>> κ and s1 jumps 13.059715
4. Prepare grid and mode functions.
>> s=-2 MSTModes 0.880097
>> MMp2gridL 0.45293
>> MMp2gridR 32.696753
>> s=-1 MSTModes 0.50048
>> MMp1gridL 0.027518
>> MMp1gridR 1.813766
>> s=0 MSTModes 0.821771
A. Fill 1D grid.
>> s = 2, UP ... 138.131501
>> s = 1, UP ... 28.102757
>> s = 0, UP ... 53.135719
>> s = 2, IN ... 12.376339
>> s = 1, IN ... 1.016684
>> s = 0, IN ... 1.773417
1. Preliminaries.
Calculating B-matrices and Eigenvalues
2. Generate MSTModes
>> Generate s=-2 MSTModes 237.14306
>> Generate s=-1 MSTModes 228.972134
>> Generate hκModes 690.46483
3. Jumps
>> 0.327186
>> 0.340248
>> 2.67735
>> 0.560784
>> 4.249059
>> 1.649788
>> LinearSolve for s1 and κ jumps 0.038553
>> κ and s1 jumps 9.937553
4. Prepare grid and mode functions.
>> s=-2 MSTModes 0.90455
>> MMp2gridL 0.417873
>> MMp2gridR 29.69113
>> s=-1 MSTModes 0.428229
>> MMp1gridL 0.024333
>> MMp1gridR 1.69493
>> s=0 MSTModes 0.736449
A. Fill 1D grid.
>> s = 2, UP ... 123.288731
>> s = 1, UP ... 24.948664
>> s = 0, UP ... 46.396658
>> s = 2, IN ... 12.180906
>> s = 1, IN ... 0.998776
>> s = 0, IN ... 1.69742
1. Preliminaries.
Calculating B-matrices and Eigenvalues
2. Generate MSTModes
>> Generate s=-2 MSTModes 210.688595
>> Generate s=-1 MSTModes 204.77809
>> Generate hκModes 612.906374
3. Jumps
>> 0.312526
>> 0.28849
>> 2.328499
>> 0.42382
>> 2.97806
>> 1.082859
>> LinearSolve for s1 and κ jumps 0.006503
>> κ and s1 jumps 7.497158
4. Prepare grid and mode functions.
>> s=-2 MSTModes 0.724045
>> MMp2gridL 0.36068
>> MMp2gridR 26.741842
>> s=-1 MSTModes 0.391167
>> MMp1gridL 0.022019
>> MMp1gridR 1.518536
>> s=0 MSTModes 0.674362
A. Fill 1D grid.
>> s = 2, UP ... 109.436887
>> s = 1, UP ... 21.957871
>> s = 0, UP ... 39.958825
>> s = 2, IN ... 12.182427
>> s = 1, IN ... 0.963396
>> s = 0, IN ... 1.666182
1. Preliminaries.
Calculating B-matrices and Eigenvalues
2. Generate MSTModes
>> Generate s=-2 MSTModes 184.237087
>> Generate s=-1 MSTModes 179.324369
>> Generate hκModes 528.038659
3. Jumps
>> 0.304811
>> 0.249028
>> 2.047938
>> 0.316551
>> 1.902726
>> 0.675427
>> LinearSolve for s1 and κ jumps 0.004944
>> κ and s1 jumps 5.5628
4. Prepare grid and mode functions.
>> s=-2 MSTModes 0.662529
>> MMp2gridL 0.318488
>> MMp2gridR 23.333816
>> s=-1 MSTModes 0.335461
>> MMp1gridL 0.018934
>> MMp1gridR 1.338783
>> s=0 MSTModes 0.599026
A. Fill 1D grid.
>> s = 2, UP ... 97.383476
>> s = 1, UP ... 19.419581
>> s = 0, UP ... 34.84157
>> s = 2, IN ... 11.963282
>> s = 1, IN ... 0.93299
>> s = 0, IN ... 1.770077
