Task 12 on node721.cluster: a=0.99 r0=7.9
Job started: a = 0.99, r0 = 7.9, savepath = /lustre/astro/dyson/DataFiles/KerrCircSourceFiles/h1RadialAsymptotic
Warning: rstarmin is outside the allowed range.
Now we Calculate the Radiative Solutions
1. Preliminaries.
Calculating B-matrices and Eigenvalues
2. Generate MSTModes
>> Generate s=-2 MSTModes 439.664096
>> Generate s=-1 MSTModes 453.743622
>> Generate hκModes 2218.458837
3. Jumps
>> 0.891745
>> 6.029924
>> 6.95717
>> 10.609042
>> 123.625856
>> 46.256165
>> LinearSolve for s1 and κ jumps 0.007885
>> κ and s1 jumps 196.369711
4. Prepare grid and mode functions.
>> s=-2 MSTModes 2.526108
>> MMp2gridL 1.415507
>> MMp2gridR 100.570047
>> s=-1 MSTModes 0.814803
>> MMp1gridL 0.05711
>> MMp1gridR 5.156452
>> s=0 MSTModes 1.948363
A. Fill 1D grid.
>> s = 2, UP ... 666.831014
>> s = 1, UP ... 20.976787
>> s = 0, UP ... 167.083176
>> s = 2, IN ... 16.531975
>> s = 1, IN ... 1.312318
>> s = 0, IN ... 2.827782
1. Preliminaries.
Calculating B-matrices and Eigenvalues
2. Generate MSTModes
>> Generate s=-2 MSTModes 452.228044
>> Generate s=-1 MSTModes 445.840895
>> Generate hκModes 2182.853005
3. Jumps
>> 0.806298
>> 6.175813
>> 8.57882
>> 9.720107
>> 119.234334
>> 41.785653
>> LinearSolve for s1 and κ jumps 0.710546
>> κ and s1 jumps 188.437049
4. Prepare grid and mode functions.
>> s=-2 MSTModes 2.701783
>> MMp2gridL 1.438453
>> MMp2gridR 102.434162
>> s=-1 MSTModes 1.290788
>> MMp1gridL 0.082983
>> MMp1gridR 5.745243
>> s=0 MSTModes 2.165574
A. Fill 1D grid.
>> s = 2, UP ... 646.121466
>> s = 1, UP ... 141.370067
>> s = 0, UP ... 206.663937
>> s = 2, IN ... 16.110648
>> s = 1, IN ... 2.101351
>> s = 0, IN ... 3.049399
1. Preliminaries.
Calculating B-matrices and Eigenvalues
2. Generate MSTModes
>> Generate s=-2 MSTModes 451.851633
>> Generate s=-1 MSTModes 443.796097
>> Generate hκModes 2117.534834
3. Jumps
>> 0.766566
>> 5.570365
>> 8.408007
>> 31.821073
>> 206.186714
>> 133.912309
>> LinearSolve for s1 and κ jumps 0.678407
>> κ and s1 jumps 388.804243
4. Prepare grid and mode functions.
>> s=-2 MSTModes 2.607019
>> MMp2gridL 1.394608
>> MMp2gridR 98.457004
>> s=-1 MSTModes 1.275162
>> MMp1gridL 0.080381
>> MMp1gridR 5.624172
>> s=0 MSTModes 2.099407
A. Fill 1D grid.
>> s = 2, UP ... 611.972328
>> s = 1, UP ... 133.517698
>> s = 0, UP ... 276.950345
>> s = 2, IN ... 15.712735
>> s = 1, IN ... 2.030292
>> s = 0, IN ... 3.772562
1. Preliminaries.
Calculating B-matrices and Eigenvalues
2. Generate MSTModes
>> Generate s=-2 MSTModes 450.550196
>> Generate s=-1 MSTModes 440.128723
>> Generate hκModes 2066.807077
3. Jumps
>> 0.72792
>> 5.075999
>> 8.769853
>> 28.529761
>> 183.742864
>> 118.060666
>> LinearSolve for s1 and κ jumps 0.692213
>> κ and s1 jumps 346.930662
4. Prepare grid and mode functions.
>> s=-2 MSTModes 2.562285
>> MMp2gridL 1.344501
>> MMp2gridR 95.480631
>> s=-1 MSTModes 1.259483
>> MMp1gridL 0.077942
>> MMp1gridR 5.480043
>> s=0 MSTModes 2.064137
A. Fill 1D grid.
>> s = 2, UP ... 573.314052
>> s = 1, UP ... 124.699258
>> s = 0, UP ... 260.480568
>> s = 2, IN ... 15.348682
>> s = 1, IN ... 1.950245
>> s = 0, IN ... 3.633235
1. Preliminaries.
Calculating B-matrices and Eigenvalues
2. Generate MSTModes
>> Generate s=-2 MSTModes 440.014127
>> Generate s=-1 MSTModes 441.025291
>> Generate hκModes 1992.608411
3. Jumps
>> 0.690448
>> 4.422042
>> 8.465458
>> 23.971954
>> 156.997084
>> 99.403524
>> LinearSolve for s1 and κ jumps 0.671149
>> κ and s1 jumps 295.836164
4. Prepare grid and mode functions.
>> s=-2 MSTModes 2.467709
>> MMp2gridL 1.284642
>> MMp2gridR 91.49494
>> s=-1 MSTModes 1.219571
>> MMp1gridL 0.074915
>> MMp1gridR 5.284675
>> s=0 MSTModes 1.98115
A. Fill 1D grid.
>> s = 2, UP ... 538.565172
>> s = 1, UP ... 117.083505
>> s = 0, UP ... 244.217955
>> s = 2, IN ... 15.117514
>> s = 1, IN ... 1.829202
>> s = 0, IN ... 3.474551
1. Preliminaries.
Calculating B-matrices and Eigenvalues
2. Generate MSTModes
>> Generate s=-2 MSTModes 435.359549
>> Generate s=-1 MSTModes 430.27208
>> Generate hκModes 1916.499541
3. Jumps
>> 0.664767
>> 4.118143
>> 8.099833
>> 21.150136
>> 140.771069
>> 87.455219
>> LinearSolve for s1 and κ jumps 0.633691
>> κ and s1 jumps 264.015388
4. Prepare grid and mode functions.
>> s=-2 MSTModes 2.425807
>> MMp2gridL 1.236938
>> MMp2gridR 88.223765
>> s=-1 MSTModes 1.19696
>> MMp1gridL 0.071974
>> MMp1gridR 5.063899
>> s=0 MSTModes 1.936987
A. Fill 1D grid.
>> s = 2, UP ... 510.665894
>> s = 1, UP ... 112.097212
>> s = 0, UP ... 232.868843
>> s = 2, IN ... 15.078839
>> s = 1, IN ... 1.818201
>> s = 0, IN ... 3.327504
1. Preliminaries.
Calculating B-matrices and Eigenvalues
2. Generate MSTModes
>> Generate s=-2 MSTModes 441.763431
>> Generate s=-1 MSTModes 434.33903
>> Generate hκModes 1869.489511
3. Jumps
>> 0.631846
>> 3.570491
>> 8.065499
>> 18.158135
>> 119.726402
>> 74.324293
>> LinearSolve for s1 and κ jumps 0.505713
>> κ and s1 jumps 225.984945
4. Prepare grid and mode functions.
>> s=-2 MSTModes 2.359255
>> MMp2gridL 1.20712
>> MMp2gridR 84.961325
>> s=-1 MSTModes 1.153209
>> MMp1gridL 0.069134
>> MMp1gridR 4.865185
>> s=0 MSTModes 1.84763
A. Fill 1D grid.
>> s = 2, UP ... 483.271781
>> s = 1, UP ... 105.41466
>> s = 0, UP ... 218.182081
>> s = 2, IN ... 14.726636
>> s = 1, IN ... 1.729522
>> s = 0, IN ... 3.224931
1. Preliminaries.
Calculating B-matrices and Eigenvalues
2. Generate MSTModes
>> Generate s=-2 MSTModes 440.202507
>> Generate s=-1 MSTModes 429.255189
>> Generate hκModes 1809.823545
3. Jumps
>> 0.600425
>> 3.208432
>> 7.668393
>> 15.815185
>> 106.902762
>> 65.534094
>> LinearSolve for s1 and κ jumps 0.617511
>> κ and s1 jumps 201.27234
4. Prepare grid and mode functions.
>> s=-2 MSTModes 2.229137
>> MMp2gridL 1.159124
>> MMp2gridR 81.776777
>> s=-1 MSTModes 1.115265
>> MMp1gridL 0.066406
>> MMp1gridR 4.69097
>> s=0 MSTModes 1.815902
A. Fill 1D grid.
>> s = 2, UP ... 452.284872
>> s = 1, UP ... 98.632216
>> s = 0, UP ... 202.532368
>> s = 2, IN ... 14.578882
>> s = 1, IN ... 1.673093
>> s = 0, IN ... 3.133622
1. Preliminaries.
Calculating B-matrices and Eigenvalues
2. Generate MSTModes
>> Generate s=-2 MSTModes 436.871419
>> Generate s=-1 MSTModes 428.781716
>> Generate hκModes 1746.378087
3. Jumps
>> 0.576206
>> 2.786066
>> 7.415526
>> 13.374508
>> 90.833667
>> 53.783063
>> LinearSolve for s1 and κ jumps 0.034956
>> κ and s1 jumps 169.609119
4. Prepare grid and mode functions.
>> s=-2 MSTModes 2.175781
>> MMp2gridL 1.099837
>> MMp2gridR 78.178279
>> s=-1 MSTModes 1.078163
>> MMp1gridL 0.06389
>> MMp1gridR 4.499969
>> s=0 MSTModes 1.736634
A. Fill 1D grid.
>> s = 2, UP ... 424.541759
>> s = 1, UP ... 91.431414
>> s = 0, UP ... 188.180071
>> s = 2, IN ... 14.196567
>> s = 1, IN ... 1.60584
>> s = 0, IN ... 2.950842
1. Preliminaries.
Calculating B-matrices and Eigenvalues
2. Generate MSTModes
>> Generate s=-2 MSTModes 435.71075
>> Generate s=-1 MSTModes 426.379182
>> Generate hκModes 1656.61114
3. Jumps
>> 0.54827
>> 2.537188
>> 7.050911
>> 11.537832
>> 78.90005
>> 46.607914
>> LinearSolve for s1 and κ jumps 0.03363
>> κ and s1 jumps 147.939717
4. Prepare grid and mode functions.
>> s=-2 MSTModes 2.105647
>> MMp2gridL 1.050278
>> MMp2gridR 75.098793
>> s=-1 MSTModes 1.032213
>> MMp1gridL 0.061245
>> MMp1gridR 4.261689
>> s=0 MSTModes 1.65194
A. Fill 1D grid.
>> s = 2, UP ... 396.715677
>> s = 1, UP ... 85.190628
>> s = 0, UP ... 175.758158
>> s = 2, IN ... 14.026604
>> s = 1, IN ... 1.549452
>> s = 0, IN ... 2.820506
1. Preliminaries.
Calculating B-matrices and Eigenvalues
2. Generate MSTModes
>> Generate s=-2 MSTModes 431.761656
>> Generate s=-1 MSTModes 422.034884
>> Generate hκModes 1588.378526
3. Jumps
>> 0.525883
>> 2.238982
>> 6.733714
>> 9.588031
>> 67.245262
>> 38.820632
>> LinearSolve for s1 and κ jumps 0.037332
>> κ and s1 jumps 125.839279
4. Prepare grid and mode functions.
>> s=-2 MSTModes 2.03255
>> MMp2gridL 1.004305
>> MMp2gridR 71.027863
>> s=-1 MSTModes 0.98065
>> MMp1gridL 0.058554
>> MMp1gridR 4.115389
>> s=0 MSTModes 1.597431
A. Fill 1D grid.
>> s = 2, UP ... 370.732416
>> s = 1, UP ... 79.770117
>> s = 0, UP ... 163.210188
>> s = 2, IN ... 13.840888
>> s = 1, IN ... 1.497812
>> s = 0, IN ... 2.722294
1. Preliminaries.
Calculating B-matrices and Eigenvalues
2. Generate MSTModes
>> Generate s=-2 MSTModes 426.471817
>> Generate s=-1 MSTModes 415.381391
>> Generate hκModes 1518.250527
3. Jumps
>> 0.501534
>> 1.975658
>> 6.464211
>> 7.886798
>> 56.729653
>> 31.82032
>> LinearSolve for s1 and κ jumps 0.029708
>> κ and s1 jumps 105.979057
4. Prepare grid and mode functions.
>> s=-2 MSTModes 1.893309
>> MMp2gridL 0.948762
>> MMp2gridR 67.607836
>> s=-1 MSTModes 0.941964
>> MMp1gridL 0.055472
>> MMp1gridR 3.926877
>> s=0 MSTModes 1.52614
A. Fill 1D grid.
>> s = 2, UP ... 344.565397
>> s = 1, UP ... 73.961266
>> s = 0, UP ... 150.422715
>> s = 2, IN ... 13.776713
>> s = 1, IN ... 1.442986
>> s = 0, IN ... 2.612562
1. Preliminaries.
Calculating B-matrices and Eigenvalues
2. Generate MSTModes
>> Generate s=-2 MSTModes 420.687961
>> Generate s=-1 MSTModes 408.457826
>> Generate hκModes 1457.514191
3. Jumps
>> 0.479012
>> 1.697972
>> 6.092661
>> 6.679771
>> 48.054424
>> 26.783148
>> LinearSolve for s1 and κ jumps 0.027094
>> κ and s1 jumps 90.310975
4. Prepare grid and mode functions.
>> s=-2 MSTModes 1.763722
>> MMp2gridL 0.903479
>> MMp2gridR 64.080101
>> s=-1 MSTModes 0.896688
>> MMp1gridL 0.052692
>> MMp1gridR 3.720429
>> s=0 MSTModes 1.440234
A. Fill 1D grid.
>> s = 2, UP ... 317.890352
>> s = 1, UP ... 68.216117
>> s = 0, UP ... 139.043838
>> s = 2, IN ... 13.448651
>> s = 1, IN ... 1.384671
>> s = 0, IN ... 2.503111
1. Preliminaries.
Calculating B-matrices and Eigenvalues
2. Generate MSTModes
>> Generate s=-2 MSTModes 418.0123
>> Generate s=-1 MSTModes 404.726768
>> Generate hκModes 1386.257074
3. Jumps
>> 0.453372
>> 1.4535
>> 5.7953
>> 5.380226
>> 39.395696
>> 21.421609
>> LinearSolve for s1 and κ jumps 0.038655
>> κ and s1 jumps 74.374131
4. Prepare grid and mode functions.
>> s=-2 MSTModes 1.695497
>> MMp2gridL 0.841896
>> MMp2gridR 59.94119
>> s=-1 MSTModes 0.832627
>> MMp1gridL 0.049582
>> MMp1gridR 3.47231
>> s=0 MSTModes 1.37665
A. Fill 1D grid.
>> s = 2, UP ... 292.532142
>> s = 1, UP ... 62.757267
>> s = 0, UP ... 126.789047
>> s = 2, IN ... 13.292491
>> s = 1, IN ... 1.330745
>> s = 0, IN ... 2.381942
1. Preliminaries.
Calculating B-matrices and Eigenvalues
2. Generate MSTModes
>> Generate s=-2 MSTModes 394.892058
>> Generate s=-1 MSTModes 390.804514
>> Generate hκModes 1312.652171
3. Jumps
>> 0.442059
>> 1.266483
>> 5.305016
>> 4.4466
>> 32.992623
>> 17.550499
>> LinearSolve for s1 and κ jumps 0.02899
>> κ and s1 jumps 62.411378
4. Prepare grid and mode functions.
>> s=-2 MSTModes 1.625916
>> MMp2gridL 0.803471
>> MMp2gridR 56.8564
>> s=-1 MSTModes 0.789388
>> MMp1gridL 0.046459
>> MMp1gridR 3.24387
>> s=0 MSTModes 1.302692
A. Fill 1D grid.
>> s = 2, UP ... 270.141612
>> s = 1, UP ... 57.963853
>> s = 0, UP ... 116.030705
>> s = 2, IN ... 13.073117
>> s = 1, IN ... 1.298598
>> s = 0, IN ... 2.294159
1. Preliminaries.
Calculating B-matrices and Eigenvalues
2. Generate MSTModes
>> Generate s=-2 MSTModes 376.496573
>> Generate s=-1 MSTModes 376.863703
>> Generate hκModes 1245.601116
3. Jumps
>> 0.421644
>> 1.089435
>> 5.285148
>> 3.497369
>> 27.454707
>> 14.104125
>> LinearSolve for s1 and κ jumps 0.02196
>> κ and s1 jumps 52.215722
4. Prepare grid and mode functions.
>> s=-2 MSTModes 1.678292
>> MMp2gridL 0.806022
>> MMp2gridR 56.240939
>> s=-1 MSTModes 0.78704
>> MMp1gridL 0.044243
>> MMp1gridR 3.320109
>> s=0 MSTModes 1.321597
A. Fill 1D grid.
>> s = 2, UP ... 264.130431
>> s = 1, UP ... 56.567256
>> s = 0, UP ... 113.798712
>> s = 2, IN ... 13.005556
>> s = 1, IN ... 1.261398
>> s = 0, IN ... 2.224337
1. Preliminaries.
Calculating B-matrices and Eigenvalues
2. Generate MSTModes
>> Generate s=-2 MSTModes 356.251904
>> Generate s=-1 MSTModes 358.750121
>> Generate hκModes 1167.111625
3. Jumps
>> 0.407894
>> 0.926412
>> 4.772856
>> 2.899575
>> 22.165751
>> 11.096198
>> LinearSolve for s1 and κ jumps 0.04077
>> κ and s1 jumps 42.610761
4. Prepare grid and mode functions.
>> s=-2 MSTModes 1.553483
>> MMp2gridL 0.712222
>> MMp2gridR 53.381784
>> s=-1 MSTModes 0.748493
>> MMp1gridL 0.041832
>> MMp1gridR 3.049254
>> s=0 MSTModes 1.32033
A. Fill 1D grid.
>> s = 2, UP ... 242.469053
>> s = 1, UP ... 51.9864
>> s = 0, UP ... 104.497142
>> s = 2, IN ... 12.769793
>> s = 1, IN ... 1.292034
>> s = 0, IN ... 2.131185
1. Preliminaries.
Calculating B-matrices and Eigenvalues
2. Generate MSTModes
>> Generate s=-2 MSTModes 339.528042
>> Generate s=-1 MSTModes 344.427084
>> Generate hκModes 2083.741202
3. Jumps
>> 15.244961
>> 12.334327
>> 151.107861
>> 16.129288
>> 29.458732
>> 13.466761
>> LinearSolve for s1 and κ jumps 0.476647
>> κ and s1 jumps 238.94228
4. Prepare grid and mode functions.
>> s=-2 MSTModes 2.446342
>> MMp2gridL 1.586447
>> MMp2gridR 98.244797
>> s=-1 MSTModes 1.032865
>> MMp1gridL 0.098327
>> MMp1gridR 4.375974
>> s=0 MSTModes 1.967806
A. Fill 1D grid.
>> s = 2, UP ... 573.787971
>> s = 1, UP ... 107.394502
>> s = 0, UP ... 241.245741
>> s = 2, IN ... 34.831081
>> s = 1, IN ... 4.751551
>> s = 0, IN ... 8.295899
1. Preliminaries.
Calculating B-matrices and Eigenvalues
2. Generate MSTModes
>> Generate s=-2 MSTModes 718.23767
>> Generate s=-1 MSTModes 895.988185
>> Generate hκModes 2897.050738
3. Jumps
>> 23.321059
>> 13.296017
>> 95.175025
>> 17.272541
>> 26.854731
>> 13.896423
>> LinearSolve for s1 and κ jumps 0.463208
>> κ and s1 jumps 190.960604
4. Prepare grid and mode functions.
>> s=-2 MSTModes 3.103505
>> MMp2gridL 2.878827
>> MMp2gridR 106.354037
>> s=-1 MSTModes 1.292809
>> MMp1gridL 0.111095
>> MMp1gridR 5.211454
>> s=0 MSTModes 2.380521
A. Fill 1D grid.
>> s = 2, UP ... 572.911446
>> s = 1, UP ... 100.208134
>> s = 0, UP ... 214.693368
>> s = 2, IN ... 28.164232
>> s = 1, IN ... 2.952814
>> s = 0, IN ... 4.919088
1. Preliminaries.
Calculating B-matrices and Eigenvalues
2. Generate MSTModes
>> Generate s=-2 MSTModes 809.680023
>> Generate s=-1 MSTModes 901.117469
>> Generate hκModes 2724.795739
3. Jumps
>> 17.803603
>> 16.32179
>> 80.184792
>> 12.593308
>> 20.692225
>> 8.375621
>> LinearSolve for s1 and κ jumps 0.384511
>> κ and s1 jumps 157.040722
4. Prepare grid and mode functions.
>> s=-2 MSTModes 2.226956
>> MMp2gridL 1.600951
>> MMp2gridR 86.158732
>> s=-1 MSTModes 1.192907
>> MMp1gridL 0.116178
>> MMp1gridR 4.614058
>> s=0 MSTModes 1.93478
A. Fill 1D grid.
>> s = 2, UP ... 446.832136
>> s = 1, UP ... 75.319288
>> s = 0, UP ... 177.319042
>> s = 2, IN ... 25.02979
>> s = 1, IN ... 2.337648
>> s = 0, IN ... 4.408028
1. Preliminaries.
Calculating B-matrices and Eigenvalues
2. Generate MSTModes
>> Generate s=-2 MSTModes 805.788242
>> Generate s=-1 MSTModes 717.354909
>> Generate hκModes 2549.694233
3. Jumps
>> 11.797593
>> 11.899622
>> 65.430578
>> 9.214797
>> 15.608852
>> 6.260253
>> LinearSolve for s1 and κ jumps 0.321848
>> κ and s1 jumps 121.135076
4. Prepare grid and mode functions.
>> s=-2 MSTModes 2.098794
>> MMp2gridL 1.471982
>> MMp2gridR 73.270818
>> s=-1 MSTModes 1.177684
>> MMp1gridL 0.14491
>> MMp1gridR 4.111282
>> s=0 MSTModes 1.745083
A. Fill 1D grid.
>> s = 2, UP ... 416.067241
>> s = 1, UP ... 76.244259
>> s = 0, UP ... 164.437589
>> s = 2, IN ... 30.413469
>> s = 1, IN ... 3.823892
>> s = 0, IN ... 5.895583
1. Preliminaries.
Calculating B-matrices and Eigenvalues
2. Generate MSTModes
>> Generate s=-2 MSTModes 740.94242
>> Generate s=-1 MSTModes 633.773853
>> Generate hκModes 2189.566283
3. Jumps
>> 11.767825
>> 8.858658
>> 64.577548
>> 6.822228
>> 11.043776
>> 4.863588
>> LinearSolve for s1 and κ jumps 0.353003
>> κ and s1 jumps 108.667253
4. Prepare grid and mode functions.
>> s=-2 MSTModes 1.982392
>> MMp2gridL 1.31029
>> MMp2gridR 78.208151
>> s=-1 MSTModes 1.351902
>> MMp1gridL 0.147161
>> MMp1gridR 5.253881
>> s=0 MSTModes 1.776541
A. Fill 1D grid.
>> s = 2, UP ... 433.780975
>> s = 1, UP ... 73.565643
>> s = 0, UP ... 155.829866
>> s = 2, IN ... 31.988851
>> s = 1, IN ... 3.247371
>> s = 0, IN ... 4.653835
1. Preliminaries.
Calculating B-matrices and Eigenvalues
2. Generate MSTModes
>> Generate s=-2 MSTModes 652.7646
>> Generate s=-1 MSTModes 561.24766
>> Generate hκModes 1947.632918
3. Jumps
>> 14.486228
>> 6.738998
>> 83.147186
>> 10.106192
>> 9.540008
>> 3.379724
>> LinearSolve for s1 and κ jumps 0.288109
>> κ and s1 jumps 128.017094
4. Prepare grid and mode functions.
>> s=-2 MSTModes 1.760268
>> MMp2gridL 1.298982
>> MMp2gridR 65.519379
>> s=-1 MSTModes 0.90656
>> MMp1gridL 0.099969
>> MMp1gridR 3.871942
>> s=0 MSTModes 1.573701
A. Fill 1D grid.
>> s = 2, UP ... 375.718366
>> s = 1, UP ... 61.417294
>> s = 0, UP ... 122.563169
>> s = 2, IN ... 24.554047
>> s = 1, IN ... 2.400913
>> s = 0, IN ... 3.928
1. Preliminaries.
Calculating B-matrices and Eigenvalues
2. Generate MSTModes
>> Generate s=-2 MSTModes 578.002204
>> Generate s=-1 MSTModes 509.153693
>> Generate hκModes 872.697661
3. Jumps
>> 0.317572
>> 0.292501
>> 2.378187
>> 0.426316
>> 3.051039
>> 1.10542
>> LinearSolve for s1 and κ jumps 0.007116
>> κ and s1 jumps 7.659195
4. Prepare grid and mode functions.
>> s=-2 MSTModes 0.825502
>> MMp2gridL 0.363427
>> MMp2gridR 27.174529
>> s=-1 MSTModes 0.395576
>> MMp1gridL 0.021617
>> MMp1gridR 1.539635
>> s=0 MSTModes 0.718427
A. Fill 1D grid.
>> s = 2, UP ... 109.381772
>> s = 1, UP ... 21.868277
>> s = 0, UP ... 39.716635
>> s = 2, IN ... 11.865697
>> s = 1, IN ... 0.943218
>> s = 0, IN ... 1.630306
1. Preliminaries.
Calculating B-matrices and Eigenvalues
2. Generate MSTModes
>> Generate s=-2 MSTModes 195.769158
>> Generate s=-1 MSTModes 190.75314
>> Generate hκModes 531.453886
3. Jumps
>> 0.306848
>> 0.249846
>> 2.256882
>> 0.316051
>> 1.948258
>> 0.66997
>> LinearSolve for s1 and κ jumps 0.005014
>> κ and s1 jumps 5.813739
4. Prepare grid and mode functions.
>> s=-2 MSTModes 0.636016
>> MMp2gridL 0.315083
>> MMp2gridR 21.740127
>> s=-1 MSTModes 0.337218
>> MMp1gridL 0.018894
>> MMp1gridR 1.257637
>> s=0 MSTModes 0.583817
A. Fill 1D grid.
>> s = 2, UP ... 95.573377
>> s = 1, UP ... 18.955032
>> s = 0, UP ... 33.622542
>> s = 2, IN ... 11.935895
>> s = 1, IN ... 0.921239
>> s = 0, IN ... 1.583836
