Task 4 on node708.cluster: a=0.00000000000001 r0=8.1
Job started: a = 1.*^-14, r0 = 8.1, savepath = /lustre/astro/dyson/DataFiles/KerrCircSourceFiles/h1RadialAsymptotic
Warning: rstarmin is outside the allowed range.
Now we Calculate the Radiative Solutions
1. Preliminaries.
Calculating B-matrices and Eigenvalues
2. Generate MSTModes
>> Generate s=-2 MSTModes 433.847468
>> Generate s=-1 MSTModes 449.910789
>> Generate hκModes 2223.339979
3. Jumps
>> 0.869449
>> 6.046948
>> 6.699641
>> 41.295787
>> 252.889447
>> 170.978133
>> LinearSolve for s1 and κ jumps 0.0063
>> κ and s1 jumps 480.870676
4. Prepare grid and mode functions.
>> s=-2 MSTModes 2.548527
>> MMp2gridL 1.297151
>> MMp2gridR 100.621479
>> s=-1 MSTModes 0.822649
>> MMp1gridL 0.053448
>> MMp1gridR 5.16212
>> s=0 MSTModes 1.956278
A. Fill 1D grid.
>> s = 2, UP ... 699.093365
>> s = 1, UP ... 21.488785
>> s = 0, UP ... 268.386135
>> s = 2, IN ... 14.911254

                                                                                                                                         -302                          -7
General::munfl: 1.55246282151552123300880130638124416362074133752121511643883758174064520934927128933288348105174203894940709657398071 10     (0.0000374186 - 9.5359 10   I) is too small to represent as a normalized machine number; precision may be lost.

                                                                                                                                         -302                           -7
General::munfl: 1.55246282151552123300880130638124416362074133752121511643883758174064520934927128933288348105174203894940709657398071 10     (0.0000188562 - 4.75316 10   I) is too small to represent as a normalized machine number; precision may be lost.

                                                                                                                                         -302            -6             -7
General::munfl: 1.55246282151552123300880130638124416362074133752121511643883758174064520934927128933288348105174203894940709657398071 10     (9.21237 10   - 2.29881 10   I) is too small to represent as a normalized machine number; precision may be lost.

General::stop: Further output of General::munfl will be suppressed during this calculation.
>> s = 1, IN ... 1.289683
>> s = 0, IN ... 3.288629
1. Preliminaries.
Calculating B-matrices and Eigenvalues
2. Generate MSTModes
>> Generate s=-2 MSTModes 444.133319
>> Generate s=-1 MSTModes 442.644153
>> Generate hκModes 2172.782509
3. Jumps
>> 0.802493
>> 6.103113
>> 7.765424
>> 35.588105
>> 222.880228
>> 146.022161
>> LinearSolve for s1 and κ jumps 0.571867
>> κ and s1 jumps 421.210777
4. Prepare grid and mode functions.
>> s=-2 MSTModes 2.584816
>> MMp2gridL 1.272807
>> MMp2gridR 100.771429
>> s=-1 MSTModes 1.253217
>> MMp1gridL 0.072266
>> MMp1gridR 5.507838
>> s=0 MSTModes 2.121013
A. Fill 1D grid.
>> s = 2, UP ... 671.286676
>> s = 1, UP ... 152.410716
>> s = 0, UP ... 334.072756
>> s = 2, IN ... 14.482405
>> s = 1, IN ... 1.84192
>> s = 0, IN ... 3.53792
1. Preliminaries.
Calculating B-matrices and Eigenvalues
2. Generate MSTModes
>> Generate s=-2 MSTModes 444.320208
>> Generate s=-1 MSTModes 437.912073
>> Generate hκModes 2106.912209
3. Jumps
>> 0.765519
>> 5.484925
>> 8.062337
>> 31.504089
>> 202.370778
>> 132.299863
>> LinearSolve for s1 and κ jumps 0.662105
>> κ and s1 jumps 382.525249
4. Prepare grid and mode functions.
>> s=-2 MSTModes 2.608617
>> MMp2gridL 1.266877
>> MMp2gridR 98.472164
>> s=-1 MSTModes 1.253755
>> MMp1gridL 0.07029
>> MMp1gridR 5.371361
>> s=0 MSTModes 2.095728
A. Fill 1D grid.
>> s = 2, UP ... 604.770015
>> s = 1, UP ... 127.35165
>> s = 0, UP ... 274.908405
>> s = 2, IN ... 14.278829
>> s = 1, IN ... 1.739718
>> s = 0, IN ... 3.348149
1. Preliminaries.
Calculating B-matrices and Eigenvalues
2. Generate MSTModes
>> Generate s=-2 MSTModes 442.478542
>> Generate s=-1 MSTModes 432.964619
>> Generate hκModes 2054.715214
3. Jumps
>> 0.716315
>> 5.080741
>> 8.131946
>> 27.874136
>> 181.197423
>> 113.793104
>> LinearSolve for s1 and κ jumps 0.636483
>> κ and s1 jumps 338.657807
4. Prepare grid and mode functions.
>> s=-2 MSTModes 2.525829
>> MMp2gridL 1.199018
>> MMp2gridR 94.840711
>> s=-1 MSTModes 1.253971
>> MMp1gridL 0.067775
>> MMp1gridR 5.183588
>> s=0 MSTModes 2.039454
A. Fill 1D grid.
>> s = 2, UP ... 572.897392
>> s = 1, UP ... 120.327211
>> s = 0, UP ... 258.210631
>> s = 2, IN ... 14.001004
>> s = 1, IN ... 1.670535
>> s = 0, IN ... 3.196888
1. Preliminaries.
Calculating B-matrices and Eigenvalues
2. Generate MSTModes
>> Generate s=-2 MSTModes 435.350255
>> Generate s=-1 MSTModes 430.731175
>> Generate hκModes 1984.232186
3. Jumps
>> 0.684751
>> 4.322259
>> 7.989824
>> 23.705405
>> 156.094767
>> 99.338927
>> LinearSolve for s1 and κ jumps 0.466252
>> κ and s1 jumps 293.790105
4. Prepare grid and mode functions.
>> s=-2 MSTModes 2.474501
>> MMp2gridL 1.172116
>> MMp2gridR 91.213833
>> s=-1 MSTModes 1.195841
>> MMp1gridL 0.06565
>> MMp1gridR 5.014238
>> s=0 MSTModes 1.960993
A. Fill 1D grid.
>> s = 2, UP ... 542.622539
>> s = 1, UP ... 114.387279
>> s = 0, UP ... 239.030328
>> s = 2, IN ... 13.877891
>> s = 1, IN ... 1.625032
>> s = 0, IN ... 3.021784
1. Preliminaries.
Calculating B-matrices and Eigenvalues
2. Generate MSTModes
>> Generate s=-2 MSTModes 430.965105
>> Generate s=-1 MSTModes 429.463805
>> Generate hκModes 1916.712697
3. Jumps
>> 0.653138
>> 4.077519
>> 7.879656
>> 20.837955
>> 138.672815
>> 86.682195
>> LinearSolve for s1 and κ jumps 0.711363
>> κ and s1 jumps 260.562338
4. Prepare grid and mode functions.
>> s=-2 MSTModes 2.460951
>> MMp2gridL 1.117712
>> MMp2gridR 88.363078
>> s=-1 MSTModes 1.190908
>> MMp1gridL 0.06284
>> MMp1gridR 4.86959
>> s=0 MSTModes 1.908849
A. Fill 1D grid.
>> s = 2, UP ... 514.815302
>> s = 1, UP ... 108.326264
>> s = 0, UP ... 224.051377
>> s = 2, IN ... 13.651273
>> s = 1, IN ... 1.576571
>> s = 0, IN ... 2.902716
1. Preliminaries.
Calculating B-matrices and Eigenvalues
2. Generate MSTModes
>> Generate s=-2 MSTModes 437.986977
>> Generate s=-1 MSTModes 428.971303
>> Generate hκModes 1858.544493
3. Jumps
>> 0.630937
>> 3.584485
>> 7.682112
>> 18.003557
>> 120.179514
>> 73.781888
>> LinearSolve for s1 and κ jumps 0.769104
>> κ and s1 jumps 225.600455
4. Prepare grid and mode functions.
>> s=-2 MSTModes 2.363825
>> MMp2gridL 1.08598
>> MMp2gridR 85.738563
>> s=-1 MSTModes 1.146387
>> MMp1gridL 0.061152
>> MMp1gridR 4.714043
>> s=0 MSTModes 1.852676
A. Fill 1D grid.
>> s = 2, UP ... 482.967106
>> s = 1, UP ... 101.466948
>> s = 0, UP ... 209.300397
>> s = 2, IN ... 13.384891
>> s = 1, IN ... 1.512373
>> s = 0, IN ... 2.798877
1. Preliminaries.
Calculating B-matrices and Eigenvalues
2. Generate MSTModes
>> Generate s=-2 MSTModes 434.012384
>> Generate s=-1 MSTModes 423.148071
>> Generate hκModes 1794.702657
3. Jumps
>> 0.594188
>> 3.146921
>> 7.468685
>> 15.531941
>> 104.743666
>> 64.032555
>> LinearSolve for s1 and κ jumps 0.616976
>> κ and s1 jumps 197.009114
4. Prepare grid and mode functions.
>> s=-2 MSTModes 2.260431
>> MMp2gridL 1.043542
>> MMp2gridR 82.157474
>> s=-1 MSTModes 1.111391
>> MMp1gridL 0.058677
>> MMp1gridR 4.51614
>> s=0 MSTModes 1.790313
A. Fill 1D grid.
>> s = 2, UP ... 453.726916
>> s = 1, UP ... 94.710908
>> s = 0, UP ... 194.693734
>> s = 2, IN ... 13.244877
>> s = 1, IN ... 1.475866
>> s = 0, IN ... 2.701624
1. Preliminaries.
Calculating B-matrices and Eigenvalues
2. Generate MSTModes
>> Generate s=-2 MSTModes 430.266851
>> Generate s=-1 MSTModes 420.324284
>> Generate hκModes 1727.53402
3. Jumps
>> 0.574231
>> 2.85251
>> 7.173987
>> 13.132387
>> 89.896747
>> 53.922153
>> LinearSolve for s1 and κ jumps 0.031578
>> κ and s1 jumps 168.326944
4. Prepare grid and mode functions.
>> s=-2 MSTModes 2.254855
>> MMp2gridL 1.005296
>> MMp2gridR 78.758526
>> s=-1 MSTModes 1.067111
>> MMp1gridL 0.05681
>> MMp1gridR 4.354788
>> s=0 MSTModes 1.725153
A. Fill 1D grid.
>> s = 2, UP ... 425.063185
>> s = 1, UP ... 88.135463
>> s = 0, UP ... 180.818236
>> s = 2, IN ... 13.000187
>> s = 1, IN ... 1.405335
>> s = 0, IN ... 2.591824
1. Preliminaries.
Calculating B-matrices and Eigenvalues
2. Generate MSTModes
>> Generate s=-2 MSTModes 425.233257
>> Generate s=-1 MSTModes 418.482001
>> Generate hκModes 1646.88483
3. Jumps
>> 0.544521
>> 2.501386
>> 6.89414
>> 11.430054
>> 78.784971
>> 46.64917
>> LinearSolve for s1 and κ jumps 0.015446
>> κ and s1 jumps 147.486707
4. Prepare grid and mode functions.
>> s=-2 MSTModes 2.126234
>> MMp2gridL 0.958468
>> MMp2gridR 75.322245
>> s=-1 MSTModes 1.041415
>> MMp1gridL 0.053789
>> MMp1gridR 4.208316
>> s=0 MSTModes 1.6489
A. Fill 1D grid.
>> s = 2, UP ... 396.978044
>> s = 1, UP ... 82.621039
>> s = 0, UP ... 168.30066
>> s = 2, IN ... 12.955012
>> s = 1, IN ... 1.386648
>> s = 0, IN ... 2.493183
1. Preliminaries.
Calculating B-matrices and Eigenvalues
2. Generate MSTModes
>> Generate s=-2 MSTModes 423.249255
>> Generate s=-1 MSTModes 411.718828
>> Generate hκModes 1573.886505
3. Jumps
>> 0.526136
>> 2.180839
>> 6.900693
>> 9.426027
>> 66.385228
>> 38.485742
>> LinearSolve for s1 and κ jumps 0.041694
>> κ and s1 jumps 124.540236
4. Prepare grid and mode functions.
>> s=-2 MSTModes 2.047648
>> MMp2gridL 0.912568
>> MMp2gridR 71.903017
>> s=-1 MSTModes 0.989169
>> MMp1gridL 0.051588
>> MMp1gridR 4.048702
>> s=0 MSTModes 1.574877
A. Fill 1D grid.
>> s = 2, UP ... 371.156303
>> s = 1, UP ... 77.463904
>> s = 0, UP ... 156.185256
>> s = 2, IN ... 12.759012
>> s = 1, IN ... 1.340795
>> s = 0, IN ... 2.419738
1. Preliminaries.
Calculating B-matrices and Eigenvalues
2. Generate MSTModes
>> Generate s=-2 MSTModes 417.567888
>> Generate s=-1 MSTModes 404.824663
>> Generate hκModes 1507.801706
3. Jumps
>> 0.507226
>> 1.961046
>> 6.288117
>> 7.89795
>> 56.957521
>> 32.210659
>> LinearSolve for s1 and κ jumps 0.013809
>> κ and s1 jumps 106.35841
4. Prepare grid and mode functions.
>> s=-2 MSTModes 1.950801
>> MMp2gridL 0.865178
>> MMp2gridR 68.499199
>> s=-1 MSTModes 0.933124
>> MMp1gridL 0.049068
>> MMp1gridR 3.734191
>> s=0 MSTModes 1.520627
A. Fill 1D grid.
>> s = 2, UP ... 345.643221
>> s = 1, UP ... 72.034476
>> s = 0, UP ... 144.162665
>> s = 2, IN ... 12.598215
>> s = 1, IN ... 1.288635
>> s = 0, IN ... 2.331531
1. Preliminaries.
Calculating B-matrices and Eigenvalues
2. Generate MSTModes
>> Generate s=-2 MSTModes 412.055312
>> Generate s=-1 MSTModes 398.189598
>> Generate hκModes 1446.454283
3. Jumps
>> 0.476372
>> 1.710594
>> 5.935286
>> 6.51384
>> 47.221586
>> 26.083184
>> LinearSolve for s1 and κ jumps 0.012585
>> κ and s1 jumps 88.408236
4. Prepare grid and mode functions.
>> s=-2 MSTModes 1.841888
>> MMp2gridL 0.819741
>> MMp2gridR 64.511467
>> s=-1 MSTModes 0.901311
>> MMp1gridL 0.046554
>> MMp1gridR 3.576814
>> s=0 MSTModes 1.44497
A. Fill 1D grid.
>> s = 2, UP ... 319.607599
>> s = 1, UP ... 66.442254
>> s = 0, UP ... 132.71923
>> s = 2, IN ... 12.319387
>> s = 1, IN ... 1.239544
>> s = 0, IN ... 2.215002
1. Preliminaries.
Calculating B-matrices and Eigenvalues
2. Generate MSTModes
>> Generate s=-2 MSTModes 406.193177
>> Generate s=-1 MSTModes 392.150364
>> Generate hκModes 1372.946162
3. Jumps
>> 0.453385
>> 1.467982
>> 5.582775
>> 5.371052
>> 39.773239
>> 21.63522
>> LinearSolve for s1 and κ jumps 0.012112
>> κ and s1 jumps 74.696456
4. Prepare grid and mode functions.
>> s=-2 MSTModes 1.744598
>> MMp2gridL 0.764768
>> MMp2gridR 60.957377
>> s=-1 MSTModes 0.836694
>> MMp1gridL 0.043592
>> MMp1gridR 3.381299
>> s=0 MSTModes 1.376963
A. Fill 1D grid.
>> s = 2, UP ... 295.893925
>> s = 1, UP ... 61.097127
>> s = 0, UP ... 121.51902
>> s = 2, IN ... 12.152849
>> s = 1, IN ... 1.198446
>> s = 0, IN ... 2.148254
1. Preliminaries.
Calculating B-matrices and Eigenvalues
2. Generate MSTModes
>> Generate s=-2 MSTModes 383.754414
>> Generate s=-1 MSTModes 380.310872
>> Generate hκModes 1308.18999
3. Jumps
>> 0.438922
>> 1.269752
>> 5.325209
>> 4.366981
>> 32.474222
>> 17.170895
>> LinearSolve for s1 and κ jumps 0.015149
>> κ and s1 jumps 61.408976
4. Prepare grid and mode functions.
>> s=-2 MSTModes 1.660783
>> MMp2gridL 0.735215
>> MMp2gridR 56.975583
>> s=-1 MSTModes 0.795792
>> MMp1gridL 0.041126
>> MMp1gridR 3.151723
>> s=0 MSTModes 1.305791
A. Fill 1D grid.
>> s = 2, UP ... 272.18676
>> s = 1, UP ... 55.350026
>> s = 0, UP ... 110.505499
>> s = 2, IN ... 12.011934
>> s = 1, IN ... 1.158225
>> s = 0, IN ... 2.115892
1. Preliminaries.
Calculating B-matrices and Eigenvalues
2. Generate MSTModes
>> Generate s=-2 MSTModes 362.394898
>> Generate s=-1 MSTModes 359.536808
>> Generate hκModes 1237.034391
3. Jumps
>> 0.419079
>> 1.093282
>> 5.00289
>> 3.49787
>> 27.070318
>> 13.758896
>> LinearSolve for s1 and κ jumps 0.015483
>> κ and s1 jumps 51.160369
4. Prepare grid and mode functions.
>> s=-2 MSTModes 1.563688
>> MMp2gridL 0.673105
>> MMp2gridR 53.683165
>> s=-1 MSTModes 0.765781
>> MMp1gridL 0.038774
>> MMp1gridR 2.977217
>> s=0 MSTModes 1.243186
A. Fill 1D grid.
>> s = 2, UP ... 250.474376
>> s = 1, UP ... 50.535033
>> s = 0, UP ... 100.211546
>> s = 2, IN ... 11.88068
>> s = 1, IN ... 1.128651
>> s = 0, IN ... 1.986102
1. Preliminaries.
Calculating B-matrices and Eigenvalues
2. Generate MSTModes
>> Generate s=-2 MSTModes 344.287391
>> Generate s=-1 MSTModes 341.310489
>> Generate hκModes 1161.70132
3. Jumps
>> 0.403251
>> 0.931338
>> 4.605841
>> 2.873482
>> 21.847532
>> 10.939576
>> LinearSolve for s1 and κ jumps 0.009854
>> κ and s1 jumps 41.874094
4. Prepare grid and mode functions.
>> s=-2 MSTModes 1.523643
>> MMp2gridL 0.640589
>> MMp2gridR 50.527475
>> s=-1 MSTModes 0.704531
>> MMp1gridL 0.036571
>> MMp1gridR 2.866449
>> s=0 MSTModes 1.165873
A. Fill 1D grid.
>> s = 2, UP ... 239.158165
>> s = 1, UP ... 46.561643
>> s = 0, UP ... 91.830356
>> s = 2, IN ... 11.825646
>> s = 1, IN ... 1.088467
>> s = 0, IN ... 1.909638
1. Preliminaries.
Calculating B-matrices and Eigenvalues
2. Generate MSTModes
>> Generate s=-2 MSTModes 321.413238
>> Generate s=-1 MSTModes 317.962093
>> Generate hκModes 1091.362397
3. Jumps
>> 0.386433
>> 0.793877
>> 4.348115
>> 2.192696
>> 17.719249
>> 8.380324
>> LinearSolve for s1 and κ jumps 0.039302
>> κ and s1 jumps 34.094818
4. Prepare grid and mode functions.
>> s=-2 MSTModes 1.519835
>> MMp2gridL 0.587708
>> MMp2gridR 48.660345
>> s=-1 MSTModes 0.693454
>> MMp1gridL 0.033934
>> MMp1gridR 2.60658
>> s=0 MSTModes 1.161774
A. Fill 1D grid.
>> s = 2, UP ... 219.194985
>> s = 1, UP ... 42.571591
>> s = 0, UP ... 82.718386
>> s = 2, IN ... 11.750226
>> s = 1, IN ... 1.062928
>> s = 0, IN ... 1.861017
1. Preliminaries.
Calculating B-matrices and Eigenvalues
2. Generate MSTModes
>> Generate s=-2 MSTModes 301.103374
>> Generate s=-1 MSTModes 303.681397
>> Generate hκModes 1622.94396
3. Jumps
>> 47.243735
>> 45.581052
>> 374.903145
>> 32.443299
>> 68.151965
>> 22.882429
>> LinearSolve for s1 and κ jumps 0.500277
>> κ and s1 jumps 592.936663
4. Prepare grid and mode functions.
>> s=-2 MSTModes 2.935506
>> MMp2gridL 2.558606
>> MMp2gridR 151.173131
>> s=-1 MSTModes 2.442585
>> MMp1gridL 1.06858
>> MMp1gridR 10.594053
>> s=0 MSTModes 3.808364
A. Fill 1D grid.
>> s = 2, UP ... 1454.391463
>> s = 1, UP ... 247.931095
>> s = 0, UP ... 371.053523
>> s = 2, IN ... 73.386822
>> s = 1, IN ... 13.395626
>> s = 0, IN ... 16.444484
1. Preliminaries.
Calculating B-matrices and Eigenvalues
2. Generate MSTModes
>> Generate s=-2 MSTModes 4737.504545
>> Generate s=-1 MSTModes 2529.997598
>> Generate hκModes 12864.800809
3. Jumps
>> 81.925468
>> 47.018981
>> 206.134983
>> 23.079012
>> 47.553701
>> 13.873531
>> LinearSolve for s1 and κ jumps 0.539659
>> κ and s1 jumps 422.025931
4. Prepare grid and mode functions.
>> s=-2 MSTModes 3.066483
>> MMp2gridL 3.375697
>> MMp2gridR 151.840965
>> s=-1 MSTModes 2.463564
>> MMp1gridL 0.93824
>> MMp1gridR 9.251164
>> s=0 MSTModes 3.819507
A. Fill 1D grid.
>> s = 2, UP ... 1232.965407
>> s = 1, UP ... 205.340988
>> s = 0, UP ... 507.320666
>> s = 2, IN ... 90.459179
>> s = 1, IN ... 5.946673
>> s = 0, IN ... 9.027168
1. Preliminaries.
Calculating B-matrices and Eigenvalues
2. Generate MSTModes
>> Generate s=-2 MSTModes 4482.971465
>> Generate s=-1 MSTModes 2475.491004
>> Generate hκModes 13847.297746
3. Jumps
>> 45.607116
>> 50.963812
>> 324.380304
>> 33.736671
>> 54.430418
>> 18.606196
>> LinearSolve for s1 and κ jumps 0.782188
>> κ and s1 jumps 529.439976
4. Prepare grid and mode functions.
>> s=-2 MSTModes 3.266316
>> MMp2gridL 5.550228
>> MMp2gridR 112.304188
>> s=-1 MSTModes 1.361723
>> MMp1gridL 0.118152
>> MMp1gridR 5.963452
>> s=0 MSTModes 2.216881
A. Fill 1D grid.
>> s = 2, UP ... 962.159058
>> s = 1, UP ... 170.234126
>> s = 0, UP ... 280.180769
>> s = 2, IN ... 100.330476
>> s = 1, IN ... 10.399391
>> s = 0, IN ... 14.488019
1. Preliminaries.
Calculating B-matrices and Eigenvalues
2. Generate MSTModes
>> Generate s=-2 MSTModes 2326.303465
>> Generate s=-1 MSTModes 1653.268077
>> Generate hκModes 10860.61955
3. Jumps
>> 44.815967
>> 24.598444
>> 136.633215
>> 12.964031
>> 13.50967
>> 5.880359
>> LinearSolve for s1 and κ jumps 0.312028
>> κ and s1 jumps 240.19204
4. Prepare grid and mode functions.
>> s=-2 MSTModes 2.138603
>> MMp2gridL 1.499985
>> MMp2gridR 83.406598
>> s=-1 MSTModes 1.185228
>> MMp1gridL 0.115665
>> MMp1gridR 5.294402
>> s=0 MSTModes 2.056368
A. Fill 1D grid.
>> s = 2, UP ... 743.561358
>> s = 1, UP ... 121.847179
>> s = 0, UP ... 286.956556
>> s = 2, IN ... 63.388113
>> s = 1, IN ... 3.78762
>> s = 0, IN ... 7.031727
1. Preliminaries.
Calculating B-matrices and Eigenvalues
2. Generate MSTModes
>> Generate s=-2 MSTModes 1794.475246
>> Generate s=-1 MSTModes 2530.848796
