Task 10 on node721.cluster: a=0.6 r0=8.2
Job started: a = 0.6, r0 = 8.2, savepath = /lustre/astro/dyson/DataFiles/KerrCircSourceFiles/h1RadialAsymptotic
Warning: rstarmin is outside the allowed range.
Now we Calculate the Radiative Solutions
1. Preliminaries.
Calculating B-matrices and Eigenvalues
2. Generate MSTModes
>> Generate s=-2 MSTModes 439.179553
>> Generate s=-1 MSTModes 456.503037
>> Generate hκModes 2202.412259
3. Jumps
>> 0.875697
>> 6.120383
>> 6.914563
>> 10.490298
>> 124.448087
>> 46.438728
>> LinearSolve for s1 and κ jumps 0.007549
>> κ and s1 jumps 197.26537
4. Prepare grid and mode functions.
>> s=-2 MSTModes 2.391823
>> MMp2gridL 1.343989
>> MMp2gridR 100.015668
>> s=-1 MSTModes 0.820477
>> MMp1gridL 0.054767
>> MMp1gridR 5.111198
>> s=0 MSTModes 1.949116
A. Fill 1D grid.
>> s = 2, UP ... 672.716776
>> s = 1, UP ... 20.908479
>> s = 0, UP ... 168.645339
>> s = 2, IN ... 15.870191
>> s = 1, IN ... 1.272115
>> s = 0, IN ... 2.708423
1. Preliminaries.
Calculating B-matrices and Eigenvalues
2. Generate MSTModes
>> Generate s=-2 MSTModes 455.87367
>> Generate s=-1 MSTModes 451.414411
>> Generate hκModes 2163.896636
3. Jumps
>> 0.813786
>> 6.229853
>> 7.920785
>> 9.808491
>> 122.162473
>> 42.570355
>> LinearSolve for s1 and κ jumps 0.446097
>> κ and s1 jumps 191.380523
4. Prepare grid and mode functions.
>> s=-2 MSTModes 2.701418
>> MMp2gridL 1.356453
>> MMp2gridR 101.69882
>> s=-1 MSTModes 1.302998
>> MMp1gridL 0.078193
>> MMp1gridR 5.763431
>> s=0 MSTModes 2.144681
A. Fill 1D grid.
>> s = 2, UP ... 652.119773
>> s = 1, UP ... 142.470722
