Task 14 on node712.cluster: a=0.99 r0=8.1
Job started: a = 0.99, r0 = 8.1, savepath = /lustre/astro/dyson/DataFiles/KerrCircSourceFiles/h1RadialAsymptotic
Warning: rstarmin is outside the allowed range.
Now we Calculate the Radiative Solutions
1. Preliminaries.
Calculating B-matrices and Eigenvalues
2. Generate MSTModes
>> Generate s=-2 MSTModes 447.465339
>> Generate s=-1 MSTModes 460.213967
>> Generate hκModes 2238.831007
3. Jumps
>> 0.880784
>> 6.082643
>> 7.119192
>> 10.557853
>> 126.231349
>> 46.740021
>> LinearSolve for s1 and κ jumps 0.032951
>> κ and s1 jumps 199.633036
4. Prepare grid and mode functions.
>> s=-2 MSTModes 2.513109
>> MMp2gridL 1.445227
>> MMp2gridR 100.0562
>> s=-1 MSTModes 0.823018
>> MMp1gridL 0.057975
>> MMp1gridR 5.1297
>> s=0 MSTModes 1.978901
A. Fill 1D grid.
>> s = 2, UP ... 679.736494
>> s = 1, UP ... 21.018266
>> s = 0, UP ... 169.384957
>> s = 2, IN ... 16.911108
>> s = 1, IN ... 1.354232
>> s = 0, IN ... 2.950099
1. Preliminaries.
Calculating B-matrices and Eigenvalues
2. Generate MSTModes
>> Generate s=-2 MSTModes 459.09705
>> Generate s=-1 MSTModes 453.555694
>> Generate hκModes 2201.382375
3. Jumps
>> 0.819409
>> 6.215056
>> 8.259676
>> 9.556003
>> 119.737189
>> 41.701791
>> LinearSolve for s1 and κ jumps 0.90041
>> κ and s1 jumps 188.600295
4. Prepare grid and mode functions.
>> s=-2 MSTModes 2.649488
>> MMp2gridL 1.462226
>> MMp2gridR 101.025975
>> s=-1 MSTModes 1.306876
>> MMp1gridL 0.084819
>> MMp1gridR 5.777259
>> s=0 MSTModes 2.167536
A. Fill 1D grid.
>> s = 2, UP ... 657.911817
>> s = 1, UP ... 144.637421
>> s = 0, UP ... 210.201516
>> s = 2, IN ... 16.481899
>> s = 1, IN ... 2.139615
>> s = 0, IN ... 3.154322
1. Preliminaries.
Calculating B-matrices and Eigenvalues
2. Generate MSTModes
>> Generate s=-2 MSTModes 457.614059
>> Generate s=-1 MSTModes 450.576182
>> Generate hκModes 2138.762556
3. Jumps
>> 0.793675
>> 5.616164
>> 8.685034
>> 32.258556
>> 207.319955
>> 134.804318
>> LinearSolve for s1 and κ jumps 0.72203
>> κ and s1 jumps 391.672677
4. Prepare grid and mode functions.
>> s=-2 MSTModes 2.562634
>> MMp2gridL 1.448952
>> MMp2gridR 99.31765
>> s=-1 MSTModes 1.289286
>> MMp1gridL 0.082857
>> MMp1gridR 5.645561
>> s=0 MSTModes 2.141602
A. Fill 1D grid.
>> s = 2, UP ... 624.648191
>> s = 1, UP ... 133.964206
>> s = 0, UP ... 288.98887
>> s = 2, IN ... 16.398417
>> s = 1, IN ... 2.106774
>> s = 0, IN ... 3.986914
1. Preliminaries.
Calculating B-matrices and Eigenvalues
2. Generate MSTModes
>> Generate s=-2 MSTModes 456.377511
>> Generate s=-1 MSTModes 448.854108
>> Generate hκModes 2081.832336
3. Jumps
>> 0.72013
>> 4.993951
>> 8.662032
>> 27.967146
>> 180.989129
>> 116.534675
>> LinearSolve for s1 and κ jumps 0.712732
>> κ and s1 jumps 341.909675
4. Prepare grid and mode functions.
>> s=-2 MSTModes 2.600637
>> MMp2gridL 1.381076
>> MMp2gridR 94.824269
>> s=-1 MSTModes 1.261303
>> MMp1gridL 0.079882
>> MMp1gridR 5.424382
>> s=0 MSTModes 2.080409
A. Fill 1D grid.
>> s = 2, UP ... 587.138456
>> s = 1, UP ... 129.633068
>> s = 0, UP ... 273.241749
>> s = 2, IN ... 15.940692
>> s = 1, IN ... 2.024888
>> s = 0, IN ... 3.788798
1. Preliminaries.
Calculating B-matrices and Eigenvalues
2. Generate MSTModes
>> Generate s=-2 MSTModes 450.169914
>> Generate s=-1 MSTModes 444.776853
>> Generate hκModes 2000.121822
3. Jumps
>> 0.693331
>> 4.340642
>> 8.473542
>> 24.321264
>> 158.488185
>> 101.315001
>> LinearSolve for s1 and κ jumps 0.729602
>> κ and s1 jumps 299.591499
4. Prepare grid and mode functions.
>> s=-2 MSTModes 2.54141
>> MMp2gridL 1.329918
>> MMp2gridR 92.182922
>> s=-1 MSTModes 1.250966
>> MMp1gridL 0.076744
>> MMp1gridR 5.283159
>> s=0 MSTModes 2.027535
A. Fill 1D grid.
>> s = 2, UP ... 550.659987
>> s = 1, UP ... 122.5239
>> s = 0, UP ... 258.054173
>> s = 2, IN ... 15.655752
>> s = 1, IN ... 1.93935
>> s = 0, IN ... 3.68306
1. Preliminaries.
Calculating B-matrices and Eigenvalues
2. Generate MSTModes
>> Generate s=-2 MSTModes 443.577601
>> Generate s=-1 MSTModes 438.957589
>> Generate hκModes 1940.058041
3. Jumps
>> 0.667702
>> 4.016424
>> 8.288018
>> 20.91932
>> 138.653739
>> 86.663152
>> LinearSolve for s1 and κ jumps 0.583689
>> κ and s1 jumps 260.892939
4. Prepare grid and mode functions.
>> s=-2 MSTModes 2.433483
>> MMp2gridL 1.286892
>> MMp2gridR 88.666244
>> s=-1 MSTModes 1.198974
>> MMp1gridL 0.073414
>> MMp1gridR 5.109294
>> s=0 MSTModes 1.978947
A. Fill 1D grid.
>> s = 2, UP ... 522.451651
>> s = 1, UP ... 116.021311
>> s = 0, UP ... 243.269707
>> s = 2, IN ... 15.326267
>> s = 1, IN ... 1.89233
>> s = 0, IN ... 3.485126
1. Preliminaries.
Calculating B-matrices and Eigenvalues
2. Generate MSTModes
>> Generate s=-2 MSTModes 449.110498
>> Generate s=-1 MSTModes 438.032347
>> Generate hκModes 1888.706014
3. Jumps
>> 0.628001
>> 3.517225
>> 7.904847
>> 17.560656
>> 119.349395
>> 73.489229
>> LinearSolve for s1 and κ jumps 0.638882
>> κ and s1 jumps 224.110824
4. Prepare grid and mode functions.
>> s=-2 MSTModes 2.420744
>> MMp2gridL 1.233738
>> MMp2gridR 85.229812
>> s=-1 MSTModes 1.173822
>> MMp1gridL 0.071077
>> MMp1gridR 4.879678
>> s=0 MSTModes 1.901185
A. Fill 1D grid.
>> s = 2, UP ... 493.994389
>> s = 1, UP ... 108.496715
>> s = 0, UP ... 227.804817
>> s = 2, IN ... 15.080908
>> s = 1, IN ... 1.81667
>> s = 0, IN ... 3.365169
1. Preliminaries.
Calculating B-matrices and Eigenvalues
2. Generate MSTModes
>> Generate s=-2 MSTModes 447.796889
>> Generate s=-1 MSTModes 436.340755
>> Generate hκModes 1826.941858
3. Jumps
>> 0.599732
>> 3.2925
>> 7.613
>> 15.397981
>> 106.585198
>> 64.637206
>> LinearSolve for s1 and κ jumps 0.643159
>> κ and s1 jumps 199.723858
4. Prepare grid and mode functions.
>> s=-2 MSTModes 2.289298
>> MMp2gridL 1.171174
>> MMp2gridR 81.543166
>> s=-1 MSTModes 1.130349
>> MMp1gridL 0.06872
>> MMp1gridR 4.67726
>> s=0 MSTModes 1.840102
A. Fill 1D grid.
>> s = 2, UP ... 463.531208
>> s = 1, UP ... 102.722278
>> s = 0, UP ... 213.596174
>> s = 2, IN ... 14.891538
>> s = 1, IN ... 1.732238
>> s = 0, IN ... 3.226644
1. Preliminaries.
Calculating B-matrices and Eigenvalues
2. Generate MSTModes
>> Generate s=-2 MSTModes 445.259228
>> Generate s=-1 MSTModes 434.486014
>> Generate hκModes 1757.910137
3. Jumps
>> 0.578763
>> 2.85987
>> 7.351276
>> 13.27836
>> 91.099619
>> 54.479824
>> LinearSolve for s1 and κ jumps 0.03645
>> κ and s1 jumps 170.503491
4. Prepare grid and mode functions.
>> s=-2 MSTModes 2.208677
>> MMp2gridL 1.174548
>> MMp2gridR 78.953396
>> s=-1 MSTModes 1.096419
>> MMp1gridL 0.065539
>> MMp1gridR 4.560335
>> s=0 MSTModes 1.796884
A. Fill 1D grid.
>> s = 2, UP ... 435.072466
>> s = 1, UP ... 96.065625
>> s = 0, UP ... 199.481869
>> s = 2, IN ... 14.611493
>> s = 1, IN ... 1.663254
>> s = 0, IN ... 3.060767
1. Preliminaries.
Calculating B-matrices and Eigenvalues
2. Generate MSTModes
>> Generate s=-2 MSTModes 442.170602
>> Generate s=-1 MSTModes 435.986981
>> Generate hκModes 1678.385435
3. Jumps
>> 0.547262
>> 2.585262
>> 7.026594
>> 11.528546
>> 79.840321
>> 47.046974
>> LinearSolve for s1 and κ jumps 0.034443
>> κ and s1 jumps 149.396903
4. Prepare grid and mode functions.
>> s=-2 MSTModes 2.172936
>> MMp2gridL 1.077103
>> MMp2gridR 74.949038
>> s=-1 MSTModes 1.04641
>> MMp1gridL 0.063069
>> MMp1gridR 4.330048
>> s=0 MSTModes 1.725274
A. Fill 1D grid.
>> s = 2, UP ... 407.295657
>> s = 1, UP ... 88.97189
>> s = 0, UP ... 179.639231
>> s = 2, IN ... 14.387877
>> s = 1, IN ... 1.613561
>> s = 0, IN ... 3.001874
1. Preliminaries.
Calculating B-matrices and Eigenvalues
2. Generate MSTModes
>> Generate s=-2 MSTModes 439.925664
>> Generate s=-1 MSTModes 429.450066
>> Generate hκModes 1596.577341
3. Jumps
>> 0.527803
>> 2.303165
>> 6.756202
>> 9.469689
>> 67.810105
>> 38.945059
>> LinearSolve for s1 and κ jumps 0.031795
>> κ and s1 jumps 126.497184
4. Prepare grid and mode functions.
>> s=-2 MSTModes 2.06448
>> MMp2gridL 1.032016
>> MMp2gridR 71.842531
>> s=-1 MSTModes 1.011378
>> MMp1gridL 0.060057
>> MMp1gridR 4.167445
>> s=0 MSTModes 1.620502
A. Fill 1D grid.
>> s = 2, UP ... 380.977875
>> s = 1, UP ... 83.317174
>> s = 0, UP ... 173.124165
>> s = 2, IN ... 14.145241
>> s = 1, IN ... 1.551098
>> s = 0, IN ... 2.871521
1. Preliminaries.
Calculating B-matrices and Eigenvalues
2. Generate MSTModes
>> Generate s=-2 MSTModes 431.272147
>> Generate s=-1 MSTModes 419.424677
>> Generate hκModes 1524.596542
3. Jumps
>> 0.49764
>> 1.969131
>> 6.766686
>> 7.887238
>> 57.01339
>> 32.333911
>> LinearSolve for s1 and κ jumps 0.029658
>> κ and s1 jumps 107.066393
4. Prepare grid and mode functions.
>> s=-2 MSTModes 1.917047
>> MMp2gridL 0.964605
>> MMp2gridR 68.137713
>> s=-1 MSTModes 0.946483
>> MMp1gridL 0.056493
>> MMp1gridR 3.928923
>> s=0 MSTModes 1.549437
A. Fill 1D grid.
>> s = 2, UP ... 351.987325
>> s = 1, UP ... 77.152641
>> s = 0, UP ... 156.855737
>> s = 2, IN ... 14.074169
>> s = 1, IN ... 1.483618
>> s = 0, IN ... 2.715852
1. Preliminaries.
Calculating B-matrices and Eigenvalues
2. Generate MSTModes
>> Generate s=-2 MSTModes 422.188733
>> Generate s=-1 MSTModes 411.805542
>> Generate hκModes 1459.365274
3. Jumps
>> 0.481063
>> 1.69562
>> 6.11269
>> 6.459832
>> 47.577676
>> 26.287961
>> LinearSolve for s1 and κ jumps 0.027465
>> κ and s1 jumps 89.149804
4. Prepare grid and mode functions.
>> s=-2 MSTModes 1.867719
>> MMp2gridL 0.936169
>> MMp2gridR 65.479906
>> s=-1 MSTModes 0.914882
>> MMp1gridL 0.053888
>> MMp1gridR 3.75338
>> s=0 MSTModes 1.505659
A. Fill 1D grid.
>> s = 2, UP ... 330.319939
>> s = 1, UP ... 71.516363
>> s = 0, UP ... 146.017475
>> s = 2, IN ... 13.770825
>> s = 1, IN ... 1.497221
>> s = 0, IN ... 2.590015
1. Preliminaries.
Calculating B-matrices and Eigenvalues
2. Generate MSTModes
>> Generate s=-2 MSTModes 416.055943
>> Generate s=-1 MSTModes 406.866033
>> Generate hκModes 1393.773847
3. Jumps
>> 0.454153
>> 1.484526
>> 5.829361
>> 5.309293
>> 40.062309
>> 21.462775
>> LinearSolve for s1 and κ jumps 0.025752
>> κ and s1 jumps 75.072515
4. Prepare grid and mode functions.
>> s=-2 MSTModes 1.766999
>> MMp2gridL 0.858312
>> MMp2gridR 61.21429
>> s=-1 MSTModes 0.869118
>> MMp1gridL 0.050929
>> MMp1gridR 3.544696
>> s=0 MSTModes 1.417565
A. Fill 1D grid.
>> s = 2, UP ... 302.885938
>> s = 1, UP ... 65.427219
>> s = 0, UP ... 132.269437
>> s = 2, IN ... 13.590998
>> s = 1, IN ... 1.370979
>> s = 0, IN ... 2.461216
1. Preliminaries.
Calculating B-matrices and Eigenvalues
2. Generate MSTModes
>> Generate s=-2 MSTModes 404.381797
>> Generate s=-1 MSTModes 396.657841
>> Generate hκModes 1322.30223
3. Jumps
>> 0.443972
>> 1.253575
>> 5.487212
>> 4.449646
>> 32.954378
>> 17.503754
>> LinearSolve for s1 and κ jumps 0.023165
>> κ and s1 jumps 62.502149
4. Prepare grid and mode functions.
>> s=-2 MSTModes 1.69327
>> MMp2gridL 0.834214
>> MMp2gridR 58.301199
>> s=-1 MSTModes 0.827987
>> MMp1gridL 0.047725
>> MMp1gridR 3.370104
>> s=0 MSTModes 1.355051
A. Fill 1D grid.
>> s = 2, UP ... 279.957557
>> s = 1, UP ... 60.410687
>> s = 0, UP ... 121.717519
>> s = 2, IN ... 13.327282
>> s = 1, IN ... 1.32709
>> s = 0, IN ... 2.39518
1. Preliminaries.
Calculating B-matrices and Eigenvalues
2. Generate MSTModes
>> Generate s=-2 MSTModes 382.338398
>> Generate s=-1 MSTModes 381.21418
>> Generate hκModes 1245.688443
3. Jumps
>> 0.422721
>> 1.080757
>> 5.067301
>> 3.49167
>> 26.799818
>> 13.771259
>> LinearSolve for s1 and κ jumps 0.021472
>> κ and s1 jumps 50.989587
4. Prepare grid and mode functions.
>> s=-2 MSTModes 1.628083
>> MMp2gridL 0.7693
>> MMp2gridR 54.898121
>> s=-1 MSTModes 0.786454
>> MMp1gridL 0.044999
>> MMp1gridR 3.15322
>> s=0 MSTModes 1.277362
A. Fill 1D grid.
>> s = 2, UP ... 257.157247
>> s = 1, UP ... 55.064273
>> s = 0, UP ... 111.081421
>> s = 2, IN ... 13.220074
>> s = 1, IN ... 1.285011
>> s = 0, IN ... 2.267274
1. Preliminaries.
Calculating B-matrices and Eigenvalues
2. Generate MSTModes
>> Generate s=-2 MSTModes 363.868311
>> Generate s=-1 MSTModes 362.409608
>> Generate hκModes 1179.470382
3. Jumps
>> 0.401271
>> 0.915619
>> 4.772349
>> 2.794593
>> 21.827623
>> 10.978839
>> LinearSolve for s1 and κ jumps 0.024469
>> κ and s1 jumps 42.004259
4. Prepare grid and mode functions.
>> s=-2 MSTModes 1.514366
>> MMp2gridL 0.737785
>> MMp2gridR 51.451935
>> s=-1 MSTModes 0.74478
>> MMp1gridL 0.042708
>> MMp1gridR 3.060302
>> s=0 MSTModes 1.224993
A. Fill 1D grid.
>> s = 2, UP ... 236.862876
>> s = 1, UP ... 50.100299
>> s = 0, UP ... 99.27575
>> s = 2, IN ... 13.064111
>> s = 1, IN ... 1.240476
>> s = 0, IN ... 2.181166
1. Preliminaries.
Calculating B-matrices and Eigenvalues
2. Generate MSTModes
>> Generate s=-2 MSTModes 341.704992
>> Generate s=-1 MSTModes 340.094204
>> Generate hκModes 1097.620504
3. Jumps
>> 0.392248
>> 0.792997
>> 4.400896
>> 2.199504
>> 17.590523
>> 8.437158
>> LinearSolve for s1 and κ jumps 0.022149
>> κ and s1 jumps 34.085557
4. Prepare grid and mode functions.
>> s=-2 MSTModes 1.385569
>> MMp2gridL 0.66195
>> MMp2gridR 48.214102
>> s=-1 MSTModes 0.698193
>> MMp1gridL 0.039575
>> MMp1gridR 2.780388
>> s=0 MSTModes 1.152505
A. Fill 1D grid.
>> s = 2, UP ... 214.747678
>> s = 1, UP ... 45.708787
>> s = 0, UP ... 90.378546
>> s = 2, IN ... 13.009696
>> s = 1, IN ... 1.199054
>> s = 0, IN ... 2.11674
1. Preliminaries.
Calculating B-matrices and Eigenvalues
2. Generate MSTModes
>> Generate s=-2 MSTModes 317.068886
>> Generate s=-1 MSTModes 320.096112
>> Generate hκModes 1016.477082
3. Jumps
>> 0.380315
>> 0.683394
>> 4.043198
>> 1.752166
>> 13.954458
>> 6.399812
>> LinearSolve for s1 and κ jumps 0.01915
>> κ and s1 jumps 27.439463
4. Prepare grid and mode functions.
>> s=-2 MSTModes 1.363057
>> MMp2gridL 0.637015
>> MMp2gridR 44.830925
>> s=-1 MSTModes 0.653467
>> MMp1gridL 0.036891
>> MMp1gridR 2.55741
>> s=0 MSTModes 1.083814
A. Fill 1D grid.
>> s = 2, UP ... 194.727038
>> s = 1, UP ... 41.123289
>> s = 0, UP ... 80.818771
>> s = 2, IN ... 12.841785
>> s = 1, IN ... 1.148313
>> s = 0, IN ... 2.014428
1. Preliminaries.
Calculating B-matrices and Eigenvalues
2. Generate MSTModes
>> Generate s=-2 MSTModes 300.854189
>> Generate s=-1 MSTModes 304.531562
>> Generate hκModes 936.674035
3. Jumps
>> 0.362216
>> 0.560106
>> 3.735409
>> 1.310636
>> 10.801167
>> 4.751096
>> LinearSolve for s1 and κ jumps 0.012825
>> κ and s1 jumps 21.702731
4. Prepare grid and mode functions.
>> s=-2 MSTModes 1.077571
>> MMp2gridL 0.563029
>> MMp2gridR 38.676799
>> s=-1 MSTModes 0.56856
>> MMp1gridL 0.033393
>> MMp1gridR 2.242611
>> s=0 MSTModes 0.94136
A. Fill 1D grid.
>> s = 2, UP ... 174.076799
>> s = 1, UP ... 36.498726
>> s = 0, UP ... 71.576001
>> s = 2, IN ... 12.597218
>> s = 1, IN ... 1.111475
>> s = 0, IN ... 1.945814
1. Preliminaries.
Calculating B-matrices and Eigenvalues
2. Generate MSTModes
>> Generate s=-2 MSTModes 281.920538
>> Generate s=-1 MSTModes 285.794989
>> Generate hκModes 852.797074
3. Jumps
>> 0.350769
>> 0.471811
>> 3.468544
>> 0.992526
>> 8.109054
>> 3.465767
>> LinearSolve for s1 and κ jumps 0.011198
>> κ and s1 jumps 17.011557
4. Prepare grid and mode functions.
>> s=-2 MSTModes 1.098379
>> MMp2gridL 0.529222
>> MMp2gridR 37.482887
>> s=-1 MSTModes 0.558634
>> MMp1gridL 0.031454
>> MMp1gridR 2.133507
>> s=0 MSTModes 0.89988
A. Fill 1D grid.
>> s = 2, UP ... 155.449716
>> s = 1, UP ... 32.000278
>> s = 0, UP ... 62.437379
>> s = 2, IN ... 12.435885
>> s = 1, IN ... 1.067616
>> s = 0, IN ... 1.872785
1. Preliminaries.
Calculating B-matrices and Eigenvalues
2. Generate MSTModes
>> Generate s=-2 MSTModes 260.44497
>> Generate s=-1 MSTModes 262.596119
>> Generate hκModes 774.598346
3. Jumps
>> 0.336753
>> 0.399532
>> 3.110485
>> 0.746701
>> 6.129758
>> 2.467726
>> LinearSolve for s1 and κ jumps 0.009809
>> κ and s1 jumps 13.320081
4. Prepare grid and mode functions.
>> s=-2 MSTModes 1.007346
>> MMp2gridL 0.470464
>> MMp2gridR 34.456515
>> s=-1 MSTModes 0.494446
>> MMp1gridL 0.027625
>> MMp1gridR 1.932047
>> s=0 MSTModes 0.841136
A. Fill 1D grid.
>> s = 2, UP ... 139.836254
>> s = 1, UP ... 28.445723
>> s = 0, UP ... 53.867923
>> s = 2, IN ... 12.383232
>> s = 1, IN ... 1.033376
>> s = 0, IN ... 1.801214
1. Preliminaries.
Calculating B-matrices and Eigenvalues
2. Generate MSTModes
>> Generate s=-2 MSTModes 237.947002
>> Generate s=-1 MSTModes 233.255924
>> Generate hκModes 697.259724
3. Jumps
>> 0.328293
>> 0.344969
>> 2.770788
>> 0.557753
>> 4.365414
>> 1.661135
>> LinearSolve for s1 and κ jumps 0.008088
>> κ and s1 jumps 10.13593
4. Prepare grid and mode functions.
>> s=-2 MSTModes 0.926303
>> MMp2gridL 0.427734
>> MMp2gridR 31.032558
>> s=-1 MSTModes 0.443194
>> MMp1gridL 0.024982
>> MMp1gridR 1.730996
>> s=0 MSTModes 0.762072
A. Fill 1D grid.
>> s = 2, UP ... 124.242013
>> s = 1, UP ... 25.287954
>> s = 0, UP ... 47.131718
>> s = 2, IN ... 12.270859
>> s = 1, IN ... 1.015073
>> s = 0, IN ... 1.737464
1. Preliminaries.
Calculating B-matrices and Eigenvalues
2. Generate MSTModes
>> Generate s=-2 MSTModes 213.226644
>> Generate s=-1 MSTModes 206.989716
>> Generate hκModes 616.272505
3. Jumps
>> 0.315262
>> 0.290397
>> 2.416047
>> 0.417021
>> 3.054718
>> 1.111201
>> LinearSolve for s1 and κ jumps 0.007032
>> κ and s1 jumps 7.690927
4. Prepare grid and mode functions.
>> s=-2 MSTModes 0.838318
>> MMp2gridL 0.372325
>> MMp2gridR 27.876017
>> s=-1 MSTModes 0.406884
>> MMp1gridL 0.021955
>> MMp1gridR 1.542401
>> s=0 MSTModes 0.699047
A. Fill 1D grid.
>> s = 2, UP ... 110.774735
>> s = 1, UP ... 22.252094
>> s = 0, UP ... 40.910809
>> s = 2, IN ... 12.133449
>> s = 1, IN ... 0.976381
>> s = 0, IN ... 1.681974
1. Preliminaries.
Calculating B-matrices and Eigenvalues
2. Generate MSTModes
>> Generate s=-2 MSTModes 185.610703
>> Generate s=-1 MSTModes 182.789667
>> Generate hκModes 533.674385
3. Jumps
>> 0.30841
>> 0.252952
>> 2.021997
>> 0.318288
>> 1.997975
>> 0.687586
>> LinearSolve for s1 and κ jumps 0.005424
>> κ and s1 jumps 5.654369
4. Prepare grid and mode functions.
>> s=-2 MSTModes 0.7131
>> MMp2gridL 0.329917
>> MMp2gridR 24.291236
>> s=-1 MSTModes 0.369311
>> MMp1gridL 0.019436
>> MMp1gridR 1.353803
>> s=0 MSTModes 0.604588
A. Fill 1D grid.
>> s = 2, UP ... 97.738562
>> s = 1, UP ... 19.62502
>> s = 0, UP ... 35.028005
>> s = 2, IN ... 12.019686
>> s = 1, IN ... 0.94514
>> s = 0, IN ... 1.722991
