Task 9 on node721.cluster: a=0.6 r0=8.1
Job started: a = 0.6, r0 = 8.1, savepath = /lustre/astro/dyson/DataFiles/KerrCircSourceFiles/h1RadialAsymptotic
Warning: rstarmin is outside the allowed range.
Now we Calculate the Radiative Solutions
1. Preliminaries.
Calculating B-matrices and Eigenvalues
2. Generate MSTModes
>> Generate s=-2 MSTModes 439.773009
>> Generate s=-1 MSTModes 457.266078
>> Generate hκModes 2197.336312
3. Jumps
>> 0.873423
>> 6.049833
>> 6.847336
>> 10.615549
>> 123.164503
>> 46.093261
>> LinearSolve for s1 and κ jumps 0.008026
>> κ and s1 jumps 195.617153
4. Prepare grid and mode functions.
>> s=-2 MSTModes 2.517003
>> MMp2gridL 1.308968
>> MMp2gridR 99.521435
>> s=-1 MSTModes 0.81395
>> MMp1gridL 0.05408
>> MMp1gridR 5.157255
>> s=0 MSTModes 1.949246
A. Fill 1D grid.
>> s = 2, UP ... 670.770952
>> s = 1, UP ... 20.881707
>> s = 0, UP ... 168.453559
>> s = 2, IN ... 15.464768
>> s = 1, IN ... 1.272542
>> s = 0, IN ... 2.656459
1. Preliminaries.
Calculating B-matrices and Eigenvalues
2. Generate MSTModes
>> Generate s=-2 MSTModes 454.882727
>> Generate s=-1 MSTModes 452.694377
>> Generate hκModes 2158.237953
3. Jumps
>> 0.813901
>> 6.135215
>> 7.91361
>> 9.770965
>> 119.100453
>> 41.178011
>> LinearSolve for s1 and κ jumps 0.574135
>> κ and s1 jumps 186.913329
4. Prepare grid and mode functions.
>> s=-2 MSTModes 2.471281
>> MMp2gridL 1.314302
>> MMp2gridR 100.645334
>> s=-1 MSTModes 1.31154
>> MMp1gridL 0.076507
>> MMp1gridR 5.730062
>> s=0 MSTModes 2.148006
A. Fill 1D grid.
>> s = 2, UP ... 648.841899
>> s = 1, UP ... 141.996334
>> s = 0, UP ... 208.485068
>> s = 2, IN ... 15.150676
>> s = 1, IN ... 1.953381
>> s = 0, IN ... 2.849398
1. Preliminaries.
Calculating B-matrices and Eigenvalues
2. Generate MSTModes
>> Generate s=-2 MSTModes 453.99354
>> Generate s=-1 MSTModes 447.8461
>> Generate hκModes 2099.169228
3. Jumps
>> 0.778488
>> 5.493926
>> 8.272614
>> 8.604558
>> 105.146137
>> 36.262844
>> LinearSolve for s1 and κ jumps 0.423844
>> κ and s1 jumps 166.272068
4. Prepare grid and mode functions.
>> s=-2 MSTModes 2.41511
>> MMp2gridL 1.291663
>> MMp2gridR 95.22966
>> s=-1 MSTModes 1.261262
>> MMp1gridL 0.074846
>> MMp1gridR 5.445748
>> s=0 MSTModes 2.050758
A. Fill 1D grid.
>> s = 2, UP ... 613.698674
>> s = 1, UP ... 134.5848
>> s = 0, UP ... 198.993091
>> s = 2, IN ... 14.975866
>> s = 1, IN ... 1.923583
>> s = 0, IN ... 2.788848
1. Preliminaries.
Calculating B-matrices and Eigenvalues
2. Generate MSTModes
>> Generate s=-2 MSTModes 454.347712
>> Generate s=-1 MSTModes 443.851886
>> Generate hκModes 2043.563212
3. Jumps
>> 0.727218
>> 5.057499
>> 8.464091
>> 7.413728
>> 95.0426
>> 31.437531
>> LinearSolve for s1 and κ jumps 0.768348
>> κ and s1 jumps 150.116997
4. Prepare grid and mode functions.
>> s=-2 MSTModes 2.44325
>> MMp2gridL 1.23481
>> MMp2gridR 91.446306
>> s=-1 MSTModes 1.242379
>> MMp1gridL 0.071973
>> MMp1gridR 5.319762
>> s=0 MSTModes 2.024711
A. Fill 1D grid.
>> s = 2, UP ... 578.14954
>> s = 1, UP ... 127.758073
>> s = 0, UP ... 189.136847
>> s = 2, IN ... 14.723346
>> s = 1, IN ... 1.857546
>> s = 0, IN ... 2.717233
1. Preliminaries.
Calculating B-matrices and Eigenvalues
2. Generate MSTModes
>> Generate s=-2 MSTModes 450.014774
>> Generate s=-1 MSTModes 443.764332
>> Generate hκModes 1982.992663
3. Jumps
>> 0.69892
>> 4.51931
>> 8.092772
>> 24.642659
>> 158.323657
>> 100.592182
>> LinearSolve for s1 and κ jumps 0.629448
>> κ and s1 jumps 298.732514
4. Prepare grid and mode functions.
>> s=-2 MSTModes 2.217166
>> MMp2gridL 1.195717
>> MMp2gridR 88.660265
>> s=-1 MSTModes 1.211591
>> MMp1gridL 0.069516
>> MMp1gridR 5.106953
>> s=0 MSTModes 1.950844
A. Fill 1D grid.
>> s = 2, UP ... 544.89258
>> s = 1, UP ... 120.64638
>> s = 0, UP ... 254.666452
>> s = 2, IN ... 14.413157
>> s = 1, IN ... 1.775323
>> s = 0, IN ... 3.297882
1. Preliminaries.
Calculating B-matrices and Eigenvalues
2. Generate MSTModes
>> Generate s=-2 MSTModes 446.596562
>> Generate s=-1 MSTModes 441.639036
>> Generate hκModes 1917.776276
3. Jumps
>> 0.66437
>> 4.135373
>> 7.941259
>> 21.466837
>> 140.654844
>> 88.124131
>> LinearSolve for s1 and κ jumps 0.690095
>> κ and s1 jumps 264.764374
4. Prepare grid and mode functions.
>> s=-2 MSTModes 2.20748
>> MMp2gridL 1.166284
>> MMp2gridR 85.69311
>> s=-1 MSTModes 1.16157
>> MMp1gridL 0.066522
>> MMp1gridR 4.91754
>> s=0 MSTModes 1.912065
A. Fill 1D grid.
>> s = 2, UP ... 514.687695
>> s = 1, UP ... 113.482862
>> s = 0, UP ... 239.252377
>> s = 2, IN ... 14.239256
>> s = 1, IN ... 1.720636
>> s = 0, IN ... 3.172368
1. Preliminaries.
Calculating B-matrices and Eigenvalues
2. Generate MSTModes
>> Generate s=-2 MSTModes 450.665188
>> Generate s=-1 MSTModes 438.222653
>> Generate hκModes 1851.504615
3. Jumps
>> 0.635652
>> 3.583261
>> 8.151908
>> 18.834954
>> 122.724029
>> 76.294444
>> LinearSolve for s1 and κ jumps 0.492306
>> κ and s1 jumps 231.71465
4. Prepare grid and mode functions.
>> s=-2 MSTModes 2.347252
>> MMp2gridL 1.126024
>> MMp2gridR 83.647128
>> s=-1 MSTModes 1.151705
>> MMp1gridL 0.06478
>> MMp1gridR 4.830009
>> s=0 MSTModes 1.873196
A. Fill 1D grid.
>> s = 2, UP ... 488.431383
>> s = 1, UP ... 107.301589
>> s = 0, UP ... 225.584703
>> s = 2, IN ... 13.942775
>> s = 1, IN ... 1.660955
>> s = 0, IN ... 3.051112
1. Preliminaries.
Calculating B-matrices and Eigenvalues
2. Generate MSTModes
>> Generate s=-2 MSTModes 447.438946
>> Generate s=-1 MSTModes 431.842494
>> Generate hκModes 1795.995918
3. Jumps
>> 0.604403
>> 3.287159
>> 8.007776
>> 15.759482
>> 105.974769
>> 64.123395
>> LinearSolve for s1 and κ jumps 0.628894
>> κ and s1 jumps 199.295038
4. Prepare grid and mode functions.
>> s=-2 MSTModes 2.260712
>> MMp2gridL 1.068432
>> MMp2gridR 80.044636
>> s=-1 MSTModes 1.105002
>> MMp1gridL 0.061645
>> MMp1gridR 4.639931
>> s=0 MSTModes 1.803677
A. Fill 1D grid.
>> s = 2, UP ... 457.753958
>> s = 1, UP ... 100.854377
>> s = 0, UP ... 209.743612
>> s = 2, IN ... 13.699156
>> s = 1, IN ... 1.599685
>> s = 0, IN ... 2.937741
1. Preliminaries.
Calculating B-matrices and Eigenvalues
2. Generate MSTModes
>> Generate s=-2 MSTModes 443.281049
>> Generate s=-1 MSTModes 429.760352
>> Generate hκModes 1720.110652
3. Jumps
>> 0.589874
>> 2.86204
>> 7.182031
>> 13.360155
>> 91.325755
>> 54.34409
>> LinearSolve for s1 and κ jumps 0.033354
>> κ and s1 jumps 170.502973
4. Prepare grid and mode functions.
>> s=-2 MSTModes 2.176154
>> MMp2gridL 1.02352
>> MMp2gridR 76.70308
>> s=-1 MSTModes 1.055437
>> MMp1gridL 0.059636
>> MMp1gridR 4.358924
>> s=0 MSTModes 1.741751
A. Fill 1D grid.
>> s = 2, UP ... 428.408969
>> s = 1, UP ... 93.44034
>> s = 0, UP ... 195.73251
>> s = 2, IN ... 13.683956
>> s = 1, IN ... 1.556142
>> s = 0, IN ... 2.813217
1. Preliminaries.
Calculating B-matrices and Eigenvalues
2. Generate MSTModes
>> Generate s=-2 MSTModes 439.42847
>> Generate s=-1 MSTModes 426.953533
>> Generate hκModes 1653.272687
3. Jumps
>> 0.548335
>> 2.540552
>> 6.837987
>> 11.421624
>> 79.376502
>> 46.492062
>> LinearSolve for s1 and κ jumps 0.038684
>> κ and s1 jumps 147.98679
4. Prepare grid and mode functions.
>> s=-2 MSTModes 2.115789
>> MMp2gridL 0.970903
>> MMp2gridR 73.403938
>> s=-1 MSTModes 1.027155
>> MMp1gridL 0.056463
>> MMp1gridR 4.253018
>> s=0 MSTModes 1.680499
A. Fill 1D grid.
>> s = 2, UP ... 400.812483
>> s = 1, UP ... 87.943093
>> s = 0, UP ... 183.357061
>> s = 2, IN ... 13.289356
>> s = 1, IN ... 1.474172
>> s = 0, IN ... 2.676467
1. Preliminaries.
Calculating B-matrices and Eigenvalues
2. Generate MSTModes
>> Generate s=-2 MSTModes 436.687096
>> Generate s=-1 MSTModes 423.462809
>> Generate hκModes 1582.849637
3. Jumps
>> 0.530365
>> 2.208654
>> 6.698004
>> 9.653488
>> 67.226751
>> 39.071182
>> LinearSolve for s1 and κ jumps 0.029817
>> κ and s1 jumps 126.05782
4. Prepare grid and mode functions.
>> s=-2 MSTModes 2.034152
>> MMp2gridL 0.927367
>> MMp2gridR 69.680809
>> s=-1 MSTModes 0.961871
>> MMp1gridL 0.05402
>> MMp1gridR 4.059736
>> s=0 MSTModes 1.571665
A. Fill 1D grid.
>> s = 2, UP ... 375.338463
>> s = 1, UP ... 82.529258
>> s = 0, UP ... 171.335977
>> s = 2, IN ... 13.209719
>> s = 1, IN ... 1.436101
>> s = 0, IN ... 2.601207
1. Preliminaries.
Calculating B-matrices and Eigenvalues
2. Generate MSTModes
>> Generate s=-2 MSTModes 433.214503
>> Generate s=-1 MSTModes 418.009411
>> Generate hκModes 1493.848011
3. Jumps
>> 0.501969
>> 1.92162
>> 6.175189
>> 7.962007
>> 56.539123
>> 32.142265
>> LinearSolve for s1 and κ jumps 0.028678
>> κ and s1 jumps 105.834177
4. Prepare grid and mode functions.
>> s=-2 MSTModes 1.91347
>> MMp2gridL 0.871396
>> MMp2gridR 65.527111
>> s=-1 MSTModes 0.935763
>> MMp1gridL 0.051433
>> MMp1gridR 3.829389
>> s=0 MSTModes 1.513387
A. Fill 1D grid.
>> s = 2, UP ... 346.955517
>> s = 1, UP ... 76.13487
>> s = 0, UP ... 156.792252
>> s = 2, IN ... 12.878538
>> s = 1, IN ... 1.373495
>> s = 0, IN ... 2.474874
1. Preliminaries.
Calculating B-matrices and Eigenvalues
2. Generate MSTModes
>> Generate s=-2 MSTModes 424.920459
>> Generate s=-1 MSTModes 408.960177
>> Generate hκModes 1426.334834
3. Jumps
>> 0.479763
>> 1.691229
>> 6.409712
>> 6.643705
>> 47.43517
>> 26.427787
>> LinearSolve for s1 and κ jumps 0.03706
>> κ and s1 jumps 89.624301
4. Prepare grid and mode functions.
>> s=-2 MSTModes 1.785599
>> MMp2gridL 0.833926
>> MMp2gridR 62.530906
>> s=-1 MSTModes 0.890573
>> MMp1gridL 0.048546
>> MMp1gridR 3.580452
>> s=0 MSTModes 1.422332
A. Fill 1D grid.
>> s = 2, UP ... 321.577302
>> s = 1, UP ... 69.893712
>> s = 0, UP ... 143.165308
>> s = 2, IN ... 12.702621
>> s = 1, IN ... 1.32576
>> s = 0, IN ... 2.361785
1. Preliminaries.
Calculating B-matrices and Eigenvalues
2. Generate MSTModes
>> Generate s=-2 MSTModes 423.934395
>> Generate s=-1 MSTModes 407.83402
>> Generate hκModes 1355.772566
3. Jumps
>> 0.457909
>> 1.442946
>> 5.600607
>> 5.308527
>> 39.270268
>> 21.137876
>> LinearSolve for s1 and κ jumps 0.024508
>> κ and s1 jumps 73.681008
4. Prepare grid and mode functions.
>> s=-2 MSTModes 1.746213
>> MMp2gridL 0.783354
>> MMp2gridR 59.104137
>> s=-1 MSTModes 0.82076
>> MMp1gridL 0.045768
>> MMp1gridR 3.456945
>> s=0 MSTModes 1.381628
A. Fill 1D grid.
>> s = 2, UP ... 296.445313
>> s = 1, UP ... 64.249342
>> s = 0, UP ... 130.342139
>> s = 2, IN ... 12.45911
>> s = 1, IN ... 1.264758
>> s = 0, IN ... 2.257457
1. Preliminaries.
Calculating B-matrices and Eigenvalues
2. Generate MSTModes
>> Generate s=-2 MSTModes 406.234256
>> Generate s=-1 MSTModes 396.012916
>> Generate hκModes 1290.909118
3. Jumps
>> 0.436344
>> 1.249594
>> 5.281031
>> 4.412748
>> 32.684276
>> 17.230125
>> LinearSolve for s1 and κ jumps 0.021806
>> κ and s1 jumps 61.69008
4. Prepare grid and mode functions.
>> s=-2 MSTModes 1.615348
>> MMp2gridL 0.746255
>> MMp2gridR 55.874767
>> s=-1 MSTModes 0.804309
>> MMp1gridL 0.04338
>> MMp1gridR 3.255565
>> s=0 MSTModes 1.31067
A. Fill 1D grid.
>> s = 2, UP ... 273.923858
>> s = 1, UP ... 59.094601
>> s = 0, UP ... 119.440609
>> s = 2, IN ... 12.579986
>> s = 1, IN ... 1.234117
>> s = 0, IN ... 2.168367
1. Preliminaries.
Calculating B-matrices and Eigenvalues
2. Generate MSTModes
>> Generate s=-2 MSTModes 382.145268
>> Generate s=-1 MSTModes 379.440092
>> Generate hκModes 1219.888022
3. Jumps
>> 0.424312
>> 1.094333
>> 5.196464
>> 3.573564
>> 27.000345
>> 13.94129
>> LinearSolve for s1 and κ jumps 0.021493
>> κ and s1 jumps 51.581984
4. Prepare grid and mode functions.
>> s=-2 MSTModes 1.568418
>> MMp2gridL 0.685656
>> MMp2gridR 54.882597
>> s=-1 MSTModes 0.788238
>> MMp1gridL 0.04108
>> MMp1gridR 3.264878
>> s=0 MSTModes 1.276383
A. Fill 1D grid.
>> s = 2, UP ... 275.204215
>> s = 1, UP ... 57.451327
>> s = 0, UP ... 119.988844
>> s = 2, IN ... 12.182676
>> s = 1, IN ... 1.193349
>> s = 0, IN ... 2.092452
1. Preliminaries.
Calculating B-matrices and Eigenvalues
2. Generate MSTModes
>> Generate s=-2 MSTModes 366.879445
>> Generate s=-1 MSTModes 360.438682
>> Generate hκModes 1149.313699
3. Jumps
>> 0.405643
>> 0.94306
>> 4.587328
>> 2.795348
>> 22.262614
>> 10.901199
>> LinearSolve for s1 and κ jumps 0.023364
>> κ and s1 jumps 42.21384
4. Prepare grid and mode functions.
>> s=-2 MSTModes 1.600745
>> MMp2gridL 0.657736
>> MMp2gridR 51.878793
>> s=-1 MSTModes 0.730736
>> MMp1gridL 0.038193
>> MMp1gridR 2.903788
>> s=0 MSTModes 1.253765
A. Fill 1D grid.
>> s = 2, UP ... 249.600847
>> s = 1, UP ... 53.965959
>> s = 0, UP ... 107.928677
>> s = 2, IN ... 12.118631
>> s = 1, IN ... 1.158198
>> s = 0, IN ... 2.015438
1. Preliminaries.
Calculating B-matrices and Eigenvalues
2. Generate MSTModes
>> Generate s=-2 MSTModes 344.233039
>> Generate s=-1 MSTModes 342.674493
>> Generate hκModes 1105.960542
3. Jumps
>> 16.535334
>> 21.980795
>> 112.926523
>> 25.782846
>> 32.606963
>> 13.955509
>> LinearSolve for s1 and κ jumps 0.344693
>> κ and s1 jumps 224.906839
4. Prepare grid and mode functions.
>> s=-2 MSTModes 2.468004
>> MMp2gridL 1.642822
>> MMp2gridR 80.879763
>> s=-1 MSTModes 1.345846
>> MMp1gridL 0.138327
>> MMp1gridR 6.093067
>> s=0 MSTModes 2.370764
A. Fill 1D grid.
>> s = 2, UP ... 567.294906
>> s = 1, UP ... 105.394524
>> s = 0, UP ... 205.638493
>> s = 2, IN ... 28.538656
>> s = 1, IN ... 2.703595
>> s = 0, IN ... 4.277129
1. Preliminaries.
Calculating B-matrices and Eigenvalues
2. Generate MSTModes
>> Generate s=-2 MSTModes 776.26161
>> Generate s=-1 MSTModes 785.599548
>> Generate hκModes 2698.208088
3. Jumps
>> 16.911986
>> 23.083801
>> 103.509007
>> 13.646808
>> 24.711813
>> 11.847139
>> LinearSolve for s1 and κ jumps 0.331894
>> κ and s1 jumps 194.634684
4. Prepare grid and mode functions.
>> s=-2 MSTModes 2.301622
>> MMp2gridL 1.728317
>> MMp2gridR 92.047082
>> s=-1 MSTModes 1.331919
>> MMp1gridL 0.106793
>> MMp1gridR 5.231059
>> s=0 MSTModes 2.17502
A. Fill 1D grid.
>> s = 2, UP ... 539.192926
>> s = 1, UP ... 93.656057
>> s = 0, UP ... 228.977264
>> s = 2, IN ... 28.916962
>> s = 1, IN ... 2.952257
>> s = 0, IN ... 4.820489
1. Preliminaries.
Calculating B-matrices and Eigenvalues
2. Generate MSTModes
>> Generate s=-2 MSTModes 730.143128
>> Generate s=-1 MSTModes 760.224673
>> Generate hκModes 2780.348198
3. Jumps
>> 31.797042
>> 25.688451
>> 111.223574
>> 11.90315
>> 20.961757
>> 8.808935
>> LinearSolve for s1 and κ jumps 0.27184
>> κ and s1 jumps 211.355319
4. Prepare grid and mode functions.
>> s=-2 MSTModes 2.20881
>> MMp2gridL 1.381218
>> MMp2gridR 83.223283
>> s=-1 MSTModes 1.16129
>> MMp1gridL 0.155618
>> MMp1gridR 6.104601
>> s=0 MSTModes 2.045614
A. Fill 1D grid.
>> s = 2, UP ... 555.826916
>> s = 1, UP ... 87.173019
>> s = 0, UP ... 180.652079
>> s = 2, IN ... 25.545678
>> s = 1, IN ... 2.477886
>> s = 0, IN ... 4.774902
1. Preliminaries.
Calculating B-matrices and Eigenvalues
2. Generate MSTModes
>> Generate s=-2 MSTModes 705.826777
>> Generate s=-1 MSTModes 648.411178
>> Generate hκModes 2390.788525
3. Jumps
>> 37.735284
>> 18.706189
>> 70.081226
>> 10.448125
>> 15.693862
>> 5.81726
>> LinearSolve for s1 and κ jumps 0.195077
>> κ and s1 jumps 159.40461
4. Prepare grid and mode functions.
>> s=-2 MSTModes 2.039998
>> MMp2gridL 1.323977
>> MMp2gridR 80.796588
>> s=-1 MSTModes 1.404123
>> MMp1gridL 0.244057
>> MMp1gridR 6.122646
>> s=0 MSTModes 2.41895
A. Fill 1D grid.
>> s = 2, UP ... 520.321001
>> s = 1, UP ... 84.088486
>> s = 0, UP ... 187.069926
>> s = 2, IN ... 33.86878
>> s = 1, IN ... 3.088096
>> s = 0, IN ... 4.582013
1. Preliminaries.
Calculating B-matrices and Eigenvalues
2. Generate MSTModes
>> Generate s=-2 MSTModes 731.631172
>> Generate s=-1 MSTModes 605.513266
>> Generate hκModes 2101.666312
3. Jumps
>> 16.534926
>> 11.583992
>> 101.354381
>> 12.728701
>> 11.375315
>> 4.760079
>> LinearSolve for s1 and κ jumps 0.278966
>> κ and s1 jumps 159.006582
4. Prepare grid and mode functions.
>> s=-2 MSTModes 1.871564
>> MMp2gridL 1.148272
>> MMp2gridR 69.308696
>> s=-1 MSTModes 1.097526
>> MMp1gridL 0.091715
>> MMp1gridR 3.999065
>> s=0 MSTModes 1.700019
A. Fill 1D grid.
>> s = 2, UP ... 451.422517
>> s = 1, UP ... 68.634753
>> s = 0, UP ... 173.925249
>> s = 2, IN ... 26.708103
>> s = 1, IN ... 2.548532
>> s = 0, IN ... 4.248729
1. Preliminaries.
Calculating B-matrices and Eigenvalues
2. Generate MSTModes
>> Generate s=-2 MSTModes 586.409
>> Generate s=-1 MSTModes 529.765515
>> Generate hκModes 1868.640435
3. Jumps
>> 15.27483
>> 10.639784
>> 44.298394
>> 17.243625
>> 12.659288
>> 3.847133
>> LinearSolve for s1 and κ jumps 0.30209
>> κ and s1 jumps 104.585208
4. Prepare grid and mode functions.
>> s=-2 MSTModes 1.897776
>> MMp2gridL 0.980493
>> MMp2gridR 65.743656
>> s=-1 MSTModes 0.899902
>> MMp1gridL 0.087501
>> MMp1gridR 3.715086
>> s=0 MSTModes 1.510404
A. Fill 1D grid.
>> s = 2, UP ... 381.092287
>> s = 1, UP ... 79.609405
>> s = 0, UP ... 133.623177
>> s = 2, IN ... 25.46729
>> s = 1, IN ... 2.818599
>> s = 0, IN ... 4.948064
1. Preliminaries.
Calculating B-matrices and Eigenvalues
2. Generate MSTModes
>> Generate s=-2 MSTModes 525.809891
>> Generate s=-1 MSTModes 471.564421
>> Generate hκModes 1772.628012
3. Jumps
>> 19.131499
>> 12.362613
>> 73.673609
>> 12.67436
>> 6.550364
>> 2.287444
>> LinearSolve for s1 and κ jumps 0.220976
>> κ and s1 jumps 127.217843
4. Prepare grid and mode functions.
>> s=-2 MSTModes 1.462871
>> MMp2gridL 0.834561
>> MMp2gridR 55.77522
>> s=-1 MSTModes 0.827348
>> MMp1gridL 0.049855
>> MMp1gridR 3.356491
>> s=0 MSTModes 1.49364
A. Fill 1D grid.
>> s = 2, UP ... 361.935098
>> s = 1, UP ... 48.18457
>> s = 0, UP ... 87.779202
>> s = 2, IN ... 18.667896
>> s = 1, IN ... 1.776258
>> s = 0, IN ... 2.896664
1. Preliminaries.
Calculating B-matrices and Eigenvalues
2. Generate MSTModes
>> Generate s=-2 MSTModes 287.976068
>> Generate s=-1 MSTModes 184.092477
>> Generate hκModes 523.0707
3. Jumps
>> 0.308279
>> 0.250763
>> 1.985617
>> 0.32067
>> 1.942299
>> 0.658449
>> LinearSolve for s1 and κ jumps 0.005447
>> κ and s1 jumps 5.534029
4. Prepare grid and mode functions.
>> s=-2 MSTModes 0.656372
>> MMp2gridL 0.296213
>> MMp2gridR 22.387492
>> s=-1 MSTModes 0.343746
>> MMp1gridL 0.017577
>> MMp1gridR 1.27445
>> s=0 MSTModes 0.612955
A. Fill 1D grid.
>> s = 2, UP ... 95.771092
>> s = 1, UP ... 19.161911
>> s = 0, UP ... 34.076052
>> s = 2, IN ... 11.288647
>> s = 1, IN ... 0.884196
>> s = 0, IN ... 1.49904
