Task 1 on node708.cluster: a=0.00000000000001 r0=7.8
Job started: a = 1.*^-14, r0 = 7.8, savepath = /lustre/astro/dyson/DataFiles/KerrCircSourceFiles/h1RadialAsymptotic
Warning: rstarmin is outside the allowed range.
Now we Calculate the Radiative Solutions
1. Preliminaries.
Calculating B-matrices and Eigenvalues
2. Generate MSTModes
>> Generate s=-2 MSTModes 427.614286
>> Generate s=-1 MSTModes 441.416463
>> Generate hκModes 2199.896697
3. Jumps
>> 0.85949
>> 6.038628
>> 6.760923
>> 40.831755
>> 248.662588
>> 170.482836
>> LinearSolve for s1 and κ jumps 0.005239
>> κ and s1 jumps 475.737578
4. Prepare grid and mode functions.
>> s=-2 MSTModes 2.406691
>> MMp2gridL 1.224827
>> MMp2gridR 100.219642
>> s=-1 MSTModes 0.817668
>> MMp1gridL 0.050887
>> MMp1gridR 5.165671
>> s=0 MSTModes 1.939027
A. Fill 1D grid.
>> s = 2, UP ... 693.93608
>> s = 1, UP ... 21.230244
>> s = 0, UP ... 268.649764
>> s = 2, IN ... 14.689434

                                                                                                                                         -302                           -7
General::munfl: 4.30093070620095203800442508928015751570808307623185242925322075638561994245191384755279270621149618019308063139146411 10     (0.0000191096 - 5.04641 10   I) is too small to represent as a normalized machine number; precision may be lost.

                                                                                                                                         -302            -6             -7
General::munfl: 4.30093070620095203800442508928015751570808307623185242925322075638561994245191384755279270621149618019308063139146411 10     (9.02315 10   - 2.36117 10   I) is too small to represent as a normalized machine number; precision may be lost.

                                                                                                                                         -302            -6             -7
General::munfl: 4.30093070620095203800442508928015751570808307623185242925322075638561994245191384755279270621149618019308063139146411 10     (4.10245 10   - 1.06513 10   I) is too small to represent as a normalized machine number; precision may be lost.

General::stop: Further output of General::munfl will be suppressed during this calculation.
>> s = 1, IN ... 1.263373
>> s = 0, IN ... 3.192769
1. Preliminaries.
Calculating B-matrices and Eigenvalues
2. Generate MSTModes
>> Generate s=-2 MSTModes 438.870037
>> Generate s=-1 MSTModes 437.869334
>> Generate hκModes 2163.038771
3. Jumps
>> 0.811477
>> 6.057665
>> 7.855142
>> 35.678524
>> 227.291319
>> 149.663115
>> LinearSolve for s1 and κ jumps 0.510095
>> κ and s1 jumps 429.412648
4. Prepare grid and mode functions.
>> s=-2 MSTModes 2.518695
>> MMp2gridL 1.229019
>> MMp2gridR 100.739861
>> s=-1 MSTModes 1.245874
>> MMp1gridL 0.069827
>> MMp1gridR 5.572085
>> s=0 MSTModes 2.130657
A. Fill 1D grid.
>> s = 2, UP ... 665.867917
>> s = 1, UP ... 152.748711
>> s = 0, UP ... 339.43355
>> s = 2, IN ... 14.265558
>> s = 1, IN ... 1.80288
>> s = 0, IN ... 3.41399
1. Preliminaries.
Calculating B-matrices and Eigenvalues
2. Generate MSTModes
>> Generate s=-2 MSTModes 440.744769
>> Generate s=-1 MSTModes 433.135211
>> Generate hκModes 2087.723546
3. Jumps
>> 0.768941
>> 5.540883
>> 8.063473
>> 31.219453
>> 201.504466
>> 130.890286
>> LinearSolve for s1 and κ jumps 0.453927
>> κ and s1 jumps 379.806689
4. Prepare grid and mode functions.
>> s=-2 MSTModes 2.480716
>> MMp2gridL 1.205069
>> MMp2gridR 96.48733
>> s=-1 MSTModes 1.266818
>> MMp1gridL 0.06775
>> MMp1gridR 5.451326
>> s=0 MSTModes 2.101939
A. Fill 1D grid.
>> s = 2, UP ... 604.736115
>> s = 1, UP ... 127.280061
>> s = 0, UP ... 276.929321
>> s = 2, IN ... 13.815621
>> s = 1, IN ... 1.696791
>> s = 0, IN ... 3.215562
1. Preliminaries.
Calculating B-matrices and Eigenvalues
2. Generate MSTModes
>> Generate s=-2 MSTModes 438.114851
>> Generate s=-1 MSTModes 429.445063
>> Generate hκModes 2040.281093
3. Jumps
>> 0.728053
>> 5.029151
>> 8.095124
>> 27.579971
>> 178.317717
>> 114.660725
>> LinearSolve for s1 and κ jumps 0.423984
>> κ and s1 jumps 336.063086
4. Prepare grid and mode functions.
>> s=-2 MSTModes 2.523421
>> MMp2gridL 1.158309
>> MMp2gridR 93.093111
>> s=-1 MSTModes 1.222575
>> MMp1gridL 0.065288
>> MMp1gridR 5.173227
>> s=0 MSTModes 2.017857
A. Fill 1D grid.
>> s = 2, UP ... 571.840431
>> s = 1, UP ... 120.772061
>> s = 0, UP ... 260.046164
>> s = 2, IN ... 13.665813
>> s = 1, IN ... 1.643763
>> s = 0, IN ... 3.115984
1. Preliminaries.
Calculating B-matrices and Eigenvalues
2. Generate MSTModes
>> Generate s=-2 MSTModes 429.488462
>> Generate s=-1 MSTModes 425.722114
>> Generate hκModes 1957.237089
3. Jumps
>> 0.69549
>> 4.553001
>> 7.955996
>> 24.130858
>> 158.85043
>> 100.496633
>> LinearSolve for s1 and κ jumps 0.676963
>> κ and s1 jumps 298.481371
4. Prepare grid and mode functions.
>> s=-2 MSTModes 2.422998
>> MMp2gridL 1.117009
>> MMp2gridR 89.924643
>> s=-1 MSTModes 1.184949
>> MMp1gridL 0.063384
>> MMp1gridR 5.014248
>> s=0 MSTModes 1.950657
A. Fill 1D grid.
>> s = 2, UP ... 541.058584
>> s = 1, UP ... 113.972948
>> s = 0, UP ... 241.611339
>> s = 2, IN ... 13.418118
>> s = 1, IN ... 1.589735
>> s = 0, IN ... 2.940157
1. Preliminaries.
Calculating B-matrices and Eigenvalues
2. Generate MSTModes
>> Generate s=-2 MSTModes 432.27888
>> Generate s=-1 MSTModes 426.716562
>> Generate hκModes 1901.91657
3. Jumps
>> 0.648968
>> 4.011301
>> 7.749213
>> 20.485602
>> 135.227688
>> 84.695078
>> LinearSolve for s1 and κ jumps 0.450508
>> κ and s1 jumps 254.274941
4. Prepare grid and mode functions.
>> s=-2 MSTModes 2.346337
>> MMp2gridL 1.08022
>> MMp2gridR 86.860419
>> s=-1 MSTModes 1.17012
>> MMp1gridL 0.060162
>> MMp1gridR 4.868181
>> s=0 MSTModes 1.89763
A. Fill 1D grid.
>> s = 2, UP ... 512.047453
>> s = 1, UP ... 107.860992
>> s = 0, UP ... 226.638266
>> s = 2, IN ... 13.192698
>> s = 1, IN ... 1.530486
>> s = 0, IN ... 2.828586
1. Preliminaries.
Calculating B-matrices and Eigenvalues
2. Generate MSTModes
>> Generate s=-2 MSTModes 435.128203
>> Generate s=-1 MSTModes 425.277542
>> Generate hκModes 1837.37827
3. Jumps
>> 0.627269
>> 3.530963
>> 8.116498
>> 18.082777
>> 120.405571
>> 74.929434
>> LinearSolve for s1 and κ jumps 0.657751
>> κ and s1 jumps 227.284637
4. Prepare grid and mode functions.
>> s=-2 MSTModes 2.304106
>> MMp2gridL 1.039196
>> MMp2gridR 83.937673
>> s=-1 MSTModes 1.126673
>> MMp1gridL 0.058871
>> MMp1gridR 4.664409
>> s=0 MSTModes 1.825718
A. Fill 1D grid.
>> s = 2, UP ... 480.770296
>> s = 1, UP ... 101.742389
>> s = 0, UP ... 212.099159
>> s = 2, IN ... 12.947614
>> s = 1, IN ... 1.47988
>> s = 0, IN ... 2.721297
1. Preliminaries.
Calculating B-matrices and Eigenvalues
2. Generate MSTModes
>> Generate s=-2 MSTModes 429.476197
>> Generate s=-1 MSTModes 414.601994
>> Generate hκModes 1786.224971
3. Jumps
>> 0.605671
>> 3.196393
>> 7.242463
>> 15.333039
>> 104.114021
>> 63.624678
>> LinearSolve for s1 and κ jumps 0.627803
>> κ and s1 jumps 195.548546
4. Prepare grid and mode functions.
>> s=-2 MSTModes 2.206219
>> MMp2gridL 0.993857
>> MMp2gridR 80.541294
>> s=-1 MSTModes 1.059596
>> MMp1gridL 0.056116
>> MMp1gridR 4.458974
>> s=0 MSTModes 1.752494
A. Fill 1D grid.
>> s = 2, UP ... 451.778755
>> s = 1, UP ... 95.579204
>> s = 0, UP ... 198.996898
>> s = 2, IN ... 12.940306
>> s = 1, IN ... 1.440938
>> s = 0, IN ... 2.633906
1. Preliminaries.
Calculating B-matrices and Eigenvalues
2. Generate MSTModes
>> Generate s=-2 MSTModes 424.870751
>> Generate s=-1 MSTModes 414.570552
>> Generate hκModes 1700.224363
3. Jumps
>> 0.57445
>> 2.891913
>> 7.053284
>> 13.162137
>> 90.004779
>> 53.795863
>> LinearSolve for s1 and κ jumps 0.016271
>> κ and s1 jumps 168.234555
4. Prepare grid and mode functions.
>> s=-2 MSTModes 2.138506
>> MMp2gridL 0.947857
>> MMp2gridR 77.114017
>> s=-1 MSTModes 1.025627
>> MMp1gridL 0.054141
>> MMp1gridR 4.2889
>> s=0 MSTModes 1.687531
A. Fill 1D grid.
>> s = 2, UP ... 423.287097
>> s = 1, UP ... 89.310851
>> s = 0, UP ... 185.263944
>> s = 2, IN ... 12.583182
>> s = 1, IN ... 1.395228
>> s = 0, IN ... 2.523324
1. Preliminaries.
Calculating B-matrices and Eigenvalues
2. Generate MSTModes
>> Generate s=-2 MSTModes 420.789222
>> Generate s=-1 MSTModes 411.074557
>> Generate hκModes 1636.925211
3. Jumps
>> 0.544584
>> 2.502486
>> 7.142538
>> 11.248064
>> 77.928743
>> 46.029802
>> LinearSolve for s1 and κ jumps 0.015794
>> κ and s1 jumps 146.068648
4. Prepare grid and mode functions.
>> s=-2 MSTModes 2.081498
>> MMp2gridL 0.91111
>> MMp2gridR 73.539806
>> s=-1 MSTModes 0.991015
>> MMp1gridL 0.051527
>> MMp1gridR 4.097984
>> s=0 MSTModes 1.642407
A. Fill 1D grid.
>> s = 2, UP ... 397.171073
>> s = 1, UP ... 84.084434
>> s = 0, UP ... 173.721202
>> s = 2, IN ... 12.453815
>> s = 1, IN ... 1.341012
>> s = 0, IN ... 2.434985
1. Preliminaries.
Calculating B-matrices and Eigenvalues
2. Generate MSTModes
>> Generate s=-2 MSTModes 420.32318
>> Generate s=-1 MSTModes 406.58915
>> Generate hκModes 1576.475139
3. Jumps
>> 0.519778
>> 2.219501
>> 6.467429
>> 9.439069
>> 65.989696
>> 38.18318
>> LinearSolve for s1 and κ jumps 0.014539
>> κ and s1 jumps 123.413546
4. Prepare grid and mode functions.
>> s=-2 MSTModes 2.005247
>> MMp2gridL 0.869095
>> MMp2gridR 70.843062
>> s=-1 MSTModes 0.963622
>> MMp1gridL 0.049551
>> MMp1gridR 3.953321
>> s=0 MSTModes 1.578207
A. Fill 1D grid.
>> s = 2, UP ... 372.915077
>> s = 1, UP ... 79.11439
>> s = 0, UP ... 162.006093
>> s = 2, IN ... 12.457072
>> s = 1, IN ... 1.310583
>> s = 0, IN ... 2.356623
1. Preliminaries.
Calculating B-matrices and Eigenvalues
2. Generate MSTModes
>> Generate s=-2 MSTModes 417.6238
>> Generate s=-1 MSTModes 400.851955
>> Generate hκModes 1517.049537
3. Jumps
>> 0.495465
>> 1.936566
>> 6.280913
>> 7.810063
>> 55.814645
>> 31.641746
>> LinearSolve for s1 and κ jumps 0.013678
>> κ and s1 jumps 104.506253
4. Prepare grid and mode functions.
>> s=-2 MSTModes 1.910442
>> MMp2gridL 0.815951
>> MMp2gridR 67.764245
>> s=-1 MSTModes 0.910523
>> MMp1gridL 0.046615
>> MMp1gridR 3.769011
>> s=0 MSTModes 1.495686
A. Fill 1D grid.
>> s = 2, UP ... 346.786668
>> s = 1, UP ... 72.835705
>> s = 0, UP ... 149.265014
>> s = 2, IN ... 12.157354
>> s = 1, IN ... 1.249834
>> s = 0, IN ... 2.248787
1. Preliminaries.
Calculating B-matrices and Eigenvalues
2. Generate MSTModes
>> Generate s=-2 MSTModes 417.511479
>> Generate s=-1 MSTModes 398.555409
>> Generate hκModes 1441.380332
3. Jumps
>> 0.477806
>> 1.705434
>> 5.915759
>> 6.681791
>> 48.160009
>> 26.935747
>> LinearSolve for s1 and κ jumps 0.012884
>> κ and s1 jumps 90.343209
4. Prepare grid and mode functions.
>> s=-2 MSTModes 1.81697
>> MMp2gridL 0.793164
>> MMp2gridR 64.074749
>> s=-1 MSTModes 0.865742
>> MMp1gridL 0.044529
>> MMp1gridR 3.532818
>> s=0 MSTModes 1.42867
A. Fill 1D grid.
>> s = 2, UP ... 320.487948
>> s = 1, UP ... 67.217498
>> s = 0, UP ... 136.797288
>> s = 2, IN ... 11.974133
>> s = 1, IN ... 1.22584
>> s = 0, IN ... 2.16116
1. Preliminaries.
Calculating B-matrices and Eigenvalues
2. Generate MSTModes
>> Generate s=-2 MSTModes 397.765589
>> Generate s=-1 MSTModes 389.721795
>> Generate hκModes 1376.412242
3. Jumps
>> 0.458828
>> 1.455978
>> 5.657863
>> 5.433041
>> 39.817922
>> 21.616565
>> LinearSolve for s1 and κ jumps 0.025471
>> κ and s1 jumps 74.867924
4. Prepare grid and mode functions.
>> s=-2 MSTModes 1.74343
>> MMp2gridL 0.733386
>> MMp2gridR 60.367563
>> s=-1 MSTModes 0.851007
>> MMp1gridL 0.04205
>> MMp1gridR 3.319118
>> s=0 MSTModes 1.371295
A. Fill 1D grid.
>> s = 2, UP ... 295.983981
>> s = 1, UP ... 62.219987
>> s = 0, UP ... 125.773143
>> s = 2, IN ... 11.727906
>> s = 1, IN ... 1.166967
>> s = 0, IN ... 2.070394
1. Preliminaries.
Calculating B-matrices and Eigenvalues
2. Generate MSTModes
>> Generate s=-2 MSTModes 378.931592
>> Generate s=-1 MSTModes 378.692538
>> Generate hκModes 1308.273917
3. Jumps
>> 0.442987
>> 1.273049
>> 5.21988
>> 4.375694
>> 32.725536
>> 17.25989
>> LinearSolve for s1 and κ jumps 0.014949
>> κ and s1 jumps 61.659265
4. Prepare grid and mode functions.
>> s=-2 MSTModes 1.568108
>> MMp2gridL 0.698104
>> MMp2gridR 56.675116
>> s=-1 MSTModes 0.777712
>> MMp1gridL 0.039638
>> MMp1gridR 3.136146
>> s=0 MSTModes 1.296322
A. Fill 1D grid.
>> s = 2, UP ... 272.747542
>> s = 1, UP ... 56.954889
>> s = 0, UP ... 115.338806
>> s = 2, IN ... 11.650121
>> s = 1, IN ... 1.188689
>> s = 0, IN ... 2.005687
1. Preliminaries.
Calculating B-matrices and Eigenvalues
2. Generate MSTModes
>> Generate s=-2 MSTModes 363.655947
>> Generate s=-1 MSTModes 358.234871
>> Generate hκModes 1244.169831
3. Jumps
>> 0.418144
>> 1.072979
>> 5.009432
>> 3.451467
>> 26.37149
>> 13.579094
>> LinearSolve for s1 and κ jumps 0.010194
>> κ and s1 jumps 50.212923
4. Prepare grid and mode functions.
>> s=-2 MSTModes 1.508358
>> MMp2gridL 0.649802
>> MMp2gridR 53.01432
>> s=-1 MSTModes 0.748323
>> MMp1gridL 0.037314
>> MMp1gridR 2.995875
>> s=0 MSTModes 1.238656
A. Fill 1D grid.
>> s = 2, UP ... 252.205899
>> s = 1, UP ... 52.412396
>> s = 0, UP ... 105.910668
>> s = 2, IN ... 11.504758
>> s = 1, IN ... 1.147237
>> s = 0, IN ... 1.931175
1. Preliminaries.
Calculating B-matrices and Eigenvalues
2. Generate MSTModes
>> Generate s=-2 MSTModes 340.473444
>> Generate s=-1 MSTModes 335.672463
>> Generate hκModes 1163.120651
3. Jumps
>> 0.403451
>> 0.92476
>> 4.5976
>> 2.845243
>> 21.80628
>> 10.894163
>> LinearSolve for s1 and κ jumps 0.009572
>> κ and s1 jumps 41.740389
4. Prepare grid and mode functions.
>> s=-2 MSTModes 1.404537
>> MMp2gridL 0.608132
>> MMp2gridR 50.373083
>> s=-1 MSTModes 0.712631
>> MMp1gridL 0.035157
>> MMp1gridR 2.755951
>> s=0 MSTModes 1.169916
A. Fill 1D grid.
>> s = 2, UP ... 239.432346
>> s = 1, UP ... 48.409802
>> s = 0, UP ... 102.87518
>> s = 2, IN ... 11.669812
>> s = 1, IN ... 1.08074
>> s = 0, IN ... 1.874848
1. Preliminaries.
Calculating B-matrices and Eigenvalues
2. Generate MSTModes
>> Generate s=-2 MSTModes 321.837614
>> Generate s=-1 MSTModes 319.108959
>> Generate hκModes 1081.287594
3. Jumps
>> 0.390067
>> 0.786452
>> 4.434156
>> 2.222302
>> 17.665918
>> 8.66154
>> LinearSolve for s1 and κ jumps 0.028976
>> κ and s1 jumps 34.421588
4. Prepare grid and mode functions.
>> s=-2 MSTModes 1.407936
>> MMp2gridL 0.563879
>> MMp2gridR 49.05081
>> s=-1 MSTModes 0.663746
>> MMp1gridL 0.032907
>> MMp1gridR 2.680268
>> s=0 MSTModes 1.152633
A. Fill 1D grid.
>> s = 2, UP ... 216.81678
>> s = 1, UP ... 43.796005
>> s = 0, UP ... 92.046903
>> s = 2, IN ... 11.302791
>> s = 1, IN ... 1.028743
>> s = 0, IN ... 1.794838
1. Preliminaries.
Calculating B-matrices and Eigenvalues
2. Generate MSTModes
>> Generate s=-2 MSTModes 307.379781
>> Generate s=-1 MSTModes 306.168541
>> Generate hκModes 997.634541
3. Jumps
>> 0.380797
>> 0.671053
>> 3.930579
>> 1.714874
>> 13.944518
>> 6.413681
>> LinearSolve for s1 and κ jumps 0.041216
>> κ and s1 jumps 27.293858
4. Prepare grid and mode functions.
>> s=-2 MSTModes 1.273939
>> MMp2gridL 0.52659
>> MMp2gridR 46.120063
>> s=-1 MSTModes 0.635361
>> MMp1gridL 0.031455
>> MMp1gridR 2.591862
>> s=0 MSTModes 1.095615
A. Fill 1D grid.
>> s = 2, UP ... 903.575792
>> s = 1, UP ... 156.431972
>> s = 0, UP ... 326.47981
>> s = 2, IN ... 51.752245
>> s = 1, IN ... 5.286094
>> s = 0, IN ... 9.215919
1. Preliminaries.
Calculating B-matrices and Eigenvalues
2. Generate MSTModes
>> Generate s=-2 MSTModes 2534.319755
>> Generate s=-1 MSTModes 4547.113236
>> Generate hκModes 13332.471624
3. Jumps
>> 88.837601
>> 41.194233
>> 396.8268
>> 40.621779
>> 104.434677
>> 59.65201
>> LinearSolve for s1 and κ jumps 1.047106
>> κ and s1 jumps 735.535176
4. Prepare grid and mode functions.
>> s=-2 MSTModes 6.360122
>> MMp2gridL 24.516087
>> MMp2gridR 150.137603
>> s=-1 MSTModes 2.244125
>> MMp1gridL 0.555736
>> MMp1gridR 8.064747
>> s=0 MSTModes 2.812901
A. Fill 1D grid.
>> s = 2, UP ... 1039.89004
>> s = 1, UP ... 177.105858
>> s = 0, UP ... 333.914886
>> s = 2, IN ... 32.992662
>> s = 1, IN ... 3.714062
>> s = 0, IN ... 6.215783
1. Preliminaries.
Calculating B-matrices and Eigenvalues
2. Generate MSTModes
>> Generate s=-2 MSTModes 2630.73085
>> Generate s=-1 MSTModes 4165.987536
>> Generate hκModes 14301.142778
3. Jumps
>> 45.17117
>> 27.191046
>> 415.65198
>> 43.176258
>> 65.50207
>> 15.783325
>> LinearSolve for s1 and κ jumps 0.555163
>> κ and s1 jumps 614.348559
4. Prepare grid and mode functions.
>> s=-2 MSTModes 3.005046
>> MMp2gridL 3.546907
>> MMp2gridR 122.868741
>> s=-1 MSTModes 1.800363
>> MMp1gridL 0.517867
>> MMp1gridR 8.653226
>> s=0 MSTModes 3.289029
A. Fill 1D grid.
>> s = 2, UP ... 1257.451875
>> s = 1, UP ... 114.44911
>> s = 0, UP ... 278.741274
>> s = 2, IN ... 37.430076
>> s = 1, IN ... 4.325023
>> s = 0, IN ... 7.110394
1. Preliminaries.
Calculating B-matrices and Eigenvalues
2. Generate MSTModes
>> Generate s=-2 MSTModes 1639.814756
>> Generate s=-1 MSTModes 2119.610016
>> Generate hκModes 11069.253652
3. Jumps
>> 75.050191
>> 64.717025
>> 448.733732
>> 49.62281
>> 35.391294
>> 7.868807
>> LinearSolve for s1 and κ jumps 0.352917
>> κ and s1 jumps 684.354929
4. Prepare grid and mode functions.
>> s=-2 MSTModes 2.422533
>> MMp2gridL 1.920483
>> MMp2gridR 119.674518
>> s=-1 MSTModes 1.983564
>> MMp1gridL 0.495559
>> MMp1gridR 6.715948
>> s=0 MSTModes 2.31732
A. Fill 1D grid.
>> s = 2, UP ... 948.653164
>> s = 1, UP ... 79.639256
>> s = 0, UP ... 181.563731
>> s = 2, IN ... 31.117803
>> s = 1, IN ... 2.66081
>> s = 0, IN ... 4.947551
1. Preliminaries.
Calculating B-matrices and Eigenvalues
2. Generate MSTModes
>> Generate s=-2 MSTModes 1460.186511
>> Generate s=-1 MSTModes 1654.700582
